[02:39:02.799] RX[COM10]  01
[02:39:02.799] RX[COM10]  6e 00 00 03 86 2e 00 02 00 00 03 56 ff 9c 1d ff d5 00 15 00 27 0a
[02:39:02.800] PACKET[COM10] sensors: status=0b0110111000000000, uptime=230958, filtered_accel=[0.02048, 0.03416, -1.02284], gyro=[-3.01, 1.47, 2.73]
[02:39:02.801] RX[TCP_prs2026hitl_7100]  44 65 76 69 63 65 20 6f 70 65 6e 20 66 61 69 6c 75 72 65 3a 20 56 61 6c 75 65 20 6f 72 20 66 69 6c 65 20 6e 6f 74 20 66 6f 75 6e 64 0d 0a
[02:39:02.801] BAD_PACKET[TCP_prs2026hitl_7100] unknown packet ID 0x44; discarded 1 byte(s)
[02:39:02.802] BAD_PACKET[TCP_prs2026hitl_7100] unknown packet ID 0x65; discarded 1 byte(s)
[02:39:02.803] BAD_PACKET[TCP_prs2026hitl_7100] unknown packet ID 0x76; discarded 1 byte(s)
[02:39:02.803] BAD_PACKET[TCP_prs2026hitl_7100] unknown packet ID 0x69; discarded 1 byte(s)
[02:39:02.803] BAD_PACKET[TCP_prs2026hitl_7100] unknown packet ID 0x63; discarded 1 byte(s)
[02:39:02.803] BAD_PACKET[TCP_prs2026hitl_7100] unknown packet ID 0x65; discarded 1 byte(s)
[02:39:02.804] BAD_PACKET[TCP_prs2026hitl_7100] unknown packet ID 0x20; discarded 1 byte(s)
[02:39:02.804] BAD_PACKET[TCP_prs2026hitl_7100] unknown packet ID 0x6f; discarded 1 byte(s)
[02:39:02.804] BAD_PACKET[TCP_prs2026hitl_7100] unknown packet ID 0x70; discarded 1 byte(s)
[02:39:02.805] BAD_PACKET[TCP_prs2026hitl_7100] unknown packet ID 0x65; discarded 1 byte(s)
[02:39:02.805] BAD_PACKET[TCP_prs2026hitl_7100] unknown packet ID 0x6e; discarded 1 byte(s)
[02:39:02.805] BAD_PACKET[TCP_prs2026hitl_7100] unknown packet ID 0x20; discarded 1 byte(s)
[02:39:02.805] BAD_PACKET[TCP_prs2026hitl_7100] unknown packet ID 0x66; discarded 1 byte(s)
[02:39:02.806] BAD_PACKET[TCP_prs2026hitl_7100] unknown packet ID 0x61; discarded 1 byte(s)
[02:39:02.806] BAD_PACKET[TCP_prs2026hitl_7100] unknown packet ID 0x69; discarded 1 byte(s)
[02:39:02.806] BAD_PACKET[TCP_prs2026hitl_7100] unknown packet ID 0x6c; discarded 1 byte(s)
[02:39:02.807] BAD_PACKET[TCP_prs2026hitl_7100] unknown packet ID 0x75; discarded 1 byte(s)
[02:39:02.807] BAD_PACKET[TCP_prs2026hitl_7100] unknown packet ID 0x72; discarded 1 byte(s)
[02:39:02.807] BAD_PACKET[TCP_prs2026hitl_7100] unknown packet ID 0x65; discarded 1 byte(s)
[02:39:02.808] BAD_PACKET[TCP_prs2026hitl_7100] unknown packet ID 0x3a; discarded 1 byte(s)
[02:39:02.808] BAD_PACKET[TCP_prs2026hitl_7100] unknown packet ID 0x20; discarded 1 byte(s)
[02:39:02.808] BAD_PACKET[TCP_prs2026hitl_7100] unknown packet ID 0x56; discarded 1 byte(s)
[02:39:02.809] BAD_PACKET[TCP_prs2026hitl_7100] unknown packet ID 0x61; discarded 1 byte(s)
[02:39:02.809] BAD_PACKET[TCP_prs2026hitl_7100] unknown packet ID 0x6c; discarded 1 byte(s)
[02:39:02.809] BAD_PACKET[TCP_prs2026hitl_7100] unknown packet ID 0x75; discarded 1 byte(s)
[02:39:02.809] BAD_PACKET[TCP_prs2026hitl_7100] unknown packet ID 0x65; discarded 1 byte(s)
[02:39:02.810] BAD_PACKET[TCP_prs2026hitl_7100] unknown packet ID 0x20; discarded 1 byte(s)
[02:39:02.810] BAD_PACKET[TCP_prs2026hitl_7100] unknown packet ID 0x6f; discarded 1 byte(s)
[02:39:02.810] BAD_PACKET[TCP_prs2026hitl_7100] unknown packet ID 0x72; discarded 1 byte(s)
[02:39:02.811] BAD_PACKET[TCP_prs2026hitl_7100] unknown packet ID 0x20; discarded 1 byte(s)
[02:39:02.811] BAD_PACKET[TCP_prs2026hitl_7100] unknown packet ID 0x66; discarded 1 byte(s)
[02:39:02.812] BAD_PACKET[TCP_prs2026hitl_7100] unknown packet ID 0x69; discarded 1 byte(s)
[02:39:02.812] BAD_PACKET[TCP_prs2026hitl_7100] unknown packet ID 0x6c; discarded 1 byte(s)
[02:39:02.812] BAD_PACKET[TCP_prs2026hitl_7100] unknown packet ID 0x65; discarded 1 byte(s)
[02:39:02.813] BAD_PACKET[TCP_prs2026hitl_7100] unknown packet ID 0x20; discarded 1 byte(s)
[02:39:02.813] BAD_PACKET[TCP_prs2026hitl_7100] unknown packet ID 0x6e; discarded 1 byte(s)
[02:39:02.813] BAD_PACKET[TCP_prs2026hitl_7100] unknown packet ID 0x6f; discarded 1 byte(s)
[02:39:02.814] BAD_PACKET[TCP_prs2026hitl_7100] unknown packet ID 0x74; discarded 1 byte(s)
[02:39:02.814] BAD_PACKET[TCP_prs2026hitl_7100] unknown packet ID 0x20; discarded 1 byte(s)
[02:39:02.814] BAD_PACKET[TCP_prs2026hitl_7100] unknown packet ID 0x66; discarded 1 byte(s)
[02:39:02.814] BAD_PACKET[TCP_prs2026hitl_7100] unknown packet ID 0x6f; discarded 1 byte(s)
[02:39:02.815] BAD_PACKET[TCP_prs2026hitl_7100] unknown packet ID 0x75; discarded 1 byte(s)
[02:39:02.815] BAD_PACKET[TCP_prs2026hitl_7100] unknown packet ID 0x6e; discarded 1 byte(s)
[02:39:02.815] BAD_PACKET[TCP_prs2026hitl_7100] unknown packet ID 0x64; discarded 1 byte(s)
[02:39:02.816] BAD_PACKET[TCP_prs2026hitl_7100] unknown packet ID 0x0d; discarded 1 byte(s)
[02:39:02.816] BAD_PACKET[TCP_prs2026hitl_7100] unknown packet ID 0x0a; discarded 1 byte(s)
[02:39:02.816] ERROR[TCP_prs2026hitl_7100] TCP server closed the connection
[02:39:02.817] RX[TCP_prs2026hitl_7101]  44 65 76 69 63 65 20 6f 70 65 6e 20 66 61 69 6c 75 72 65 3a 20 56 61 6c 75 65 20 6f 72 20 66 69 6c 65 20 6e 6f 74 20 66 6f 75 6e 64 0d 0a
[02:39:02.817] BAD_PACKET[TCP_prs2026hitl_7101] unknown packet ID 0x44; discarded 1 byte(s)
[02:39:02.817] BAD_PACKET[TCP_prs2026hitl_7101] unknown packet ID 0x65; discarded 1 byte(s)
[02:39:02.818] BAD_PACKET[TCP_prs2026hitl_7101] unknown packet ID 0x76; discarded 1 byte(s)
[02:39:02.818] BAD_PACKET[TCP_prs2026hitl_7101] unknown packet ID 0x69; discarded 1 byte(s)
[02:39:02.818] BAD_PACKET[TCP_prs2026hitl_7101] unknown packet ID 0x63; discarded 1 byte(s)
[02:39:02.818] BAD_PACKET[TCP_prs2026hitl_7101] unknown packet ID 0x65; discarded 1 byte(s)
[02:39:02.819] BAD_PACKET[TCP_prs2026hitl_7101] unknown packet ID 0x20; discarded 1 byte(s)
[02:39:02.819] BAD_PACKET[TCP_prs2026hitl_7101] unknown packet ID 0x6f; discarded 1 byte(s)
[02:39:02.819] BAD_PACKET[TCP_prs2026hitl_7101] unknown packet ID 0x70; discarded 1 byte(s)
[02:39:02.820] BAD_PACKET[TCP_prs2026hitl_7101] unknown packet ID 0x65; discarded 1 byte(s)
[02:39:02.820] BAD_PACKET[TCP_prs2026hitl_7101] unknown packet ID 0x6e; discarded 1 byte(s)
[02:39:02.820] BAD_PACKET[TCP_prs2026hitl_7101] unknown packet ID 0x20; discarded 1 byte(s)
[02:39:02.820] BAD_PACKET[TCP_prs2026hitl_7101] unknown packet ID 0x66; discarded 1 byte(s)
[02:39:02.821] BAD_PACKET[TCP_prs2026hitl_7101] unknown packet ID 0x61; discarded 1 byte(s)
[02:39:02.821] BAD_PACKET[TCP_prs2026hitl_7101] unknown packet ID 0x69; discarded 1 byte(s)
[02:39:02.821] BAD_PACKET[TCP_prs2026hitl_7101] unknown packet ID 0x6c; discarded 1 byte(s)
[02:39:02.822] BAD_PACKET[TCP_prs2026hitl_7101] unknown packet ID 0x75; discarded 1 byte(s)
[02:39:02.822] BAD_PACKET[TCP_prs2026hitl_7101] unknown packet ID 0x72; discarded 1 byte(s)
[02:39:02.822] BAD_PACKET[TCP_prs2026hitl_7101] unknown packet ID 0x65; discarded 1 byte(s)
[02:39:02.822] BAD_PACKET[TCP_prs2026hitl_7101] unknown packet ID 0x3a; discarded 1 byte(s)
[02:39:02.823] BAD_PACKET[TCP_prs2026hitl_7101] unknown packet ID 0x20; discarded 1 byte(s)
[02:39:02.823] BAD_PACKET[TCP_prs2026hitl_7101] unknown packet ID 0x56; discarded 1 byte(s)
[02:39:02.825] BAD_PACKET[TCP_prs2026hitl_7101] unknown packet ID 0x61; discarded 1 byte(s)
[02:39:02.826] BAD_PACKET[TCP_prs2026hitl_7101] unknown packet ID 0x6c; discarded 1 byte(s)
[02:39:02.826] BAD_PACKET[TCP_prs2026hitl_7101] unknown packet ID 0x75; discarded 1 byte(s)
[02:39:02.827] BAD_PACKET[TCP_prs2026hitl_7101] unknown packet ID 0x65; discarded 1 byte(s)
[02:39:02.827] BAD_PACKET[TCP_prs2026hitl_7101] unknown packet ID 0x20; discarded 1 byte(s)
[02:39:02.827] BAD_PACKET[TCP_prs2026hitl_7101] unknown packet ID 0x6f; discarded 1 byte(s)
[02:39:02.828] BAD_PACKET[TCP_prs2026hitl_7101] unknown packet ID 0x72; discarded 1 byte(s)
[02:39:02.828] BAD_PACKET[TCP_prs2026hitl_7101] unknown packet ID 0x20; discarded 1 byte(s)
[02:39:02.828] BAD_PACKET[TCP_prs2026hitl_7101] unknown packet ID 0x66; discarded 1 byte(s)
[02:39:02.828] BAD_PACKET[TCP_prs2026hitl_7101] unknown packet ID 0x69; discarded 1 byte(s)
[02:39:02.829] BAD_PACKET[TCP_prs2026hitl_7101] unknown packet ID 0x6c; discarded 1 byte(s)
[02:39:02.829] BAD_PACKET[TCP_prs2026hitl_7101] unknown packet ID 0x65; discarded 1 byte(s)
[02:39:02.829] BAD_PACKET[TCP_prs2026hitl_7101] unknown packet ID 0x20; discarded 1 byte(s)
[02:39:02.830] BAD_PACKET[TCP_prs2026hitl_7101] unknown packet ID 0x6e; discarded 1 byte(s)
[02:39:02.830] BAD_PACKET[TCP_prs2026hitl_7101] unknown packet ID 0x6f; discarded 1 byte(s)
[02:39:02.830] BAD_PACKET[TCP_prs2026hitl_7101] unknown packet ID 0x74; discarded 1 byte(s)
[02:39:02.831] BAD_PACKET[TCP_prs2026hitl_7101] unknown packet ID 0x20; discarded 1 byte(s)
[02:39:02.831] BAD_PACKET[TCP_prs2026hitl_7101] unknown packet ID 0x66; discarded 1 byte(s)
[02:39:02.832] BAD_PACKET[TCP_prs2026hitl_7101] unknown packet ID 0x6f; discarded 1 byte(s)
[02:39:02.832] BAD_PACKET[TCP_prs2026hitl_7101] unknown packet ID 0x75; discarded 1 byte(s)
[02:39:02.832] BAD_PACKET[TCP_prs2026hitl_7101] unknown packet ID 0x6e; discarded 1 byte(s)
[02:39:02.832] BAD_PACKET[TCP_prs2026hitl_7101] unknown packet ID 0x64; discarded 1 byte(s)
[02:39:02.833] BAD_PACKET[TCP_prs2026hitl_7101] unknown packet ID 0x0d; discarded 1 byte(s)
[02:39:02.833] BAD_PACKET[TCP_prs2026hitl_7101] unknown packet ID 0x0a; discarded 1 byte(s)
[02:39:02.834] ERROR[TCP_prs2026hitl_7101] TCP server closed the connection
[02:39:02.889] RX[COM10]  01
[02:39:02.890] RX[COM10]  6e 00 00 03 86 92 00 02 19 00 03 7b ff 9b bb ff d4 00 14 00 27 0a
[02:39:02.891] PACKET[COM10] sensors: status=0b0110111000000000, uptime=231058, filtered_accel=[0.02148, 0.03564, -1.02676], gyro=[-3.08, 1.4, 2.73]
[02:39:02.999] RX[COM10]  01
[02:39:03.000] RX[COM10]  6e 00 00 03 86 f6 00 02 25 00 03 6e ff 9c 29 ff d5 00 15 00 28 0a
[02:39:03.001] PACKET[COM10] sensors: status=0b0110111000000000, uptime=231158, filtered_accel=[0.02196, 0.03512, -1.02236], gyro=[-3.01, 1.47, 2.8]
[02:39:03.056] RX[COM10]  02
[02:39:03.057] RX[COM10]  6e 00 00 03 87 3c 00 00 00 00 00 00 00 00 00 00 00 00 00 00 00 00 00 00 00 00 00 00 00 00 00 00 00 00 00 00 00 00 00 00 00 00 00 00 00 00 00 00 00 00 00 00 00 00 00 00 43 6e a9 27 13 ec 0a ff 6f 00 00 03 87 3c 0a
[02:39:03.058] PACKET[COM10] state: status=0b0110111000000000, uptime=231228, orientation=[0.0, 0.0, 0.0, 0.0], position=[0.0, 0.0, 0.0], velocity=[0.0, 0.0, 0.0], latitude=0.0, longitude=0.0, gps_altitude=0.0, barometric_altitude=238.660751, witness_battery_voltage=5.1
[02:39:03.059] PACKET[COM10] heartbeat: status=0b0110111100000000, uptime=231228
[02:39:03.218] RX[COM10]  01
[02:39:03.219] RX[COM10]  6f 00 00 03 87 be 00 02 0d 00 03 6e ff 9c 4e ff fd 00 02 ff fd 0a
[02:39:03.220] PACKET[COM10] sensors: status=0b0110111100000000, uptime=231358, filtered_accel=[0.021, 0.03512, -1.02088], gyro=[-0.21, 0.14, -0.21]
[02:39:03.221] RX[COM9]  02
[02:39:03.221] RX[COM9]  6e 00 00 03 87 3c 00 00 00 00 00 00 00 00 00 00 00 00 00 00 00 00 00 00 00 00 00 00 00 00 00 00 00 00 00 00 00 00 00 00 00 00 00 00 00 00 00 00 00 00 00 00 00 00 00 00 43 6e a9 27 13 ec 0a
[02:39:03.222] PACKET[COM9] state: status=0b0110111000000000, uptime=231228, orientation=[0.0, 0.0, 0.0, 0.0], position=[0.0, 0.0, 0.0], velocity=[0.0, 0.0, 0.0], latitude=0.0, longitude=0.0, gps_altitude=0.0, barometric_altitude=238.660751, witness_battery_voltage=5.1
[02:39:03.275] RX[COM10]  01
[02:39:03.276] RX[COM10]  67 00 00 03 88 22 00 02 19 00 03 6e ff 9c 35 ff d6 00 15 00 27 0a
[02:39:03.277] PACKET[COM10] sensors: status=0b0110011100000000, uptime=231458, filtered_accel=[0.02148, 0.03512, -1.02188], gyro=[-2.94, 1.47, 2.73]
[02:39:03.387] RX[COM10]  01
[02:39:03.389] RX[COM10]  6f 00 00 03 88 86 00 02 0d 00 03 62 ff 9c 35 ff d5 00 15 00 28 0a
[02:39:03.390] PACKET[COM10] sensors: status=0b0110111100000000, uptime=231558, filtered_accel=[0.021, 0.03464, -1.02188], gyro=[-3.01, 1.47, 2.8]
[02:39:03.494] RX[COM10]  01
[02:39:03.495] RX[COM10]  6f 00 00 03 88 ea 00 02 31 00 03 56 ff 9c 1d ff d6 00 15 00 27 0a
[02:39:03.495] PACKET[COM10] sensors: status=0b0110111100000000, uptime=231658, filtered_accel=[0.02244, 0.03416, -1.02284], gyro=[-2.94, 1.47, 2.73]
[02:39:03.497] RX[COM9]  49
[02:39:03.497] BAD_PACKET[COM9] unknown packet ID 0x49; discarded 1 byte(s)
[02:39:03.497] RX[COM9]  20 28 36 33 30 39 29 20 61 70 65 72 74 75 72 65 3a 20 53 65 6e 64 69 6e 67 20 68 65 61 72 74 62 65 61 74 20 28 38 20 62 79 74 65 73 29 0d 0a
[02:39:03.499] BAD_PACKET[COM9] unknown packet ID 0x20; discarded 1 byte(s)
[02:39:03.499] BAD_PACKET[COM9] unknown packet ID 0x28; discarded 1 byte(s)
[02:39:03.499] BAD_PACKET[COM9] unknown packet ID 0x36; discarded 1 byte(s)
[02:39:03.500] BAD_PACKET[COM9] unknown packet ID 0x33; discarded 1 byte(s)
[02:39:03.500] BAD_PACKET[COM9] unknown packet ID 0x30; discarded 1 byte(s)
[02:39:03.501] BAD_PACKET[COM9] unknown packet ID 0x39; discarded 1 byte(s)
[02:39:03.501] BAD_PACKET[COM9] unknown packet ID 0x29; discarded 1 byte(s)
[02:39:03.501] BAD_PACKET[COM9] unknown packet ID 0x20; discarded 1 byte(s)
[02:39:03.501] BAD_PACKET[COM9] unknown packet ID 0x61; discarded 1 byte(s)
[02:39:03.502] BAD_PACKET[COM9] unknown packet ID 0x70; discarded 1 byte(s)
[02:39:03.502] BAD_PACKET[COM9] unknown packet ID 0x65; discarded 1 byte(s)
[02:39:03.502] BAD_PACKET[COM9] unknown packet ID 0x72; discarded 1 byte(s)
[02:39:03.503] BAD_PACKET[COM9] unknown packet ID 0x74; discarded 1 byte(s)
[02:39:03.503] BAD_PACKET[COM9] unknown packet ID 0x75; discarded 1 byte(s)
[02:39:03.503] BAD_PACKET[COM9] unknown packet ID 0x72; discarded 1 byte(s)
[02:39:03.503] BAD_PACKET[COM9] unknown packet ID 0x65; discarded 1 byte(s)
[02:39:03.504] BAD_PACKET[COM9] unknown packet ID 0x3a; discarded 1 byte(s)
[02:39:03.504] BAD_PACKET[COM9] unknown packet ID 0x20; discarded 1 byte(s)
[02:39:03.504] BAD_PACKET[COM9] unknown packet ID 0x53; discarded 1 byte(s)
[02:39:03.505] BAD_PACKET[COM9] unknown packet ID 0x65; discarded 1 byte(s)
[02:39:03.505] BAD_PACKET[COM9] unknown packet ID 0x6e; discarded 1 byte(s)
[02:39:03.505] BAD_PACKET[COM9] unknown packet ID 0x64; discarded 1 byte(s)
[02:39:03.505] BAD_PACKET[COM9] unknown packet ID 0x69; discarded 1 byte(s)
[02:39:03.506] BAD_PACKET[COM9] unknown packet ID 0x6e; discarded 1 byte(s)
[02:39:03.506] BAD_PACKET[COM9] unknown packet ID 0x67; discarded 1 byte(s)
[02:39:03.506] BAD_PACKET[COM9] unknown packet ID 0x20; discarded 1 byte(s)
[02:39:03.507] BAD_PACKET[COM9] unknown packet ID 0x68; discarded 1 byte(s)
[02:39:03.507] BAD_PACKET[COM9] unknown packet ID 0x65; discarded 1 byte(s)
[02:39:03.508] BAD_PACKET[COM9] unknown packet ID 0x61; discarded 1 byte(s)
[02:39:03.508] BAD_PACKET[COM9] unknown packet ID 0x72; discarded 1 byte(s)
[02:39:03.508] BAD_PACKET[COM9] unknown packet ID 0x74; discarded 1 byte(s)
[02:39:03.509] BAD_PACKET[COM9] unknown packet ID 0x62; discarded 1 byte(s)
[02:39:03.509] BAD_PACKET[COM9] unknown packet ID 0x65; discarded 1 byte(s)
[02:39:03.509] BAD_PACKET[COM9] unknown packet ID 0x61; discarded 1 byte(s)
[02:39:03.509] BAD_PACKET[COM9] unknown packet ID 0x74; discarded 1 byte(s)
[02:39:03.510] BAD_PACKET[COM9] unknown packet ID 0x20; discarded 1 byte(s)
[02:39:03.510] BAD_PACKET[COM9] unknown packet ID 0x28; discarded 1 byte(s)
[02:39:03.510] BAD_PACKET[COM9] unknown packet ID 0x38; discarded 1 byte(s)
[02:39:03.511] BAD_PACKET[COM9] unknown packet ID 0x20; discarded 1 byte(s)
[02:39:03.511] BAD_PACKET[COM9] unknown packet ID 0x62; discarded 1 byte(s)
[02:39:03.511] BAD_PACKET[COM9] unknown packet ID 0x79; discarded 1 byte(s)
[02:39:03.512] BAD_PACKET[COM9] unknown packet ID 0x74; discarded 1 byte(s)
[02:39:03.512] BAD_PACKET[COM9] unknown packet ID 0x65; discarded 1 byte(s)
[02:39:03.512] BAD_PACKET[COM9] unknown packet ID 0x73; discarded 1 byte(s)
[02:39:03.512] BAD_PACKET[COM9] unknown packet ID 0x29; discarded 1 byte(s)
[02:39:03.513] BAD_PACKET[COM9] unknown packet ID 0x0d; discarded 1 byte(s)
[02:39:03.513] BAD_PACKET[COM9] unknown packet ID 0x0a; discarded 1 byte(s)
[02:39:03.513] RX[COM9]  49
[02:39:03.514] BAD_PACKET[COM9] unknown packet ID 0x49; discarded 1 byte(s)
[02:39:03.514] RX[COM9]  20 28 36 33 34 39 29 20 61 70 65 72 74 75 72 65 3a 20 48 65 61 72 74 62 65 61 74 20 73 65 6e 74 0d 0a
[02:39:03.515] BAD_PACKET[COM9] unknown packet ID 0x20; discarded 1 byte(s)
[02:39:03.515] BAD_PACKET[COM9] unknown packet ID 0x28; discarded 1 byte(s)
[02:39:03.515] BAD_PACKET[COM9] unknown packet ID 0x36; discarded 1 byte(s)
[02:39:03.515] BAD_PACKET[COM9] unknown packet ID 0x33; discarded 1 byte(s)
[02:39:03.516] BAD_PACKET[COM9] unknown packet ID 0x34; discarded 1 byte(s)
[02:39:03.516] BAD_PACKET[COM9] unknown packet ID 0x39; discarded 1 byte(s)
[02:39:03.516] BAD_PACKET[COM9] unknown packet ID 0x29; discarded 1 byte(s)
[02:39:03.517] BAD_PACKET[COM9] unknown packet ID 0x20; discarded 1 byte(s)
[02:39:03.517] BAD_PACKET[COM9] unknown packet ID 0x61; discarded 1 byte(s)
[02:39:03.517] BAD_PACKET[COM9] unknown packet ID 0x70; discarded 1 byte(s)
[02:39:03.517] BAD_PACKET[COM9] unknown packet ID 0x65; discarded 1 byte(s)
[02:39:03.518] BAD_PACKET[COM9] unknown packet ID 0x72; discarded 1 byte(s)
[02:39:03.518] BAD_PACKET[COM9] unknown packet ID 0x74; discarded 1 byte(s)
[02:39:03.518] BAD_PACKET[COM9] unknown packet ID 0x75; discarded 1 byte(s)
[02:39:03.519] BAD_PACKET[COM9] unknown packet ID 0x72; discarded 1 byte(s)
[02:39:03.519] BAD_PACKET[COM9] unknown packet ID 0x65; discarded 1 byte(s)
[02:39:03.519] BAD_PACKET[COM9] unknown packet ID 0x3a; discarded 1 byte(s)
[02:39:03.519] BAD_PACKET[COM9] unknown packet ID 0x20; discarded 1 byte(s)
[02:39:03.520] BAD_PACKET[COM9] unknown packet ID 0x48; discarded 1 byte(s)
[02:39:03.520] BAD_PACKET[COM9] unknown packet ID 0x65; discarded 1 byte(s)
[02:39:03.520] BAD_PACKET[COM9] unknown packet ID 0x61; discarded 1 byte(s)
[02:39:03.520] BAD_PACKET[COM9] unknown packet ID 0x72; discarded 1 byte(s)
[02:39:03.521] BAD_PACKET[COM9] unknown packet ID 0x74; discarded 1 byte(s)
[02:39:03.522] BAD_PACKET[COM9] unknown packet ID 0x62; discarded 1 byte(s)
[02:39:03.522] BAD_PACKET[COM9] unknown packet ID 0x65; discarded 1 byte(s)
[02:39:03.522] BAD_PACKET[COM9] unknown packet ID 0x61; discarded 1 byte(s)
[02:39:03.522] BAD_PACKET[COM9] unknown packet ID 0x74; discarded 1 byte(s)
[02:39:03.523] BAD_PACKET[COM9] unknown packet ID 0x20; discarded 1 byte(s)
[02:39:03.523] BAD_PACKET[COM9] unknown packet ID 0x73; discarded 1 byte(s)
[02:39:03.523] BAD_PACKET[COM9] unknown packet ID 0x65; discarded 1 byte(s)
[02:39:03.524] BAD_PACKET[COM9] unknown packet ID 0x6e; discarded 1 byte(s)
[02:39:03.524] BAD_PACKET[COM9] unknown packet ID 0x74; discarded 1 byte(s)
[02:39:03.524] BAD_PACKET[COM9] unknown packet ID 0x0d; discarded 1 byte(s)
[02:39:03.524] BAD_PACKET[COM9] unknown packet ID 0x0a; discarded 1 byte(s)
[02:39:03.579] RX[COM10]  01
[02:39:03.579] RX[COM10]  6f 00 00 03 89 4e 00 02 25 00 03 7b ff 9c 29 ff d5 00 15 00 27 0a
[02:39:03.580] PACKET[COM10] sensors: status=0b0110111100000000, uptime=231758, filtered_accel=[0.02196, 0.03564, -1.02236], gyro=[-3.01, 1.47, 2.73]
[02:39:03.685] RX[COM10]  01
[02:39:03.685] RX[COM10]  6f 00 00 03 89 b2 00 02 19 00 03 6e ff 9c 1d ff d4 00 15 00 28 0a
[02:39:03.686] PACKET[COM10] sensors: status=0b0110111100000000, uptime=231858, filtered_accel=[0.02148, 0.03512, -1.02284], gyro=[-3.08, 1.47, 2.8]
[02:39:03.793] RX[COM10]  01
[02:39:03.803] RX[COM10]  67 00 00 03 8a 16 00 02 19 00 03 62 ff 9c 29 ff d5 00 15 00 27 0a
[02:39:03.809] PACKET[COM10] sensors: status=0b0110011100000000, uptime=231958, filtered_accel=[0.02148, 0.03464, -1.02236], gyro=[-3.01, 1.47, 2.73]
[02:39:03.917] RX[COM10]  01
[02:39:03.918] RX[COM10]  67 00 00 03 8a 7a 00 02 0d 00 03 6e ff 9c 29 ff d5 00 15 00 28 0a
[02:39:03.919] PACKET[COM10] sensors: status=0b0110011100000000, uptime=232058, filtered_accel=[0.021, 0.03512, -1.02236], gyro=[-3.01, 1.47, 2.8]
[02:39:03.973] RX[COM10]  01
[02:39:03.974] RX[COM10]  67 00 00 03 8a de 00 02 19 00 03 56 ff 9c 1d ff d5 00 15 00 27 0a
[02:39:03.974] PACKET[COM10] sensors: status=0b0110011100000000, uptime=232158, filtered_accel=[0.02148, 0.03416, -1.02284], gyro=[-3.01, 1.47, 2.73]
[02:39:04.080] RX[COM10]  02
[02:39:04.081] RX[COM10]  67 00 00 03 8b 24 00 00 00 00 00 00 00 00 00 00 00 00 00 00 00 00 00 00 00 00 00 00 00 00 00 00 00 00 00 00 00 00 00 00 00 00 00 00 00 00 00 00 00 00 00 00 00 00 00 00 43 6e a9 27 13 e0 0a ff 66 00 00 03 8b 24 0a
[02:39:04.082] PACKET[COM10] state: status=0b0110011100000000, uptime=232228, orientation=[0.0, 0.0, 0.0, 0.0], position=[0.0, 0.0, 0.0], velocity=[0.0, 0.0, 0.0], latitude=0.0, longitude=0.0, gps_altitude=0.0, barometric_altitude=238.660751, witness_battery_voltage=5.088
[02:39:04.082] PACKET[COM10] heartbeat: status=0b0110011000000000, uptime=232228
[02:39:04.190] RX[COM10]  01
[02:39:04.190] RX[COM10]  6e 00 00 03 8b a6 00 02 25 00 03 87 ff 9c 5a ff fc 00 02 ff fd 0a
[02:39:04.191] PACKET[COM10] sensors: status=0b0110111000000000, uptime=232358, filtered_accel=[0.02196, 0.03612, -1.0204], gyro=[-0.28, 0.14, -0.21]
[02:39:04.192] RX[COM9]  02
[02:39:04.192] RX[COM9]  67 00 00 03 8b 24 00 00 00 00 00 00 00 00 00 00 00 00 00 00 00 00 00 00 00 00 00 00 00 00 00 00 00 00 00 00 00 00 00 00 00 00 00 00 00 00 00 00 00 00 00 00 00 00 00 00 43 6e a9 27 13 e0 0a
[02:39:04.193] PACKET[COM9] state: status=0b0110011100000000, uptime=232228, orientation=[0.0, 0.0, 0.0, 0.0], position=[0.0, 0.0, 0.0], velocity=[0.0, 0.0, 0.0], latitude=0.0, longitude=0.0, gps_altitude=0.0, barometric_altitude=238.660751, witness_battery_voltage=5.088
