[23:08:38.331] RX[COM9]  45
[23:08:38.332] BAD_PACKET[COM9] unknown packet ID 0x45; discarded 1 byte(s)
[23:08:38.333] RX[COM9]  20 28 32 36 39 32 31 29 20 73 70 69 5f 6d 61 73 74 65 72 3a 20 63 68 65 63 6b 5f 74 72 61 6e 73 5f 76 61 6c 69 64 28 31 31 31 30 29 3a 20 74 78 64 61 74 61 20 74 72 61 6e 73 66 65 72 20 3e 20 68 6f 73 74 20 6d 61 78 69 6d 75 6d 0d 0a
[23:08:38.334] BAD_PACKET[COM9] unknown packet ID 0x20; discarded 1 byte(s)
[23:08:38.335] BAD_PACKET[COM9] unknown packet ID 0x28; discarded 1 byte(s)
[23:08:38.335] BAD_PACKET[COM9] unknown packet ID 0x32; discarded 1 byte(s)
[23:08:38.344] BAD_PACKET[COM9] unknown packet ID 0x36; discarded 1 byte(s)
[23:08:38.345] BAD_PACKET[COM9] unknown packet ID 0x39; discarded 1 byte(s)
[23:08:38.346] BAD_PACKET[COM9] unknown packet ID 0x32; discarded 1 byte(s)
[23:08:38.347] BAD_PACKET[COM9] unknown packet ID 0x31; discarded 1 byte(s)
[23:08:38.347] BAD_PACKET[COM9] unknown packet ID 0x29; discarded 1 byte(s)
[23:08:38.348] BAD_PACKET[COM9] unknown packet ID 0x20; discarded 1 byte(s)
[23:08:38.349] BAD_PACKET[COM9] unknown packet ID 0x73; discarded 1 byte(s)
[23:08:38.349] BAD_PACKET[COM9] unknown packet ID 0x70; discarded 1 byte(s)
[23:08:38.350] BAD_PACKET[COM9] unknown packet ID 0x69; discarded 1 byte(s)
[23:08:38.350] BAD_PACKET[COM9] unknown packet ID 0x5f; discarded 1 byte(s)
[23:08:38.351] BAD_PACKET[COM9] unknown packet ID 0x6d; discarded 1 byte(s)
[23:08:38.351] BAD_PACKET[COM9] unknown packet ID 0x61; discarded 1 byte(s)
[23:08:38.353] BAD_PACKET[COM9] unknown packet ID 0x73; discarded 1 byte(s)
[23:08:38.354] BAD_PACKET[COM9] unknown packet ID 0x74; discarded 1 byte(s)
[23:08:38.354] BAD_PACKET[COM9] unknown packet ID 0x65; discarded 1 byte(s)
[23:08:38.355] BAD_PACKET[COM9] unknown packet ID 0x72; discarded 1 byte(s)
[23:08:38.356] BAD_PACKET[COM9] unknown packet ID 0x3a; discarded 1 byte(s)
[23:08:38.356] BAD_PACKET[COM9] unknown packet ID 0x20; discarded 1 byte(s)
[23:08:38.357] BAD_PACKET[COM9] unknown packet ID 0x63; discarded 1 byte(s)
[23:08:38.358] BAD_PACKET[COM9] unknown packet ID 0x68; discarded 1 byte(s)
[23:08:38.358] BAD_PACKET[COM9] unknown packet ID 0x65; discarded 1 byte(s)
[23:08:38.359] BAD_PACKET[COM9] unknown packet ID 0x63; discarded 1 byte(s)
[23:08:38.359] BAD_PACKET[COM9] unknown packet ID 0x6b; discarded 1 byte(s)
[23:08:38.360] BAD_PACKET[COM9] unknown packet ID 0x5f; discarded 1 byte(s)
[23:08:38.360] BAD_PACKET[COM9] unknown packet ID 0x74; discarded 1 byte(s)
[23:08:38.361] BAD_PACKET[COM9] unknown packet ID 0x72; discarded 1 byte(s)
[23:08:38.361] BAD_PACKET[COM9] unknown packet ID 0x61; discarded 1 byte(s)
[23:08:38.361] BAD_PACKET[COM9] unknown packet ID 0x6e; discarded 1 byte(s)
[23:08:38.362] BAD_PACKET[COM9] unknown packet ID 0x73; discarded 1 byte(s)
[23:08:38.362] BAD_PACKET[COM9] unknown packet ID 0x5f; discarded 1 byte(s)
[23:08:38.362] BAD_PACKET[COM9] unknown packet ID 0x76; discarded 1 byte(s)
[23:08:38.363] BAD_PACKET[COM9] unknown packet ID 0x61; discarded 1 byte(s)
[23:08:38.363] BAD_PACKET[COM9] unknown packet ID 0x6c; discarded 1 byte(s)
[23:08:38.363] BAD_PACKET[COM9] unknown packet ID 0x69; discarded 1 byte(s)
[23:08:38.364] BAD_PACKET[COM9] unknown packet ID 0x64; discarded 1 byte(s)
[23:08:38.364] BAD_PACKET[COM9] unknown packet ID 0x28; discarded 1 byte(s)
[23:08:38.364] BAD_PACKET[COM9] unknown packet ID 0x31; discarded 1 byte(s)
[23:08:38.365] BAD_PACKET[COM9] unknown packet ID 0x31; discarded 1 byte(s)
[23:08:38.366] BAD_PACKET[COM9] unknown packet ID 0x31; discarded 1 byte(s)
[23:08:38.366] BAD_PACKET[COM9] unknown packet ID 0x30; discarded 1 byte(s)
[23:08:38.367] BAD_PACKET[COM9] unknown packet ID 0x29; discarded 1 byte(s)
[23:08:38.368] BAD_PACKET[COM9] unknown packet ID 0x3a; discarded 1 byte(s)
[23:08:38.369] BAD_PACKET[COM9] unknown packet ID 0x20; discarded 1 byte(s)
[23:08:38.369] BAD_PACKET[COM9] unknown packet ID 0x74; discarded 1 byte(s)
[23:08:38.370] BAD_PACKET[COM9] unknown packet ID 0x78; discarded 1 byte(s)
[23:08:38.370] BAD_PACKET[COM9] unknown packet ID 0x64; discarded 1 byte(s)
[23:08:38.371] BAD_PACKET[COM9] unknown packet ID 0x61; discarded 1 byte(s)
[23:08:38.371] BAD_PACKET[COM9] unknown packet ID 0x74; discarded 1 byte(s)
[23:08:38.371] BAD_PACKET[COM9] unknown packet ID 0x61; discarded 1 byte(s)
[23:08:38.372] BAD_PACKET[COM9] unknown packet ID 0x20; discarded 1 byte(s)
[23:08:38.372] BAD_PACKET[COM9] unknown packet ID 0x74; discarded 1 byte(s)
[23:08:38.372] BAD_PACKET[COM9] unknown packet ID 0x72; discarded 1 byte(s)
[23:08:38.373] BAD_PACKET[COM9] unknown packet ID 0x61; discarded 1 byte(s)
[23:08:38.374] BAD_PACKET[COM9] unknown packet ID 0x6e; discarded 1 byte(s)
[23:08:38.375] BAD_PACKET[COM9] unknown packet ID 0x73; discarded 1 byte(s)
[23:08:38.376] BAD_PACKET[COM9] unknown packet ID 0x66; discarded 1 byte(s)
[23:08:38.376] BAD_PACKET[COM9] unknown packet ID 0x65; discarded 1 byte(s)
[23:08:38.376] BAD_PACKET[COM9] unknown packet ID 0x72; discarded 1 byte(s)
[23:08:38.377] BAD_PACKET[COM9] unknown packet ID 0x20; discarded 1 byte(s)
[23:08:38.377] BAD_PACKET[COM9] unknown packet ID 0x3e; discarded 1 byte(s)
[23:08:38.378] BAD_PACKET[COM9] unknown packet ID 0x20; discarded 1 byte(s)
[23:08:38.378] BAD_PACKET[COM9] unknown packet ID 0x68; discarded 1 byte(s)
[23:08:38.378] BAD_PACKET[COM9] unknown packet ID 0x6f; discarded 1 byte(s)
[23:08:38.379] BAD_PACKET[COM9] unknown packet ID 0x73; discarded 1 byte(s)
[23:08:38.379] BAD_PACKET[COM9] unknown packet ID 0x74; discarded 1 byte(s)
[23:08:38.380] BAD_PACKET[COM9] unknown packet ID 0x20; discarded 1 byte(s)
[23:08:38.380] BAD_PACKET[COM9] unknown packet ID 0x6d; discarded 1 byte(s)
[23:08:38.380] BAD_PACKET[COM9] unknown packet ID 0x61; discarded 1 byte(s)
[23:08:38.381] BAD_PACKET[COM9] unknown packet ID 0x78; discarded 1 byte(s)
[23:08:38.381] BAD_PACKET[COM9] unknown packet ID 0x69; discarded 1 byte(s)
[23:08:38.382] BAD_PACKET[COM9] unknown packet ID 0x6d; discarded 1 byte(s)
[23:08:38.382] BAD_PACKET[COM9] unknown packet ID 0x75; discarded 1 byte(s)
[23:08:38.383] BAD_PACKET[COM9] unknown packet ID 0x6d; discarded 1 byte(s)
[23:08:38.383] BAD_PACKET[COM9] unknown packet ID 0x0d; discarded 1 byte(s)
[23:08:38.384] BAD_PACKET[COM9] unknown packet ID 0x0a; discarded 1 byte(s)
[23:08:38.738] RX[COM9]  49
[23:08:38.739] BAD_PACKET[COM9] unknown packet ID 0x49; discarded 1 byte(s)
[23:08:38.740] RX[COM9]  20 28 32 37 33 31 31 29 20 61 70 65 72 74 75 72 65 3a 20 53 65 6e 64 69 6e 67 20 68 65 61 72 74 62 65 61 74 20 28 38 20 62 79 74 65 73 29 0d 0a
[23:08:38.741] BAD_PACKET[COM9] unknown packet ID 0x20; discarded 1 byte(s)
[23:08:38.743] BAD_PACKET[COM9] unknown packet ID 0x28; discarded 1 byte(s)
[23:08:38.744] BAD_PACKET[COM9] unknown packet ID 0x32; discarded 1 byte(s)
[23:08:38.745] BAD_PACKET[COM9] unknown packet ID 0x37; discarded 1 byte(s)
[23:08:38.745] BAD_PACKET[COM9] unknown packet ID 0x33; discarded 1 byte(s)
[23:08:38.746] BAD_PACKET[COM9] unknown packet ID 0x31; discarded 1 byte(s)
[23:08:38.746] BAD_PACKET[COM9] unknown packet ID 0x31; discarded 1 byte(s)
[23:08:38.747] BAD_PACKET[COM9] unknown packet ID 0x29; discarded 1 byte(s)
[23:08:38.747] BAD_PACKET[COM9] unknown packet ID 0x20; discarded 1 byte(s)
[23:08:38.747] BAD_PACKET[COM9] unknown packet ID 0x61; discarded 1 byte(s)
[23:08:38.748] BAD_PACKET[COM9] unknown packet ID 0x70; discarded 1 byte(s)
[23:08:38.749] BAD_PACKET[COM9] unknown packet ID 0x65; discarded 1 byte(s)
[23:08:38.751] BAD_PACKET[COM9] unknown packet ID 0x72; discarded 1 byte(s)
[23:08:38.751] BAD_PACKET[COM9] unknown packet ID 0x74; discarded 1 byte(s)
[23:08:38.752] BAD_PACKET[COM9] unknown packet ID 0x75; discarded 1 byte(s)
[23:08:38.752] BAD_PACKET[COM9] unknown packet ID 0x72; discarded 1 byte(s)
[23:08:38.753] BAD_PACKET[COM9] unknown packet ID 0x65; discarded 1 byte(s)
[23:08:38.753] BAD_PACKET[COM9] unknown packet ID 0x3a; discarded 1 byte(s)
[23:08:38.753] BAD_PACKET[COM9] unknown packet ID 0x20; discarded 1 byte(s)
[23:08:38.754] BAD_PACKET[COM9] unknown packet ID 0x53; discarded 1 byte(s)
[23:08:38.754] BAD_PACKET[COM9] unknown packet ID 0x65; discarded 1 byte(s)
[23:08:38.756] BAD_PACKET[COM9] unknown packet ID 0x6e; discarded 1 byte(s)
[23:08:38.756] BAD_PACKET[COM9] unknown packet ID 0x64; discarded 1 byte(s)
[23:08:38.756] BAD_PACKET[COM9] unknown packet ID 0x69; discarded 1 byte(s)
[23:08:38.757] BAD_PACKET[COM9] unknown packet ID 0x6e; discarded 1 byte(s)
[23:08:38.757] BAD_PACKET[COM9] unknown packet ID 0x67; discarded 1 byte(s)
[23:08:38.758] BAD_PACKET[COM9] unknown packet ID 0x20; discarded 1 byte(s)
[23:08:38.759] BAD_PACKET[COM9] unknown packet ID 0x68; discarded 1 byte(s)
[23:08:38.759] BAD_PACKET[COM9] unknown packet ID 0x65; discarded 1 byte(s)
[23:08:38.760] BAD_PACKET[COM9] unknown packet ID 0x61; discarded 1 byte(s)
[23:08:38.760] BAD_PACKET[COM9] unknown packet ID 0x72; discarded 1 byte(s)
[23:08:38.761] BAD_PACKET[COM9] unknown packet ID 0x74; discarded 1 byte(s)
[23:08:38.761] BAD_PACKET[COM9] unknown packet ID 0x62; discarded 1 byte(s)
[23:08:38.761] BAD_PACKET[COM9] unknown packet ID 0x65; discarded 1 byte(s)
[23:08:38.762] BAD_PACKET[COM9] unknown packet ID 0x61; discarded 1 byte(s)
[23:08:38.762] BAD_PACKET[COM9] unknown packet ID 0x74; discarded 1 byte(s)
[23:08:38.763] BAD_PACKET[COM9] unknown packet ID 0x20; discarded 1 byte(s)
[23:08:38.763] BAD_PACKET[COM9] unknown packet ID 0x28; discarded 1 byte(s)
[23:08:38.763] BAD_PACKET[COM9] unknown packet ID 0x38; discarded 1 byte(s)
[23:08:38.764] BAD_PACKET[COM9] unknown packet ID 0x20; discarded 1 byte(s)
[23:08:38.764] BAD_PACKET[COM9] unknown packet ID 0x62; discarded 1 byte(s)
[23:08:38.764] BAD_PACKET[COM9] unknown packet ID 0x79; discarded 1 byte(s)
[23:08:38.765] BAD_PACKET[COM9] unknown packet ID 0x74; discarded 1 byte(s)
[23:08:38.766] BAD_PACKET[COM9] unknown packet ID 0x65; discarded 1 byte(s)
[23:08:38.767] BAD_PACKET[COM9] unknown packet ID 0x73; discarded 1 byte(s)
[23:08:38.768] BAD_PACKET[COM9] unknown packet ID 0x29; discarded 1 byte(s)
[23:08:38.768] BAD_PACKET[COM9] unknown packet ID 0x0d; discarded 1 byte(s)
[23:08:38.769] BAD_PACKET[COM9] unknown packet ID 0x0a; discarded 1 byte(s)
[23:08:38.771] RX[COM9]  49
[23:08:38.772] BAD_PACKET[COM9] unknown packet ID 0x49; discarded 1 byte(s)
[23:08:38.772] RX[COM9]  20 28 32 37 33 35 31 29 20 61 70 65 72 74 75 72 65 3a 20 48 65 61 72 74 62 65 61 74 20 73 65 6e 74 0d 0a
[23:08:38.772] BAD_PACKET[COM9] unknown packet ID 0x20; discarded 1 byte(s)
[23:08:38.773] BAD_PACKET[COM9] unknown packet ID 0x28; discarded 1 byte(s)
[23:08:38.773] BAD_PACKET[COM9] unknown packet ID 0x32; discarded 1 byte(s)
[23:08:38.774] BAD_PACKET[COM9] unknown packet ID 0x37; discarded 1 byte(s)
[23:08:38.774] BAD_PACKET[COM9] unknown packet ID 0x33; discarded 1 byte(s)
[23:08:38.775] BAD_PACKET[COM9] unknown packet ID 0x35; discarded 1 byte(s)
[23:08:38.776] BAD_PACKET[COM9] unknown packet ID 0x31; discarded 1 byte(s)
[23:08:38.777] BAD_PACKET[COM9] unknown packet ID 0x29; discarded 1 byte(s)
[23:08:38.777] BAD_PACKET[COM9] unknown packet ID 0x20; discarded 1 byte(s)
[23:08:38.777] BAD_PACKET[COM9] unknown packet ID 0x61; discarded 1 byte(s)
[23:08:38.778] BAD_PACKET[COM9] unknown packet ID 0x70; discarded 1 byte(s)
[23:08:38.779] BAD_PACKET[COM9] unknown packet ID 0x65; discarded 1 byte(s)
[23:08:38.780] BAD_PACKET[COM9] unknown packet ID 0x72; discarded 1 byte(s)
[23:08:38.780] BAD_PACKET[COM9] unknown packet ID 0x74; discarded 1 byte(s)
[23:08:38.781] BAD_PACKET[COM9] unknown packet ID 0x75; discarded 1 byte(s)
[23:08:38.781] BAD_PACKET[COM9] unknown packet ID 0x72; discarded 1 byte(s)
[23:08:38.782] BAD_PACKET[COM9] unknown packet ID 0x65; discarded 1 byte(s)
[23:08:38.783] BAD_PACKET[COM9] unknown packet ID 0x3a; discarded 1 byte(s)
[23:08:38.783] BAD_PACKET[COM9] unknown packet ID 0x20; discarded 1 byte(s)
[23:08:38.784] BAD_PACKET[COM9] unknown packet ID 0x48; discarded 1 byte(s)
[23:08:38.784] BAD_PACKET[COM9] unknown packet ID 0x65; discarded 1 byte(s)
[23:08:38.785] BAD_PACKET[COM9] unknown packet ID 0x61; discarded 1 byte(s)
[23:08:38.785] BAD_PACKET[COM9] unknown packet ID 0x72; discarded 1 byte(s)
[23:08:38.786] BAD_PACKET[COM9] unknown packet ID 0x74; discarded 1 byte(s)
[23:08:38.786] BAD_PACKET[COM9] unknown packet ID 0x62; discarded 1 byte(s)
[23:08:38.787] BAD_PACKET[COM9] unknown packet ID 0x65; discarded 1 byte(s)
[23:08:38.787] BAD_PACKET[COM9] unknown packet ID 0x61; discarded 1 byte(s)
[23:08:38.787] BAD_PACKET[COM9] unknown packet ID 0x74; discarded 1 byte(s)
[23:08:38.788] BAD_PACKET[COM9] unknown packet ID 0x20; discarded 1 byte(s)
[23:08:38.788] BAD_PACKET[COM9] unknown packet ID 0x73; discarded 1 byte(s)
[23:08:38.788] BAD_PACKET[COM9] unknown packet ID 0x65; discarded 1 byte(s)
[23:08:38.789] BAD_PACKET[COM9] unknown packet ID 0x6e; discarded 1 byte(s)
[23:08:38.789] BAD_PACKET[COM9] unknown packet ID 0x74; discarded 1 byte(s)
[23:08:38.790] BAD_PACKET[COM9] unknown packet ID 0x0d; discarded 1 byte(s)
[23:08:38.791] BAD_PACKET[COM9] unknown packet ID 0x0a; discarded 1 byte(s)
[23:08:39.352] RX[COM9]  45
[23:08:39.353] BAD_PACKET[COM9] unknown packet ID 0x45; discarded 1 byte(s)
[23:08:39.353] RX[COM9]  20 28 32 37 39 32 31 29 20 73 70 69 5f 6d 61 73 74 65 72 3a 20 63 68 65 63 6b 5f 74 72 61 6e 73 5f 76 61 6c 69 64 28 31 31 31 30 29 3a 20 74 78 64 61 74 61 20 74 72 61 6e 73 66 65 72 20 3e 20 68 6f 73 74 20 6d 61 78 69 6d 75 6d 0d 0a
[23:08:39.354] BAD_PACKET[COM9] unknown packet ID 0x20; discarded 1 byte(s)
[23:08:39.354] BAD_PACKET[COM9] unknown packet ID 0x28; discarded 1 byte(s)
[23:08:39.354] BAD_PACKET[COM9] unknown packet ID 0x32; discarded 1 byte(s)
[23:08:39.355] BAD_PACKET[COM9] unknown packet ID 0x37; discarded 1 byte(s)
[23:08:39.355] BAD_PACKET[COM9] unknown packet ID 0x39; discarded 1 byte(s)
[23:08:39.355] BAD_PACKET[COM9] unknown packet ID 0x32; discarded 1 byte(s)
[23:08:39.356] BAD_PACKET[COM9] unknown packet ID 0x31; discarded 1 byte(s)
[23:08:39.356] BAD_PACKET[COM9] unknown packet ID 0x29; discarded 1 byte(s)
[23:08:39.357] BAD_PACKET[COM9] unknown packet ID 0x20; discarded 1 byte(s)
[23:08:39.357] BAD_PACKET[COM9] unknown packet ID 0x73; discarded 1 byte(s)
[23:08:39.357] BAD_PACKET[COM9] unknown packet ID 0x70; discarded 1 byte(s)
[23:08:39.358] BAD_PACKET[COM9] unknown packet ID 0x69; discarded 1 byte(s)
[23:08:39.358] BAD_PACKET[COM9] unknown packet ID 0x5f; discarded 1 byte(s)
[23:08:39.359] BAD_PACKET[COM9] unknown packet ID 0x6d; discarded 1 byte(s)
[23:08:39.359] BAD_PACKET[COM9] unknown packet ID 0x61; discarded 1 byte(s)
[23:08:39.360] BAD_PACKET[COM9] unknown packet ID 0x73; discarded 1 byte(s)
[23:08:39.360] BAD_PACKET[COM9] unknown packet ID 0x74; discarded 1 byte(s)
[23:08:39.360] BAD_PACKET[COM9] unknown packet ID 0x65; discarded 1 byte(s)
[23:08:39.361] BAD_PACKET[COM9] unknown packet ID 0x72; discarded 1 byte(s)
[23:08:39.361] BAD_PACKET[COM9] unknown packet ID 0x3a; discarded 1 byte(s)
[23:08:39.361] BAD_PACKET[COM9] unknown packet ID 0x20; discarded 1 byte(s)
[23:08:39.362] BAD_PACKET[COM9] unknown packet ID 0x63; discarded 1 byte(s)
[23:08:39.362] BAD_PACKET[COM9] unknown packet ID 0x68; discarded 1 byte(s)
[23:08:39.362] BAD_PACKET[COM9] unknown packet ID 0x65; discarded 1 byte(s)
[23:08:39.363] BAD_PACKET[COM9] unknown packet ID 0x63; discarded 1 byte(s)
[23:08:39.363] BAD_PACKET[COM9] unknown packet ID 0x6b; discarded 1 byte(s)
[23:08:39.364] BAD_PACKET[COM9] unknown packet ID 0x5f; discarded 1 byte(s)
[23:08:39.364] BAD_PACKET[COM9] unknown packet ID 0x74; discarded 1 byte(s)
[23:08:39.364] BAD_PACKET[COM9] unknown packet ID 0x72; discarded 1 byte(s)
[23:08:39.365] BAD_PACKET[COM9] unknown packet ID 0x61; discarded 1 byte(s)
[23:08:39.365] BAD_PACKET[COM9] unknown packet ID 0x6e; discarded 1 byte(s)
[23:08:39.365] BAD_PACKET[COM9] unknown packet ID 0x73; discarded 1 byte(s)
[23:08:39.366] BAD_PACKET[COM9] unknown packet ID 0x5f; discarded 1 byte(s)
[23:08:39.366] BAD_PACKET[COM9] unknown packet ID 0x76; discarded 1 byte(s)
[23:08:39.366] BAD_PACKET[COM9] unknown packet ID 0x61; discarded 1 byte(s)
[23:08:39.367] BAD_PACKET[COM9] unknown packet ID 0x6c; discarded 1 byte(s)
[23:08:39.367] BAD_PACKET[COM9] unknown packet ID 0x69; discarded 1 byte(s)
[23:08:39.368] BAD_PACKET[COM9] unknown packet ID 0x64; discarded 1 byte(s)
[23:08:39.368] BAD_PACKET[COM9] unknown packet ID 0x28; discarded 1 byte(s)
[23:08:39.368] BAD_PACKET[COM9] unknown packet ID 0x31; discarded 1 byte(s)
[23:08:39.369] BAD_PACKET[COM9] unknown packet ID 0x31; discarded 1 byte(s)
[23:08:39.369] BAD_PACKET[COM9] unknown packet ID 0x31; discarded 1 byte(s)
[23:08:39.369] BAD_PACKET[COM9] unknown packet ID 0x30; discarded 1 byte(s)
[23:08:39.370] BAD_PACKET[COM9] unknown packet ID 0x29; discarded 1 byte(s)
[23:08:39.370] BAD_PACKET[COM9] unknown packet ID 0x3a; discarded 1 byte(s)
[23:08:39.370] BAD_PACKET[COM9] unknown packet ID 0x20; discarded 1 byte(s)
[23:08:39.371] BAD_PACKET[COM9] unknown packet ID 0x74; discarded 1 byte(s)
[23:08:39.371] BAD_PACKET[COM9] unknown packet ID 0x78; discarded 1 byte(s)
[23:08:39.371] BAD_PACKET[COM9] unknown packet ID 0x64; discarded 1 byte(s)
[23:08:39.372] BAD_PACKET[COM9] unknown packet ID 0x61; discarded 1 byte(s)
[23:08:39.372] BAD_PACKET[COM9] unknown packet ID 0x74; discarded 1 byte(s)
[23:08:39.372] BAD_PACKET[COM9] unknown packet ID 0x61; discarded 1 byte(s)
[23:08:39.373] BAD_PACKET[COM9] unknown packet ID 0x20; discarded 1 byte(s)
[23:08:39.373] BAD_PACKET[COM9] unknown packet ID 0x74; discarded 1 byte(s)
[23:08:39.373] BAD_PACKET[COM9] unknown packet ID 0x72; discarded 1 byte(s)
[23:08:39.374] BAD_PACKET[COM9] unknown packet ID 0x61; discarded 1 byte(s)
[23:08:39.374] BAD_PACKET[COM9] unknown packet ID 0x6e; discarded 1 byte(s)
[23:08:39.375] BAD_PACKET[COM9] unknown packet ID 0x73; discarded 1 byte(s)
[23:08:39.375] BAD_PACKET[COM9] unknown packet ID 0x66; discarded 1 byte(s)
[23:08:39.376] BAD_PACKET[COM9] unknown packet ID 0x65; discarded 1 byte(s)
[23:08:39.376] BAD_PACKET[COM9] unknown packet ID 0x72; discarded 1 byte(s)
[23:08:39.377] BAD_PACKET[COM9] unknown packet ID 0x20; discarded 1 byte(s)
[23:08:39.377] BAD_PACKET[COM9] unknown packet ID 0x3e; discarded 1 byte(s)
[23:08:39.378] BAD_PACKET[COM9] unknown packet ID 0x20; discarded 1 byte(s)
[23:08:39.378] BAD_PACKET[COM9] unknown packet ID 0x68; discarded 1 byte(s)
[23:08:39.378] BAD_PACKET[COM9] unknown packet ID 0x6f; discarded 1 byte(s)
[23:08:39.379] BAD_PACKET[COM9] unknown packet ID 0x73; discarded 1 byte(s)
[23:08:39.379] BAD_PACKET[COM9] unknown packet ID 0x74; discarded 1 byte(s)
[23:08:39.379] BAD_PACKET[COM9] unknown packet ID 0x20; discarded 1 byte(s)
[23:08:39.380] BAD_PACKET[COM9] unknown packet ID 0x6d; discarded 1 byte(s)
[23:08:39.380] BAD_PACKET[COM9] unknown packet ID 0x61; discarded 1 byte(s)
[23:08:39.380] BAD_PACKET[COM9] unknown packet ID 0x78; discarded 1 byte(s)
[23:08:39.381] BAD_PACKET[COM9] unknown packet ID 0x69; discarded 1 byte(s)
[23:08:39.381] BAD_PACKET[COM9] unknown packet ID 0x6d; discarded 1 byte(s)
[23:08:39.381] BAD_PACKET[COM9] unknown packet ID 0x75; discarded 1 byte(s)
[23:08:39.382] BAD_PACKET[COM9] unknown packet ID 0x6d; discarded 1 byte(s)
[23:08:39.382] BAD_PACKET[COM9] unknown packet ID 0x0d; discarded 1 byte(s)
[23:08:39.382] BAD_PACKET[COM9] unknown packet ID 0x0a; discarded 1 byte(s)
[23:08:39.735] RX[COM9]  49
[23:08:39.736] BAD_PACKET[COM9] unknown packet ID 0x49; discarded 1 byte(s)
[23:08:39.737] RX[COM9]  20 28 32 38 33 31 31 29 20 61 70 65 72 74 75 72 65 3a 20 53 65 6e 64 69 6e 67 20 68 65 61 72 74 62 65 61 74 20 28 38 20 62 79 74 65 73 29 0d 0a
[23:08:39.737] BAD_PACKET[COM9] unknown packet ID 0x20; discarded 1 byte(s)
[23:08:39.737] BAD_PACKET[COM9] unknown packet ID 0x28; discarded 1 byte(s)
[23:08:39.738] BAD_PACKET[COM9] unknown packet ID 0x32; discarded 1 byte(s)
[23:08:39.738] BAD_PACKET[COM9] unknown packet ID 0x38; discarded 1 byte(s)
[23:08:39.738] BAD_PACKET[COM9] unknown packet ID 0x33; discarded 1 byte(s)
[23:08:39.739] BAD_PACKET[COM9] unknown packet ID 0x31; discarded 1 byte(s)
[23:08:39.739] BAD_PACKET[COM9] unknown packet ID 0x31; discarded 1 byte(s)
[23:08:39.740] BAD_PACKET[COM9] unknown packet ID 0x29; discarded 1 byte(s)
[23:08:39.740] BAD_PACKET[COM9] unknown packet ID 0x20; discarded 1 byte(s)
[23:08:39.741] BAD_PACKET[COM9] unknown packet ID 0x61; discarded 1 byte(s)
[23:08:39.741] BAD_PACKET[COM9] unknown packet ID 0x70; discarded 1 byte(s)
[23:08:39.742] BAD_PACKET[COM9] unknown packet ID 0x65; discarded 1 byte(s)
[23:08:39.742] BAD_PACKET[COM9] unknown packet ID 0x72; discarded 1 byte(s)
[23:08:39.743] BAD_PACKET[COM9] unknown packet ID 0x74; discarded 1 byte(s)
[23:08:39.743] BAD_PACKET[COM9] unknown packet ID 0x75; discarded 1 byte(s)
[23:08:39.744] BAD_PACKET[COM9] unknown packet ID 0x72; discarded 1 byte(s)
[23:08:39.744] BAD_PACKET[COM9] unknown packet ID 0x65; discarded 1 byte(s)
[23:08:39.745] BAD_PACKET[COM9] unknown packet ID 0x3a; discarded 1 byte(s)
[23:08:39.745] BAD_PACKET[COM9] unknown packet ID 0x20; discarded 1 byte(s)
[23:08:39.745] BAD_PACKET[COM9] unknown packet ID 0x53; discarded 1 byte(s)
[23:08:39.746] BAD_PACKET[COM9] unknown packet ID 0x65; discarded 1 byte(s)
[23:08:39.746] BAD_PACKET[COM9] unknown packet ID 0x6e; discarded 1 byte(s)
[23:08:39.747] BAD_PACKET[COM9] unknown packet ID 0x64; discarded 1 byte(s)
[23:08:39.747] BAD_PACKET[COM9] unknown packet ID 0x69; discarded 1 byte(s)
[23:08:39.747] BAD_PACKET[COM9] unknown packet ID 0x6e; discarded 1 byte(s)
[23:08:39.748] BAD_PACKET[COM9] unknown packet ID 0x67; discarded 1 byte(s)
[23:08:39.748] BAD_PACKET[COM9] unknown packet ID 0x20; discarded 1 byte(s)
[23:08:39.748] BAD_PACKET[COM9] unknown packet ID 0x68; discarded 1 byte(s)
[23:08:39.749] BAD_PACKET[COM9] unknown packet ID 0x65; discarded 1 byte(s)
[23:08:39.749] BAD_PACKET[COM9] unknown packet ID 0x61; discarded 1 byte(s)
[23:08:39.749] BAD_PACKET[COM9] unknown packet ID 0x72; discarded 1 byte(s)
[23:08:39.750] BAD_PACKET[COM9] unknown packet ID 0x74; discarded 1 byte(s)
[23:08:39.751] BAD_PACKET[COM9] unknown packet ID 0x62; discarded 1 byte(s)
[23:08:39.751] BAD_PACKET[COM9] unknown packet ID 0x65; discarded 1 byte(s)
[23:08:39.751] BAD_PACKET[COM9] unknown packet ID 0x61; discarded 1 byte(s)
[23:08:39.752] BAD_PACKET[COM9] unknown packet ID 0x74; discarded 1 byte(s)
[23:08:39.752] BAD_PACKET[COM9] unknown packet ID 0x20; discarded 1 byte(s)
[23:08:39.753] BAD_PACKET[COM9] unknown packet ID 0x28; discarded 1 byte(s)
[23:08:39.753] BAD_PACKET[COM9] unknown packet ID 0x38; discarded 1 byte(s)
[23:08:39.753] BAD_PACKET[COM9] unknown packet ID 0x20; discarded 1 byte(s)
[23:08:39.754] BAD_PACKET[COM9] unknown packet ID 0x62; discarded 1 byte(s)
[23:08:39.754] BAD_PACKET[COM9] unknown packet ID 0x79; discarded 1 byte(s)
[23:08:39.754] BAD_PACKET[COM9] unknown packet ID 0x74; discarded 1 byte(s)
[23:08:39.755] BAD_PACKET[COM9] unknown packet ID 0x65; discarded 1 byte(s)
[23:08:39.755] BAD_PACKET[COM9] unknown packet ID 0x73; discarded 1 byte(s)
[23:08:39.755] BAD_PACKET[COM9] unknown packet ID 0x29; discarded 1 byte(s)
[23:08:39.756] BAD_PACKET[COM9] unknown packet ID 0x0d; discarded 1 byte(s)
[23:08:39.756] BAD_PACKET[COM9] unknown packet ID 0x0a; discarded 1 byte(s)
[23:08:39.757] RX[COM9]  49
[23:08:39.757] BAD_PACKET[COM9] unknown packet ID 0x49; discarded 1 byte(s)
[23:08:39.757] RX[COM9]  20 28 32 38 33 35 31 29 20 61 70 65 72 74 75 72 65 3a 20 48 65 61 72 74 62 65 61 74 20 73 65 6e 74 0d 0a
[23:08:39.758] BAD_PACKET[COM9] unknown packet ID 0x20; discarded 1 byte(s)
[23:08:39.759] BAD_PACKET[COM9] unknown packet ID 0x28; discarded 1 byte(s)
[23:08:39.761] BAD_PACKET[COM9] unknown packet ID 0x32; discarded 1 byte(s)
[23:08:39.762] BAD_PACKET[COM9] unknown packet ID 0x38; discarded 1 byte(s)
[23:08:39.762] BAD_PACKET[COM9] unknown packet ID 0x33; discarded 1 byte(s)
[23:08:39.763] BAD_PACKET[COM9] unknown packet ID 0x35; discarded 1 byte(s)
[23:08:39.763] BAD_PACKET[COM9] unknown packet ID 0x31; discarded 1 byte(s)
[23:08:39.763] BAD_PACKET[COM9] unknown packet ID 0x29; discarded 1 byte(s)
[23:08:39.764] BAD_PACKET[COM9] unknown packet ID 0x20; discarded 1 byte(s)
[23:08:39.764] BAD_PACKET[COM9] unknown packet ID 0x61; discarded 1 byte(s)
[23:08:39.764] BAD_PACKET[COM9] unknown packet ID 0x70; discarded 1 byte(s)
[23:08:39.765] BAD_PACKET[COM9] unknown packet ID 0x65; discarded 1 byte(s)
[23:08:39.765] BAD_PACKET[COM9] unknown packet ID 0x72; discarded 1 byte(s)
[23:08:39.766] BAD_PACKET[COM9] unknown packet ID 0x74; discarded 1 byte(s)
[23:08:39.766] BAD_PACKET[COM9] unknown packet ID 0x75; discarded 1 byte(s)
[23:08:39.766] BAD_PACKET[COM9] unknown packet ID 0x72; discarded 1 byte(s)
[23:08:39.767] BAD_PACKET[COM9] unknown packet ID 0x65; discarded 1 byte(s)
[23:08:39.767] BAD_PACKET[COM9] unknown packet ID 0x3a; discarded 1 byte(s)
[23:08:39.768] BAD_PACKET[COM9] unknown packet ID 0x20; discarded 1 byte(s)
[23:08:39.768] BAD_PACKET[COM9] unknown packet ID 0x48; discarded 1 byte(s)
[23:08:39.768] BAD_PACKET[COM9] unknown packet ID 0x65; discarded 1 byte(s)
[23:08:39.769] BAD_PACKET[COM9] unknown packet ID 0x61; discarded 1 byte(s)
[23:08:39.769] BAD_PACKET[COM9] unknown packet ID 0x72; discarded 1 byte(s)
[23:08:39.769] BAD_PACKET[COM9] unknown packet ID 0x74; discarded 1 byte(s)
[23:08:39.770] BAD_PACKET[COM9] unknown packet ID 0x62; discarded 1 byte(s)
[23:08:39.770] BAD_PACKET[COM9] unknown packet ID 0x65; discarded 1 byte(s)
[23:08:39.771] BAD_PACKET[COM9] unknown packet ID 0x61; discarded 1 byte(s)
[23:08:39.771] BAD_PACKET[COM9] unknown packet ID 0x74; discarded 1 byte(s)
[23:08:39.771] BAD_PACKET[COM9] unknown packet ID 0x20; discarded 1 byte(s)
[23:08:39.772] BAD_PACKET[COM9] unknown packet ID 0x73; discarded 1 byte(s)
[23:08:39.772] BAD_PACKET[COM9] unknown packet ID 0x65; discarded 1 byte(s)
[23:08:39.772] BAD_PACKET[COM9] unknown packet ID 0x6e; discarded 1 byte(s)
[23:08:39.773] BAD_PACKET[COM9] unknown packet ID 0x74; discarded 1 byte(s)
[23:08:39.773] BAD_PACKET[COM9] unknown packet ID 0x0d; discarded 1 byte(s)
[23:08:39.774] BAD_PACKET[COM9] unknown packet ID 0x0a; discarded 1 byte(s)
[23:08:40.330] RX[COM9]  45
[23:08:40.331] BAD_PACKET[COM9] unknown packet ID 0x45; discarded 1 byte(s)
[23:08:40.331] RX[COM9]  20 28 32 38 39 32 31 29 20 73 70 69 5f 6d 61 73 74 65 72 3a 20 63 68 65 63 6b 5f 74 72 61 6e 73 5f 76 61 6c 69 64 28 31 31 31 30 29 3a 20 74 78 64 61 74 61 20 74 72 61 6e 73 66 65 72 20 3e 20 68 6f 73 74 20 6d 61 78 69 6d 75 6d 0d 0a
[23:08:40.332] BAD_PACKET[COM9] unknown packet ID 0x20; discarded 1 byte(s)
[23:08:40.333] BAD_PACKET[COM9] unknown packet ID 0x28; discarded 1 byte(s)
[23:08:40.333] BAD_PACKET[COM9] unknown packet ID 0x32; discarded 1 byte(s)
[23:08:40.334] BAD_PACKET[COM9] unknown packet ID 0x38; discarded 1 byte(s)
[23:08:40.334] BAD_PACKET[COM9] unknown packet ID 0x39; discarded 1 byte(s)
[23:08:40.335] BAD_PACKET[COM9] unknown packet ID 0x32; discarded 1 byte(s)
[23:08:40.335] BAD_PACKET[COM9] unknown packet ID 0x31; discarded 1 byte(s)
[23:08:40.336] BAD_PACKET[COM9] unknown packet ID 0x29; discarded 1 byte(s)
[23:08:40.337] BAD_PACKET[COM9] unknown packet ID 0x20; discarded 1 byte(s)
[23:08:40.337] BAD_PACKET[COM9] unknown packet ID 0x73; discarded 1 byte(s)
[23:08:40.338] BAD_PACKET[COM9] unknown packet ID 0x70; discarded 1 byte(s)
[23:08:40.338] BAD_PACKET[COM9] unknown packet ID 0x69; discarded 1 byte(s)
[23:08:40.338] BAD_PACKET[COM9] unknown packet ID 0x5f; discarded 1 byte(s)
[23:08:40.339] BAD_PACKET[COM9] unknown packet ID 0x6d; discarded 1 byte(s)
[23:08:40.339] BAD_PACKET[COM9] unknown packet ID 0x61; discarded 1 byte(s)
[23:08:40.340] BAD_PACKET[COM9] unknown packet ID 0x73; discarded 1 byte(s)
[23:08:40.340] BAD_PACKET[COM9] unknown packet ID 0x74; discarded 1 byte(s)
[23:08:40.341] BAD_PACKET[COM9] unknown packet ID 0x65; discarded 1 byte(s)
[23:08:40.341] BAD_PACKET[COM9] unknown packet ID 0x72; discarded 1 byte(s)
[23:08:40.342] BAD_PACKET[COM9] unknown packet ID 0x3a; discarded 1 byte(s)
[23:08:40.342] BAD_PACKET[COM9] unknown packet ID 0x20; discarded 1 byte(s)
[23:08:40.343] BAD_PACKET[COM9] unknown packet ID 0x63; discarded 1 byte(s)
[23:08:40.343] BAD_PACKET[COM9] unknown packet ID 0x68; discarded 1 byte(s)
[23:08:40.344] BAD_PACKET[COM9] unknown packet ID 0x65; discarded 1 byte(s)
[23:08:40.344] BAD_PACKET[COM9] unknown packet ID 0x63; discarded 1 byte(s)
[23:08:40.345] BAD_PACKET[COM9] unknown packet ID 0x6b; discarded 1 byte(s)
[23:08:40.345] BAD_PACKET[COM9] unknown packet ID 0x5f; discarded 1 byte(s)
[23:08:40.345] BAD_PACKET[COM9] unknown packet ID 0x74; discarded 1 byte(s)
[23:08:40.346] BAD_PACKET[COM9] unknown packet ID 0x72; discarded 1 byte(s)
[23:08:40.346] BAD_PACKET[COM9] unknown packet ID 0x61; discarded 1 byte(s)
[23:08:40.347] BAD_PACKET[COM9] unknown packet ID 0x6e; discarded 1 byte(s)
[23:08:40.347] BAD_PACKET[COM9] unknown packet ID 0x73; discarded 1 byte(s)
[23:08:40.347] BAD_PACKET[COM9] unknown packet ID 0x5f; discarded 1 byte(s)
[23:08:40.348] BAD_PACKET[COM9] unknown packet ID 0x76; discarded 1 byte(s)
[23:08:40.349] BAD_PACKET[COM9] unknown packet ID 0x61; discarded 1 byte(s)
[23:08:40.349] BAD_PACKET[COM9] unknown packet ID 0x6c; discarded 1 byte(s)
[23:08:40.349] BAD_PACKET[COM9] unknown packet ID 0x69; discarded 1 byte(s)
[23:08:40.350] BAD_PACKET[COM9] unknown packet ID 0x64; discarded 1 byte(s)
[23:08:40.351] BAD_PACKET[COM9] unknown packet ID 0x28; discarded 1 byte(s)
[23:08:40.351] BAD_PACKET[COM9] unknown packet ID 0x31; discarded 1 byte(s)
[23:08:40.352] BAD_PACKET[COM9] unknown packet ID 0x31; discarded 1 byte(s)
[23:08:40.353] BAD_PACKET[COM9] unknown packet ID 0x31; discarded 1 byte(s)
[23:08:40.354] BAD_PACKET[COM9] unknown packet ID 0x30; discarded 1 byte(s)
[23:08:40.354] BAD_PACKET[COM9] unknown packet ID 0x29; discarded 1 byte(s)
[23:08:40.355] BAD_PACKET[COM9] unknown packet ID 0x3a; discarded 1 byte(s)
[23:08:40.355] BAD_PACKET[COM9] unknown packet ID 0x20; discarded 1 byte(s)
[23:08:40.355] BAD_PACKET[COM9] unknown packet ID 0x74; discarded 1 byte(s)
[23:08:40.356] BAD_PACKET[COM9] unknown packet ID 0x78; discarded 1 byte(s)
[23:08:40.356] BAD_PACKET[COM9] unknown packet ID 0x64; discarded 1 byte(s)
[23:08:40.357] BAD_PACKET[COM9] unknown packet ID 0x61; discarded 1 byte(s)
[23:08:40.357] BAD_PACKET[COM9] unknown packet ID 0x74; discarded 1 byte(s)
[23:08:40.357] BAD_PACKET[COM9] unknown packet ID 0x61; discarded 1 byte(s)
[23:08:40.358] BAD_PACKET[COM9] unknown packet ID 0x20; discarded 1 byte(s)
[23:08:40.358] BAD_PACKET[COM9] unknown packet ID 0x74; discarded 1 byte(s)
[23:08:40.359] BAD_PACKET[COM9] unknown packet ID 0x72; discarded 1 byte(s)
[23:08:40.359] BAD_PACKET[COM9] unknown packet ID 0x61; discarded 1 byte(s)
[23:08:40.360] BAD_PACKET[COM9] unknown packet ID 0x6e; discarded 1 byte(s)
[23:08:40.360] BAD_PACKET[COM9] unknown packet ID 0x73; discarded 1 byte(s)
[23:08:40.361] BAD_PACKET[COM9] unknown packet ID 0x66; discarded 1 byte(s)
[23:08:40.361] BAD_PACKET[COM9] unknown packet ID 0x65; discarded 1 byte(s)
[23:08:40.361] BAD_PACKET[COM9] unknown packet ID 0x72; discarded 1 byte(s)
[23:08:40.362] BAD_PACKET[COM9] unknown packet ID 0x20; discarded 1 byte(s)
[23:08:40.362] BAD_PACKET[COM9] unknown packet ID 0x3e; discarded 1 byte(s)
[23:08:40.363] BAD_PACKET[COM9] unknown packet ID 0x20; discarded 1 byte(s)
[23:08:40.363] BAD_PACKET[COM9] unknown packet ID 0x68; discarded 1 byte(s)
[23:08:40.363] BAD_PACKET[COM9] unknown packet ID 0x6f; discarded 1 byte(s)
[23:08:40.364] BAD_PACKET[COM9] unknown packet ID 0x73; discarded 1 byte(s)
[23:08:40.364] BAD_PACKET[COM9] unknown packet ID 0x74; discarded 1 byte(s)
[23:08:40.364] BAD_PACKET[COM9] unknown packet ID 0x20; discarded 1 byte(s)
[23:08:40.365] BAD_PACKET[COM9] unknown packet ID 0x6d; discarded 1 byte(s)
[23:08:40.365] BAD_PACKET[COM9] unknown packet ID 0x61; discarded 1 byte(s)
[23:08:40.366] BAD_PACKET[COM9] unknown packet ID 0x78; discarded 1 byte(s)
[23:08:40.366] BAD_PACKET[COM9] unknown packet ID 0x69; discarded 1 byte(s)
[23:08:40.367] BAD_PACKET[COM9] unknown packet ID 0x6d; discarded 1 byte(s)
[23:08:40.367] BAD_PACKET[COM9] unknown packet ID 0x75; discarded 1 byte(s)
[23:08:40.368] BAD_PACKET[COM9] unknown packet ID 0x6d; discarded 1 byte(s)
[23:08:40.369] BAD_PACKET[COM9] unknown packet ID 0x0d; discarded 1 byte(s)
[23:08:40.369] BAD_PACKET[COM9] unknown packet ID 0x0a; discarded 1 byte(s)
[23:08:40.723] RX[COM9]  49
[23:08:40.724] BAD_PACKET[COM9] unknown packet ID 0x49; discarded 1 byte(s)
[23:08:40.726] RX[COM9]  20 28 32 39 33 31 31 29 20 61 70 65 72 74 75 72 65 3a 20 53 65 6e 64 69 6e 67 20 68 65 61 72 74 62 65 61 74 20 28 38 20 62 79 74 65 73 29 0d 0a
[23:08:40.727] BAD_PACKET[COM9] unknown packet ID 0x20; discarded 1 byte(s)
[23:08:40.728] BAD_PACKET[COM9] unknown packet ID 0x28; discarded 1 byte(s)
[23:08:40.728] BAD_PACKET[COM9] unknown packet ID 0x32; discarded 1 byte(s)
[23:08:40.729] BAD_PACKET[COM9] unknown packet ID 0x39; discarded 1 byte(s)
[23:08:40.729] BAD_PACKET[COM9] unknown packet ID 0x33; discarded 1 byte(s)
[23:08:40.729] BAD_PACKET[COM9] unknown packet ID 0x31; discarded 1 byte(s)
[23:08:40.730] BAD_PACKET[COM9] unknown packet ID 0x31; discarded 1 byte(s)
[23:08:40.730] BAD_PACKET[COM9] unknown packet ID 0x29; discarded 1 byte(s)
[23:08:40.731] BAD_PACKET[COM9] unknown packet ID 0x20; discarded 1 byte(s)
[23:08:40.731] BAD_PACKET[COM9] unknown packet ID 0x61; discarded 1 byte(s)
[23:08:40.732] BAD_PACKET[COM9] unknown packet ID 0x70; discarded 1 byte(s)
[23:08:40.733] BAD_PACKET[COM9] unknown packet ID 0x65; discarded 1 byte(s)
[23:08:40.734] BAD_PACKET[COM9] unknown packet ID 0x72; discarded 1 byte(s)
[23:08:40.735] BAD_PACKET[COM9] unknown packet ID 0x74; discarded 1 byte(s)
[23:08:40.736] BAD_PACKET[COM9] unknown packet ID 0x75; discarded 1 byte(s)
[23:08:40.737] BAD_PACKET[COM9] unknown packet ID 0x72; discarded 1 byte(s)
[23:08:40.737] BAD_PACKET[COM9] unknown packet ID 0x65; discarded 1 byte(s)
[23:08:40.738] BAD_PACKET[COM9] unknown packet ID 0x3a; discarded 1 byte(s)
[23:08:40.739] BAD_PACKET[COM9] unknown packet ID 0x20; discarded 1 byte(s)
[23:08:40.739] BAD_PACKET[COM9] unknown packet ID 0x53; discarded 1 byte(s)
[23:08:40.740] BAD_PACKET[COM9] unknown packet ID 0x65; discarded 1 byte(s)
[23:08:40.741] BAD_PACKET[COM9] unknown packet ID 0x6e; discarded 1 byte(s)
[23:08:40.742] BAD_PACKET[COM9] unknown packet ID 0x64; discarded 1 byte(s)
[23:08:40.743] BAD_PACKET[COM9] unknown packet ID 0x69; discarded 1 byte(s)
[23:08:40.743] BAD_PACKET[COM9] unknown packet ID 0x6e; discarded 1 byte(s)
[23:08:40.744] BAD_PACKET[COM9] unknown packet ID 0x67; discarded 1 byte(s)
[23:08:40.744] BAD_PACKET[COM9] unknown packet ID 0x20; discarded 1 byte(s)
[23:08:40.745] BAD_PACKET[COM9] unknown packet ID 0x68; discarded 1 byte(s)
[23:08:40.747] BAD_PACKET[COM9] unknown packet ID 0x65; discarded 1 byte(s)
[23:08:40.748] BAD_PACKET[COM9] unknown packet ID 0x61; discarded 1 byte(s)
[23:08:40.748] BAD_PACKET[COM9] unknown packet ID 0x72; discarded 1 byte(s)
[23:08:40.749] BAD_PACKET[COM9] unknown packet ID 0x74; discarded 1 byte(s)
[23:08:40.749] BAD_PACKET[COM9] unknown packet ID 0x62; discarded 1 byte(s)
[23:08:40.750] BAD_PACKET[COM9] unknown packet ID 0x65; discarded 1 byte(s)
[23:08:40.751] BAD_PACKET[COM9] unknown packet ID 0x61; discarded 1 byte(s)
[23:08:40.751] BAD_PACKET[COM9] unknown packet ID 0x74; discarded 1 byte(s)
[23:08:40.752] BAD_PACKET[COM9] unknown packet ID 0x20; discarded 1 byte(s)
[23:08:40.752] BAD_PACKET[COM9] unknown packet ID 0x28; discarded 1 byte(s)
[23:08:40.753] BAD_PACKET[COM9] unknown packet ID 0x38; discarded 1 byte(s)
[23:08:40.753] BAD_PACKET[COM9] unknown packet ID 0x20; discarded 1 byte(s)
[23:08:40.753] BAD_PACKET[COM9] unknown packet ID 0x62; discarded 1 byte(s)
[23:08:40.754] BAD_PACKET[COM9] unknown packet ID 0x79; discarded 1 byte(s)
[23:08:40.754] BAD_PACKET[COM9] unknown packet ID 0x74; discarded 1 byte(s)
[23:08:40.754] BAD_PACKET[COM9] unknown packet ID 0x65; discarded 1 byte(s)
[23:08:40.755] BAD_PACKET[COM9] unknown packet ID 0x73; discarded 1 byte(s)
[23:08:40.755] BAD_PACKET[COM9] unknown packet ID 0x29; discarded 1 byte(s)
[23:08:40.756] BAD_PACKET[COM9] unknown packet ID 0x0d; discarded 1 byte(s)
[23:08:40.756] BAD_PACKET[COM9] unknown packet ID 0x0a; discarded 1 byte(s)
[23:08:40.757] RX[COM9]  49
[23:08:40.757] BAD_PACKET[COM9] unknown packet ID 0x49; discarded 1 byte(s)
[23:08:40.758] RX[COM9]  20 28 32 39 33 35 31 29 20 61 70 65 72 74 75 72 65 3a 20 48 65 61 72 74 62 65 61 74 20 73 65 6e 74 0d 0a
[23:08:40.759] BAD_PACKET[COM9] unknown packet ID 0x20; discarded 1 byte(s)
[23:08:40.759] BAD_PACKET[COM9] unknown packet ID 0x28; discarded 1 byte(s)
[23:08:40.759] BAD_PACKET[COM9] unknown packet ID 0x32; discarded 1 byte(s)
[23:08:40.760] BAD_PACKET[COM9] unknown packet ID 0x39; discarded 1 byte(s)
[23:08:40.760] BAD_PACKET[COM9] unknown packet ID 0x33; discarded 1 byte(s)
[23:08:40.760] BAD_PACKET[COM9] unknown packet ID 0x35; discarded 1 byte(s)
[23:08:40.761] BAD_PACKET[COM9] unknown packet ID 0x31; discarded 1 byte(s)
[23:08:40.761] BAD_PACKET[COM9] unknown packet ID 0x29; discarded 1 byte(s)
[23:08:40.762] BAD_PACKET[COM9] unknown packet ID 0x20; discarded 1 byte(s)
[23:08:40.762] BAD_PACKET[COM9] unknown packet ID 0x61; discarded 1 byte(s)
[23:08:40.762] BAD_PACKET[COM9] unknown packet ID 0x70; discarded 1 byte(s)
[23:08:40.763] BAD_PACKET[COM9] unknown packet ID 0x65; discarded 1 byte(s)
[23:08:40.763] BAD_PACKET[COM9] unknown packet ID 0x72; discarded 1 byte(s)
[23:08:40.763] BAD_PACKET[COM9] unknown packet ID 0x74; discarded 1 byte(s)
[23:08:40.764] BAD_PACKET[COM9] unknown packet ID 0x75; discarded 1 byte(s)
[23:08:40.764] BAD_PACKET[COM9] unknown packet ID 0x72; discarded 1 byte(s)
[23:08:40.765] BAD_PACKET[COM9] unknown packet ID 0x65; discarded 1 byte(s)
[23:08:40.765] BAD_PACKET[COM9] unknown packet ID 0x3a; discarded 1 byte(s)
[23:08:40.765] BAD_PACKET[COM9] unknown packet ID 0x20; discarded 1 byte(s)
[23:08:40.766] BAD_PACKET[COM9] unknown packet ID 0x48; discarded 1 byte(s)
[23:08:40.767] BAD_PACKET[COM9] unknown packet ID 0x65; discarded 1 byte(s)
[23:08:40.767] BAD_PACKET[COM9] unknown packet ID 0x61; discarded 1 byte(s)
[23:08:40.768] BAD_PACKET[COM9] unknown packet ID 0x72; discarded 1 byte(s)
[23:08:40.768] BAD_PACKET[COM9] unknown packet ID 0x74; discarded 1 byte(s)
[23:08:40.769] BAD_PACKET[COM9] unknown packet ID 0x62; discarded 1 byte(s)
[23:08:40.769] BAD_PACKET[COM9] unknown packet ID 0x65; discarded 1 byte(s)
[23:08:40.769] BAD_PACKET[COM9] unknown packet ID 0x61; discarded 1 byte(s)
[23:08:40.770] BAD_PACKET[COM9] unknown packet ID 0x74; discarded 1 byte(s)
[23:08:40.770] BAD_PACKET[COM9] unknown packet ID 0x20; discarded 1 byte(s)
[23:08:40.770] BAD_PACKET[COM9] unknown packet ID 0x73; discarded 1 byte(s)
[23:08:40.771] BAD_PACKET[COM9] unknown packet ID 0x65; discarded 1 byte(s)
[23:08:40.772] BAD_PACKET[COM9] unknown packet ID 0x6e; discarded 1 byte(s)
[23:08:40.772] BAD_PACKET[COM9] unknown packet ID 0x74; discarded 1 byte(s)
[23:08:40.772] BAD_PACKET[COM9] unknown packet ID 0x0d; discarded 1 byte(s)
[23:08:40.773] BAD_PACKET[COM9] unknown packet ID 0x0a; discarded 1 byte(s)
[23:08:41.328] RX[COM9]  45
[23:08:41.329] BAD_PACKET[COM9] unknown packet ID 0x45; discarded 1 byte(s)
[23:08:41.330] RX[COM9]  20 28 32 39 39 32 31 29 20 73 70 69 5f 6d 61 73 74 65 72 3a 20 63 68 65 63 6b 5f 74 72 61 6e 73 5f 76 61 6c 69 64 28 31 31 31 30 29 3a 20 74 78 64 61 74 61 20 74 72 61 6e 73 66 65 72 20 3e 20 68 6f 73 74 20 6d 61 78 69 6d 75 6d 0d 0a
[23:08:41.330] BAD_PACKET[COM9] unknown packet ID 0x20; discarded 1 byte(s)
[23:08:41.331] BAD_PACKET[COM9] unknown packet ID 0x28; discarded 1 byte(s)
[23:08:41.331] BAD_PACKET[COM9] unknown packet ID 0x32; discarded 1 byte(s)
[23:08:41.332] BAD_PACKET[COM9] unknown packet ID 0x39; discarded 1 byte(s)
[23:08:41.332] BAD_PACKET[COM9] unknown packet ID 0x39; discarded 1 byte(s)
[23:08:41.333] BAD_PACKET[COM9] unknown packet ID 0x32; discarded 1 byte(s)
[23:08:41.334] BAD_PACKET[COM9] unknown packet ID 0x31; discarded 1 byte(s)
[23:08:41.334] BAD_PACKET[COM9] unknown packet ID 0x29; discarded 1 byte(s)
[23:08:41.335] BAD_PACKET[COM9] unknown packet ID 0x20; discarded 1 byte(s)
[23:08:41.335] BAD_PACKET[COM9] unknown packet ID 0x73; discarded 1 byte(s)
[23:08:41.336] BAD_PACKET[COM9] unknown packet ID 0x70; discarded 1 byte(s)
[23:08:41.337] BAD_PACKET[COM9] unknown packet ID 0x69; discarded 1 byte(s)
[23:08:41.337] BAD_PACKET[COM9] unknown packet ID 0x5f; discarded 1 byte(s)
[23:08:41.337] BAD_PACKET[COM9] unknown packet ID 0x6d; discarded 1 byte(s)
[23:08:41.338] BAD_PACKET[COM9] unknown packet ID 0x61; discarded 1 byte(s)
[23:08:41.338] BAD_PACKET[COM9] unknown packet ID 0x73; discarded 1 byte(s)
[23:08:41.339] BAD_PACKET[COM9] unknown packet ID 0x74; discarded 1 byte(s)
[23:08:41.339] BAD_PACKET[COM9] unknown packet ID 0x65; discarded 1 byte(s)
[23:08:41.339] BAD_PACKET[COM9] unknown packet ID 0x72; discarded 1 byte(s)
[23:08:41.340] BAD_PACKET[COM9] unknown packet ID 0x3a; discarded 1 byte(s)
[23:08:41.341] BAD_PACKET[COM9] unknown packet ID 0x20; discarded 1 byte(s)
[23:08:41.341] BAD_PACKET[COM9] unknown packet ID 0x63; discarded 1 byte(s)
[23:08:41.342] BAD_PACKET[COM9] unknown packet ID 0x68; discarded 1 byte(s)
[23:08:41.342] BAD_PACKET[COM9] unknown packet ID 0x65; discarded 1 byte(s)
[23:08:41.343] BAD_PACKET[COM9] unknown packet ID 0x63; discarded 1 byte(s)
[23:08:41.343] BAD_PACKET[COM9] unknown packet ID 0x6b; discarded 1 byte(s)
[23:08:41.344] BAD_PACKET[COM9] unknown packet ID 0x5f; discarded 1 byte(s)
[23:08:41.344] BAD_PACKET[COM9] unknown packet ID 0x74; discarded 1 byte(s)
[23:08:41.345] BAD_PACKET[COM9] unknown packet ID 0x72; discarded 1 byte(s)
[23:08:41.345] BAD_PACKET[COM9] unknown packet ID 0x61; discarded 1 byte(s)
[23:08:41.346] BAD_PACKET[COM9] unknown packet ID 0x6e; discarded 1 byte(s)
[23:08:41.346] BAD_PACKET[COM9] unknown packet ID 0x73; discarded 1 byte(s)
[23:08:41.347] BAD_PACKET[COM9] unknown packet ID 0x5f; discarded 1 byte(s)
[23:08:41.347] BAD_PACKET[COM9] unknown packet ID 0x76; discarded 1 byte(s)
[23:08:41.347] BAD_PACKET[COM9] unknown packet ID 0x61; discarded 1 byte(s)
[23:08:41.348] BAD_PACKET[COM9] unknown packet ID 0x6c; discarded 1 byte(s)
[23:08:41.349] BAD_PACKET[COM9] unknown packet ID 0x69; discarded 1 byte(s)
[23:08:41.349] BAD_PACKET[COM9] unknown packet ID 0x64; discarded 1 byte(s)
[23:08:41.350] BAD_PACKET[COM9] unknown packet ID 0x28; discarded 1 byte(s)
[23:08:41.350] BAD_PACKET[COM9] unknown packet ID 0x31; discarded 1 byte(s)
[23:08:41.351] BAD_PACKET[COM9] unknown packet ID 0x31; discarded 1 byte(s)
[23:08:41.352] BAD_PACKET[COM9] unknown packet ID 0x31; discarded 1 byte(s)
[23:08:41.353] BAD_PACKET[COM9] unknown packet ID 0x30; discarded 1 byte(s)
[23:08:41.353] BAD_PACKET[COM9] unknown packet ID 0x29; discarded 1 byte(s)
[23:08:41.353] BAD_PACKET[COM9] unknown packet ID 0x3a; discarded 1 byte(s)
[23:08:41.354] BAD_PACKET[COM9] unknown packet ID 0x20; discarded 1 byte(s)
[23:08:41.354] BAD_PACKET[COM9] unknown packet ID 0x74; discarded 1 byte(s)
[23:08:41.355] BAD_PACKET[COM9] unknown packet ID 0x78; discarded 1 byte(s)
[23:08:41.356] BAD_PACKET[COM9] unknown packet ID 0x64; discarded 1 byte(s)
[23:08:41.356] BAD_PACKET[COM9] unknown packet ID 0x61; discarded 1 byte(s)
[23:08:41.357] BAD_PACKET[COM9] unknown packet ID 0x74; discarded 1 byte(s)
[23:08:41.357] BAD_PACKET[COM9] unknown packet ID 0x61; discarded 1 byte(s)
[23:08:41.358] BAD_PACKET[COM9] unknown packet ID 0x20; discarded 1 byte(s)
[23:08:41.359] BAD_PACKET[COM9] unknown packet ID 0x74; discarded 1 byte(s)
[23:08:41.359] BAD_PACKET[COM9] unknown packet ID 0x72; discarded 1 byte(s)
[23:08:41.359] BAD_PACKET[COM9] unknown packet ID 0x61; discarded 1 byte(s)
[23:08:41.360] BAD_PACKET[COM9] unknown packet ID 0x6e; discarded 1 byte(s)
[23:08:41.361] BAD_PACKET[COM9] unknown packet ID 0x73; discarded 1 byte(s)
[23:08:41.361] BAD_PACKET[COM9] unknown packet ID 0x66; discarded 1 byte(s)
[23:08:41.362] BAD_PACKET[COM9] unknown packet ID 0x65; discarded 1 byte(s)
[23:08:41.362] BAD_PACKET[COM9] unknown packet ID 0x72; discarded 1 byte(s)
[23:08:41.363] BAD_PACKET[COM9] unknown packet ID 0x20; discarded 1 byte(s)
[23:08:41.363] BAD_PACKET[COM9] unknown packet ID 0x3e; discarded 1 byte(s)
[23:08:41.364] BAD_PACKET[COM9] unknown packet ID 0x20; discarded 1 byte(s)
[23:08:41.364] BAD_PACKET[COM9] unknown packet ID 0x68; discarded 1 byte(s)
[23:08:41.364] BAD_PACKET[COM9] unknown packet ID 0x6f; discarded 1 byte(s)
[23:08:41.365] BAD_PACKET[COM9] unknown packet ID 0x73; discarded 1 byte(s)
[23:08:41.366] BAD_PACKET[COM9] unknown packet ID 0x74; discarded 1 byte(s)
[23:08:41.367] BAD_PACKET[COM9] unknown packet ID 0x20; discarded 1 byte(s)
[23:08:41.367] BAD_PACKET[COM9] unknown packet ID 0x6d; discarded 1 byte(s)
[23:08:41.367] BAD_PACKET[COM9] unknown packet ID 0x61; discarded 1 byte(s)
[23:08:41.368] BAD_PACKET[COM9] unknown packet ID 0x78; discarded 1 byte(s)
[23:08:41.369] BAD_PACKET[COM9] unknown packet ID 0x69; discarded 1 byte(s)
[23:08:41.369] BAD_PACKET[COM9] unknown packet ID 0x6d; discarded 1 byte(s)
[23:08:41.370] BAD_PACKET[COM9] unknown packet ID 0x75; discarded 1 byte(s)
[23:08:41.370] BAD_PACKET[COM9] unknown packet ID 0x6d; discarded 1 byte(s)
[23:08:41.370] BAD_PACKET[COM9] unknown packet ID 0x0d; discarded 1 byte(s)
[23:08:41.371] BAD_PACKET[COM9] unknown packet ID 0x0a; discarded 1 byte(s)
[23:08:41.724] RX[COM9]  49
[23:08:41.726] BAD_PACKET[COM9] unknown packet ID 0x49; discarded 1 byte(s)
[23:08:41.727] RX[COM9]  20 28 33 30 33 31 31 29 20 61 70 65 72 74 75 72 65 3a 20 53 65 6e 64 69 6e 67 20 68 65 61 72 74 62 65 61 74 20 28 38 20 62 79 74 65 73 29 0d 0a
[23:08:41.727] BAD_PACKET[COM9] unknown packet ID 0x20; discarded 1 byte(s)
[23:08:41.728] BAD_PACKET[COM9] unknown packet ID 0x28; discarded 1 byte(s)
[23:08:41.728] BAD_PACKET[COM9] unknown packet ID 0x33; discarded 1 byte(s)
[23:08:41.728] BAD_PACKET[COM9] unknown packet ID 0x30; discarded 1 byte(s)
[23:08:41.729] BAD_PACKET[COM9] unknown packet ID 0x33; discarded 1 byte(s)
[23:08:41.729] BAD_PACKET[COM9] unknown packet ID 0x31; discarded 1 byte(s)
[23:08:41.729] BAD_PACKET[COM9] unknown packet ID 0x31; discarded 1 byte(s)
[23:08:41.730] BAD_PACKET[COM9] unknown packet ID 0x29; discarded 1 byte(s)
[23:08:41.730] BAD_PACKET[COM9] unknown packet ID 0x20; discarded 1 byte(s)
[23:08:41.730] BAD_PACKET[COM9] unknown packet ID 0x61; discarded 1 byte(s)
[23:08:41.731] BAD_PACKET[COM9] unknown packet ID 0x70; discarded 1 byte(s)
[23:08:41.731] BAD_PACKET[COM9] unknown packet ID 0x65; discarded 1 byte(s)
[23:08:41.732] BAD_PACKET[COM9] unknown packet ID 0x72; discarded 1 byte(s)
[23:08:41.732] BAD_PACKET[COM9] unknown packet ID 0x74; discarded 1 byte(s)
[23:08:41.735] BAD_PACKET[COM9] unknown packet ID 0x75; discarded 1 byte(s)
[23:08:41.735] BAD_PACKET[COM9] unknown packet ID 0x72; discarded 1 byte(s)
[23:08:41.736] BAD_PACKET[COM9] unknown packet ID 0x65; discarded 1 byte(s)
[23:08:41.736] BAD_PACKET[COM9] unknown packet ID 0x3a; discarded 1 byte(s)
[23:08:41.737] BAD_PACKET[COM9] unknown packet ID 0x20; discarded 1 byte(s)
[23:08:41.737] BAD_PACKET[COM9] unknown packet ID 0x53; discarded 1 byte(s)
[23:08:41.737] BAD_PACKET[COM9] unknown packet ID 0x65; discarded 1 byte(s)
[23:08:41.738] BAD_PACKET[COM9] unknown packet ID 0x6e; discarded 1 byte(s)
[23:08:41.738] BAD_PACKET[COM9] unknown packet ID 0x64; discarded 1 byte(s)
[23:08:41.738] BAD_PACKET[COM9] unknown packet ID 0x69; discarded 1 byte(s)
[23:08:41.739] BAD_PACKET[COM9] unknown packet ID 0x6e; discarded 1 byte(s)
[23:08:41.739] BAD_PACKET[COM9] unknown packet ID 0x67; discarded 1 byte(s)
[23:08:41.740] BAD_PACKET[COM9] unknown packet ID 0x20; discarded 1 byte(s)
[23:08:41.740] BAD_PACKET[COM9] unknown packet ID 0x68; discarded 1 byte(s)
[23:08:41.741] BAD_PACKET[COM9] unknown packet ID 0x65; discarded 1 byte(s)
[23:08:41.741] BAD_PACKET[COM9] unknown packet ID 0x61; discarded 1 byte(s)
[23:08:41.742] BAD_PACKET[COM9] unknown packet ID 0x72; discarded 1 byte(s)
[23:08:41.742] BAD_PACKET[COM9] unknown packet ID 0x74; discarded 1 byte(s)
[23:08:41.743] BAD_PACKET[COM9] unknown packet ID 0x62; discarded 1 byte(s)
[23:08:41.743] BAD_PACKET[COM9] unknown packet ID 0x65; discarded 1 byte(s)
[23:08:41.743] BAD_PACKET[COM9] unknown packet ID 0x61; discarded 1 byte(s)
[23:08:41.744] BAD_PACKET[COM9] unknown packet ID 0x74; discarded 1 byte(s)
[23:08:41.744] BAD_PACKET[COM9] unknown packet ID 0x20; discarded 1 byte(s)
[23:08:41.744] BAD_PACKET[COM9] unknown packet ID 0x28; discarded 1 byte(s)
[23:08:41.745] BAD_PACKET[COM9] unknown packet ID 0x38; discarded 1 byte(s)
[23:08:41.745] BAD_PACKET[COM9] unknown packet ID 0x20; discarded 1 byte(s)
[23:08:41.746] BAD_PACKET[COM9] unknown packet ID 0x62; discarded 1 byte(s)
[23:08:41.746] BAD_PACKET[COM9] unknown packet ID 0x79; discarded 1 byte(s)
[23:08:41.746] BAD_PACKET[COM9] unknown packet ID 0x74; discarded 1 byte(s)
[23:08:41.747] BAD_PACKET[COM9] unknown packet ID 0x65; discarded 1 byte(s)
[23:08:41.750] BAD_PACKET[COM9] unknown packet ID 0x73; discarded 1 byte(s)
[23:08:41.751] BAD_PACKET[COM9] unknown packet ID 0x29; discarded 1 byte(s)
[23:08:41.751] BAD_PACKET[COM9] unknown packet ID 0x0d; discarded 1 byte(s)
[23:08:41.752] BAD_PACKET[COM9] unknown packet ID 0x0a; discarded 1 byte(s)
[23:08:41.753] RX[COM9]  49
[23:08:41.754] BAD_PACKET[COM9] unknown packet ID 0x49; discarded 1 byte(s)
[23:08:41.754] RX[COM9]  20 28 33 30 33 35 31 29 20 61 70 65 72 74 75 72 65 3a 20 48 65 61 72 74 62 65 61 74 20 73 65 6e 74 0d 0a
[23:08:41.757] BAD_PACKET[COM9] unknown packet ID 0x20; discarded 1 byte(s)
[23:08:41.758] BAD_PACKET[COM9] unknown packet ID 0x28; discarded 1 byte(s)
[23:08:41.758] BAD_PACKET[COM9] unknown packet ID 0x33; discarded 1 byte(s)
[23:08:41.759] BAD_PACKET[COM9] unknown packet ID 0x30; discarded 1 byte(s)
[23:08:41.760] BAD_PACKET[COM9] unknown packet ID 0x33; discarded 1 byte(s)
[23:08:41.760] BAD_PACKET[COM9] unknown packet ID 0x35; discarded 1 byte(s)
[23:08:41.760] BAD_PACKET[COM9] unknown packet ID 0x31; discarded 1 byte(s)
[23:08:41.761] BAD_PACKET[COM9] unknown packet ID 0x29; discarded 1 byte(s)
[23:08:41.762] BAD_PACKET[COM9] unknown packet ID 0x20; discarded 1 byte(s)
[23:08:41.762] BAD_PACKET[COM9] unknown packet ID 0x61; discarded 1 byte(s)
[23:08:41.762] BAD_PACKET[COM9] unknown packet ID 0x70; discarded 1 byte(s)
[23:08:41.763] BAD_PACKET[COM9] unknown packet ID 0x65; discarded 1 byte(s)
[23:08:41.763] BAD_PACKET[COM9] unknown packet ID 0x72; discarded 1 byte(s)
[23:08:41.764] BAD_PACKET[COM9] unknown packet ID 0x74; discarded 1 byte(s)
[23:08:41.764] BAD_PACKET[COM9] unknown packet ID 0x75; discarded 1 byte(s)
[23:08:41.764] BAD_PACKET[COM9] unknown packet ID 0x72; discarded 1 byte(s)
[23:08:41.765] BAD_PACKET[COM9] unknown packet ID 0x65; discarded 1 byte(s)
[23:08:41.766] BAD_PACKET[COM9] unknown packet ID 0x3a; discarded 1 byte(s)
[23:08:41.766] BAD_PACKET[COM9] unknown packet ID 0x20; discarded 1 byte(s)
[23:08:41.767] BAD_PACKET[COM9] unknown packet ID 0x48; discarded 1 byte(s)
[23:08:41.768] BAD_PACKET[COM9] unknown packet ID 0x65; discarded 1 byte(s)
[23:08:41.768] BAD_PACKET[COM9] unknown packet ID 0x61; discarded 1 byte(s)
[23:08:41.769] BAD_PACKET[COM9] unknown packet ID 0x72; discarded 1 byte(s)
[23:08:41.769] BAD_PACKET[COM9] unknown packet ID 0x74; discarded 1 byte(s)
[23:08:41.771] BAD_PACKET[COM9] unknown packet ID 0x62; discarded 1 byte(s)
[23:08:41.772] BAD_PACKET[COM9] unknown packet ID 0x65; discarded 1 byte(s)
[23:08:41.772] BAD_PACKET[COM9] unknown packet ID 0x61; discarded 1 byte(s)
[23:08:41.772] BAD_PACKET[COM9] unknown packet ID 0x74; discarded 1 byte(s)
[23:08:41.773] BAD_PACKET[COM9] unknown packet ID 0x20; discarded 1 byte(s)
[23:08:41.773] BAD_PACKET[COM9] unknown packet ID 0x73; discarded 1 byte(s)
[23:08:41.774] BAD_PACKET[COM9] unknown packet ID 0x65; discarded 1 byte(s)
[23:08:41.774] BAD_PACKET[COM9] unknown packet ID 0x6e; discarded 1 byte(s)
[23:08:41.775] BAD_PACKET[COM9] unknown packet ID 0x74; discarded 1 byte(s)
[23:08:41.776] BAD_PACKET[COM9] unknown packet ID 0x0d; discarded 1 byte(s)
[23:08:41.776] BAD_PACKET[COM9] unknown packet ID 0x0a; discarded 1 byte(s)
[23:08:42.333] RX[COM9]  45
[23:08:42.335] BAD_PACKET[COM9] unknown packet ID 0x45; discarded 1 byte(s)
[23:08:42.335] RX[COM9]  20 28 33 30 39 32 31 29 20 73 70 69 5f 6d 61 73 74 65 72 3a 20 63 68 65 63 6b 5f 74 72 61 6e 73 5f 76 61 6c 69 64 28 31 31 31 30 29 3a 20 74 78 64 61 74 61 20 74 72 61 6e 73 66 65 72 20 3e 20 68 6f 73 74 20 6d 61 78 69 6d 75 6d 0d 0a
[23:08:42.336] BAD_PACKET[COM9] unknown packet ID 0x20; discarded 1 byte(s)
[23:08:42.336] BAD_PACKET[COM9] unknown packet ID 0x28; discarded 1 byte(s)
[23:08:42.337] BAD_PACKET[COM9] unknown packet ID 0x33; discarded 1 byte(s)
[23:08:42.337] BAD_PACKET[COM9] unknown packet ID 0x30; discarded 1 byte(s)
[23:08:42.338] BAD_PACKET[COM9] unknown packet ID 0x39; discarded 1 byte(s)
[23:08:42.338] BAD_PACKET[COM9] unknown packet ID 0x32; discarded 1 byte(s)
[23:08:42.339] BAD_PACKET[COM9] unknown packet ID 0x31; discarded 1 byte(s)
[23:08:42.340] BAD_PACKET[COM9] unknown packet ID 0x29; discarded 1 byte(s)
[23:08:42.340] BAD_PACKET[COM9] unknown packet ID 0x20; discarded 1 byte(s)
[23:08:42.341] BAD_PACKET[COM9] unknown packet ID 0x73; discarded 1 byte(s)
[23:08:42.341] BAD_PACKET[COM9] unknown packet ID 0x70; discarded 1 byte(s)
[23:08:42.342] BAD_PACKET[COM9] unknown packet ID 0x69; discarded 1 byte(s)
[23:08:42.343] BAD_PACKET[COM9] unknown packet ID 0x5f; discarded 1 byte(s)
[23:08:42.343] BAD_PACKET[COM9] unknown packet ID 0x6d; discarded 1 byte(s)
[23:08:42.344] BAD_PACKET[COM9] unknown packet ID 0x61; discarded 1 byte(s)
[23:08:42.345] BAD_PACKET[COM9] unknown packet ID 0x73; discarded 1 byte(s)
[23:08:42.345] BAD_PACKET[COM9] unknown packet ID 0x74; discarded 1 byte(s)
[23:08:42.346] BAD_PACKET[COM9] unknown packet ID 0x65; discarded 1 byte(s)
[23:08:42.347] BAD_PACKET[COM9] unknown packet ID 0x72; discarded 1 byte(s)
[23:08:42.347] BAD_PACKET[COM9] unknown packet ID 0x3a; discarded 1 byte(s)
[23:08:42.348] BAD_PACKET[COM9] unknown packet ID 0x20; discarded 1 byte(s)
[23:08:42.349] BAD_PACKET[COM9] unknown packet ID 0x63; discarded 1 byte(s)
[23:08:42.349] BAD_PACKET[COM9] unknown packet ID 0x68; discarded 1 byte(s)
[23:08:42.350] BAD_PACKET[COM9] unknown packet ID 0x65; discarded 1 byte(s)
[23:08:42.350] BAD_PACKET[COM9] unknown packet ID 0x63; discarded 1 byte(s)
[23:08:42.350] BAD_PACKET[COM9] unknown packet ID 0x6b; discarded 1 byte(s)
[23:08:42.351] BAD_PACKET[COM9] unknown packet ID 0x5f; discarded 1 byte(s)
[23:08:42.351] BAD_PACKET[COM9] unknown packet ID 0x74; discarded 1 byte(s)
[23:08:42.352] BAD_PACKET[COM9] unknown packet ID 0x72; discarded 1 byte(s)
[23:08:42.352] BAD_PACKET[COM9] unknown packet ID 0x61; discarded 1 byte(s)
[23:08:42.353] BAD_PACKET[COM9] unknown packet ID 0x6e; discarded 1 byte(s)
[23:08:42.353] BAD_PACKET[COM9] unknown packet ID 0x73; discarded 1 byte(s)
[23:08:42.354] BAD_PACKET[COM9] unknown packet ID 0x5f; discarded 1 byte(s)
[23:08:42.355] BAD_PACKET[COM9] unknown packet ID 0x76; discarded 1 byte(s)
[23:08:42.355] BAD_PACKET[COM9] unknown packet ID 0x61; discarded 1 byte(s)
[23:08:42.355] BAD_PACKET[COM9] unknown packet ID 0x6c; discarded 1 byte(s)
[23:08:42.356] BAD_PACKET[COM9] unknown packet ID 0x69; discarded 1 byte(s)
[23:08:42.357] BAD_PACKET[COM9] unknown packet ID 0x64; discarded 1 byte(s)
[23:08:42.357] BAD_PACKET[COM9] unknown packet ID 0x28; discarded 1 byte(s)
[23:08:42.358] BAD_PACKET[COM9] unknown packet ID 0x31; discarded 1 byte(s)
[23:08:42.358] BAD_PACKET[COM9] unknown packet ID 0x31; discarded 1 byte(s)
[23:08:42.359] BAD_PACKET[COM9] unknown packet ID 0x31; discarded 1 byte(s)
[23:08:42.359] BAD_PACKET[COM9] unknown packet ID 0x30; discarded 1 byte(s)
[23:08:42.360] BAD_PACKET[COM9] unknown packet ID 0x29; discarded 1 byte(s)
[23:08:42.360] BAD_PACKET[COM9] unknown packet ID 0x3a; discarded 1 byte(s)
[23:08:42.361] BAD_PACKET[COM9] unknown packet ID 0x20; discarded 1 byte(s)
[23:08:42.361] BAD_PACKET[COM9] unknown packet ID 0x74; discarded 1 byte(s)
[23:08:42.361] BAD_PACKET[COM9] unknown packet ID 0x78; discarded 1 byte(s)
[23:08:42.362] BAD_PACKET[COM9] unknown packet ID 0x64; discarded 1 byte(s)
[23:08:42.362] BAD_PACKET[COM9] unknown packet ID 0x61; discarded 1 byte(s)
[23:08:42.363] BAD_PACKET[COM9] unknown packet ID 0x74; discarded 1 byte(s)
[23:08:42.363] BAD_PACKET[COM9] unknown packet ID 0x61; discarded 1 byte(s)
[23:08:42.363] BAD_PACKET[COM9] unknown packet ID 0x20; discarded 1 byte(s)
[23:08:42.364] BAD_PACKET[COM9] unknown packet ID 0x74; discarded 1 byte(s)
[23:08:42.364] BAD_PACKET[COM9] unknown packet ID 0x72; discarded 1 byte(s)
[23:08:42.365] BAD_PACKET[COM9] unknown packet ID 0x61; discarded 1 byte(s)
[23:08:42.365] BAD_PACKET[COM9] unknown packet ID 0x6e; discarded 1 byte(s)
[23:08:42.366] BAD_PACKET[COM9] unknown packet ID 0x73; discarded 1 byte(s)
[23:08:42.366] BAD_PACKET[COM9] unknown packet ID 0x66; discarded 1 byte(s)
[23:08:42.367] BAD_PACKET[COM9] unknown packet ID 0x65; discarded 1 byte(s)
[23:08:42.368] BAD_PACKET[COM9] unknown packet ID 0x72; discarded 1 byte(s)
[23:08:42.369] BAD_PACKET[COM9] unknown packet ID 0x20; discarded 1 byte(s)
[23:08:42.370] BAD_PACKET[COM9] unknown packet ID 0x3e; discarded 1 byte(s)
[23:08:42.370] BAD_PACKET[COM9] unknown packet ID 0x20; discarded 1 byte(s)
[23:08:42.371] BAD_PACKET[COM9] unknown packet ID 0x68; discarded 1 byte(s)
[23:08:42.371] BAD_PACKET[COM9] unknown packet ID 0x6f; discarded 1 byte(s)
[23:08:42.371] BAD_PACKET[COM9] unknown packet ID 0x73; discarded 1 byte(s)
[23:08:42.372] BAD_PACKET[COM9] unknown packet ID 0x74; discarded 1 byte(s)
[23:08:42.374] BAD_PACKET[COM9] unknown packet ID 0x20; discarded 1 byte(s)
[23:08:42.374] BAD_PACKET[COM9] unknown packet ID 0x6d; discarded 1 byte(s)
[23:08:42.375] BAD_PACKET[COM9] unknown packet ID 0x61; discarded 1 byte(s)
[23:08:42.376] BAD_PACKET[COM9] unknown packet ID 0x78; discarded 1 byte(s)
[23:08:42.377] BAD_PACKET[COM9] unknown packet ID 0x69; discarded 1 byte(s)
[23:08:42.377] BAD_PACKET[COM9] unknown packet ID 0x6d; discarded 1 byte(s)
[23:08:42.378] BAD_PACKET[COM9] unknown packet ID 0x75; discarded 1 byte(s)
[23:08:42.378] BAD_PACKET[COM9] unknown packet ID 0x6d; discarded 1 byte(s)
[23:08:42.379] BAD_PACKET[COM9] unknown packet ID 0x0d; discarded 1 byte(s)
[23:08:42.379] BAD_PACKET[COM9] unknown packet ID 0x0a; discarded 1 byte(s)
[23:08:42.732] RX[COM9]  49
[23:08:42.734] BAD_PACKET[COM9] unknown packet ID 0x49; discarded 1 byte(s)
[23:08:42.734] RX[COM9]  20 28 33 31 33 31 31 29 20 61 70 65 72 74 75 72 65 3a 20 53 65 6e 64 69 6e 67 20 68 65 61 72 74 62 65 61 74 20 28 38 20 62 79 74 65 73 29 0d 0a
[23:08:42.735] BAD_PACKET[COM9] unknown packet ID 0x20; discarded 1 byte(s)
[23:08:42.735] BAD_PACKET[COM9] unknown packet ID 0x28; discarded 1 byte(s)
[23:08:42.736] BAD_PACKET[COM9] unknown packet ID 0x33; discarded 1 byte(s)
[23:08:42.738] BAD_PACKET[COM9] unknown packet ID 0x31; discarded 1 byte(s)
[23:08:42.739] BAD_PACKET[COM9] unknown packet ID 0x33; discarded 1 byte(s)
[23:08:42.740] BAD_PACKET[COM9] unknown packet ID 0x31; discarded 1 byte(s)
[23:08:42.740] BAD_PACKET[COM9] unknown packet ID 0x31; discarded 1 byte(s)
[23:08:42.741] BAD_PACKET[COM9] unknown packet ID 0x29; discarded 1 byte(s)
[23:08:42.742] BAD_PACKET[COM9] unknown packet ID 0x20; discarded 1 byte(s)
[23:08:42.743] BAD_PACKET[COM9] unknown packet ID 0x61; discarded 1 byte(s)
[23:08:42.745] BAD_PACKET[COM9] unknown packet ID 0x70; discarded 1 byte(s)
[23:08:42.746] BAD_PACKET[COM9] unknown packet ID 0x65; discarded 1 byte(s)
[23:08:42.747] BAD_PACKET[COM9] unknown packet ID 0x72; discarded 1 byte(s)
[23:08:42.748] BAD_PACKET[COM9] unknown packet ID 0x74; discarded 1 byte(s)
[23:08:42.749] BAD_PACKET[COM9] unknown packet ID 0x75; discarded 1 byte(s)
[23:08:42.750] BAD_PACKET[COM9] unknown packet ID 0x72; discarded 1 byte(s)
[23:08:42.752] BAD_PACKET[COM9] unknown packet ID 0x65; discarded 1 byte(s)
[23:08:42.754] BAD_PACKET[COM9] unknown packet ID 0x3a; discarded 1 byte(s)
[23:08:42.755] BAD_PACKET[COM9] unknown packet ID 0x20; discarded 1 byte(s)
[23:08:42.755] BAD_PACKET[COM9] unknown packet ID 0x53; discarded 1 byte(s)
[23:08:42.756] BAD_PACKET[COM9] unknown packet ID 0x65; discarded 1 byte(s)
[23:08:42.756] BAD_PACKET[COM9] unknown packet ID 0x6e; discarded 1 byte(s)
[23:08:42.758] BAD_PACKET[COM9] unknown packet ID 0x64; discarded 1 byte(s)
[23:08:42.758] BAD_PACKET[COM9] unknown packet ID 0x69; discarded 1 byte(s)
[23:08:42.758] BAD_PACKET[COM9] unknown packet ID 0x6e; discarded 1 byte(s)
[23:08:42.759] BAD_PACKET[COM9] unknown packet ID 0x67; discarded 1 byte(s)
[23:08:42.760] BAD_PACKET[COM9] unknown packet ID 0x20; discarded 1 byte(s)
[23:08:42.760] BAD_PACKET[COM9] unknown packet ID 0x68; discarded 1 byte(s)
[23:08:42.761] BAD_PACKET[COM9] unknown packet ID 0x65; discarded 1 byte(s)
[23:08:42.762] BAD_PACKET[COM9] unknown packet ID 0x61; discarded 1 byte(s)
[23:08:42.762] BAD_PACKET[COM9] unknown packet ID 0x72; discarded 1 byte(s)
[23:08:42.763] BAD_PACKET[COM9] unknown packet ID 0x74; discarded 1 byte(s)
[23:08:42.763] BAD_PACKET[COM9] unknown packet ID 0x62; discarded 1 byte(s)
[23:08:42.763] BAD_PACKET[COM9] unknown packet ID 0x65; discarded 1 byte(s)
[23:08:42.764] BAD_PACKET[COM9] unknown packet ID 0x61; discarded 1 byte(s)
[23:08:42.764] BAD_PACKET[COM9] unknown packet ID 0x74; discarded 1 byte(s)
[23:08:42.764] BAD_PACKET[COM9] unknown packet ID 0x20; discarded 1 byte(s)
[23:08:42.765] BAD_PACKET[COM9] unknown packet ID 0x28; discarded 1 byte(s)
[23:08:42.766] BAD_PACKET[COM9] unknown packet ID 0x38; discarded 1 byte(s)
[23:08:42.766] BAD_PACKET[COM9] unknown packet ID 0x20; discarded 1 byte(s)
[23:08:42.767] BAD_PACKET[COM9] unknown packet ID 0x62; discarded 1 byte(s)
[23:08:42.768] BAD_PACKET[COM9] unknown packet ID 0x79; discarded 1 byte(s)
[23:08:42.769] BAD_PACKET[COM9] unknown packet ID 0x74; discarded 1 byte(s)
[23:08:42.769] BAD_PACKET[COM9] unknown packet ID 0x65; discarded 1 byte(s)
[23:08:42.770] BAD_PACKET[COM9] unknown packet ID 0x73; discarded 1 byte(s)
[23:08:42.770] BAD_PACKET[COM9] unknown packet ID 0x29; discarded 1 byte(s)
[23:08:42.770] BAD_PACKET[COM9] unknown packet ID 0x0d; discarded 1 byte(s)
[23:08:42.771] BAD_PACKET[COM9] unknown packet ID 0x0a; discarded 1 byte(s)
[23:08:42.771] RX[COM9]  49
[23:08:42.772] BAD_PACKET[COM9] unknown packet ID 0x49; discarded 1 byte(s)
[23:08:42.772] RX[COM9]  20 28 33 31 33 35 31 29 20 61 70 65 72 74 75 72 65 3a 20 48 65 61 72 74 62 65 61 74 20 73 65 6e 74 0d 0a
[23:08:42.773] BAD_PACKET[COM9] unknown packet ID 0x20; discarded 1 byte(s)
[23:08:42.774] BAD_PACKET[COM9] unknown packet ID 0x28; discarded 1 byte(s)
[23:08:42.776] BAD_PACKET[COM9] unknown packet ID 0x33; discarded 1 byte(s)
[23:08:42.776] BAD_PACKET[COM9] unknown packet ID 0x31; discarded 1 byte(s)
[23:08:42.777] BAD_PACKET[COM9] unknown packet ID 0x33; discarded 1 byte(s)
[23:08:42.777] BAD_PACKET[COM9] unknown packet ID 0x35; discarded 1 byte(s)
[23:08:42.778] BAD_PACKET[COM9] unknown packet ID 0x31; discarded 1 byte(s)
[23:08:42.779] BAD_PACKET[COM9] unknown packet ID 0x29; discarded 1 byte(s)
[23:08:42.779] BAD_PACKET[COM9] unknown packet ID 0x20; discarded 1 byte(s)
[23:08:42.780] BAD_PACKET[COM9] unknown packet ID 0x61; discarded 1 byte(s)
[23:08:42.780] BAD_PACKET[COM9] unknown packet ID 0x70; discarded 1 byte(s)
[23:08:42.780] BAD_PACKET[COM9] unknown packet ID 0x65; discarded 1 byte(s)
[23:08:42.781] BAD_PACKET[COM9] unknown packet ID 0x72; discarded 1 byte(s)
[23:08:42.781] BAD_PACKET[COM9] unknown packet ID 0x74; discarded 1 byte(s)
[23:08:42.782] BAD_PACKET[COM9] unknown packet ID 0x75; discarded 1 byte(s)
[23:08:42.782] BAD_PACKET[COM9] unknown packet ID 0x72; discarded 1 byte(s)
[23:08:42.783] BAD_PACKET[COM9] unknown packet ID 0x65; discarded 1 byte(s)
[23:08:42.783] BAD_PACKET[COM9] unknown packet ID 0x3a; discarded 1 byte(s)
[23:08:42.783] BAD_PACKET[COM9] unknown packet ID 0x20; discarded 1 byte(s)
[23:08:42.784] BAD_PACKET[COM9] unknown packet ID 0x48; discarded 1 byte(s)
[23:08:42.784] BAD_PACKET[COM9] unknown packet ID 0x65; discarded 1 byte(s)
[23:08:42.785] BAD_PACKET[COM9] unknown packet ID 0x61; discarded 1 byte(s)
[23:08:42.785] BAD_PACKET[COM9] unknown packet ID 0x72; discarded 1 byte(s)
[23:08:42.786] BAD_PACKET[COM9] unknown packet ID 0x74; discarded 1 byte(s)
[23:08:42.786] BAD_PACKET[COM9] unknown packet ID 0x62; discarded 1 byte(s)
[23:08:42.787] BAD_PACKET[COM9] unknown packet ID 0x65; discarded 1 byte(s)
[23:08:42.787] BAD_PACKET[COM9] unknown packet ID 0x61; discarded 1 byte(s)
[23:08:42.788] BAD_PACKET[COM9] unknown packet ID 0x74; discarded 1 byte(s)
[23:08:42.788] BAD_PACKET[COM9] unknown packet ID 0x20; discarded 1 byte(s)
[23:08:42.788] BAD_PACKET[COM9] unknown packet ID 0x73; discarded 1 byte(s)
[23:08:42.789] BAD_PACKET[COM9] unknown packet ID 0x65; discarded 1 byte(s)
[23:08:42.790] BAD_PACKET[COM9] unknown packet ID 0x6e; discarded 1 byte(s)
[23:08:42.791] BAD_PACKET[COM9] unknown packet ID 0x74; discarded 1 byte(s)
[23:08:42.791] BAD_PACKET[COM9] unknown packet ID 0x0d; discarded 1 byte(s)
[23:08:42.792] BAD_PACKET[COM9] unknown packet ID 0x0a; discarded 1 byte(s)
[23:08:43.347] RX[COM9]  45
[23:08:43.348] BAD_PACKET[COM9] unknown packet ID 0x45; discarded 1 byte(s)
[23:08:43.349] RX[COM9]  20 28 33 31 39 32 31 29 20 73 70 69 5f 6d 61 73 74 65 72 3a 20 63 68 65 63 6b 5f 74 72 61 6e 73 5f 76 61 6c 69 64 28 31 31 31 30 29 3a 20 74 78 64 61 74 61 20 74 72 61 6e 73 66 65 72 20 3e 20 68 6f 73 74 20 6d 61 78 69 6d 75 6d 0d 0a
[23:08:43.349] BAD_PACKET[COM9] unknown packet ID 0x20; discarded 1 byte(s)
[23:08:43.350] BAD_PACKET[COM9] unknown packet ID 0x28; discarded 1 byte(s)
[23:08:43.350] BAD_PACKET[COM9] unknown packet ID 0x33; discarded 1 byte(s)
[23:08:43.352] BAD_PACKET[COM9] unknown packet ID 0x31; discarded 1 byte(s)
[23:08:43.352] BAD_PACKET[COM9] unknown packet ID 0x39; discarded 1 byte(s)
[23:08:43.353] BAD_PACKET[COM9] unknown packet ID 0x32; discarded 1 byte(s)
[23:08:43.355] BAD_PACKET[COM9] unknown packet ID 0x31; discarded 1 byte(s)
[23:08:43.356] BAD_PACKET[COM9] unknown packet ID 0x29; discarded 1 byte(s)
[23:08:43.357] BAD_PACKET[COM9] unknown packet ID 0x20; discarded 1 byte(s)
[23:08:43.357] BAD_PACKET[COM9] unknown packet ID 0x73; discarded 1 byte(s)
[23:08:43.358] BAD_PACKET[COM9] unknown packet ID 0x70; discarded 1 byte(s)
[23:08:43.359] BAD_PACKET[COM9] unknown packet ID 0x69; discarded 1 byte(s)
[23:08:43.360] BAD_PACKET[COM9] unknown packet ID 0x5f; discarded 1 byte(s)
[23:08:43.361] BAD_PACKET[COM9] unknown packet ID 0x6d; discarded 1 byte(s)
[23:08:43.362] BAD_PACKET[COM9] unknown packet ID 0x61; discarded 1 byte(s)
[23:08:43.363] BAD_PACKET[COM9] unknown packet ID 0x73; discarded 1 byte(s)
[23:08:43.364] BAD_PACKET[COM9] unknown packet ID 0x74; discarded 1 byte(s)
[23:08:43.364] BAD_PACKET[COM9] unknown packet ID 0x65; discarded 1 byte(s)
[23:08:43.365] BAD_PACKET[COM9] unknown packet ID 0x72; discarded 1 byte(s)
[23:08:43.365] BAD_PACKET[COM9] unknown packet ID 0x3a; discarded 1 byte(s)
[23:08:43.366] BAD_PACKET[COM9] unknown packet ID 0x20; discarded 1 byte(s)
[23:08:43.366] BAD_PACKET[COM9] unknown packet ID 0x63; discarded 1 byte(s)
[23:08:43.367] BAD_PACKET[COM9] unknown packet ID 0x68; discarded 1 byte(s)
[23:08:43.368] BAD_PACKET[COM9] unknown packet ID 0x65; discarded 1 byte(s)
[23:08:43.369] BAD_PACKET[COM9] unknown packet ID 0x63; discarded 1 byte(s)
[23:08:43.369] BAD_PACKET[COM9] unknown packet ID 0x6b; discarded 1 byte(s)
[23:08:43.370] BAD_PACKET[COM9] unknown packet ID 0x5f; discarded 1 byte(s)
[23:08:43.370] BAD_PACKET[COM9] unknown packet ID 0x74; discarded 1 byte(s)
[23:08:43.370] BAD_PACKET[COM9] unknown packet ID 0x72; discarded 1 byte(s)
[23:08:43.371] BAD_PACKET[COM9] unknown packet ID 0x61; discarded 1 byte(s)
[23:08:43.371] BAD_PACKET[COM9] unknown packet ID 0x6e; discarded 1 byte(s)
[23:08:43.372] BAD_PACKET[COM9] unknown packet ID 0x73; discarded 1 byte(s)
[23:08:43.374] BAD_PACKET[COM9] unknown packet ID 0x5f; discarded 1 byte(s)
[23:08:43.375] BAD_PACKET[COM9] unknown packet ID 0x76; discarded 1 byte(s)
[23:08:43.375] BAD_PACKET[COM9] unknown packet ID 0x61; discarded 1 byte(s)
[23:08:43.376] BAD_PACKET[COM9] unknown packet ID 0x6c; discarded 1 byte(s)
[23:08:43.376] BAD_PACKET[COM9] unknown packet ID 0x69; discarded 1 byte(s)
[23:08:43.377] BAD_PACKET[COM9] unknown packet ID 0x64; discarded 1 byte(s)
[23:08:43.377] BAD_PACKET[COM9] unknown packet ID 0x28; discarded 1 byte(s)
[23:08:43.378] BAD_PACKET[COM9] unknown packet ID 0x31; discarded 1 byte(s)
[23:08:43.378] BAD_PACKET[COM9] unknown packet ID 0x31; discarded 1 byte(s)
[23:08:43.378] BAD_PACKET[COM9] unknown packet ID 0x31; discarded 1 byte(s)
[23:08:43.379] BAD_PACKET[COM9] unknown packet ID 0x30; discarded 1 byte(s)
[23:08:43.379] BAD_PACKET[COM9] unknown packet ID 0x29; discarded 1 byte(s)
[23:08:43.379] BAD_PACKET[COM9] unknown packet ID 0x3a; discarded 1 byte(s)
[23:08:43.380] BAD_PACKET[COM9] unknown packet ID 0x20; discarded 1 byte(s)
[23:08:43.380] BAD_PACKET[COM9] unknown packet ID 0x74; discarded 1 byte(s)
[23:08:43.380] BAD_PACKET[COM9] unknown packet ID 0x78; discarded 1 byte(s)
[23:08:43.381] BAD_PACKET[COM9] unknown packet ID 0x64; discarded 1 byte(s)
[23:08:43.382] BAD_PACKET[COM9] unknown packet ID 0x61; discarded 1 byte(s)
[23:08:43.382] BAD_PACKET[COM9] unknown packet ID 0x74; discarded 1 byte(s)
[23:08:43.383] BAD_PACKET[COM9] unknown packet ID 0x61; discarded 1 byte(s)
[23:08:43.383] BAD_PACKET[COM9] unknown packet ID 0x20; discarded 1 byte(s)
[23:08:43.383] BAD_PACKET[COM9] unknown packet ID 0x74; discarded 1 byte(s)
[23:08:43.384] BAD_PACKET[COM9] unknown packet ID 0x72; discarded 1 byte(s)
[23:08:43.385] BAD_PACKET[COM9] unknown packet ID 0x61; discarded 1 byte(s)
[23:08:43.385] BAD_PACKET[COM9] unknown packet ID 0x6e; discarded 1 byte(s)
[23:08:43.386] BAD_PACKET[COM9] unknown packet ID 0x73; discarded 1 byte(s)
[23:08:43.386] BAD_PACKET[COM9] unknown packet ID 0x66; discarded 1 byte(s)
[23:08:43.387] BAD_PACKET[COM9] unknown packet ID 0x65; discarded 1 byte(s)
[23:08:43.387] BAD_PACKET[COM9] unknown packet ID 0x72; discarded 1 byte(s)
[23:08:43.388] BAD_PACKET[COM9] unknown packet ID 0x20; discarded 1 byte(s)
[23:08:43.388] BAD_PACKET[COM9] unknown packet ID 0x3e; discarded 1 byte(s)
[23:08:43.389] BAD_PACKET[COM9] unknown packet ID 0x20; discarded 1 byte(s)
[23:08:43.389] BAD_PACKET[COM9] unknown packet ID 0x68; discarded 1 byte(s)
[23:08:43.390] BAD_PACKET[COM9] unknown packet ID 0x6f; discarded 1 byte(s)
[23:08:43.391] BAD_PACKET[COM9] unknown packet ID 0x73; discarded 1 byte(s)
[23:08:43.391] BAD_PACKET[COM9] unknown packet ID 0x74; discarded 1 byte(s)
[23:08:43.392] BAD_PACKET[COM9] unknown packet ID 0x20; discarded 1 byte(s)
[23:08:43.392] BAD_PACKET[COM9] unknown packet ID 0x6d; discarded 1 byte(s)
[23:08:43.393] BAD_PACKET[COM9] unknown packet ID 0x61; discarded 1 byte(s)
[23:08:43.394] BAD_PACKET[COM9] unknown packet ID 0x78; discarded 1 byte(s)
[23:08:43.394] BAD_PACKET[COM9] unknown packet ID 0x69; discarded 1 byte(s)
[23:08:43.395] BAD_PACKET[COM9] unknown packet ID 0x6d; discarded 1 byte(s)
[23:08:43.396] BAD_PACKET[COM9] unknown packet ID 0x75; discarded 1 byte(s)
[23:08:43.396] BAD_PACKET[COM9] unknown packet ID 0x6d; discarded 1 byte(s)
[23:08:43.397] BAD_PACKET[COM9] unknown packet ID 0x0d; discarded 1 byte(s)
[23:08:43.397] BAD_PACKET[COM9] unknown packet ID 0x0a; discarded 1 byte(s)
[23:08:43.704] RX[COM9]  49
[23:08:43.705] BAD_PACKET[COM9] unknown packet ID 0x49; discarded 1 byte(s)
[23:08:43.706] RX[COM9]  20 28 33 32 33 31 31 29 20 61 70 65 72 74 75 72 65 3a 20 53 65 6e 64 69 6e 67 20 68 65 61 72 74 62 65 61 74 20 28 38 20 62 79 74 65 73 29 0d 0a
[23:08:43.706] BAD_PACKET[COM9] unknown packet ID 0x20; discarded 1 byte(s)
[23:08:43.707] BAD_PACKET[COM9] unknown packet ID 0x28; discarded 1 byte(s)
[23:08:43.708] BAD_PACKET[COM9] unknown packet ID 0x33; discarded 1 byte(s)
[23:08:43.708] BAD_PACKET[COM9] unknown packet ID 0x32; discarded 1 byte(s)
[23:08:43.709] BAD_PACKET[COM9] unknown packet ID 0x33; discarded 1 byte(s)
[23:08:43.710] BAD_PACKET[COM9] unknown packet ID 0x31; discarded 1 byte(s)
[23:08:43.710] BAD_PACKET[COM9] unknown packet ID 0x31; discarded 1 byte(s)
[23:08:43.711] BAD_PACKET[COM9] unknown packet ID 0x29; discarded 1 byte(s)
[23:08:43.711] BAD_PACKET[COM9] unknown packet ID 0x20; discarded 1 byte(s)
[23:08:43.712] BAD_PACKET[COM9] unknown packet ID 0x61; discarded 1 byte(s)
[23:08:43.712] BAD_PACKET[COM9] unknown packet ID 0x70; discarded 1 byte(s)
[23:08:43.713] BAD_PACKET[COM9] unknown packet ID 0x65; discarded 1 byte(s)
[23:08:43.713] BAD_PACKET[COM9] unknown packet ID 0x72; discarded 1 byte(s)
[23:08:43.714] BAD_PACKET[COM9] unknown packet ID 0x74; discarded 1 byte(s)
[23:08:43.715] BAD_PACKET[COM9] unknown packet ID 0x75; discarded 1 byte(s)
[23:08:43.717] BAD_PACKET[COM9] unknown packet ID 0x72; discarded 1 byte(s)
[23:08:43.719] BAD_PACKET[COM9] unknown packet ID 0x65; discarded 1 byte(s)
[23:08:43.720] BAD_PACKET[COM9] unknown packet ID 0x3a; discarded 1 byte(s)
[23:08:43.722] BAD_PACKET[COM9] unknown packet ID 0x20; discarded 1 byte(s)
[23:08:43.724] BAD_PACKET[COM9] unknown packet ID 0x53; discarded 1 byte(s)
[23:08:43.724] BAD_PACKET[COM9] unknown packet ID 0x65; discarded 1 byte(s)
[23:08:43.725] BAD_PACKET[COM9] unknown packet ID 0x6e; discarded 1 byte(s)
[23:08:43.725] BAD_PACKET[COM9] unknown packet ID 0x64; discarded 1 byte(s)
[23:08:43.726] BAD_PACKET[COM9] unknown packet ID 0x69; discarded 1 byte(s)
[23:08:43.727] BAD_PACKET[COM9] unknown packet ID 0x6e; discarded 1 byte(s)
[23:08:43.727] BAD_PACKET[COM9] unknown packet ID 0x67; discarded 1 byte(s)
[23:08:43.730] BAD_PACKET[COM9] unknown packet ID 0x20; discarded 1 byte(s)
[23:08:43.731] BAD_PACKET[COM9] unknown packet ID 0x68; discarded 1 byte(s)
[23:08:43.731] BAD_PACKET[COM9] unknown packet ID 0x65; discarded 1 byte(s)
[23:08:43.732] BAD_PACKET[COM9] unknown packet ID 0x61; discarded 1 byte(s)
[23:08:43.733] BAD_PACKET[COM9] unknown packet ID 0x72; discarded 1 byte(s)
[23:08:43.733] BAD_PACKET[COM9] unknown packet ID 0x74; discarded 1 byte(s)
[23:08:43.733] BAD_PACKET[COM9] unknown packet ID 0x62; discarded 1 byte(s)
[23:08:43.734] BAD_PACKET[COM9] unknown packet ID 0x65; discarded 1 byte(s)
[23:08:43.735] BAD_PACKET[COM9] unknown packet ID 0x61; discarded 1 byte(s)
[23:08:43.737] BAD_PACKET[COM9] unknown packet ID 0x74; discarded 1 byte(s)
[23:08:43.737] BAD_PACKET[COM9] unknown packet ID 0x20; discarded 1 byte(s)
[23:08:43.738] BAD_PACKET[COM9] unknown packet ID 0x28; discarded 1 byte(s)
[23:08:43.738] BAD_PACKET[COM9] unknown packet ID 0x38; discarded 1 byte(s)
[23:08:43.739] BAD_PACKET[COM9] unknown packet ID 0x20; discarded 1 byte(s)
[23:08:43.739] BAD_PACKET[COM9] unknown packet ID 0x62; discarded 1 byte(s)
[23:08:43.739] BAD_PACKET[COM9] unknown packet ID 0x79; discarded 1 byte(s)
[23:08:43.741] BAD_PACKET[COM9] unknown packet ID 0x74; discarded 1 byte(s)
[23:08:43.741] BAD_PACKET[COM9] unknown packet ID 0x65; discarded 1 byte(s)
[23:08:43.741] BAD_PACKET[COM9] unknown packet ID 0x73; discarded 1 byte(s)
[23:08:43.742] BAD_PACKET[COM9] unknown packet ID 0x29; discarded 1 byte(s)
[23:08:43.743] BAD_PACKET[COM9] unknown packet ID 0x0d; discarded 1 byte(s)
[23:08:43.743] BAD_PACKET[COM9] unknown packet ID 0x0a; discarded 1 byte(s)
[23:08:43.744] RX[COM9]  49
[23:08:43.744] BAD_PACKET[COM9] unknown packet ID 0x49; discarded 1 byte(s)
[23:08:43.745] RX[COM9]  20 28 33 32 33 35 31 29 20 61 70 65 72 74 75 72 65 3a 20 48 65 61 72 74 62 65 61 74 20 73 65 6e 74 0d 0a
[23:08:43.745] BAD_PACKET[COM9] unknown packet ID 0x20; discarded 1 byte(s)
[23:08:43.745] BAD_PACKET[COM9] unknown packet ID 0x28; discarded 1 byte(s)
[23:08:43.746] BAD_PACKET[COM9] unknown packet ID 0x33; discarded 1 byte(s)
[23:08:43.746] BAD_PACKET[COM9] unknown packet ID 0x32; discarded 1 byte(s)
[23:08:43.746] BAD_PACKET[COM9] unknown packet ID 0x33; discarded 1 byte(s)
[23:08:43.747] BAD_PACKET[COM9] unknown packet ID 0x35; discarded 1 byte(s)
[23:08:43.747] BAD_PACKET[COM9] unknown packet ID 0x31; discarded 1 byte(s)
[23:08:43.747] BAD_PACKET[COM9] unknown packet ID 0x29; discarded 1 byte(s)
[23:08:43.748] BAD_PACKET[COM9] unknown packet ID 0x20; discarded 1 byte(s)
[23:08:43.748] BAD_PACKET[COM9] unknown packet ID 0x61; discarded 1 byte(s)
[23:08:43.749] BAD_PACKET[COM9] unknown packet ID 0x70; discarded 1 byte(s)
[23:08:43.749] BAD_PACKET[COM9] unknown packet ID 0x65; discarded 1 byte(s)
[23:08:43.750] BAD_PACKET[COM9] unknown packet ID 0x72; discarded 1 byte(s)
[23:08:43.750] BAD_PACKET[COM9] unknown packet ID 0x74; discarded 1 byte(s)
[23:08:43.751] BAD_PACKET[COM9] unknown packet ID 0x75; discarded 1 byte(s)
[23:08:43.752] BAD_PACKET[COM9] unknown packet ID 0x72; discarded 1 byte(s)
[23:08:43.752] BAD_PACKET[COM9] unknown packet ID 0x65; discarded 1 byte(s)
[23:08:43.752] BAD_PACKET[COM9] unknown packet ID 0x3a; discarded 1 byte(s)
[23:08:43.753] BAD_PACKET[COM9] unknown packet ID 0x20; discarded 1 byte(s)
[23:08:43.753] BAD_PACKET[COM9] unknown packet ID 0x48; discarded 1 byte(s)
[23:08:43.753] BAD_PACKET[COM9] unknown packet ID 0x65; discarded 1 byte(s)
[23:08:43.754] BAD_PACKET[COM9] unknown packet ID 0x61; discarded 1 byte(s)
[23:08:43.754] BAD_PACKET[COM9] unknown packet ID 0x72; discarded 1 byte(s)
[23:08:43.754] BAD_PACKET[COM9] unknown packet ID 0x74; discarded 1 byte(s)
[23:08:43.755] BAD_PACKET[COM9] unknown packet ID 0x62; discarded 1 byte(s)
[23:08:43.755] BAD_PACKET[COM9] unknown packet ID 0x65; discarded 1 byte(s)
[23:08:43.755] BAD_PACKET[COM9] unknown packet ID 0x61; discarded 1 byte(s)
[23:08:43.756] BAD_PACKET[COM9] unknown packet ID 0x74; discarded 1 byte(s)
[23:08:43.756] BAD_PACKET[COM9] unknown packet ID 0x20; discarded 1 byte(s)
[23:08:43.757] BAD_PACKET[COM9] unknown packet ID 0x73; discarded 1 byte(s)
[23:08:43.757] BAD_PACKET[COM9] unknown packet ID 0x65; discarded 1 byte(s)
[23:08:43.758] BAD_PACKET[COM9] unknown packet ID 0x6e; discarded 1 byte(s)
[23:08:43.759] BAD_PACKET[COM9] unknown packet ID 0x74; discarded 1 byte(s)
[23:08:43.759] BAD_PACKET[COM9] unknown packet ID 0x0d; discarded 1 byte(s)
[23:08:43.759] BAD_PACKET[COM9] unknown packet ID 0x0a; discarded 1 byte(s)
