[23:07:48.707] RX[COM9]  49
[23:07:48.708] BAD_PACKET[COM9] unknown packet ID 0x49; discarded 1 byte(s)
[23:07:48.708] RX[COM9]  20 28 39 33 34 39 29 20 61 70 65 72 74 75 72 65 3a 20 48 65 61 72 74 62 65 61 74 20 73 65 6e 74 0d 0a
[23:07:48.709] BAD_PACKET[COM9] unknown packet ID 0x20; discarded 1 byte(s)
[23:07:48.710] BAD_PACKET[COM9] unknown packet ID 0x28; discarded 1 byte(s)
[23:07:48.710] BAD_PACKET[COM9] unknown packet ID 0x39; discarded 1 byte(s)
[23:07:48.711] BAD_PACKET[COM9] unknown packet ID 0x33; discarded 1 byte(s)
[23:07:48.712] BAD_PACKET[COM9] unknown packet ID 0x34; discarded 1 byte(s)
[23:07:48.721] BAD_PACKET[COM9] unknown packet ID 0x39; discarded 1 byte(s)
[23:07:48.722] BAD_PACKET[COM9] unknown packet ID 0x29; discarded 1 byte(s)
[23:07:48.722] BAD_PACKET[COM9] unknown packet ID 0x20; discarded 1 byte(s)
[23:07:48.722] BAD_PACKET[COM9] unknown packet ID 0x61; discarded 1 byte(s)
[23:07:48.723] BAD_PACKET[COM9] unknown packet ID 0x70; discarded 1 byte(s)
[23:07:48.723] BAD_PACKET[COM9] unknown packet ID 0x65; discarded 1 byte(s)
[23:07:48.723] BAD_PACKET[COM9] unknown packet ID 0x72; discarded 1 byte(s)
[23:07:48.723] BAD_PACKET[COM9] unknown packet ID 0x74; discarded 1 byte(s)
[23:07:48.724] BAD_PACKET[COM9] unknown packet ID 0x75; discarded 1 byte(s)
[23:07:48.724] BAD_PACKET[COM9] unknown packet ID 0x72; discarded 1 byte(s)
[23:07:48.724] BAD_PACKET[COM9] unknown packet ID 0x65; discarded 1 byte(s)
[23:07:48.724] BAD_PACKET[COM9] unknown packet ID 0x3a; discarded 1 byte(s)
[23:07:48.725] BAD_PACKET[COM9] unknown packet ID 0x20; discarded 1 byte(s)
[23:07:48.725] BAD_PACKET[COM9] unknown packet ID 0x48; discarded 1 byte(s)
[23:07:48.725] BAD_PACKET[COM9] unknown packet ID 0x65; discarded 1 byte(s)
[23:07:48.726] BAD_PACKET[COM9] unknown packet ID 0x61; discarded 1 byte(s)
[23:07:48.726] BAD_PACKET[COM9] unknown packet ID 0x72; discarded 1 byte(s)
[23:07:48.726] BAD_PACKET[COM9] unknown packet ID 0x74; discarded 1 byte(s)
[23:07:48.726] BAD_PACKET[COM9] unknown packet ID 0x62; discarded 1 byte(s)
[23:07:48.727] BAD_PACKET[COM9] unknown packet ID 0x65; discarded 1 byte(s)
[23:07:48.727] BAD_PACKET[COM9] unknown packet ID 0x61; discarded 1 byte(s)
[23:07:48.727] BAD_PACKET[COM9] unknown packet ID 0x74; discarded 1 byte(s)
[23:07:48.728] BAD_PACKET[COM9] unknown packet ID 0x20; discarded 1 byte(s)
[23:07:48.728] BAD_PACKET[COM9] unknown packet ID 0x73; discarded 1 byte(s)
[23:07:48.728] BAD_PACKET[COM9] unknown packet ID 0x65; discarded 1 byte(s)
[23:07:48.729] BAD_PACKET[COM9] unknown packet ID 0x6e; discarded 1 byte(s)
[23:07:48.729] BAD_PACKET[COM9] unknown packet ID 0x74; discarded 1 byte(s)
[23:07:48.729] BAD_PACKET[COM9] unknown packet ID 0x0d; discarded 1 byte(s)
[23:07:48.729] BAD_PACKET[COM9] unknown packet ID 0x0a; discarded 1 byte(s)
[23:07:49.650] RX[COM9]  49
[23:07:49.654] BAD_PACKET[COM9] unknown packet ID 0x49; discarded 1 byte(s)
[23:07:49.656] RX[COM9]  20 28 31 30 33 30 39 29 20 61 70 65 72 74 75 72 65 3a 20 53 65 6e 64 69 6e 67 20 68 65 61 72 74 62 65 61 74 20 28 38 20 62 79 74 65 73 29 0d 0a
[23:07:49.657] BAD_PACKET[COM9] unknown packet ID 0x20; discarded 1 byte(s)
[23:07:49.660] BAD_PACKET[COM9] unknown packet ID 0x28; discarded 1 byte(s)
[23:07:49.660] BAD_PACKET[COM9] unknown packet ID 0x31; discarded 1 byte(s)
[23:07:49.664] BAD_PACKET[COM9] unknown packet ID 0x30; discarded 1 byte(s)
[23:07:49.666] BAD_PACKET[COM9] unknown packet ID 0x33; discarded 1 byte(s)
[23:07:49.667] BAD_PACKET[COM9] unknown packet ID 0x30; discarded 1 byte(s)
[23:07:49.667] BAD_PACKET[COM9] unknown packet ID 0x39; discarded 1 byte(s)
[23:07:49.668] BAD_PACKET[COM9] unknown packet ID 0x29; discarded 1 byte(s)
[23:07:49.668] BAD_PACKET[COM9] unknown packet ID 0x20; discarded 1 byte(s)
[23:07:49.668] BAD_PACKET[COM9] unknown packet ID 0x61; discarded 1 byte(s)
[23:07:49.668] BAD_PACKET[COM9] unknown packet ID 0x70; discarded 1 byte(s)
[23:07:49.669] BAD_PACKET[COM9] unknown packet ID 0x65; discarded 1 byte(s)
[23:07:49.669] BAD_PACKET[COM9] unknown packet ID 0x72; discarded 1 byte(s)
[23:07:49.670] BAD_PACKET[COM9] unknown packet ID 0x74; discarded 1 byte(s)
[23:07:49.670] BAD_PACKET[COM9] unknown packet ID 0x75; discarded 1 byte(s)
[23:07:49.671] BAD_PACKET[COM9] unknown packet ID 0x72; discarded 1 byte(s)
[23:07:49.675] BAD_PACKET[COM9] unknown packet ID 0x65; discarded 1 byte(s)
[23:07:49.680] BAD_PACKET[COM9] unknown packet ID 0x3a; discarded 1 byte(s)
[23:07:49.680] BAD_PACKET[COM9] unknown packet ID 0x20; discarded 1 byte(s)
[23:07:49.681] BAD_PACKET[COM9] unknown packet ID 0x53; discarded 1 byte(s)
[23:07:49.681] BAD_PACKET[COM9] unknown packet ID 0x65; discarded 1 byte(s)
[23:07:49.681] BAD_PACKET[COM9] unknown packet ID 0x6e; discarded 1 byte(s)
[23:07:49.682] BAD_PACKET[COM9] unknown packet ID 0x64; discarded 1 byte(s)
[23:07:49.682] BAD_PACKET[COM9] unknown packet ID 0x69; discarded 1 byte(s)
[23:07:49.682] BAD_PACKET[COM9] unknown packet ID 0x6e; discarded 1 byte(s)
[23:07:49.682] BAD_PACKET[COM9] unknown packet ID 0x67; discarded 1 byte(s)
[23:07:49.682] BAD_PACKET[COM9] unknown packet ID 0x20; discarded 1 byte(s)
[23:07:49.683] BAD_PACKET[COM9] unknown packet ID 0x68; discarded 1 byte(s)
[23:07:49.683] BAD_PACKET[COM9] unknown packet ID 0x65; discarded 1 byte(s)
[23:07:49.683] BAD_PACKET[COM9] unknown packet ID 0x61; discarded 1 byte(s)
[23:07:49.684] BAD_PACKET[COM9] unknown packet ID 0x72; discarded 1 byte(s)
[23:07:49.684] BAD_PACKET[COM9] unknown packet ID 0x74; discarded 1 byte(s)
[23:07:49.684] BAD_PACKET[COM9] unknown packet ID 0x62; discarded 1 byte(s)
[23:07:49.684] BAD_PACKET[COM9] unknown packet ID 0x65; discarded 1 byte(s)
[23:07:49.685] BAD_PACKET[COM9] unknown packet ID 0x61; discarded 1 byte(s)
[23:07:49.686] BAD_PACKET[COM9] unknown packet ID 0x74; discarded 1 byte(s)
[23:07:49.687] BAD_PACKET[COM9] unknown packet ID 0x20; discarded 1 byte(s)
[23:07:49.687] BAD_PACKET[COM9] unknown packet ID 0x28; discarded 1 byte(s)
[23:07:49.688] BAD_PACKET[COM9] unknown packet ID 0x38; discarded 1 byte(s)
[23:07:49.688] BAD_PACKET[COM9] unknown packet ID 0x20; discarded 1 byte(s)
[23:07:49.689] BAD_PACKET[COM9] unknown packet ID 0x62; discarded 1 byte(s)
[23:07:49.689] BAD_PACKET[COM9] unknown packet ID 0x79; discarded 1 byte(s)
[23:07:49.689] BAD_PACKET[COM9] unknown packet ID 0x74; discarded 1 byte(s)
[23:07:49.689] BAD_PACKET[COM9] unknown packet ID 0x65; discarded 1 byte(s)
[23:07:49.690] BAD_PACKET[COM9] unknown packet ID 0x73; discarded 1 byte(s)
[23:07:49.690] BAD_PACKET[COM9] unknown packet ID 0x29; discarded 1 byte(s)
[23:07:49.690] BAD_PACKET[COM9] unknown packet ID 0x0d; discarded 1 byte(s)
[23:07:49.690] BAD_PACKET[COM9] unknown packet ID 0x0a; discarded 1 byte(s)
[23:07:49.690] RX[COM9]  49
[23:07:49.691] BAD_PACKET[COM9] unknown packet ID 0x49; discarded 1 byte(s)
[23:07:49.691] RX[COM9]  20 28 31 30 33 34 39 29 20 61 70 65 72 74 75 72 65 3a 20 48 65 61 72 74 62 65 61 74 20 73 65 6e 74 0d 0a
[23:07:49.691] BAD_PACKET[COM9] unknown packet ID 0x20; discarded 1 byte(s)
[23:07:49.692] BAD_PACKET[COM9] unknown packet ID 0x28; discarded 1 byte(s)
[23:07:49.694] BAD_PACKET[COM9] unknown packet ID 0x31; discarded 1 byte(s)
[23:07:49.694] BAD_PACKET[COM9] unknown packet ID 0x30; discarded 1 byte(s)
[23:07:49.695] BAD_PACKET[COM9] unknown packet ID 0x33; discarded 1 byte(s)
[23:07:49.695] BAD_PACKET[COM9] unknown packet ID 0x34; discarded 1 byte(s)
[23:07:49.695] BAD_PACKET[COM9] unknown packet ID 0x39; discarded 1 byte(s)
[23:07:49.696] BAD_PACKET[COM9] unknown packet ID 0x29; discarded 1 byte(s)
[23:07:49.696] BAD_PACKET[COM9] unknown packet ID 0x20; discarded 1 byte(s)
[23:07:49.696] BAD_PACKET[COM9] unknown packet ID 0x61; discarded 1 byte(s)
[23:07:49.696] BAD_PACKET[COM9] unknown packet ID 0x70; discarded 1 byte(s)
[23:07:49.697] BAD_PACKET[COM9] unknown packet ID 0x65; discarded 1 byte(s)
[23:07:49.697] BAD_PACKET[COM9] unknown packet ID 0x72; discarded 1 byte(s)
[23:07:49.697] BAD_PACKET[COM9] unknown packet ID 0x74; discarded 1 byte(s)
[23:07:49.697] BAD_PACKET[COM9] unknown packet ID 0x75; discarded 1 byte(s)
[23:07:49.698] BAD_PACKET[COM9] unknown packet ID 0x72; discarded 1 byte(s)
[23:07:49.698] BAD_PACKET[COM9] unknown packet ID 0x65; discarded 1 byte(s)
[23:07:49.698] BAD_PACKET[COM9] unknown packet ID 0x3a; discarded 1 byte(s)
[23:07:49.698] BAD_PACKET[COM9] unknown packet ID 0x20; discarded 1 byte(s)
[23:07:49.699] BAD_PACKET[COM9] unknown packet ID 0x48; discarded 1 byte(s)
[23:07:49.699] BAD_PACKET[COM9] unknown packet ID 0x65; discarded 1 byte(s)
[23:07:49.699] BAD_PACKET[COM9] unknown packet ID 0x61; discarded 1 byte(s)
[23:07:49.700] BAD_PACKET[COM9] unknown packet ID 0x72; discarded 1 byte(s)
[23:07:49.701] BAD_PACKET[COM9] unknown packet ID 0x74; discarded 1 byte(s)
[23:07:49.701] BAD_PACKET[COM9] unknown packet ID 0x62; discarded 1 byte(s)
[23:07:49.701] BAD_PACKET[COM9] unknown packet ID 0x65; discarded 1 byte(s)
[23:07:49.701] BAD_PACKET[COM9] unknown packet ID 0x61; discarded 1 byte(s)
[23:07:49.701] BAD_PACKET[COM9] unknown packet ID 0x74; discarded 1 byte(s)
[23:07:49.702] BAD_PACKET[COM9] unknown packet ID 0x20; discarded 1 byte(s)
[23:07:49.702] BAD_PACKET[COM9] unknown packet ID 0x73; discarded 1 byte(s)
[23:07:49.703] BAD_PACKET[COM9] unknown packet ID 0x65; discarded 1 byte(s)
[23:07:49.703] BAD_PACKET[COM9] unknown packet ID 0x6e; discarded 1 byte(s)
[23:07:49.703] BAD_PACKET[COM9] unknown packet ID 0x74; discarded 1 byte(s)
[23:07:49.703] BAD_PACKET[COM9] unknown packet ID 0x0d; discarded 1 byte(s)
[23:07:49.704] BAD_PACKET[COM9] unknown packet ID 0x0a; discarded 1 byte(s)
[23:07:50.672] RX[COM9]  49
[23:07:50.673] BAD_PACKET[COM9] unknown packet ID 0x49; discarded 1 byte(s)
[23:07:50.673] RX[COM9]  20 28 31 31 33 30 39 29 20 61 70 65 72 74 75 72 65 3a 20 53 65 6e 64 69 6e 67 20 68 65 61 72 74 62 65 61 74 20 28 38 20 62 79 74 65 73 29 0d 0a
[23:07:50.674] BAD_PACKET[COM9] unknown packet ID 0x20; discarded 1 byte(s)
[23:07:50.674] BAD_PACKET[COM9] unknown packet ID 0x28; discarded 1 byte(s)
[23:07:50.674] BAD_PACKET[COM9] unknown packet ID 0x31; discarded 1 byte(s)
[23:07:50.675] BAD_PACKET[COM9] unknown packet ID 0x31; discarded 1 byte(s)
[23:07:50.675] BAD_PACKET[COM9] unknown packet ID 0x33; discarded 1 byte(s)
[23:07:50.676] BAD_PACKET[COM9] unknown packet ID 0x30; discarded 1 byte(s)
[23:07:50.677] BAD_PACKET[COM9] unknown packet ID 0x39; discarded 1 byte(s)
[23:07:50.677] BAD_PACKET[COM9] unknown packet ID 0x29; discarded 1 byte(s)
[23:07:50.678] BAD_PACKET[COM9] unknown packet ID 0x20; discarded 1 byte(s)
[23:07:50.679] BAD_PACKET[COM9] unknown packet ID 0x61; discarded 1 byte(s)
[23:07:50.679] BAD_PACKET[COM9] unknown packet ID 0x70; discarded 1 byte(s)
[23:07:50.679] BAD_PACKET[COM9] unknown packet ID 0x65; discarded 1 byte(s)
[23:07:50.680] BAD_PACKET[COM9] unknown packet ID 0x72; discarded 1 byte(s)
[23:07:50.680] BAD_PACKET[COM9] unknown packet ID 0x74; discarded 1 byte(s)
[23:07:50.680] BAD_PACKET[COM9] unknown packet ID 0x75; discarded 1 byte(s)
[23:07:50.680] BAD_PACKET[COM9] unknown packet ID 0x72; discarded 1 byte(s)
[23:07:50.681] BAD_PACKET[COM9] unknown packet ID 0x65; discarded 1 byte(s)
[23:07:50.681] BAD_PACKET[COM9] unknown packet ID 0x3a; discarded 1 byte(s)
[23:07:50.681] BAD_PACKET[COM9] unknown packet ID 0x20; discarded 1 byte(s)
[23:07:50.681] BAD_PACKET[COM9] unknown packet ID 0x53; discarded 1 byte(s)
[23:07:50.682] BAD_PACKET[COM9] unknown packet ID 0x65; discarded 1 byte(s)
[23:07:50.682] BAD_PACKET[COM9] unknown packet ID 0x6e; discarded 1 byte(s)
[23:07:50.682] BAD_PACKET[COM9] unknown packet ID 0x64; discarded 1 byte(s)
[23:07:50.683] BAD_PACKET[COM9] unknown packet ID 0x69; discarded 1 byte(s)
[23:07:50.683] BAD_PACKET[COM9] unknown packet ID 0x6e; discarded 1 byte(s)
[23:07:50.683] BAD_PACKET[COM9] unknown packet ID 0x67; discarded 1 byte(s)
[23:07:50.683] BAD_PACKET[COM9] unknown packet ID 0x20; discarded 1 byte(s)
[23:07:50.684] BAD_PACKET[COM9] unknown packet ID 0x68; discarded 1 byte(s)
[23:07:50.684] BAD_PACKET[COM9] unknown packet ID 0x65; discarded 1 byte(s)
[23:07:50.684] BAD_PACKET[COM9] unknown packet ID 0x61; discarded 1 byte(s)
[23:07:50.684] BAD_PACKET[COM9] unknown packet ID 0x72; discarded 1 byte(s)
[23:07:50.684] BAD_PACKET[COM9] unknown packet ID 0x74; discarded 1 byte(s)
[23:07:50.685] BAD_PACKET[COM9] unknown packet ID 0x62; discarded 1 byte(s)
[23:07:50.685] BAD_PACKET[COM9] unknown packet ID 0x65; discarded 1 byte(s)
[23:07:50.685] BAD_PACKET[COM9] unknown packet ID 0x61; discarded 1 byte(s)
[23:07:50.686] BAD_PACKET[COM9] unknown packet ID 0x74; discarded 1 byte(s)
[23:07:50.686] BAD_PACKET[COM9] unknown packet ID 0x20; discarded 1 byte(s)
[23:07:50.686] BAD_PACKET[COM9] unknown packet ID 0x28; discarded 1 byte(s)
[23:07:50.687] BAD_PACKET[COM9] unknown packet ID 0x38; discarded 1 byte(s)
[23:07:50.687] BAD_PACKET[COM9] unknown packet ID 0x20; discarded 1 byte(s)
[23:07:50.687] BAD_PACKET[COM9] unknown packet ID 0x62; discarded 1 byte(s)
[23:07:50.687] BAD_PACKET[COM9] unknown packet ID 0x79; discarded 1 byte(s)
[23:07:50.688] BAD_PACKET[COM9] unknown packet ID 0x74; discarded 1 byte(s)
[23:07:50.688] BAD_PACKET[COM9] unknown packet ID 0x65; discarded 1 byte(s)
[23:07:50.688] BAD_PACKET[COM9] unknown packet ID 0x73; discarded 1 byte(s)
[23:07:50.688] BAD_PACKET[COM9] unknown packet ID 0x29; discarded 1 byte(s)
[23:07:50.689] BAD_PACKET[COM9] unknown packet ID 0x0d; discarded 1 byte(s)
[23:07:50.689] BAD_PACKET[COM9] unknown packet ID 0x0a; discarded 1 byte(s)
[23:07:50.689] RX[COM9]  49
[23:07:50.689] BAD_PACKET[COM9] unknown packet ID 0x49; discarded 1 byte(s)
[23:07:50.690] RX[COM9]  20 28 31 31 33 34 39 29 20 61 70 65 72 74 75 72 65 3a 20 48 65 61 72 74 62 65 61 74 20 73 65 6e 74 0d 0a
[23:07:50.690] BAD_PACKET[COM9] unknown packet ID 0x20; discarded 1 byte(s)
[23:07:50.690] BAD_PACKET[COM9] unknown packet ID 0x28; discarded 1 byte(s)
[23:07:50.690] BAD_PACKET[COM9] unknown packet ID 0x31; discarded 1 byte(s)
[23:07:50.691] BAD_PACKET[COM9] unknown packet ID 0x31; discarded 1 byte(s)
[23:07:50.691] BAD_PACKET[COM9] unknown packet ID 0x33; discarded 1 byte(s)
[23:07:50.691] BAD_PACKET[COM9] unknown packet ID 0x34; discarded 1 byte(s)
[23:07:50.691] BAD_PACKET[COM9] unknown packet ID 0x39; discarded 1 byte(s)
[23:07:50.692] BAD_PACKET[COM9] unknown packet ID 0x29; discarded 1 byte(s)
[23:07:50.693] BAD_PACKET[COM9] unknown packet ID 0x20; discarded 1 byte(s)
[23:07:50.693] BAD_PACKET[COM9] unknown packet ID 0x61; discarded 1 byte(s)
[23:07:50.694] BAD_PACKET[COM9] unknown packet ID 0x70; discarded 1 byte(s)
[23:07:50.694] BAD_PACKET[COM9] unknown packet ID 0x65; discarded 1 byte(s)
[23:07:50.694] BAD_PACKET[COM9] unknown packet ID 0x72; discarded 1 byte(s)
[23:07:50.694] BAD_PACKET[COM9] unknown packet ID 0x74; discarded 1 byte(s)
[23:07:50.695] BAD_PACKET[COM9] unknown packet ID 0x75; discarded 1 byte(s)
[23:07:50.695] BAD_PACKET[COM9] unknown packet ID 0x72; discarded 1 byte(s)
[23:07:50.695] BAD_PACKET[COM9] unknown packet ID 0x65; discarded 1 byte(s)
[23:07:50.695] BAD_PACKET[COM9] unknown packet ID 0x3a; discarded 1 byte(s)
[23:07:50.695] BAD_PACKET[COM9] unknown packet ID 0x20; discarded 1 byte(s)
[23:07:50.696] BAD_PACKET[COM9] unknown packet ID 0x48; discarded 1 byte(s)
[23:07:50.696] BAD_PACKET[COM9] unknown packet ID 0x65; discarded 1 byte(s)
[23:07:50.696] BAD_PACKET[COM9] unknown packet ID 0x61; discarded 1 byte(s)
[23:07:50.696] BAD_PACKET[COM9] unknown packet ID 0x72; discarded 1 byte(s)
[23:07:50.697] BAD_PACKET[COM9] unknown packet ID 0x74; discarded 1 byte(s)
[23:07:50.697] BAD_PACKET[COM9] unknown packet ID 0x62; discarded 1 byte(s)
[23:07:50.697] BAD_PACKET[COM9] unknown packet ID 0x65; discarded 1 byte(s)
[23:07:50.697] BAD_PACKET[COM9] unknown packet ID 0x61; discarded 1 byte(s)
[23:07:50.698] BAD_PACKET[COM9] unknown packet ID 0x74; discarded 1 byte(s)
[23:07:50.698] BAD_PACKET[COM9] unknown packet ID 0x20; discarded 1 byte(s)
[23:07:50.698] BAD_PACKET[COM9] unknown packet ID 0x73; discarded 1 byte(s)
[23:07:50.698] BAD_PACKET[COM9] unknown packet ID 0x65; discarded 1 byte(s)
[23:07:50.699] BAD_PACKET[COM9] unknown packet ID 0x6e; discarded 1 byte(s)
[23:07:50.699] BAD_PACKET[COM9] unknown packet ID 0x74; discarded 1 byte(s)
[23:07:50.699] BAD_PACKET[COM9] unknown packet ID 0x0d; discarded 1 byte(s)
[23:07:50.699] BAD_PACKET[COM9] unknown packet ID 0x0a; discarded 1 byte(s)
[23:07:51.659] RX[COM9]  49
[23:07:51.660] BAD_PACKET[COM9] unknown packet ID 0x49; discarded 1 byte(s)
[23:07:51.661] RX[COM9]  20 28 31 32 33 30 39 29 20 61 70 65 72 74 75 72 65 3a 20 53 65 6e 64 69 6e 67 20 68 65 61 72 74 62 65 61 74 20 28 38 20 62 79 74 65 73 29 0d 0a
[23:07:51.661] BAD_PACKET[COM9] unknown packet ID 0x20; discarded 1 byte(s)
[23:07:51.662] BAD_PACKET[COM9] unknown packet ID 0x28; discarded 1 byte(s)
[23:07:51.662] BAD_PACKET[COM9] unknown packet ID 0x31; discarded 1 byte(s)
[23:07:51.662] BAD_PACKET[COM9] unknown packet ID 0x32; discarded 1 byte(s)
[23:07:51.663] BAD_PACKET[COM9] unknown packet ID 0x33; discarded 1 byte(s)
[23:07:51.663] BAD_PACKET[COM9] unknown packet ID 0x30; discarded 1 byte(s)
[23:07:51.664] BAD_PACKET[COM9] unknown packet ID 0x39; discarded 1 byte(s)
[23:07:51.664] BAD_PACKET[COM9] unknown packet ID 0x29; discarded 1 byte(s)
[23:07:51.664] BAD_PACKET[COM9] unknown packet ID 0x20; discarded 1 byte(s)
[23:07:51.665] BAD_PACKET[COM9] unknown packet ID 0x61; discarded 1 byte(s)
[23:07:51.665] BAD_PACKET[COM9] unknown packet ID 0x70; discarded 1 byte(s)
[23:07:51.665] BAD_PACKET[COM9] unknown packet ID 0x65; discarded 1 byte(s)
[23:07:51.665] BAD_PACKET[COM9] unknown packet ID 0x72; discarded 1 byte(s)
[23:07:51.666] BAD_PACKET[COM9] unknown packet ID 0x74; discarded 1 byte(s)
[23:07:51.666] BAD_PACKET[COM9] unknown packet ID 0x75; discarded 1 byte(s)
[23:07:51.667] BAD_PACKET[COM9] unknown packet ID 0x72; discarded 1 byte(s)
[23:07:51.667] BAD_PACKET[COM9] unknown packet ID 0x65; discarded 1 byte(s)
[23:07:51.667] BAD_PACKET[COM9] unknown packet ID 0x3a; discarded 1 byte(s)
[23:07:51.668] BAD_PACKET[COM9] unknown packet ID 0x20; discarded 1 byte(s)
[23:07:51.668] BAD_PACKET[COM9] unknown packet ID 0x53; discarded 1 byte(s)
[23:07:51.669] BAD_PACKET[COM9] unknown packet ID 0x65; discarded 1 byte(s)
[23:07:51.670] BAD_PACKET[COM9] unknown packet ID 0x6e; discarded 1 byte(s)
[23:07:51.670] BAD_PACKET[COM9] unknown packet ID 0x64; discarded 1 byte(s)
[23:07:51.670] BAD_PACKET[COM9] unknown packet ID 0x69; discarded 1 byte(s)
[23:07:51.671] BAD_PACKET[COM9] unknown packet ID 0x6e; discarded 1 byte(s)
[23:07:51.671] BAD_PACKET[COM9] unknown packet ID 0x67; discarded 1 byte(s)
[23:07:51.672] BAD_PACKET[COM9] unknown packet ID 0x20; discarded 1 byte(s)
[23:07:51.672] BAD_PACKET[COM9] unknown packet ID 0x68; discarded 1 byte(s)
[23:07:51.673] BAD_PACKET[COM9] unknown packet ID 0x65; discarded 1 byte(s)
[23:07:51.673] BAD_PACKET[COM9] unknown packet ID 0x61; discarded 1 byte(s)
[23:07:51.673] BAD_PACKET[COM9] unknown packet ID 0x72; discarded 1 byte(s)
[23:07:51.674] BAD_PACKET[COM9] unknown packet ID 0x74; discarded 1 byte(s)
[23:07:51.674] BAD_PACKET[COM9] unknown packet ID 0x62; discarded 1 byte(s)
[23:07:51.675] BAD_PACKET[COM9] unknown packet ID 0x65; discarded 1 byte(s)
[23:07:51.675] BAD_PACKET[COM9] unknown packet ID 0x61; discarded 1 byte(s)
[23:07:51.676] BAD_PACKET[COM9] unknown packet ID 0x74; discarded 1 byte(s)
[23:07:51.676] BAD_PACKET[COM9] unknown packet ID 0x20; discarded 1 byte(s)
[23:07:51.677] BAD_PACKET[COM9] unknown packet ID 0x28; discarded 1 byte(s)
[23:07:51.677] BAD_PACKET[COM9] unknown packet ID 0x38; discarded 1 byte(s)
[23:07:51.678] BAD_PACKET[COM9] unknown packet ID 0x20; discarded 1 byte(s)
[23:07:51.678] BAD_PACKET[COM9] unknown packet ID 0x62; discarded 1 byte(s)
[23:07:51.679] BAD_PACKET[COM9] unknown packet ID 0x79; discarded 1 byte(s)
[23:07:51.679] BAD_PACKET[COM9] unknown packet ID 0x74; discarded 1 byte(s)
[23:07:51.680] BAD_PACKET[COM9] unknown packet ID 0x65; discarded 1 byte(s)
[23:07:51.680] BAD_PACKET[COM9] unknown packet ID 0x73; discarded 1 byte(s)
[23:07:51.681] BAD_PACKET[COM9] unknown packet ID 0x29; discarded 1 byte(s)
[23:07:51.681] BAD_PACKET[COM9] unknown packet ID 0x0d; discarded 1 byte(s)
[23:07:51.682] BAD_PACKET[COM9] unknown packet ID 0x0a; discarded 1 byte(s)
[23:07:51.682] RX[COM9]  49
[23:07:51.683] BAD_PACKET[COM9] unknown packet ID 0x49; discarded 1 byte(s)
[23:07:51.683] RX[COM9]  20 28 31 32 33 34 39 29 20 61 70 65 72 74 75 72 65 3a 20 48 65 61 72 74 62 65 61 74 20 73 65 6e 74 0d 0a
[23:07:51.684] BAD_PACKET[COM9] unknown packet ID 0x20; discarded 1 byte(s)
[23:07:51.684] BAD_PACKET[COM9] unknown packet ID 0x28; discarded 1 byte(s)
[23:07:51.685] BAD_PACKET[COM9] unknown packet ID 0x31; discarded 1 byte(s)
[23:07:51.686] BAD_PACKET[COM9] unknown packet ID 0x32; discarded 1 byte(s)
[23:07:51.686] BAD_PACKET[COM9] unknown packet ID 0x33; discarded 1 byte(s)
[23:07:51.687] BAD_PACKET[COM9] unknown packet ID 0x34; discarded 1 byte(s)
[23:07:51.687] BAD_PACKET[COM9] unknown packet ID 0x39; discarded 1 byte(s)
[23:07:51.688] BAD_PACKET[COM9] unknown packet ID 0x29; discarded 1 byte(s)
[23:07:51.689] BAD_PACKET[COM9] unknown packet ID 0x20; discarded 1 byte(s)
[23:07:51.690] BAD_PACKET[COM9] unknown packet ID 0x61; discarded 1 byte(s)
[23:07:51.690] BAD_PACKET[COM9] unknown packet ID 0x70; discarded 1 byte(s)
[23:07:51.691] BAD_PACKET[COM9] unknown packet ID 0x65; discarded 1 byte(s)
[23:07:51.691] BAD_PACKET[COM9] unknown packet ID 0x72; discarded 1 byte(s)
[23:07:51.692] BAD_PACKET[COM9] unknown packet ID 0x74; discarded 1 byte(s)
[23:07:51.692] BAD_PACKET[COM9] unknown packet ID 0x75; discarded 1 byte(s)
[23:07:51.693] BAD_PACKET[COM9] unknown packet ID 0x72; discarded 1 byte(s)
[23:07:51.693] BAD_PACKET[COM9] unknown packet ID 0x65; discarded 1 byte(s)
[23:07:51.693] BAD_PACKET[COM9] unknown packet ID 0x3a; discarded 1 byte(s)
[23:07:51.694] BAD_PACKET[COM9] unknown packet ID 0x20; discarded 1 byte(s)
[23:07:51.695] BAD_PACKET[COM9] unknown packet ID 0x48; discarded 1 byte(s)
[23:07:51.695] BAD_PACKET[COM9] unknown packet ID 0x65; discarded 1 byte(s)
[23:07:51.695] BAD_PACKET[COM9] unknown packet ID 0x61; discarded 1 byte(s)
[23:07:51.696] BAD_PACKET[COM9] unknown packet ID 0x72; discarded 1 byte(s)
[23:07:51.696] BAD_PACKET[COM9] unknown packet ID 0x74; discarded 1 byte(s)
[23:07:51.697] BAD_PACKET[COM9] unknown packet ID 0x62; discarded 1 byte(s)
[23:07:51.697] BAD_PACKET[COM9] unknown packet ID 0x65; discarded 1 byte(s)
[23:07:51.697] BAD_PACKET[COM9] unknown packet ID 0x61; discarded 1 byte(s)
[23:07:51.698] BAD_PACKET[COM9] unknown packet ID 0x74; discarded 1 byte(s)
[23:07:51.698] BAD_PACKET[COM9] unknown packet ID 0x20; discarded 1 byte(s)
[23:07:51.698] BAD_PACKET[COM9] unknown packet ID 0x73; discarded 1 byte(s)
[23:07:51.698] BAD_PACKET[COM9] unknown packet ID 0x65; discarded 1 byte(s)
[23:07:51.699] BAD_PACKET[COM9] unknown packet ID 0x6e; discarded 1 byte(s)
[23:07:51.699] BAD_PACKET[COM9] unknown packet ID 0x74; discarded 1 byte(s)
[23:07:51.699] BAD_PACKET[COM9] unknown packet ID 0x0d; discarded 1 byte(s)
[23:07:51.700] BAD_PACKET[COM9] unknown packet ID 0x0a; discarded 1 byte(s)
[23:07:52.681] RX[COM9]  49
[23:07:52.684] BAD_PACKET[COM9] unknown packet ID 0x49; discarded 1 byte(s)
[23:07:52.688] RX[COM9]  20 28 31 33 33 30 39 29 20 61 70 65 72 74 75 72 65 3a 20 53 65 6e 64 69 6e 67 20 68 65 61 72 74 62 65 61 74 20 28 38 20 62 79 74 65 73 29 0d 0a
[23:07:52.691] BAD_PACKET[COM9] unknown packet ID 0x20; discarded 1 byte(s)
[23:07:52.693] BAD_PACKET[COM9] unknown packet ID 0x28; discarded 1 byte(s)
[23:07:52.695] BAD_PACKET[COM9] unknown packet ID 0x31; discarded 1 byte(s)
[23:07:52.696] BAD_PACKET[COM9] unknown packet ID 0x33; discarded 1 byte(s)
[23:07:52.697] BAD_PACKET[COM9] unknown packet ID 0x33; discarded 1 byte(s)
[23:07:52.697] BAD_PACKET[COM9] unknown packet ID 0x30; discarded 1 byte(s)
[23:07:52.698] BAD_PACKET[COM9] unknown packet ID 0x39; discarded 1 byte(s)
[23:07:52.698] BAD_PACKET[COM9] unknown packet ID 0x29; discarded 1 byte(s)
[23:07:52.699] BAD_PACKET[COM9] unknown packet ID 0x20; discarded 1 byte(s)
[23:07:52.699] BAD_PACKET[COM9] unknown packet ID 0x61; discarded 1 byte(s)
[23:07:52.700] BAD_PACKET[COM9] unknown packet ID 0x70; discarded 1 byte(s)
[23:07:52.701] BAD_PACKET[COM9] unknown packet ID 0x65; discarded 1 byte(s)
[23:07:52.702] BAD_PACKET[COM9] unknown packet ID 0x72; discarded 1 byte(s)
[23:07:52.703] BAD_PACKET[COM9] unknown packet ID 0x74; discarded 1 byte(s)
[23:07:52.704] BAD_PACKET[COM9] unknown packet ID 0x75; discarded 1 byte(s)
[23:07:52.705] BAD_PACKET[COM9] unknown packet ID 0x72; discarded 1 byte(s)
[23:07:52.705] BAD_PACKET[COM9] unknown packet ID 0x65; discarded 1 byte(s)
[23:07:52.705] BAD_PACKET[COM9] unknown packet ID 0x3a; discarded 1 byte(s)
[23:07:52.706] BAD_PACKET[COM9] unknown packet ID 0x20; discarded 1 byte(s)
[23:07:52.706] BAD_PACKET[COM9] unknown packet ID 0x53; discarded 1 byte(s)
[23:07:52.706] BAD_PACKET[COM9] unknown packet ID 0x65; discarded 1 byte(s)
[23:07:52.707] BAD_PACKET[COM9] unknown packet ID 0x6e; discarded 1 byte(s)
[23:07:52.707] BAD_PACKET[COM9] unknown packet ID 0x64; discarded 1 byte(s)
[23:07:52.708] BAD_PACKET[COM9] unknown packet ID 0x69; discarded 1 byte(s)
[23:07:52.709] BAD_PACKET[COM9] unknown packet ID 0x6e; discarded 1 byte(s)
[23:07:52.709] BAD_PACKET[COM9] unknown packet ID 0x67; discarded 1 byte(s)
[23:07:52.710] BAD_PACKET[COM9] unknown packet ID 0x20; discarded 1 byte(s)
[23:07:52.710] BAD_PACKET[COM9] unknown packet ID 0x68; discarded 1 byte(s)
[23:07:52.711] BAD_PACKET[COM9] unknown packet ID 0x65; discarded 1 byte(s)
[23:07:52.711] BAD_PACKET[COM9] unknown packet ID 0x61; discarded 1 byte(s)
[23:07:52.712] BAD_PACKET[COM9] unknown packet ID 0x72; discarded 1 byte(s)
[23:07:52.712] BAD_PACKET[COM9] unknown packet ID 0x74; discarded 1 byte(s)
[23:07:52.713] BAD_PACKET[COM9] unknown packet ID 0x62; discarded 1 byte(s)
[23:07:52.713] BAD_PACKET[COM9] unknown packet ID 0x65; discarded 1 byte(s)
[23:07:52.713] BAD_PACKET[COM9] unknown packet ID 0x61; discarded 1 byte(s)
[23:07:52.713] BAD_PACKET[COM9] unknown packet ID 0x74; discarded 1 byte(s)
[23:07:52.714] BAD_PACKET[COM9] unknown packet ID 0x20; discarded 1 byte(s)
[23:07:52.714] BAD_PACKET[COM9] unknown packet ID 0x28; discarded 1 byte(s)
[23:07:52.716] BAD_PACKET[COM9] unknown packet ID 0x38; discarded 1 byte(s)
[23:07:52.716] BAD_PACKET[COM9] unknown packet ID 0x20; discarded 1 byte(s)
[23:07:52.716] BAD_PACKET[COM9] unknown packet ID 0x62; discarded 1 byte(s)
[23:07:52.717] BAD_PACKET[COM9] unknown packet ID 0x79; discarded 1 byte(s)
[23:07:52.717] BAD_PACKET[COM9] unknown packet ID 0x74; discarded 1 byte(s)
[23:07:52.717] BAD_PACKET[COM9] unknown packet ID 0x65; discarded 1 byte(s)
[23:07:52.717] BAD_PACKET[COM9] unknown packet ID 0x73; discarded 1 byte(s)
[23:07:52.718] BAD_PACKET[COM9] unknown packet ID 0x29; discarded 1 byte(s)
[23:07:52.718] BAD_PACKET[COM9] unknown packet ID 0x0d; discarded 1 byte(s)
[23:07:52.718] BAD_PACKET[COM9] unknown packet ID 0x0a; discarded 1 byte(s)
[23:07:52.719] RX[COM9]  49
[23:07:52.719] BAD_PACKET[COM9] unknown packet ID 0x49; discarded 1 byte(s)
[23:07:52.720] RX[COM9]  20 28 31 33 33 34 39 29 20 61 70 65 72 74 75 72 65 3a 20 48 65 61 72 74 62 65 61 74 20 73 65 6e 74 0d 0a
[23:07:52.720] BAD_PACKET[COM9] unknown packet ID 0x20; discarded 1 byte(s)
[23:07:52.720] BAD_PACKET[COM9] unknown packet ID 0x28; discarded 1 byte(s)
[23:07:52.721] BAD_PACKET[COM9] unknown packet ID 0x31; discarded 1 byte(s)
[23:07:52.723] BAD_PACKET[COM9] unknown packet ID 0x33; discarded 1 byte(s)
[23:07:52.724] BAD_PACKET[COM9] unknown packet ID 0x33; discarded 1 byte(s)
[23:07:52.724] BAD_PACKET[COM9] unknown packet ID 0x34; discarded 1 byte(s)
[23:07:52.724] BAD_PACKET[COM9] unknown packet ID 0x39; discarded 1 byte(s)
[23:07:52.725] BAD_PACKET[COM9] unknown packet ID 0x29; discarded 1 byte(s)
[23:07:52.725] BAD_PACKET[COM9] unknown packet ID 0x20; discarded 1 byte(s)
[23:07:52.725] BAD_PACKET[COM9] unknown packet ID 0x61; discarded 1 byte(s)
[23:07:52.726] BAD_PACKET[COM9] unknown packet ID 0x70; discarded 1 byte(s)
[23:07:52.726] BAD_PACKET[COM9] unknown packet ID 0x65; discarded 1 byte(s)
[23:07:52.727] BAD_PACKET[COM9] unknown packet ID 0x72; discarded 1 byte(s)
[23:07:52.727] BAD_PACKET[COM9] unknown packet ID 0x74; discarded 1 byte(s)
[23:07:52.728] BAD_PACKET[COM9] unknown packet ID 0x75; discarded 1 byte(s)
[23:07:52.728] BAD_PACKET[COM9] unknown packet ID 0x72; discarded 1 byte(s)
[23:07:52.729] BAD_PACKET[COM9] unknown packet ID 0x65; discarded 1 byte(s)
[23:07:52.732] BAD_PACKET[COM9] unknown packet ID 0x3a; discarded 1 byte(s)
[23:07:52.732] BAD_PACKET[COM9] unknown packet ID 0x20; discarded 1 byte(s)
[23:07:52.732] BAD_PACKET[COM9] unknown packet ID 0x48; discarded 1 byte(s)
[23:07:52.733] BAD_PACKET[COM9] unknown packet ID 0x65; discarded 1 byte(s)
[23:07:52.733] BAD_PACKET[COM9] unknown packet ID 0x61; discarded 1 byte(s)
[23:07:52.733] BAD_PACKET[COM9] unknown packet ID 0x72; discarded 1 byte(s)
[23:07:52.733] BAD_PACKET[COM9] unknown packet ID 0x74; discarded 1 byte(s)
[23:07:52.734] BAD_PACKET[COM9] unknown packet ID 0x62; discarded 1 byte(s)
[23:07:52.734] BAD_PACKET[COM9] unknown packet ID 0x65; discarded 1 byte(s)
[23:07:52.734] BAD_PACKET[COM9] unknown packet ID 0x61; discarded 1 byte(s)
[23:07:52.735] BAD_PACKET[COM9] unknown packet ID 0x74; discarded 1 byte(s)
[23:07:52.735] BAD_PACKET[COM9] unknown packet ID 0x20; discarded 1 byte(s)
[23:07:52.735] BAD_PACKET[COM9] unknown packet ID 0x73; discarded 1 byte(s)
[23:07:52.736] BAD_PACKET[COM9] unknown packet ID 0x65; discarded 1 byte(s)
[23:07:52.740] BAD_PACKET[COM9] unknown packet ID 0x6e; discarded 1 byte(s)
[23:07:52.740] BAD_PACKET[COM9] unknown packet ID 0x74; discarded 1 byte(s)
[23:07:52.741] BAD_PACKET[COM9] unknown packet ID 0x0d; discarded 1 byte(s)
[23:07:52.741] BAD_PACKET[COM9] unknown packet ID 0x0a; discarded 1 byte(s)
[23:07:53.649] RX[COM9]  49
[23:07:53.652] BAD_PACKET[COM9] unknown packet ID 0x49; discarded 1 byte(s)
[23:07:53.658] RX[COM9]  20 28 31 34 33 30 39 29 20 61 70 65 72 74 75 72 65 3a 20 53 65 6e 64 69 6e 67 20 68 65 61 72 74 62 65 61 74 20 28 38 20 62 79 74 65 73 29 0d 0a
[23:07:53.664] BAD_PACKET[COM9] unknown packet ID 0x20; discarded 1 byte(s)
[23:07:53.665] BAD_PACKET[COM9] unknown packet ID 0x28; discarded 1 byte(s)
[23:07:53.667] BAD_PACKET[COM9] unknown packet ID 0x31; discarded 1 byte(s)
[23:07:53.668] BAD_PACKET[COM9] unknown packet ID 0x34; discarded 1 byte(s)
[23:07:53.669] BAD_PACKET[COM9] unknown packet ID 0x33; discarded 1 byte(s)
[23:07:53.670] BAD_PACKET[COM9] unknown packet ID 0x30; discarded 1 byte(s)
[23:07:53.671] BAD_PACKET[COM9] unknown packet ID 0x39; discarded 1 byte(s)
[23:07:53.671] BAD_PACKET[COM9] unknown packet ID 0x29; discarded 1 byte(s)
[23:07:53.672] BAD_PACKET[COM9] unknown packet ID 0x20; discarded 1 byte(s)
[23:07:53.672] BAD_PACKET[COM9] unknown packet ID 0x61; discarded 1 byte(s)
[23:07:53.672] BAD_PACKET[COM9] unknown packet ID 0x70; discarded 1 byte(s)
[23:07:53.673] BAD_PACKET[COM9] unknown packet ID 0x65; discarded 1 byte(s)
[23:07:53.673] BAD_PACKET[COM9] unknown packet ID 0x72; discarded 1 byte(s)
[23:07:53.674] BAD_PACKET[COM9] unknown packet ID 0x74; discarded 1 byte(s)
[23:07:53.674] BAD_PACKET[COM9] unknown packet ID 0x75; discarded 1 byte(s)
[23:07:53.674] BAD_PACKET[COM9] unknown packet ID 0x72; discarded 1 byte(s)
[23:07:53.675] BAD_PACKET[COM9] unknown packet ID 0x65; discarded 1 byte(s)
[23:07:53.675] BAD_PACKET[COM9] unknown packet ID 0x3a; discarded 1 byte(s)
[23:07:53.675] BAD_PACKET[COM9] unknown packet ID 0x20; discarded 1 byte(s)
[23:07:53.676] BAD_PACKET[COM9] unknown packet ID 0x53; discarded 1 byte(s)
[23:07:53.677] BAD_PACKET[COM9] unknown packet ID 0x65; discarded 1 byte(s)
[23:07:53.677] BAD_PACKET[COM9] unknown packet ID 0x6e; discarded 1 byte(s)
[23:07:53.679] BAD_PACKET[COM9] unknown packet ID 0x64; discarded 1 byte(s)
[23:07:53.681] BAD_PACKET[COM9] unknown packet ID 0x69; discarded 1 byte(s)
[23:07:53.684] BAD_PACKET[COM9] unknown packet ID 0x6e; discarded 1 byte(s)
[23:07:53.685] BAD_PACKET[COM9] unknown packet ID 0x67; discarded 1 byte(s)
[23:07:53.685] BAD_PACKET[COM9] unknown packet ID 0x20; discarded 1 byte(s)
[23:07:53.686] BAD_PACKET[COM9] unknown packet ID 0x68; discarded 1 byte(s)
[23:07:53.686] BAD_PACKET[COM9] unknown packet ID 0x65; discarded 1 byte(s)
[23:07:53.687] BAD_PACKET[COM9] unknown packet ID 0x61; discarded 1 byte(s)
[23:07:53.687] BAD_PACKET[COM9] unknown packet ID 0x72; discarded 1 byte(s)
[23:07:53.688] BAD_PACKET[COM9] unknown packet ID 0x74; discarded 1 byte(s)
[23:07:53.688] BAD_PACKET[COM9] unknown packet ID 0x62; discarded 1 byte(s)
[23:07:53.688] BAD_PACKET[COM9] unknown packet ID 0x65; discarded 1 byte(s)
[23:07:53.688] BAD_PACKET[COM9] unknown packet ID 0x61; discarded 1 byte(s)
[23:07:53.689] BAD_PACKET[COM9] unknown packet ID 0x74; discarded 1 byte(s)
[23:07:53.689] BAD_PACKET[COM9] unknown packet ID 0x20; discarded 1 byte(s)
[23:07:53.689] BAD_PACKET[COM9] unknown packet ID 0x28; discarded 1 byte(s)
[23:07:53.689] BAD_PACKET[COM9] unknown packet ID 0x38; discarded 1 byte(s)
[23:07:53.690] BAD_PACKET[COM9] unknown packet ID 0x20; discarded 1 byte(s)
[23:07:53.690] BAD_PACKET[COM9] unknown packet ID 0x62; discarded 1 byte(s)
[23:07:53.690] BAD_PACKET[COM9] unknown packet ID 0x79; discarded 1 byte(s)
[23:07:53.690] BAD_PACKET[COM9] unknown packet ID 0x74; discarded 1 byte(s)
[23:07:53.691] BAD_PACKET[COM9] unknown packet ID 0x65; discarded 1 byte(s)
[23:07:53.691] BAD_PACKET[COM9] unknown packet ID 0x73; discarded 1 byte(s)
[23:07:53.691] BAD_PACKET[COM9] unknown packet ID 0x29; discarded 1 byte(s)
[23:07:53.692] BAD_PACKET[COM9] unknown packet ID 0x0d; discarded 1 byte(s)
[23:07:53.692] BAD_PACKET[COM9] unknown packet ID 0x0a; discarded 1 byte(s)
[23:07:53.692] RX[COM9]  49
[23:07:53.694] BAD_PACKET[COM9] unknown packet ID 0x49; discarded 1 byte(s)
[23:07:53.695] RX[COM9]  20 28 31 34 33 34 39 29 20 61 70 65 72 74 75 72 65 3a 20 48 65 61 72 74 62 65 61 74 20 73 65 6e 74 0d 0a
[23:07:53.695] BAD_PACKET[COM9] unknown packet ID 0x20; discarded 1 byte(s)
[23:07:53.696] BAD_PACKET[COM9] unknown packet ID 0x28; discarded 1 byte(s)
[23:07:53.696] BAD_PACKET[COM9] unknown packet ID 0x31; discarded 1 byte(s)
[23:07:53.696] BAD_PACKET[COM9] unknown packet ID 0x34; discarded 1 byte(s)
[23:07:53.697] BAD_PACKET[COM9] unknown packet ID 0x33; discarded 1 byte(s)
[23:07:53.697] BAD_PACKET[COM9] unknown packet ID 0x34; discarded 1 byte(s)
[23:07:53.697] BAD_PACKET[COM9] unknown packet ID 0x39; discarded 1 byte(s)
[23:07:53.698] BAD_PACKET[COM9] unknown packet ID 0x29; discarded 1 byte(s)
[23:07:53.698] BAD_PACKET[COM9] unknown packet ID 0x20; discarded 1 byte(s)
[23:07:53.699] BAD_PACKET[COM9] unknown packet ID 0x61; discarded 1 byte(s)
[23:07:53.699] BAD_PACKET[COM9] unknown packet ID 0x70; discarded 1 byte(s)
[23:07:53.699] BAD_PACKET[COM9] unknown packet ID 0x65; discarded 1 byte(s)
[23:07:53.700] BAD_PACKET[COM9] unknown packet ID 0x72; discarded 1 byte(s)
[23:07:53.700] BAD_PACKET[COM9] unknown packet ID 0x74; discarded 1 byte(s)
[23:07:53.700] BAD_PACKET[COM9] unknown packet ID 0x75; discarded 1 byte(s)
[23:07:53.701] BAD_PACKET[COM9] unknown packet ID 0x72; discarded 1 byte(s)
[23:07:53.701] BAD_PACKET[COM9] unknown packet ID 0x65; discarded 1 byte(s)
[23:07:53.702] BAD_PACKET[COM9] unknown packet ID 0x3a; discarded 1 byte(s)
[23:07:53.702] BAD_PACKET[COM9] unknown packet ID 0x20; discarded 1 byte(s)
[23:07:53.703] BAD_PACKET[COM9] unknown packet ID 0x48; discarded 1 byte(s)
[23:07:53.703] BAD_PACKET[COM9] unknown packet ID 0x65; discarded 1 byte(s)
[23:07:53.703] BAD_PACKET[COM9] unknown packet ID 0x61; discarded 1 byte(s)
[23:07:53.704] BAD_PACKET[COM9] unknown packet ID 0x72; discarded 1 byte(s)
[23:07:53.704] BAD_PACKET[COM9] unknown packet ID 0x74; discarded 1 byte(s)
[23:07:53.704] BAD_PACKET[COM9] unknown packet ID 0x62; discarded 1 byte(s)
[23:07:53.705] BAD_PACKET[COM9] unknown packet ID 0x65; discarded 1 byte(s)
[23:07:53.705] BAD_PACKET[COM9] unknown packet ID 0x61; discarded 1 byte(s)
[23:07:53.705] BAD_PACKET[COM9] unknown packet ID 0x74; discarded 1 byte(s)
[23:07:53.705] BAD_PACKET[COM9] unknown packet ID 0x20; discarded 1 byte(s)
[23:07:53.706] BAD_PACKET[COM9] unknown packet ID 0x73; discarded 1 byte(s)
[23:07:53.706] BAD_PACKET[COM9] unknown packet ID 0x65; discarded 1 byte(s)
[23:07:53.706] BAD_PACKET[COM9] unknown packet ID 0x6e; discarded 1 byte(s)
[23:07:53.707] BAD_PACKET[COM9] unknown packet ID 0x74; discarded 1 byte(s)
[23:07:53.707] BAD_PACKET[COM9] unknown packet ID 0x0d; discarded 1 byte(s)
[23:07:53.707] BAD_PACKET[COM9] unknown packet ID 0x0a; discarded 1 byte(s)
[23:07:54.668] RX[COM9]  49
[23:07:54.671] BAD_PACKET[COM9] unknown packet ID 0x49; discarded 1 byte(s)
[23:07:54.674] RX[COM9]  20 28 31 35 33 30 39 29 20 61 70 65 72 74 75 72 65 3a 20 53 65 6e 64 69 6e 67 20 68 65 61 72 74 62 65 61 74 20 28 38 20 62 79 74 65 73 29 0d 0a
[23:07:54.676] BAD_PACKET[COM9] unknown packet ID 0x20; discarded 1 byte(s)
[23:07:54.678] BAD_PACKET[COM9] unknown packet ID 0x28; discarded 1 byte(s)
[23:07:54.678] BAD_PACKET[COM9] unknown packet ID 0x31; discarded 1 byte(s)
[23:07:54.680] BAD_PACKET[COM9] unknown packet ID 0x35; discarded 1 byte(s)
[23:07:54.680] BAD_PACKET[COM9] unknown packet ID 0x33; discarded 1 byte(s)
[23:07:54.681] BAD_PACKET[COM9] unknown packet ID 0x30; discarded 1 byte(s)
[23:07:54.681] BAD_PACKET[COM9] unknown packet ID 0x39; discarded 1 byte(s)
[23:07:54.681] BAD_PACKET[COM9] unknown packet ID 0x29; discarded 1 byte(s)
[23:07:54.682] BAD_PACKET[COM9] unknown packet ID 0x20; discarded 1 byte(s)
[23:07:54.682] BAD_PACKET[COM9] unknown packet ID 0x61; discarded 1 byte(s)
[23:07:54.682] BAD_PACKET[COM9] unknown packet ID 0x70; discarded 1 byte(s)
[23:07:54.683] BAD_PACKET[COM9] unknown packet ID 0x65; discarded 1 byte(s)
[23:07:54.683] BAD_PACKET[COM9] unknown packet ID 0x72; discarded 1 byte(s)
[23:07:54.684] BAD_PACKET[COM9] unknown packet ID 0x74; discarded 1 byte(s)
[23:07:54.684] BAD_PACKET[COM9] unknown packet ID 0x75; discarded 1 byte(s)
[23:07:54.684] BAD_PACKET[COM9] unknown packet ID 0x72; discarded 1 byte(s)
[23:07:54.685] BAD_PACKET[COM9] unknown packet ID 0x65; discarded 1 byte(s)
[23:07:54.685] BAD_PACKET[COM9] unknown packet ID 0x3a; discarded 1 byte(s)
[23:07:54.686] BAD_PACKET[COM9] unknown packet ID 0x20; discarded 1 byte(s)
[23:07:54.686] BAD_PACKET[COM9] unknown packet ID 0x53; discarded 1 byte(s)
[23:07:54.687] BAD_PACKET[COM9] unknown packet ID 0x65; discarded 1 byte(s)
[23:07:54.687] BAD_PACKET[COM9] unknown packet ID 0x6e; discarded 1 byte(s)
[23:07:54.688] BAD_PACKET[COM9] unknown packet ID 0x64; discarded 1 byte(s)
[23:07:54.688] BAD_PACKET[COM9] unknown packet ID 0x69; discarded 1 byte(s)
[23:07:54.689] BAD_PACKET[COM9] unknown packet ID 0x6e; discarded 1 byte(s)
[23:07:54.689] BAD_PACKET[COM9] unknown packet ID 0x67; discarded 1 byte(s)
[23:07:54.690] BAD_PACKET[COM9] unknown packet ID 0x20; discarded 1 byte(s)
[23:07:54.690] BAD_PACKET[COM9] unknown packet ID 0x68; discarded 1 byte(s)
[23:07:54.690] BAD_PACKET[COM9] unknown packet ID 0x65; discarded 1 byte(s)
[23:07:54.691] BAD_PACKET[COM9] unknown packet ID 0x61; discarded 1 byte(s)
[23:07:54.691] BAD_PACKET[COM9] unknown packet ID 0x72; discarded 1 byte(s)
[23:07:54.691] BAD_PACKET[COM9] unknown packet ID 0x74; discarded 1 byte(s)
[23:07:54.692] BAD_PACKET[COM9] unknown packet ID 0x62; discarded 1 byte(s)
[23:07:54.692] BAD_PACKET[COM9] unknown packet ID 0x65; discarded 1 byte(s)
[23:07:54.692] BAD_PACKET[COM9] unknown packet ID 0x61; discarded 1 byte(s)
[23:07:54.693] BAD_PACKET[COM9] unknown packet ID 0x74; discarded 1 byte(s)
[23:07:54.693] BAD_PACKET[COM9] unknown packet ID 0x20; discarded 1 byte(s)
[23:07:54.694] BAD_PACKET[COM9] unknown packet ID 0x28; discarded 1 byte(s)
[23:07:54.695] BAD_PACKET[COM9] unknown packet ID 0x38; discarded 1 byte(s)
[23:07:54.697] BAD_PACKET[COM9] unknown packet ID 0x20; discarded 1 byte(s)
[23:07:54.697] BAD_PACKET[COM9] unknown packet ID 0x62; discarded 1 byte(s)
[23:07:54.697] BAD_PACKET[COM9] unknown packet ID 0x79; discarded 1 byte(s)
[23:07:54.698] BAD_PACKET[COM9] unknown packet ID 0x74; discarded 1 byte(s)
[23:07:54.698] BAD_PACKET[COM9] unknown packet ID 0x65; discarded 1 byte(s)
[23:07:54.699] BAD_PACKET[COM9] unknown packet ID 0x73; discarded 1 byte(s)
[23:07:54.699] BAD_PACKET[COM9] unknown packet ID 0x29; discarded 1 byte(s)
[23:07:54.699] BAD_PACKET[COM9] unknown packet ID 0x0d; discarded 1 byte(s)
[23:07:54.700] BAD_PACKET[COM9] unknown packet ID 0x0a; discarded 1 byte(s)
[23:07:54.700] RX[COM9]  49
[23:07:54.700] BAD_PACKET[COM9] unknown packet ID 0x49; discarded 1 byte(s)
[23:07:54.701] RX[COM9]  20 28 31 35 33 34 39 29 20 61 70 65 72 74 75 72 65 3a 20 48 65 61 72 74 62 65 61 74 20 73 65 6e 74 0d 0a
[23:07:54.701] BAD_PACKET[COM9] unknown packet ID 0x20; discarded 1 byte(s)
[23:07:54.702] BAD_PACKET[COM9] unknown packet ID 0x28; discarded 1 byte(s)
[23:07:54.705] BAD_PACKET[COM9] unknown packet ID 0x31; discarded 1 byte(s)
[23:07:54.706] BAD_PACKET[COM9] unknown packet ID 0x35; discarded 1 byte(s)
[23:07:54.706] BAD_PACKET[COM9] unknown packet ID 0x33; discarded 1 byte(s)
[23:07:54.707] BAD_PACKET[COM9] unknown packet ID 0x34; discarded 1 byte(s)
[23:07:54.707] BAD_PACKET[COM9] unknown packet ID 0x39; discarded 1 byte(s)
[23:07:54.708] BAD_PACKET[COM9] unknown packet ID 0x29; discarded 1 byte(s)
[23:07:54.709] BAD_PACKET[COM9] unknown packet ID 0x20; discarded 1 byte(s)
[23:07:54.710] BAD_PACKET[COM9] unknown packet ID 0x61; discarded 1 byte(s)
[23:07:54.711] BAD_PACKET[COM9] unknown packet ID 0x70; discarded 1 byte(s)
[23:07:54.711] BAD_PACKET[COM9] unknown packet ID 0x65; discarded 1 byte(s)
[23:07:54.712] BAD_PACKET[COM9] unknown packet ID 0x72; discarded 1 byte(s)
[23:07:54.713] BAD_PACKET[COM9] unknown packet ID 0x74; discarded 1 byte(s)
[23:07:54.713] BAD_PACKET[COM9] unknown packet ID 0x75; discarded 1 byte(s)
[23:07:54.713] BAD_PACKET[COM9] unknown packet ID 0x72; discarded 1 byte(s)
[23:07:54.714] BAD_PACKET[COM9] unknown packet ID 0x65; discarded 1 byte(s)
[23:07:54.714] BAD_PACKET[COM9] unknown packet ID 0x3a; discarded 1 byte(s)
[23:07:54.714] BAD_PACKET[COM9] unknown packet ID 0x20; discarded 1 byte(s)
[23:07:54.715] BAD_PACKET[COM9] unknown packet ID 0x48; discarded 1 byte(s)
[23:07:54.715] BAD_PACKET[COM9] unknown packet ID 0x65; discarded 1 byte(s)
[23:07:54.716] BAD_PACKET[COM9] unknown packet ID 0x61; discarded 1 byte(s)
[23:07:54.716] BAD_PACKET[COM9] unknown packet ID 0x72; discarded 1 byte(s)
[23:07:54.716] BAD_PACKET[COM9] unknown packet ID 0x74; discarded 1 byte(s)
[23:07:54.717] BAD_PACKET[COM9] unknown packet ID 0x62; discarded 1 byte(s)
[23:07:54.718] BAD_PACKET[COM9] unknown packet ID 0x65; discarded 1 byte(s)
[23:07:54.719] BAD_PACKET[COM9] unknown packet ID 0x61; discarded 1 byte(s)
[23:07:54.719] BAD_PACKET[COM9] unknown packet ID 0x74; discarded 1 byte(s)
[23:07:54.720] BAD_PACKET[COM9] unknown packet ID 0x20; discarded 1 byte(s)
[23:07:54.720] BAD_PACKET[COM9] unknown packet ID 0x73; discarded 1 byte(s)
[23:07:54.721] BAD_PACKET[COM9] unknown packet ID 0x65; discarded 1 byte(s)
[23:07:54.721] BAD_PACKET[COM9] unknown packet ID 0x6e; discarded 1 byte(s)
[23:07:54.721] BAD_PACKET[COM9] unknown packet ID 0x74; discarded 1 byte(s)
[23:07:54.722] BAD_PACKET[COM9] unknown packet ID 0x0d; discarded 1 byte(s)
[23:07:54.722] BAD_PACKET[COM9] unknown packet ID 0x0a; discarded 1 byte(s)
[23:07:55.682] RX[COM9]  49
[23:07:55.683] BAD_PACKET[COM9] unknown packet ID 0x49; discarded 1 byte(s)
[23:07:55.684] RX[COM9]  20 28 31 36 33 30 39 29 20 61 70 65 72 74 75 72 65 3a 20 53 65 6e 64 69 6e 67 20 68 65 61 72 74 62 65 61 74 20 28 38 20 62 79 74 65 73 29 0d 0a
[23:07:55.684] BAD_PACKET[COM9] unknown packet ID 0x20; discarded 1 byte(s)
[23:07:55.685] BAD_PACKET[COM9] unknown packet ID 0x28; discarded 1 byte(s)
[23:07:55.686] BAD_PACKET[COM9] unknown packet ID 0x31; discarded 1 byte(s)
[23:07:55.686] BAD_PACKET[COM9] unknown packet ID 0x36; discarded 1 byte(s)
[23:07:55.687] BAD_PACKET[COM9] unknown packet ID 0x33; discarded 1 byte(s)
[23:07:55.691] BAD_PACKET[COM9] unknown packet ID 0x30; discarded 1 byte(s)
[23:07:55.692] BAD_PACKET[COM9] unknown packet ID 0x39; discarded 1 byte(s)
[23:07:55.692] BAD_PACKET[COM9] unknown packet ID 0x29; discarded 1 byte(s)
[23:07:55.693] BAD_PACKET[COM9] unknown packet ID 0x20; discarded 1 byte(s)
[23:07:55.694] BAD_PACKET[COM9] unknown packet ID 0x61; discarded 1 byte(s)
[23:07:55.694] BAD_PACKET[COM9] unknown packet ID 0x70; discarded 1 byte(s)
[23:07:55.695] BAD_PACKET[COM9] unknown packet ID 0x65; discarded 1 byte(s)
[23:07:55.696] BAD_PACKET[COM9] unknown packet ID 0x72; discarded 1 byte(s)
[23:07:55.696] BAD_PACKET[COM9] unknown packet ID 0x74; discarded 1 byte(s)
[23:07:55.696] BAD_PACKET[COM9] unknown packet ID 0x75; discarded 1 byte(s)
[23:07:55.697] BAD_PACKET[COM9] unknown packet ID 0x72; discarded 1 byte(s)
[23:07:55.697] BAD_PACKET[COM9] unknown packet ID 0x65; discarded 1 byte(s)
[23:07:55.697] BAD_PACKET[COM9] unknown packet ID 0x3a; discarded 1 byte(s)
[23:07:55.698] BAD_PACKET[COM9] unknown packet ID 0x20; discarded 1 byte(s)
[23:07:55.698] BAD_PACKET[COM9] unknown packet ID 0x53; discarded 1 byte(s)
[23:07:55.698] BAD_PACKET[COM9] unknown packet ID 0x65; discarded 1 byte(s)
[23:07:55.698] BAD_PACKET[COM9] unknown packet ID 0x6e; discarded 1 byte(s)
[23:07:55.699] BAD_PACKET[COM9] unknown packet ID 0x64; discarded 1 byte(s)
[23:07:55.699] BAD_PACKET[COM9] unknown packet ID 0x69; discarded 1 byte(s)
[23:07:55.699] BAD_PACKET[COM9] unknown packet ID 0x6e; discarded 1 byte(s)
[23:07:55.700] BAD_PACKET[COM9] unknown packet ID 0x67; discarded 1 byte(s)
[23:07:55.701] BAD_PACKET[COM9] unknown packet ID 0x20; discarded 1 byte(s)
[23:07:55.703] BAD_PACKET[COM9] unknown packet ID 0x68; discarded 1 byte(s)
[23:07:55.703] BAD_PACKET[COM9] unknown packet ID 0x65; discarded 1 byte(s)
[23:07:55.704] BAD_PACKET[COM9] unknown packet ID 0x61; discarded 1 byte(s)
[23:07:55.705] BAD_PACKET[COM9] unknown packet ID 0x72; discarded 1 byte(s)
[23:07:55.705] BAD_PACKET[COM9] unknown packet ID 0x74; discarded 1 byte(s)
[23:07:55.706] BAD_PACKET[COM9] unknown packet ID 0x62; discarded 1 byte(s)
[23:07:55.707] BAD_PACKET[COM9] unknown packet ID 0x65; discarded 1 byte(s)
[23:07:55.707] BAD_PACKET[COM9] unknown packet ID 0x61; discarded 1 byte(s)
[23:07:55.708] BAD_PACKET[COM9] unknown packet ID 0x74; discarded 1 byte(s)
[23:07:55.709] BAD_PACKET[COM9] unknown packet ID 0x20; discarded 1 byte(s)
[23:07:55.710] BAD_PACKET[COM9] unknown packet ID 0x28; discarded 1 byte(s)
[23:07:55.711] BAD_PACKET[COM9] unknown packet ID 0x38; discarded 1 byte(s)
[23:07:55.712] BAD_PACKET[COM9] unknown packet ID 0x20; discarded 1 byte(s)
[23:07:55.712] BAD_PACKET[COM9] unknown packet ID 0x62; discarded 1 byte(s)
[23:07:55.713] BAD_PACKET[COM9] unknown packet ID 0x79; discarded 1 byte(s)
[23:07:55.713] BAD_PACKET[COM9] unknown packet ID 0x74; discarded 1 byte(s)
[23:07:55.713] BAD_PACKET[COM9] unknown packet ID 0x65; discarded 1 byte(s)
[23:07:55.713] BAD_PACKET[COM9] unknown packet ID 0x73; discarded 1 byte(s)
[23:07:55.714] BAD_PACKET[COM9] unknown packet ID 0x29; discarded 1 byte(s)
[23:07:55.714] BAD_PACKET[COM9] unknown packet ID 0x0d; discarded 1 byte(s)
[23:07:55.714] BAD_PACKET[COM9] unknown packet ID 0x0a; discarded 1 byte(s)
[23:07:55.715] RX[COM9]  49
[23:07:55.715] BAD_PACKET[COM9] unknown packet ID 0x49; discarded 1 byte(s)
[23:07:55.717] RX[COM9]  20 28 31 36 33 34 39 29 20 61 70 65 72 74 75 72 65 3a 20 48 65 61 72 74 62 65 61 74 20 73 65 6e 74 0d 0a
[23:07:55.717] BAD_PACKET[COM9] unknown packet ID 0x20; discarded 1 byte(s)
[23:07:55.718] BAD_PACKET[COM9] unknown packet ID 0x28; discarded 1 byte(s)
[23:07:55.718] BAD_PACKET[COM9] unknown packet ID 0x31; discarded 1 byte(s)
[23:07:55.719] BAD_PACKET[COM9] unknown packet ID 0x36; discarded 1 byte(s)
[23:07:55.720] BAD_PACKET[COM9] unknown packet ID 0x33; discarded 1 byte(s)
[23:07:55.720] BAD_PACKET[COM9] unknown packet ID 0x34; discarded 1 byte(s)
[23:07:55.721] BAD_PACKET[COM9] unknown packet ID 0x39; discarded 1 byte(s)
[23:07:55.722] BAD_PACKET[COM9] unknown packet ID 0x29; discarded 1 byte(s)
[23:07:55.722] BAD_PACKET[COM9] unknown packet ID 0x20; discarded 1 byte(s)
[23:07:55.724] BAD_PACKET[COM9] unknown packet ID 0x61; discarded 1 byte(s)
[23:07:55.724] BAD_PACKET[COM9] unknown packet ID 0x70; discarded 1 byte(s)
[23:07:55.725] BAD_PACKET[COM9] unknown packet ID 0x65; discarded 1 byte(s)
[23:07:55.725] BAD_PACKET[COM9] unknown packet ID 0x72; discarded 1 byte(s)
[23:07:55.726] BAD_PACKET[COM9] unknown packet ID 0x74; discarded 1 byte(s)
[23:07:55.726] BAD_PACKET[COM9] unknown packet ID 0x75; discarded 1 byte(s)
[23:07:55.727] BAD_PACKET[COM9] unknown packet ID 0x72; discarded 1 byte(s)
[23:07:55.728] BAD_PACKET[COM9] unknown packet ID 0x65; discarded 1 byte(s)
[23:07:55.728] BAD_PACKET[COM9] unknown packet ID 0x3a; discarded 1 byte(s)
[23:07:55.729] BAD_PACKET[COM9] unknown packet ID 0x20; discarded 1 byte(s)
[23:07:55.730] BAD_PACKET[COM9] unknown packet ID 0x48; discarded 1 byte(s)
[23:07:55.730] BAD_PACKET[COM9] unknown packet ID 0x65; discarded 1 byte(s)
[23:07:55.731] BAD_PACKET[COM9] unknown packet ID 0x61; discarded 1 byte(s)
[23:07:55.731] BAD_PACKET[COM9] unknown packet ID 0x72; discarded 1 byte(s)
[23:07:55.732] BAD_PACKET[COM9] unknown packet ID 0x74; discarded 1 byte(s)
[23:07:55.732] BAD_PACKET[COM9] unknown packet ID 0x62; discarded 1 byte(s)
[23:07:55.732] BAD_PACKET[COM9] unknown packet ID 0x65; discarded 1 byte(s)
[23:07:55.733] BAD_PACKET[COM9] unknown packet ID 0x61; discarded 1 byte(s)
[23:07:55.734] BAD_PACKET[COM9] unknown packet ID 0x74; discarded 1 byte(s)
[23:07:55.734] BAD_PACKET[COM9] unknown packet ID 0x20; discarded 1 byte(s)
[23:07:55.735] BAD_PACKET[COM9] unknown packet ID 0x73; discarded 1 byte(s)
[23:07:55.735] BAD_PACKET[COM9] unknown packet ID 0x65; discarded 1 byte(s)
[23:07:55.736] BAD_PACKET[COM9] unknown packet ID 0x6e; discarded 1 byte(s)
[23:07:55.736] BAD_PACKET[COM9] unknown packet ID 0x74; discarded 1 byte(s)
[23:07:55.739] BAD_PACKET[COM9] unknown packet ID 0x0d; discarded 1 byte(s)
[23:07:55.740] BAD_PACKET[COM9] unknown packet ID 0x0a; discarded 1 byte(s)
[23:07:56.815] RX[COM9]  49
[23:07:56.819] BAD_PACKET[COM9] unknown packet ID 0x49; discarded 1 byte(s)
[23:07:56.823] RX[COM9]  20 28 31 37 33 30 39 29 20 61 70 65 72 74 75 72 65 3a 20 53 65 6e 64 69 6e 67 20 68 65 61 72 74 62 65 61 74 20 28 38 20 62 79 74 65 73 29 0d 0a
[23:07:56.823] BAD_PACKET[COM9] unknown packet ID 0x20; discarded 1 byte(s)
[23:07:56.824] BAD_PACKET[COM9] unknown packet ID 0x28; discarded 1 byte(s)
[23:07:56.825] BAD_PACKET[COM9] unknown packet ID 0x31; discarded 1 byte(s)
[23:07:56.825] BAD_PACKET[COM9] unknown packet ID 0x37; discarded 1 byte(s)
[23:07:56.826] BAD_PACKET[COM9] unknown packet ID 0x33; discarded 1 byte(s)
[23:07:56.829] BAD_PACKET[COM9] unknown packet ID 0x30; discarded 1 byte(s)
[23:07:56.829] BAD_PACKET[COM9] unknown packet ID 0x39; discarded 1 byte(s)
[23:07:56.830] BAD_PACKET[COM9] unknown packet ID 0x29; discarded 1 byte(s)
[23:07:56.830] BAD_PACKET[COM9] unknown packet ID 0x20; discarded 1 byte(s)
[23:07:56.831] BAD_PACKET[COM9] unknown packet ID 0x61; discarded 1 byte(s)
[23:07:56.831] BAD_PACKET[COM9] unknown packet ID 0x70; discarded 1 byte(s)
[23:07:56.831] BAD_PACKET[COM9] unknown packet ID 0x65; discarded 1 byte(s)
[23:07:56.831] BAD_PACKET[COM9] unknown packet ID 0x72; discarded 1 byte(s)
[23:07:56.831] BAD_PACKET[COM9] unknown packet ID 0x74; discarded 1 byte(s)
[23:07:56.832] BAD_PACKET[COM9] unknown packet ID 0x75; discarded 1 byte(s)
[23:07:56.832] BAD_PACKET[COM9] unknown packet ID 0x72; discarded 1 byte(s)
[23:07:56.833] BAD_PACKET[COM9] unknown packet ID 0x65; discarded 1 byte(s)
[23:07:56.833] BAD_PACKET[COM9] unknown packet ID 0x3a; discarded 1 byte(s)
[23:07:56.834] BAD_PACKET[COM9] unknown packet ID 0x20; discarded 1 byte(s)
[23:07:56.836] BAD_PACKET[COM9] unknown packet ID 0x53; discarded 1 byte(s)
[23:07:56.836] BAD_PACKET[COM9] unknown packet ID 0x65; discarded 1 byte(s)
[23:07:56.837] BAD_PACKET[COM9] unknown packet ID 0x6e; discarded 1 byte(s)
[23:07:56.837] BAD_PACKET[COM9] unknown packet ID 0x64; discarded 1 byte(s)
[23:07:56.837] BAD_PACKET[COM9] unknown packet ID 0x69; discarded 1 byte(s)
[23:07:56.837] BAD_PACKET[COM9] unknown packet ID 0x6e; discarded 1 byte(s)
[23:07:56.838] BAD_PACKET[COM9] unknown packet ID 0x67; discarded 1 byte(s)
[23:07:56.838] BAD_PACKET[COM9] unknown packet ID 0x20; discarded 1 byte(s)
[23:07:56.838] BAD_PACKET[COM9] unknown packet ID 0x68; discarded 1 byte(s)
[23:07:56.838] BAD_PACKET[COM9] unknown packet ID 0x65; discarded 1 byte(s)
[23:07:56.839] BAD_PACKET[COM9] unknown packet ID 0x61; discarded 1 byte(s)
[23:07:56.839] BAD_PACKET[COM9] unknown packet ID 0x72; discarded 1 byte(s)
[23:07:56.840] BAD_PACKET[COM9] unknown packet ID 0x74; discarded 1 byte(s)
[23:07:56.840] BAD_PACKET[COM9] unknown packet ID 0x62; discarded 1 byte(s)
[23:07:56.840] BAD_PACKET[COM9] unknown packet ID 0x65; discarded 1 byte(s)
[23:07:56.841] BAD_PACKET[COM9] unknown packet ID 0x61; discarded 1 byte(s)
[23:07:56.842] BAD_PACKET[COM9] unknown packet ID 0x74; discarded 1 byte(s)
[23:07:56.842] BAD_PACKET[COM9] unknown packet ID 0x20; discarded 1 byte(s)
[23:07:56.843] BAD_PACKET[COM9] unknown packet ID 0x28; discarded 1 byte(s)
[23:07:56.843] BAD_PACKET[COM9] unknown packet ID 0x38; discarded 1 byte(s)
[23:07:56.844] BAD_PACKET[COM9] unknown packet ID 0x20; discarded 1 byte(s)
[23:07:56.845] BAD_PACKET[COM9] unknown packet ID 0x62; discarded 1 byte(s)
[23:07:56.845] BAD_PACKET[COM9] unknown packet ID 0x79; discarded 1 byte(s)
[23:07:56.846] BAD_PACKET[COM9] unknown packet ID 0x74; discarded 1 byte(s)
[23:07:56.846] BAD_PACKET[COM9] unknown packet ID 0x65; discarded 1 byte(s)
[23:07:56.847] BAD_PACKET[COM9] unknown packet ID 0x73; discarded 1 byte(s)
[23:07:56.847] BAD_PACKET[COM9] unknown packet ID 0x29; discarded 1 byte(s)
[23:07:56.847] BAD_PACKET[COM9] unknown packet ID 0x0d; discarded 1 byte(s)
[23:07:56.847] BAD_PACKET[COM9] unknown packet ID 0x0a; discarded 1 byte(s)
[23:07:56.849] RX[COM9]  49
[23:07:56.849] BAD_PACKET[COM9] unknown packet ID 0x49; discarded 1 byte(s)
[23:07:56.849] RX[COM9]  20 28 31 37 33 34 39 29 20 61 70 65 72 74 75 72 65 3a 20 48 65 61 72 74 62 65 61 74 20 73 65 6e 74 0d 0a
[23:07:56.850] BAD_PACKET[COM9] unknown packet ID 0x20; discarded 1 byte(s)
[23:07:56.850] BAD_PACKET[COM9] unknown packet ID 0x28; discarded 1 byte(s)
[23:07:56.851] BAD_PACKET[COM9] unknown packet ID 0x31; discarded 1 byte(s)
[23:07:56.851] BAD_PACKET[COM9] unknown packet ID 0x37; discarded 1 byte(s)
[23:07:56.852] BAD_PACKET[COM9] unknown packet ID 0x33; discarded 1 byte(s)
[23:07:56.852] BAD_PACKET[COM9] unknown packet ID 0x34; discarded 1 byte(s)
[23:07:56.852] BAD_PACKET[COM9] unknown packet ID 0x39; discarded 1 byte(s)
[23:07:56.854] BAD_PACKET[COM9] unknown packet ID 0x29; discarded 1 byte(s)
[23:07:56.854] BAD_PACKET[COM9] unknown packet ID 0x20; discarded 1 byte(s)
[23:07:56.854] BAD_PACKET[COM9] unknown packet ID 0x61; discarded 1 byte(s)
[23:07:56.854] BAD_PACKET[COM9] unknown packet ID 0x70; discarded 1 byte(s)
[23:07:56.855] BAD_PACKET[COM9] unknown packet ID 0x65; discarded 1 byte(s)
[23:07:56.858] BAD_PACKET[COM9] unknown packet ID 0x72; discarded 1 byte(s)
[23:07:56.859] BAD_PACKET[COM9] unknown packet ID 0x74; discarded 1 byte(s)
[23:07:56.859] BAD_PACKET[COM9] unknown packet ID 0x75; discarded 1 byte(s)
[23:07:56.859] BAD_PACKET[COM9] unknown packet ID 0x72; discarded 1 byte(s)
[23:07:56.860] BAD_PACKET[COM9] unknown packet ID 0x65; discarded 1 byte(s)
[23:07:56.860] BAD_PACKET[COM9] unknown packet ID 0x3a; discarded 1 byte(s)
[23:07:56.860] BAD_PACKET[COM9] unknown packet ID 0x20; discarded 1 byte(s)
[23:07:56.861] BAD_PACKET[COM9] unknown packet ID 0x48; discarded 1 byte(s)
[23:07:56.862] BAD_PACKET[COM9] unknown packet ID 0x65; discarded 1 byte(s)
[23:07:56.863] BAD_PACKET[COM9] unknown packet ID 0x61; discarded 1 byte(s)
[23:07:56.863] BAD_PACKET[COM9] unknown packet ID 0x72; discarded 1 byte(s)
[23:07:56.866] BAD_PACKET[COM9] unknown packet ID 0x74; discarded 1 byte(s)
[23:07:56.866] BAD_PACKET[COM9] unknown packet ID 0x62; discarded 1 byte(s)
[23:07:56.866] BAD_PACKET[COM9] unknown packet ID 0x65; discarded 1 byte(s)
[23:07:56.867] BAD_PACKET[COM9] unknown packet ID 0x61; discarded 1 byte(s)
[23:07:56.867] BAD_PACKET[COM9] unknown packet ID 0x74; discarded 1 byte(s)
[23:07:56.867] BAD_PACKET[COM9] unknown packet ID 0x20; discarded 1 byte(s)
[23:07:56.868] BAD_PACKET[COM9] unknown packet ID 0x73; discarded 1 byte(s)
[23:07:56.868] BAD_PACKET[COM9] unknown packet ID 0x65; discarded 1 byte(s)
[23:07:56.868] BAD_PACKET[COM9] unknown packet ID 0x6e; discarded 1 byte(s)
[23:07:56.869] BAD_PACKET[COM9] unknown packet ID 0x74; discarded 1 byte(s)
[23:07:56.870] BAD_PACKET[COM9] unknown packet ID 0x0d; discarded 1 byte(s)
[23:07:56.871] BAD_PACKET[COM9] unknown packet ID 0x0a; discarded 1 byte(s)
[23:07:57.684] RX[COM9]  49
[23:07:57.687] BAD_PACKET[COM9] unknown packet ID 0x49; discarded 1 byte(s)
[23:07:57.689] RX[COM9]  20 28 31 38 33 30 39 29 20 61 70 65 72 74 75 72 65 3a 20 53 65 6e 64 69 6e 67 20 68 65 61 72 74 62 65 61 74 20 28 38 20 62 79 74 65 73 29 0d 0a
[23:07:57.691] BAD_PACKET[COM9] unknown packet ID 0x20; discarded 1 byte(s)
[23:07:57.692] BAD_PACKET[COM9] unknown packet ID 0x28; discarded 1 byte(s)
[23:07:57.692] BAD_PACKET[COM9] unknown packet ID 0x31; discarded 1 byte(s)
[23:07:57.693] BAD_PACKET[COM9] unknown packet ID 0x38; discarded 1 byte(s)
[23:07:57.693] BAD_PACKET[COM9] unknown packet ID 0x33; discarded 1 byte(s)
[23:07:57.694] BAD_PACKET[COM9] unknown packet ID 0x30; discarded 1 byte(s)
[23:07:57.695] BAD_PACKET[COM9] unknown packet ID 0x39; discarded 1 byte(s)
[23:07:57.696] BAD_PACKET[COM9] unknown packet ID 0x29; discarded 1 byte(s)
[23:07:57.696] BAD_PACKET[COM9] unknown packet ID 0x20; discarded 1 byte(s)
[23:07:57.696] BAD_PACKET[COM9] unknown packet ID 0x61; discarded 1 byte(s)
[23:07:57.697] BAD_PACKET[COM9] unknown packet ID 0x70; discarded 1 byte(s)
[23:07:57.699] BAD_PACKET[COM9] unknown packet ID 0x65; discarded 1 byte(s)
[23:07:57.699] BAD_PACKET[COM9] unknown packet ID 0x72; discarded 1 byte(s)
[23:07:57.700] BAD_PACKET[COM9] unknown packet ID 0x74; discarded 1 byte(s)
[23:07:57.700] BAD_PACKET[COM9] unknown packet ID 0x75; discarded 1 byte(s)
[23:07:57.701] BAD_PACKET[COM9] unknown packet ID 0x72; discarded 1 byte(s)
[23:07:57.701] BAD_PACKET[COM9] unknown packet ID 0x65; discarded 1 byte(s)
[23:07:57.701] BAD_PACKET[COM9] unknown packet ID 0x3a; discarded 1 byte(s)
[23:07:57.702] BAD_PACKET[COM9] unknown packet ID 0x20; discarded 1 byte(s)
[23:07:57.703] BAD_PACKET[COM9] unknown packet ID 0x53; discarded 1 byte(s)
[23:07:57.703] BAD_PACKET[COM9] unknown packet ID 0x65; discarded 1 byte(s)
[23:07:57.704] BAD_PACKET[COM9] unknown packet ID 0x6e; discarded 1 byte(s)
[23:07:57.706] BAD_PACKET[COM9] unknown packet ID 0x64; discarded 1 byte(s)
[23:07:57.707] BAD_PACKET[COM9] unknown packet ID 0x69; discarded 1 byte(s)
[23:07:57.707] BAD_PACKET[COM9] unknown packet ID 0x6e; discarded 1 byte(s)
[23:07:57.707] BAD_PACKET[COM9] unknown packet ID 0x67; discarded 1 byte(s)
[23:07:57.708] BAD_PACKET[COM9] unknown packet ID 0x20; discarded 1 byte(s)
[23:07:57.708] BAD_PACKET[COM9] unknown packet ID 0x68; discarded 1 byte(s)
[23:07:57.709] BAD_PACKET[COM9] unknown packet ID 0x65; discarded 1 byte(s)
[23:07:57.709] BAD_PACKET[COM9] unknown packet ID 0x61; discarded 1 byte(s)
[23:07:57.709] BAD_PACKET[COM9] unknown packet ID 0x72; discarded 1 byte(s)
[23:07:57.710] BAD_PACKET[COM9] unknown packet ID 0x74; discarded 1 byte(s)
[23:07:57.711] BAD_PACKET[COM9] unknown packet ID 0x62; discarded 1 byte(s)
[23:07:57.711] BAD_PACKET[COM9] unknown packet ID 0x65; discarded 1 byte(s)
[23:07:57.714] BAD_PACKET[COM9] unknown packet ID 0x61; discarded 1 byte(s)
[23:07:57.714] BAD_PACKET[COM9] unknown packet ID 0x74; discarded 1 byte(s)
[23:07:57.715] BAD_PACKET[COM9] unknown packet ID 0x20; discarded 1 byte(s)
[23:07:57.715] BAD_PACKET[COM9] unknown packet ID 0x28; discarded 1 byte(s)
[23:07:57.715] BAD_PACKET[COM9] unknown packet ID 0x38; discarded 1 byte(s)
[23:07:57.716] BAD_PACKET[COM9] unknown packet ID 0x20; discarded 1 byte(s)
[23:07:57.716] BAD_PACKET[COM9] unknown packet ID 0x62; discarded 1 byte(s)
[23:07:57.716] BAD_PACKET[COM9] unknown packet ID 0x79; discarded 1 byte(s)
[23:07:57.717] BAD_PACKET[COM9] unknown packet ID 0x74; discarded 1 byte(s)
[23:07:57.717] BAD_PACKET[COM9] unknown packet ID 0x65; discarded 1 byte(s)
[23:07:57.718] BAD_PACKET[COM9] unknown packet ID 0x73; discarded 1 byte(s)
[23:07:57.720] BAD_PACKET[COM9] unknown packet ID 0x29; discarded 1 byte(s)
[23:07:57.721] BAD_PACKET[COM9] unknown packet ID 0x0d; discarded 1 byte(s)
[23:07:57.721] BAD_PACKET[COM9] unknown packet ID 0x0a; discarded 1 byte(s)
[23:07:57.721] RX[COM9]  49
[23:07:57.722] BAD_PACKET[COM9] unknown packet ID 0x49; discarded 1 byte(s)
[23:07:57.723] RX[COM9]  20 28 31 38 33 34 39 29 20 61 70 65 72 74 75 72 65 3a 20 48 65 61 72 74 62 65 61 74 20 73 65 6e 74 0d 0a
[23:07:57.723] BAD_PACKET[COM9] unknown packet ID 0x20; discarded 1 byte(s)
[23:07:57.724] BAD_PACKET[COM9] unknown packet ID 0x28; discarded 1 byte(s)
[23:07:57.724] BAD_PACKET[COM9] unknown packet ID 0x31; discarded 1 byte(s)
[23:07:57.724] BAD_PACKET[COM9] unknown packet ID 0x38; discarded 1 byte(s)
[23:07:57.725] BAD_PACKET[COM9] unknown packet ID 0x33; discarded 1 byte(s)
[23:07:57.727] BAD_PACKET[COM9] unknown packet ID 0x34; discarded 1 byte(s)
[23:07:57.728] BAD_PACKET[COM9] unknown packet ID 0x39; discarded 1 byte(s)
[23:07:57.728] BAD_PACKET[COM9] unknown packet ID 0x29; discarded 1 byte(s)
[23:07:57.729] BAD_PACKET[COM9] unknown packet ID 0x20; discarded 1 byte(s)
[23:07:57.729] BAD_PACKET[COM9] unknown packet ID 0x61; discarded 1 byte(s)
[23:07:57.730] BAD_PACKET[COM9] unknown packet ID 0x70; discarded 1 byte(s)
[23:07:57.730] BAD_PACKET[COM9] unknown packet ID 0x65; discarded 1 byte(s)
[23:07:57.731] BAD_PACKET[COM9] unknown packet ID 0x72; discarded 1 byte(s)
[23:07:57.731] BAD_PACKET[COM9] unknown packet ID 0x74; discarded 1 byte(s)
[23:07:57.731] BAD_PACKET[COM9] unknown packet ID 0x75; discarded 1 byte(s)
[23:07:57.732] BAD_PACKET[COM9] unknown packet ID 0x72; discarded 1 byte(s)
[23:07:57.734] BAD_PACKET[COM9] unknown packet ID 0x65; discarded 1 byte(s)
[23:07:57.734] BAD_PACKET[COM9] unknown packet ID 0x3a; discarded 1 byte(s)
[23:07:57.734] BAD_PACKET[COM9] unknown packet ID 0x20; discarded 1 byte(s)
[23:07:57.735] BAD_PACKET[COM9] unknown packet ID 0x48; discarded 1 byte(s)
[23:07:57.735] BAD_PACKET[COM9] unknown packet ID 0x65; discarded 1 byte(s)
[23:07:57.736] BAD_PACKET[COM9] unknown packet ID 0x61; discarded 1 byte(s)
[23:07:57.736] BAD_PACKET[COM9] unknown packet ID 0x72; discarded 1 byte(s)
[23:07:57.737] BAD_PACKET[COM9] unknown packet ID 0x74; discarded 1 byte(s)
[23:07:57.737] BAD_PACKET[COM9] unknown packet ID 0x62; discarded 1 byte(s)
[23:07:57.738] BAD_PACKET[COM9] unknown packet ID 0x65; discarded 1 byte(s)
[23:07:57.738] BAD_PACKET[COM9] unknown packet ID 0x61; discarded 1 byte(s)
[23:07:57.738] BAD_PACKET[COM9] unknown packet ID 0x74; discarded 1 byte(s)
[23:07:57.739] BAD_PACKET[COM9] unknown packet ID 0x20; discarded 1 byte(s)
[23:07:57.740] BAD_PACKET[COM9] unknown packet ID 0x73; discarded 1 byte(s)
[23:07:57.741] BAD_PACKET[COM9] unknown packet ID 0x65; discarded 1 byte(s)
[23:07:57.741] BAD_PACKET[COM9] unknown packet ID 0x6e; discarded 1 byte(s)
[23:07:57.742] BAD_PACKET[COM9] unknown packet ID 0x74; discarded 1 byte(s)
[23:07:57.742] BAD_PACKET[COM9] unknown packet ID 0x0d; discarded 1 byte(s)
[23:07:57.743] BAD_PACKET[COM9] unknown packet ID 0x0a; discarded 1 byte(s)
[23:07:58.650] RX[COM9]  49
[23:07:58.651] BAD_PACKET[COM9] unknown packet ID 0x49; discarded 1 byte(s)
[23:07:58.655] RX[COM9]  20 28 31 39 33 30 39 29 20 61 70 65 72 74 75 72 65 3a 20 53 65 6e 64 69 6e 67 20 68 65 61 72 74 62 65 61 74 20 28 38 20 62 79 74 65 73 29 0d 0a
[23:07:58.657] BAD_PACKET[COM9] unknown packet ID 0x20; discarded 1 byte(s)
[23:07:58.658] BAD_PACKET[COM9] unknown packet ID 0x28; discarded 1 byte(s)
[23:07:58.659] BAD_PACKET[COM9] unknown packet ID 0x31; discarded 1 byte(s)
[23:07:58.662] BAD_PACKET[COM9] unknown packet ID 0x39; discarded 1 byte(s)
[23:07:58.662] BAD_PACKET[COM9] unknown packet ID 0x33; discarded 1 byte(s)
[23:07:58.663] BAD_PACKET[COM9] unknown packet ID 0x30; discarded 1 byte(s)
[23:07:58.664] BAD_PACKET[COM9] unknown packet ID 0x39; discarded 1 byte(s)
[23:07:58.665] BAD_PACKET[COM9] unknown packet ID 0x29; discarded 1 byte(s)
[23:07:58.665] BAD_PACKET[COM9] unknown packet ID 0x20; discarded 1 byte(s)
[23:07:58.665] BAD_PACKET[COM9] unknown packet ID 0x61; discarded 1 byte(s)
[23:07:58.666] BAD_PACKET[COM9] unknown packet ID 0x70; discarded 1 byte(s)
[23:07:58.667] BAD_PACKET[COM9] unknown packet ID 0x65; discarded 1 byte(s)
[23:07:58.671] BAD_PACKET[COM9] unknown packet ID 0x72; discarded 1 byte(s)
[23:07:58.673] BAD_PACKET[COM9] unknown packet ID 0x74; discarded 1 byte(s)
[23:07:58.676] BAD_PACKET[COM9] unknown packet ID 0x75; discarded 1 byte(s)
[23:07:58.680] BAD_PACKET[COM9] unknown packet ID 0x72; discarded 1 byte(s)
[23:07:58.684] BAD_PACKET[COM9] unknown packet ID 0x65; discarded 1 byte(s)
[23:07:58.687] BAD_PACKET[COM9] unknown packet ID 0x3a; discarded 1 byte(s)
[23:07:58.687] BAD_PACKET[COM9] unknown packet ID 0x20; discarded 1 byte(s)
[23:07:58.689] BAD_PACKET[COM9] unknown packet ID 0x53; discarded 1 byte(s)
[23:07:58.690] BAD_PACKET[COM9] unknown packet ID 0x65; discarded 1 byte(s)
[23:07:58.690] BAD_PACKET[COM9] unknown packet ID 0x6e; discarded 1 byte(s)
[23:07:58.691] BAD_PACKET[COM9] unknown packet ID 0x64; discarded 1 byte(s)
[23:07:58.691] BAD_PACKET[COM9] unknown packet ID 0x69; discarded 1 byte(s)
[23:07:58.692] BAD_PACKET[COM9] unknown packet ID 0x6e; discarded 1 byte(s)
[23:07:58.693] BAD_PACKET[COM9] unknown packet ID 0x67; discarded 1 byte(s)
[23:07:58.694] BAD_PACKET[COM9] unknown packet ID 0x20; discarded 1 byte(s)
[23:07:58.699] BAD_PACKET[COM9] unknown packet ID 0x68; discarded 1 byte(s)
[23:07:58.699] BAD_PACKET[COM9] unknown packet ID 0x65; discarded 1 byte(s)
[23:07:58.700] BAD_PACKET[COM9] unknown packet ID 0x61; discarded 1 byte(s)
[23:07:58.701] BAD_PACKET[COM9] unknown packet ID 0x72; discarded 1 byte(s)
[23:07:58.701] BAD_PACKET[COM9] unknown packet ID 0x74; discarded 1 byte(s)
[23:07:58.701] BAD_PACKET[COM9] unknown packet ID 0x62; discarded 1 byte(s)
[23:07:58.704] BAD_PACKET[COM9] unknown packet ID 0x65; discarded 1 byte(s)
[23:07:58.704] BAD_PACKET[COM9] unknown packet ID 0x61; discarded 1 byte(s)
[23:07:58.705] BAD_PACKET[COM9] unknown packet ID 0x74; discarded 1 byte(s)
[23:07:58.705] BAD_PACKET[COM9] unknown packet ID 0x20; discarded 1 byte(s)
[23:07:58.706] BAD_PACKET[COM9] unknown packet ID 0x28; discarded 1 byte(s)
[23:07:58.706] BAD_PACKET[COM9] unknown packet ID 0x38; discarded 1 byte(s)
[23:07:58.707] BAD_PACKET[COM9] unknown packet ID 0x20; discarded 1 byte(s)
[23:07:58.707] BAD_PACKET[COM9] unknown packet ID 0x62; discarded 1 byte(s)
[23:07:58.707] BAD_PACKET[COM9] unknown packet ID 0x79; discarded 1 byte(s)
[23:07:58.708] BAD_PACKET[COM9] unknown packet ID 0x74; discarded 1 byte(s)
[23:07:58.708] BAD_PACKET[COM9] unknown packet ID 0x65; discarded 1 byte(s)
[23:07:58.710] BAD_PACKET[COM9] unknown packet ID 0x73; discarded 1 byte(s)
[23:07:58.711] BAD_PACKET[COM9] unknown packet ID 0x29; discarded 1 byte(s)
[23:07:58.711] BAD_PACKET[COM9] unknown packet ID 0x0d; discarded 1 byte(s)
[23:07:58.712] BAD_PACKET[COM9] unknown packet ID 0x0a; discarded 1 byte(s)
[23:07:58.712] RX[COM9]  49
[23:07:58.712] BAD_PACKET[COM9] unknown packet ID 0x49; discarded 1 byte(s)
[23:07:58.713] RX[COM9]  20 28 31 39 33 34 39 29 20 61 70 65 72 74 75 72 65 3a 20 48 65 61 72 74 62 65 61 74 20 73 65 6e 74 0d 0a
[23:07:58.713] BAD_PACKET[COM9] unknown packet ID 0x20; discarded 1 byte(s)
[23:07:58.713] BAD_PACKET[COM9] unknown packet ID 0x28; discarded 1 byte(s)
[23:07:58.714] BAD_PACKET[COM9] unknown packet ID 0x31; discarded 1 byte(s)
[23:07:58.714] BAD_PACKET[COM9] unknown packet ID 0x39; discarded 1 byte(s)
[23:07:58.714] BAD_PACKET[COM9] unknown packet ID 0x33; discarded 1 byte(s)
[23:07:58.715] BAD_PACKET[COM9] unknown packet ID 0x34; discarded 1 byte(s)
[23:07:58.715] BAD_PACKET[COM9] unknown packet ID 0x39; discarded 1 byte(s)
[23:07:58.715] BAD_PACKET[COM9] unknown packet ID 0x29; discarded 1 byte(s)
[23:07:58.716] BAD_PACKET[COM9] unknown packet ID 0x20; discarded 1 byte(s)
[23:07:58.717] BAD_PACKET[COM9] unknown packet ID 0x61; discarded 1 byte(s)
[23:07:58.719] BAD_PACKET[COM9] unknown packet ID 0x70; discarded 1 byte(s)
[23:07:58.719] BAD_PACKET[COM9] unknown packet ID 0x65; discarded 1 byte(s)
[23:07:58.719] BAD_PACKET[COM9] unknown packet ID 0x72; discarded 1 byte(s)
[23:07:58.720] BAD_PACKET[COM9] unknown packet ID 0x74; discarded 1 byte(s)
[23:07:58.720] BAD_PACKET[COM9] unknown packet ID 0x75; discarded 1 byte(s)
[23:07:58.721] BAD_PACKET[COM9] unknown packet ID 0x72; discarded 1 byte(s)
[23:07:58.721] BAD_PACKET[COM9] unknown packet ID 0x65; discarded 1 byte(s)
[23:07:58.722] BAD_PACKET[COM9] unknown packet ID 0x3a; discarded 1 byte(s)
[23:07:58.722] BAD_PACKET[COM9] unknown packet ID 0x20; discarded 1 byte(s)
[23:07:58.722] BAD_PACKET[COM9] unknown packet ID 0x48; discarded 1 byte(s)
[23:07:58.723] BAD_PACKET[COM9] unknown packet ID 0x65; discarded 1 byte(s)
[23:07:58.724] BAD_PACKET[COM9] unknown packet ID 0x61; discarded 1 byte(s)
[23:07:58.724] BAD_PACKET[COM9] unknown packet ID 0x72; discarded 1 byte(s)
[23:07:58.725] BAD_PACKET[COM9] unknown packet ID 0x74; discarded 1 byte(s)
[23:07:58.725] BAD_PACKET[COM9] unknown packet ID 0x62; discarded 1 byte(s)
[23:07:58.726] BAD_PACKET[COM9] unknown packet ID 0x65; discarded 1 byte(s)
[23:07:58.726] BAD_PACKET[COM9] unknown packet ID 0x61; discarded 1 byte(s)
[23:07:58.727] BAD_PACKET[COM9] unknown packet ID 0x74; discarded 1 byte(s)
[23:07:58.727] BAD_PACKET[COM9] unknown packet ID 0x20; discarded 1 byte(s)
[23:07:58.728] BAD_PACKET[COM9] unknown packet ID 0x73; discarded 1 byte(s)
[23:07:58.728] BAD_PACKET[COM9] unknown packet ID 0x65; discarded 1 byte(s)
[23:07:58.728] BAD_PACKET[COM9] unknown packet ID 0x6e; discarded 1 byte(s)
[23:07:58.729] BAD_PACKET[COM9] unknown packet ID 0x74; discarded 1 byte(s)
[23:07:58.729] BAD_PACKET[COM9] unknown packet ID 0x0d; discarded 1 byte(s)
[23:07:58.729] BAD_PACKET[COM9] unknown packet ID 0x0a; discarded 1 byte(s)
[23:07:59.648] RX[COM9]  49
[23:07:59.649] BAD_PACKET[COM9] unknown packet ID 0x49; discarded 1 byte(s)
[23:07:59.651] RX[COM9]  20 28 32 30 33 30 39 29 20 61 70 65 72 74 75 72 65 3a 20 53 65 6e 64 69 6e 67 20 68 65 61 72 74 62 65 61 74 20 28 38 20 62 79 74 65 73 29 0d 0a
[23:07:59.652] BAD_PACKET[COM9] unknown packet ID 0x20; discarded 1 byte(s)
[23:07:59.652] BAD_PACKET[COM9] unknown packet ID 0x28; discarded 1 byte(s)
[23:07:59.653] BAD_PACKET[COM9] unknown packet ID 0x32; discarded 1 byte(s)
[23:07:59.654] BAD_PACKET[COM9] unknown packet ID 0x30; discarded 1 byte(s)
[23:07:59.655] BAD_PACKET[COM9] unknown packet ID 0x33; discarded 1 byte(s)
[23:07:59.656] BAD_PACKET[COM9] unknown packet ID 0x30; discarded 1 byte(s)
[23:07:59.656] BAD_PACKET[COM9] unknown packet ID 0x39; discarded 1 byte(s)
[23:07:59.657] BAD_PACKET[COM9] unknown packet ID 0x29; discarded 1 byte(s)
[23:07:59.658] BAD_PACKET[COM9] unknown packet ID 0x20; discarded 1 byte(s)
[23:07:59.662] BAD_PACKET[COM9] unknown packet ID 0x61; discarded 1 byte(s)
[23:07:59.665] BAD_PACKET[COM9] unknown packet ID 0x70; discarded 1 byte(s)
[23:07:59.666] BAD_PACKET[COM9] unknown packet ID 0x65; discarded 1 byte(s)
[23:07:59.666] BAD_PACKET[COM9] unknown packet ID 0x72; discarded 1 byte(s)
[23:07:59.667] BAD_PACKET[COM9] unknown packet ID 0x74; discarded 1 byte(s)
[23:07:59.667] BAD_PACKET[COM9] unknown packet ID 0x75; discarded 1 byte(s)
[23:07:59.668] BAD_PACKET[COM9] unknown packet ID 0x72; discarded 1 byte(s)
[23:07:59.668] BAD_PACKET[COM9] unknown packet ID 0x65; discarded 1 byte(s)
[23:07:59.669] BAD_PACKET[COM9] unknown packet ID 0x3a; discarded 1 byte(s)
[23:07:59.670] BAD_PACKET[COM9] unknown packet ID 0x20; discarded 1 byte(s)
[23:07:59.671] BAD_PACKET[COM9] unknown packet ID 0x53; discarded 1 byte(s)
[23:07:59.671] BAD_PACKET[COM9] unknown packet ID 0x65; discarded 1 byte(s)
[23:07:59.672] BAD_PACKET[COM9] unknown packet ID 0x6e; discarded 1 byte(s)
[23:07:59.672] BAD_PACKET[COM9] unknown packet ID 0x64; discarded 1 byte(s)
[23:07:59.673] BAD_PACKET[COM9] unknown packet ID 0x69; discarded 1 byte(s)
[23:07:59.673] BAD_PACKET[COM9] unknown packet ID 0x6e; discarded 1 byte(s)
[23:07:59.674] BAD_PACKET[COM9] unknown packet ID 0x67; discarded 1 byte(s)
[23:07:59.674] BAD_PACKET[COM9] unknown packet ID 0x20; discarded 1 byte(s)
[23:07:59.675] BAD_PACKET[COM9] unknown packet ID 0x68; discarded 1 byte(s)
[23:07:59.675] BAD_PACKET[COM9] unknown packet ID 0x65; discarded 1 byte(s)
[23:07:59.676] BAD_PACKET[COM9] unknown packet ID 0x61; discarded 1 byte(s)
[23:07:59.678] BAD_PACKET[COM9] unknown packet ID 0x72; discarded 1 byte(s)
[23:07:59.678] BAD_PACKET[COM9] unknown packet ID 0x74; discarded 1 byte(s)
[23:07:59.679] BAD_PACKET[COM9] unknown packet ID 0x62; discarded 1 byte(s)
[23:07:59.679] BAD_PACKET[COM9] unknown packet ID 0x65; discarded 1 byte(s)
[23:07:59.680] BAD_PACKET[COM9] unknown packet ID 0x61; discarded 1 byte(s)
[23:07:59.680] BAD_PACKET[COM9] unknown packet ID 0x74; discarded 1 byte(s)
[23:07:59.681] BAD_PACKET[COM9] unknown packet ID 0x20; discarded 1 byte(s)
[23:07:59.681] BAD_PACKET[COM9] unknown packet ID 0x28; discarded 1 byte(s)
[23:07:59.682] BAD_PACKET[COM9] unknown packet ID 0x38; discarded 1 byte(s)
[23:07:59.682] BAD_PACKET[COM9] unknown packet ID 0x20; discarded 1 byte(s)
[23:07:59.683] BAD_PACKET[COM9] unknown packet ID 0x62; discarded 1 byte(s)
[23:07:59.684] BAD_PACKET[COM9] unknown packet ID 0x79; discarded 1 byte(s)
[23:07:59.684] BAD_PACKET[COM9] unknown packet ID 0x74; discarded 1 byte(s)
[23:07:59.685] BAD_PACKET[COM9] unknown packet ID 0x65; discarded 1 byte(s)
[23:07:59.685] BAD_PACKET[COM9] unknown packet ID 0x73; discarded 1 byte(s)
[23:07:59.686] BAD_PACKET[COM9] unknown packet ID 0x29; discarded 1 byte(s)
[23:07:59.687] BAD_PACKET[COM9] unknown packet ID 0x0d; discarded 1 byte(s)
[23:07:59.687] BAD_PACKET[COM9] unknown packet ID 0x0a; discarded 1 byte(s)
[23:07:59.688] RX[COM9]  49
[23:07:59.689] BAD_PACKET[COM9] unknown packet ID 0x49; discarded 1 byte(s)
[23:07:59.689] RX[COM9]  20 28 32 30 33 34 39 29 20 61 70 65 72 74 75 72 65 3a 20 48 65 61 72 74 62 65 61 74 20 73 65 6e 74 0d 0a
[23:07:59.689] BAD_PACKET[COM9] unknown packet ID 0x20; discarded 1 byte(s)
[23:07:59.690] BAD_PACKET[COM9] unknown packet ID 0x28; discarded 1 byte(s)
[23:07:59.690] BAD_PACKET[COM9] unknown packet ID 0x32; discarded 1 byte(s)
[23:07:59.691] BAD_PACKET[COM9] unknown packet ID 0x30; discarded 1 byte(s)
[23:07:59.691] BAD_PACKET[COM9] unknown packet ID 0x33; discarded 1 byte(s)
[23:07:59.691] BAD_PACKET[COM9] unknown packet ID 0x34; discarded 1 byte(s)
[23:07:59.692] BAD_PACKET[COM9] unknown packet ID 0x39; discarded 1 byte(s)
[23:07:59.693] BAD_PACKET[COM9] unknown packet ID 0x29; discarded 1 byte(s)
[23:07:59.693] BAD_PACKET[COM9] unknown packet ID 0x20; discarded 1 byte(s)
[23:07:59.694] BAD_PACKET[COM9] unknown packet ID 0x61; discarded 1 byte(s)
[23:07:59.694] BAD_PACKET[COM9] unknown packet ID 0x70; discarded 1 byte(s)
[23:07:59.695] BAD_PACKET[COM9] unknown packet ID 0x65; discarded 1 byte(s)
[23:07:59.695] BAD_PACKET[COM9] unknown packet ID 0x72; discarded 1 byte(s)
[23:07:59.695] BAD_PACKET[COM9] unknown packet ID 0x74; discarded 1 byte(s)
[23:07:59.696] BAD_PACKET[COM9] unknown packet ID 0x75; discarded 1 byte(s)
[23:07:59.696] BAD_PACKET[COM9] unknown packet ID 0x72; discarded 1 byte(s)
[23:07:59.696] BAD_PACKET[COM9] unknown packet ID 0x65; discarded 1 byte(s)
[23:07:59.697] BAD_PACKET[COM9] unknown packet ID 0x3a; discarded 1 byte(s)
[23:07:59.697] BAD_PACKET[COM9] unknown packet ID 0x20; discarded 1 byte(s)
[23:07:59.698] BAD_PACKET[COM9] unknown packet ID 0x48; discarded 1 byte(s)
[23:07:59.698] BAD_PACKET[COM9] unknown packet ID 0x65; discarded 1 byte(s)
[23:07:59.698] BAD_PACKET[COM9] unknown packet ID 0x61; discarded 1 byte(s)
[23:07:59.699] BAD_PACKET[COM9] unknown packet ID 0x72; discarded 1 byte(s)
[23:07:59.700] BAD_PACKET[COM9] unknown packet ID 0x74; discarded 1 byte(s)
[23:07:59.700] BAD_PACKET[COM9] unknown packet ID 0x62; discarded 1 byte(s)
[23:07:59.701] BAD_PACKET[COM9] unknown packet ID 0x65; discarded 1 byte(s)
[23:07:59.701] BAD_PACKET[COM9] unknown packet ID 0x61; discarded 1 byte(s)
[23:07:59.702] BAD_PACKET[COM9] unknown packet ID 0x74; discarded 1 byte(s)
[23:07:59.703] BAD_PACKET[COM9] unknown packet ID 0x20; discarded 1 byte(s)
[23:07:59.703] BAD_PACKET[COM9] unknown packet ID 0x73; discarded 1 byte(s)
[23:07:59.704] BAD_PACKET[COM9] unknown packet ID 0x65; discarded 1 byte(s)
[23:07:59.704] BAD_PACKET[COM9] unknown packet ID 0x6e; discarded 1 byte(s)
[23:07:59.705] BAD_PACKET[COM9] unknown packet ID 0x74; discarded 1 byte(s)
[23:07:59.705] BAD_PACKET[COM9] unknown packet ID 0x0d; discarded 1 byte(s)
[23:07:59.705] BAD_PACKET[COM9] unknown packet ID 0x0a; discarded 1 byte(s)
