[11:19:13.148] RX  01
[11:19:13.153] RX  0f 00 00 00 02 50 ff fb 01 45 f7 ef ff db 00 12 00 21 02 10 00 00 00 02 50 00 00 00 00 00 00 00 00 00 00 00 00 00 00 00 00 00 00 00 00 00 00 00 00 00 00 00 00 00 00 00 00 00 00 00 00 00 43 32 85 c9 33 ff 00 00 00 00 02 50
[11:19:13.154] LORA sensors: status=3840, uptime=592, accel=[-0.00244, 0.1586, -1.00772], gyro=[-2.59, 1.26, 2.31], crc=None
[11:19:13.154] CAN  sensors: status=3840, uptime=592, accel=[-0.00244, 0.1586, -1.00772], gyro=[-2.59, 1.26, 2.31]
[11:19:13.154] LORA state: status=4096, uptime=592, orientation=[0, 0, 0, 0], position=[0, 0, 0], velocity=[0, 0, 0], latitude=0, longitude=0, gps_altitude=0, barometric_altitude=1127384521, witness_battery_voltage=51, crc=None
[11:19:13.155] LORA heartbeat: status=0, uptime=592
[11:19:13.155] CAN  heartbeat: status=0, uptime=592
[11:19:14.178] RX  01
[11:19:14.178] RX  0b 00 00 00 02 51 ff fb 01 44 f7 ef ff db 00 12 00 21 02 10 00 00 00 02 51 00 00 00 00 00 00 00 00 00 00 00 00 00 00 00 00 00 00 00 00 00 00 00 00 00 00 00 00 00 00 00 00 00 00 00 00 00 43 32 b1 13 33 ff 01 00 00 00 02 51
[11:19:14.179] LORA sensors: status=2816, uptime=593, accel=[-0.00244, 0.158112, -1.00772], gyro=[-2.59, 1.26, 2.31], crc=None
[11:19:14.179] CAN  sensors: status=2816, uptime=593, accel=[-0.00244, 0.158112, -1.00772], gyro=[-2.59, 1.26, 2.31]
[11:19:14.179] LORA state: status=4096, uptime=593, orientation=[0, 0, 0, 0], position=[0, 0, 0], velocity=[0, 0, 0], latitude=0, longitude=0, gps_altitude=0, barometric_altitude=1127395603, witness_battery_voltage=51, crc=None
[11:19:14.179] LORA heartbeat: status=256, uptime=593
[11:19:14.179] CAN  heartbeat: status=256, uptime=593
[11:19:15.145] RX  01
[11:19:15.146] RX  0f 00 00 00 02 52 ff fd 01 43 f7 f1 ff db 00 13 00 21 02 10 00 00 00 02 52 00 00 00 00 00 00 00 00 00 00 00 00 00 00 00 00 00 00 00 00 00 00 00 00 00 00 00 00 00 00 00 00 00 00 00 00 00 43 32 9b 6e 33 ff 00 00 00 00 02 52
[11:19:15.147] LORA sensors: status=3840, uptime=594, accel=[-0.001464, 0.157624, -1.006744], gyro=[-2.59, 1.33, 2.31], crc=None
[11:19:15.148] CAN  sensors: status=3840, uptime=594, accel=[-0.001464, 0.157624, -1.006744], gyro=[-2.59, 1.33, 2.31]
[11:19:15.148] LORA state: status=4096, uptime=594, orientation=[0, 0, 0, 0], position=[0, 0, 0], velocity=[0, 0, 0], latitude=0, longitude=0, gps_altitude=0, barometric_altitude=1127390062, witness_battery_voltage=51, crc=None
[11:19:15.149] LORA heartbeat: status=0, uptime=594
[11:19:15.149] CAN  heartbeat: status=0, uptime=594
[11:19:16.182] RX  01
[11:19:16.182] RX  0b 00 00 00 02 53 ff fd 01 45 f7 f0 ff db 00 12 00 21 02 10 00 00 00 02 53 00 00 00 00 00 00 00 00 00 00 00 00 00 00 00 00 00 00 00 00 00 00 00 00 00 00 00 00 00 00 00 00 00 00 00 00 00 43 32 9b 6e 33 ff 01 00 00 00 02 53
[11:19:16.183] LORA sensors: status=2816, uptime=595, accel=[-0.001464, 0.1586, -1.007232], gyro=[-2.59, 1.26, 2.31], crc=None
[11:19:16.183] CAN  sensors: status=2816, uptime=595, accel=[-0.001464, 0.1586, -1.007232], gyro=[-2.59, 1.26, 2.31]
[11:19:16.185] LORA state: status=4096, uptime=595, orientation=[0, 0, 0, 0], position=[0, 0, 0], velocity=[0, 0, 0], latitude=0, longitude=0, gps_altitude=0, barometric_altitude=1127390062, witness_battery_voltage=51, crc=None
[11:19:16.188] LORA heartbeat: status=256, uptime=595
[11:19:16.188] CAN  heartbeat: status=256, uptime=595
[11:19:17.199] RX  01
[11:19:17.200] RX  0f 00 00 00 02 54 ff fd 01 45 f7 f1 ff da 00 12 00 21 02 10 00 00 00 02 54 00 00 00 00 00 00 00 00 00 00 00 00 00 00 00 00 00 00 00 00 00 00 00 00 00 00 00 00 00 00 00 00 00 00 00 00 00 43 32 44 d9 33 ff 00 00 00 00 02 54
[11:19:17.201] LORA sensors: status=3840, uptime=596, accel=[-0.001464, 0.1586, -1.006744], gyro=[-2.66, 1.26, 2.31], crc=None
[11:19:17.202] CAN  sensors: status=3840, uptime=596, accel=[-0.001464, 0.1586, -1.006744], gyro=[-2.66, 1.26, 2.31]
[11:19:17.202] LORA state: status=4096, uptime=596, orientation=[0, 0, 0, 0], position=[0, 0, 0], velocity=[0, 0, 0], latitude=0, longitude=0, gps_altitude=0, barometric_altitude=1127367897, witness_battery_voltage=51, crc=None
[11:19:17.203] LORA heartbeat: status=0, uptime=596
[11:19:17.204] CAN  heartbeat: status=0, uptime=596
[11:19:18.200] RX  01
[11:19:18.201] RX  0b 00 00 00 02 55 ff fe 01 44 f7 f1 ff db 00 12 00 22 02 10 00 00 00 02 55 00 00 00 00 00 00 00 00 00 00 00 00 00 00 00 00 00 00 00 00 00 00 00 00 00 00 00 00 00 00 00 00 00 00 00 00 00 43 32 85 c9 33 ff 01 00 00 00 02 55
[11:19:18.202] LORA sensors: status=2816, uptime=597, accel=[-0.000976, 0.158112, -1.006744], gyro=[-2.59, 1.26, 2.38], crc=None
[11:19:18.203] CAN  sensors: status=2816, uptime=597, accel=[-0.000976, 0.158112, -1.006744], gyro=[-2.59, 1.26, 2.38]
[11:19:18.203] LORA state: status=4096, uptime=597, orientation=[0, 0, 0, 0], position=[0, 0, 0], velocity=[0, 0, 0], latitude=0, longitude=0, gps_altitude=0, barometric_altitude=1127384521, witness_battery_voltage=51, crc=None
[11:19:18.204] LORA heartbeat: status=256, uptime=597
[11:19:18.205] CAN  heartbeat: status=256, uptime=597
[11:19:19.144] RX  01
[11:19:19.146] RX  0f 00 00 00 02 56 ff fd 01 44 f7 f2 ff db 00 12 00 21 02 10 00 00 00 02 56 00 00 00 00 00 00 00 00 00 00 00 00 00 00 00 00 00 00 00 00 00 00 00 00 00 00 00 00 00 00 00 00 00 00 00 00 00 43 32 70 23 33 ff 00 00 00 00 02 56
[11:19:19.147] LORA sensors: status=3840, uptime=598, accel=[-0.001464, 0.158112, -1.006256], gyro=[-2.59, 1.26, 2.31], crc=None
[11:19:19.147] CAN  sensors: status=3840, uptime=598, accel=[-0.001464, 0.158112, -1.006256], gyro=[-2.59, 1.26, 2.31]
[11:19:19.148] LORA state: status=4096, uptime=598, orientation=[0, 0, 0, 0], position=[0, 0, 0], velocity=[0, 0, 0], latitude=0, longitude=0, gps_altitude=0, barometric_altitude=1127378979, witness_battery_voltage=51, crc=None
[11:19:19.148] LORA heartbeat: status=0, uptime=598
[11:19:19.149] CAN  heartbeat: status=0, uptime=598
[11:19:20.182] RX  01
[11:19:20.183] RX  0f 00 00 00 02 57 ff fd 01 43 f7 f2 ff da 00 12 00 21 02 10 00 00 00 02 57 00 00 00 00 00 00 00 00 00 00 00 00 00 00 00 00 00 00 00 00 00 00 00 00 00 00 00 00 00 00 00 00 00 00 00 00 00 43 32 9b 6e 33 ff 01 00 00 00 02 57
[11:19:20.184] LORA sensors: status=3840, uptime=599, accel=[-0.001464, 0.157624, -1.006256], gyro=[-2.66, 1.26, 2.31], crc=None
[11:19:20.185] CAN  sensors: status=3840, uptime=599, accel=[-0.001464, 0.157624, -1.006256], gyro=[-2.66, 1.26, 2.31]
[11:19:20.186] LORA state: status=4096, uptime=599, orientation=[0, 0, 0, 0], position=[0, 0, 0], velocity=[0, 0, 0], latitude=0, longitude=0, gps_altitude=0, barometric_altitude=1127390062, witness_battery_voltage=51, crc=None
[11:19:20.186] LORA heartbeat: status=256, uptime=599
[11:19:20.187] CAN  heartbeat: status=256, uptime=599
[11:19:21.164] RX  01
[11:19:21.165] RX  0b 00 00 00 02 58 ff fb 01 44 f7 f0 ff da 00 12 00 21 02 10 00 00 00 02 58 00 00 00 00 00 00 00 00 00 00 00 00 00 00 00 00 00 00 00 00 00 00 00 00 00 00 00 00 00 00 00 00 00 00 00 00 00 43 32 9b 6e 33 ff 00 00 00 00 02 58
[11:19:21.166] LORA sensors: status=2816, uptime=600, accel=[-0.00244, 0.158112, -1.007232], gyro=[-2.66, 1.26, 2.31], crc=None
[11:19:21.167] CAN  sensors: status=2816, uptime=600, accel=[-0.00244, 0.158112, -1.007232], gyro=[-2.66, 1.26, 2.31]
[11:19:21.167] LORA state: status=4096, uptime=600, orientation=[0, 0, 0, 0], position=[0, 0, 0], velocity=[0, 0, 0], latitude=0, longitude=0, gps_altitude=0, barometric_altitude=1127390062, witness_battery_voltage=51, crc=None
[11:19:21.168] LORA heartbeat: status=0, uptime=600
[11:19:21.168] CAN  heartbeat: status=0, uptime=600
[11:19:22.169] RX  01
[11:19:22.169] RX  0f 00 00 00 02 59 ff 83 03 8a f9 2e fe 74 ff fa 00 5d 02 10 00 00 00 02 59 00 00 00 00 00 00 00 00 00 00 00 00 00 00 00 00 00 00 00 00 00 00 00 00 00 00 00 00 00 00 00 00 00 00 00 00 00 43 32 5a 7e 33 ff 01 00 00 00 02 59
[11:19:22.170] LORA sensors: status=3840, uptime=601, accel=[-0.061, 0.442128, -0.852048], gyro=[-27.72, -0.42, 6.51], crc=None
[11:19:22.171] CAN  sensors: status=3840, uptime=601, accel=[-0.061, 0.442128, -0.852048], gyro=[-27.72, -0.42, 6.51]
[11:19:22.172] LORA state: status=4096, uptime=601, orientation=[0, 0, 0, 0], position=[0, 0, 0], velocity=[0, 0, 0], latitude=0, longitude=0, gps_altitude=0, barometric_altitude=1127373438, witness_battery_voltage=51, crc=None
[11:19:22.172] LORA heartbeat: status=256, uptime=601
[11:19:22.173] CAN  heartbeat: status=256, uptime=601
[11:19:23.163] RX  01
[11:19:23.163] RX  0b 00 00 00 02 5a ff bb 01 c0 f8 06 ff fe ff c8 00 17 02 10 00 00 00 02 5a 00 00 00 00 00 00 00 00 00 00 00 00 00 00 00 00 00 00 00 00 00 00 00 00 00 00 00 00 00 00 00 00 00 00 00 00 00 43 32 70 23 33 ff 00 00 00 00 02 5a
[11:19:23.165] LORA sensors: status=2816, uptime=602, accel=[-0.033672, 0.218624, -0.996496], gyro=[-0.14, -3.92, 1.61], crc=None
[11:19:23.165] CAN  sensors: status=2816, uptime=602, accel=[-0.033672, 0.218624, -0.996496], gyro=[-0.14, -3.92, 1.61]
[11:19:23.166] LORA state: status=4096, uptime=602, orientation=[0, 0, 0, 0], position=[0, 0, 0], velocity=[0, 0, 0], latitude=0, longitude=0, gps_altitude=0, barometric_altitude=1127378979, witness_battery_voltage=51, crc=None
[11:19:23.167] LORA heartbeat: status=0, uptime=602
[11:19:23.167] CAN  heartbeat: status=0, uptime=602
[11:19:24.206] RX  01
[11:19:24.209] RX  0f 00 00 00 02 5b ff ba 01 bc f8 0d ff db 00 13 00 21 02 10 00 00 00 02 5b 00 00 00 00 00 00 00 00 00 00 00 00 00 00 00 00 00 00 00 00 00 00 00 00 00 00 00 00 00 00 00 00 00 00 00 00 00 43 32 70 23 33 ff 01 00 00 00 02 5b
[11:19:24.210] LORA sensors: status=3840, uptime=603, accel=[-0.03416, 0.216672, -0.99308], gyro=[-2.59, 1.33, 2.31], crc=None
[11:19:24.210] CAN  sensors: status=3840, uptime=603, accel=[-0.03416, 0.216672, -0.99308], gyro=[-2.59, 1.33, 2.31]
[11:19:24.211] LORA state: status=4096, uptime=603, orientation=[0, 0, 0, 0], position=[0, 0, 0], velocity=[0, 0, 0], latitude=0, longitude=0, gps_altitude=0, barometric_altitude=1127378979, witness_battery_voltage=51, crc=None
[11:19:24.212] LORA heartbeat: status=256, uptime=603
[11:19:24.212] CAN  heartbeat: status=256, uptime=603
[11:19:25.194] RX  01
[11:19:25.196] RX  0b 00 00 00 02 5c ff bc 01 bf f8 09 ff d5 00 1d 00 23 02 10 00 00 00 02 5c 00 00 00 00 00 00 00 00 00 00 00 00 00 00 00 00 00 00 00 00 00 00 00 00 00 00 00 00 00 00 00 00 00 00 00 00 00 43 32 5a 7e 33 ff 00 00 00 00 02 5c
[11:19:25.199] LORA sensors: status=2816, uptime=604, accel=[-0.033184, 0.218136, -0.995032], gyro=[-3.01, 2.03, 2.45], crc=None
[11:19:25.199] CAN  sensors: status=2816, uptime=604, accel=[-0.033184, 0.218136, -0.995032], gyro=[-3.01, 2.03, 2.45]
[11:19:25.201] LORA state: status=4096, uptime=604, orientation=[0, 0, 0, 0], position=[0, 0, 0], velocity=[0, 0, 0], latitude=0, longitude=0, gps_altitude=0, barometric_altitude=1127373438, witness_battery_voltage=51, crc=None
[11:19:25.202] LORA heartbeat: status=0, uptime=604
[11:19:25.204] CAN  heartbeat: status=0, uptime=604
[11:19:26.191] RX  01
[11:19:26.192] RX  0f 00 00 00 02 5d ff ba 01 bb f8 0c ff e3 00 00 00 1f 02 10 00 00 00 02 5d 00 00 00 00 00 00 00 00 00 00 00 00 00 00 00 00 00 00 00 00 00 00 00 00 00 00 00 00 00 00 00 00 00 00 00 00 00 43 32 9b 6e 33 ff 01 00 00 00 02 5d
[11:19:26.193] LORA sensors: status=3840, uptime=605, accel=[-0.03416, 0.216184, -0.993568], gyro=[-2.03, 0.0, 2.17], crc=None
[11:19:26.194] CAN  sensors: status=3840, uptime=605, accel=[-0.03416, 0.216184, -0.993568], gyro=[-2.03, 0.0, 2.17]
[11:19:26.196] LORA state: status=4096, uptime=605, orientation=[0, 0, 0, 0], position=[0, 0, 0], velocity=[0, 0, 0], latitude=0, longitude=0, gps_altitude=0, barometric_altitude=1127390062, witness_battery_voltage=51, crc=None
[11:19:26.197] LORA heartbeat: status=256, uptime=605
[11:19:26.198] CAN  heartbeat: status=256, uptime=605
[11:19:27.157] RX  01
[11:19:27.158] RX  0f 00 00 00 02 5e ff bb 01 be f8 0e ff d9 00 14 00 21
[11:19:27.160] LORA sensors: status=3840, uptime=606, accel=[-0.033672, 0.217648, -0.992592], gyro=[-2.73, 1.4, 2.31], crc=None
[11:19:27.161] CAN  sensors: status=3840, uptime=606, accel=[-0.033672, 0.217648, -0.992592], gyro=[-2.73, 1.4, 2.31]
[11:19:27.161] RX  02 10 00 00 00 02 5e 00 00 00 00 00 00 00 00 00 00 00 00 00 00 00 00 00 00 00 00 00 00 00 00 00 00 00 00 00 00 00 00 00 00 00 00 00 43 32 5a 7e 33 ff 00 00 00 00 02 5e
[11:19:27.161] LORA state: status=4096, uptime=606, orientation=[0, 0, 0, 0], position=[0, 0, 0], velocity=[0, 0, 0], latitude=0, longitude=0, gps_altitude=0, barometric_altitude=1127373438, witness_battery_voltage=51, crc=None
[11:19:27.162] LORA heartbeat: status=0, uptime=606
[11:19:27.163] CAN  heartbeat: status=0, uptime=606
[11:19:28.151] RX  01
[11:19:28.155] RX  0b 00 00 00 02 5f ff c1 01 bf f8 0a ff d4 00 20 00 21 02 10 00 00 00 02 5f 00 00 00 00 00 00 00 00 00 00 00 00 00 00 00 00 00 00 00 00 00 00 00 00 00 00 00 00 00 00 00 00 00 00 00 00 00 43 32 70 23 33 ff 01 00 00 00 02 5f
[11:19:28.156] LORA sensors: status=2816, uptime=607, accel=[-0.030744, 0.218136, -0.994544], gyro=[-3.08, 2.24, 2.31], crc=None
[11:19:28.157] CAN  sensors: status=2816, uptime=607, accel=[-0.030744, 0.218136, -0.994544], gyro=[-3.08, 2.24, 2.31]
[11:19:28.157] LORA state: status=4096, uptime=607, orientation=[0, 0, 0, 0], position=[0, 0, 0], velocity=[0, 0, 0], latitude=0, longitude=0, gps_altitude=0, barometric_altitude=1127378979, witness_battery_voltage=51, crc=None
[11:19:28.158] LORA heartbeat: status=256, uptime=607
[11:19:28.159] CAN  heartbeat: status=256, uptime=607
[11:19:29.185] RX  01
[11:19:29.185] RX  0f 00 00 00 02 60 ff bd 01 bf f8 0e ff d9 00 14 00 22 02 10 00 00 00 02 60 00 00 00 00 00 00 00 00 00 00 00 00 00 00 00 00 00 00 00 00 00 00 00 00 00 00 00 00 00 00 00 00 00 00 00 00 00 43 32 b1 13 33
[11:19:29.187] LORA sensors: status=3840, uptime=608, accel=[-0.032696, 0.218136, -0.992592], gyro=[-2.73, 1.4, 2.38], crc=None
[11:19:29.187] CAN  sensors: status=3840, uptime=608, accel=[-0.032696, 0.218136, -0.992592], gyro=[-2.73, 1.4, 2.38]
[11:19:29.188] LORA state: status=4096, uptime=608, orientation=[0, 0, 0, 0], position=[0, 0, 0], velocity=[0, 0, 0], latitude=0, longitude=0, gps_altitude=0, barometric_altitude=1127395603, witness_battery_voltage=51, crc=None
[11:19:29.188] RX  ff 00 00 00 00 02 60
[11:19:29.189] LORA heartbeat: status=0, uptime=608
[11:19:29.189] CAN  heartbeat: status=0, uptime=608
[11:19:30.174] RX  01
[11:19:30.175] RX  0b 00 00 00 02 61 ff bf 01 bf f8 0d ff d9 00 16 00 21 02 10 00 00 00 02 61 00 00 00 00 00 00 00 00 00 00 00 00 00 00 00 00 00 00 00 00 00 00 00 00 00 00 00 00 00 00 00 00 00 00 00 00 00 43 32 9b 6e 33 ff 01 00 00 00 02 61
[11:19:30.176] LORA sensors: status=2816, uptime=609, accel=[-0.03172, 0.218136, -0.99308], gyro=[-2.73, 1.54, 2.31], crc=None
[11:19:30.177] CAN  sensors: status=2816, uptime=609, accel=[-0.03172, 0.218136, -0.99308], gyro=[-2.73, 1.54, 2.31]
[11:19:30.177] LORA state: status=4096, uptime=609, orientation=[0, 0, 0, 0], position=[0, 0, 0], velocity=[0, 0, 0], latitude=0, longitude=0, gps_altitude=0, barometric_altitude=1127390062, witness_battery_voltage=51, crc=None
[11:19:30.178] LORA heartbeat: status=256, uptime=609
[11:19:30.179] CAN  heartbeat: status=256, uptime=609
[11:19:31.144] RX  01
[11:19:31.146] RX  0f 00 00 00 02 62 ff bd 01 bd f8 0f ff da 00 13 00 21 02 10 00 00 00 02 62 00 00 00 00 00 00 00 00 00 00 00 00 00 00 00 00 00 00 00 00 00 00 00 00 00 00 00 00 00 00 00 00 00 00 00 00 00 43 32 85 c9 33 ff 00 00 00 00 02 62
[11:19:31.148] LORA sensors: status=3840, uptime=610, accel=[-0.032696, 0.21716, -0.992104], gyro=[-2.66, 1.33, 2.31], crc=None
[11:19:31.150] CAN  sensors: status=3840, uptime=610, accel=[-0.032696, 0.21716, -0.992104], gyro=[-2.66, 1.33, 2.31]
[11:19:31.151] LORA state: status=4096, uptime=610, orientation=[0, 0, 0, 0], position=[0, 0, 0], velocity=[0, 0, 0], latitude=0, longitude=0, gps_altitude=0, barometric_altitude=1127384521, witness_battery_voltage=51, crc=None
[11:19:31.152] LORA heartbeat: status=0, uptime=610
[11:19:31.152] CAN  heartbeat: status=0, uptime=610
[11:19:32.150] RX  01
[11:19:32.151] RX  0b 00 00 00 02 63 ff d9 01 ca f8 0d ff dd 00 0c 00 21 02 10 00 00 00 02 63 00 00 00 00 00 00 00 00 00 00 00 00 00 00 00 00 00 00 00 00 00 00 00 00 00 00 00 00 00 00 00 00 00 00 00 00 00 43 32 9b 6e 33
[11:19:32.156] LORA sensors: status=2816, uptime=611, accel=[-0.019032, 0.223504, -0.99308], gyro=[-2.45, 0.84, 2.31], crc=None
[11:19:32.159] CAN  sensors: status=2816, uptime=611, accel=[-0.019032, 0.223504, -0.99308], gyro=[-2.45, 0.84, 2.31]
[11:19:32.161] LORA state: status=4096, uptime=611, orientation=[0, 0, 0, 0], position=[0, 0, 0], velocity=[0, 0, 0], latitude=0, longitude=0, gps_altitude=0, barometric_altitude=1127390062, witness_battery_voltage=51, crc=None
[11:19:32.162] RX  ff 01 00 00 00 02 63
[11:19:32.162] LORA heartbeat: status=256, uptime=611
[11:19:32.163] CAN  heartbeat: status=256, uptime=611
[11:19:33.194] RX  01
[11:19:33.195] RX  0f 00 00 00 02 64 ff e6 01 d6 f7 f3 ff cf 00 2d 00 25 02 10 00 00 00 02 64 00 00 00 00 00 00 00 00 00 00 00 00 00 00 00 00 00 00 00 00 00 00 00 00 00 00 00 00 00 00 00 00 00 00 00 00 00 43 32 70 23 33
[11:19:33.196] LORA sensors: status=3840, uptime=612, accel=[-0.012688, 0.22936, -1.005768], gyro=[-3.43, 3.15, 2.59], crc=None
[11:19:33.197] CAN  sensors: status=3840, uptime=612, accel=[-0.012688, 0.22936, -1.005768], gyro=[-3.43, 3.15, 2.59]
[11:19:33.197] LORA state: status=4096, uptime=612, orientation=[0, 0, 0, 0], position=[0, 0, 0], velocity=[0, 0, 0], latitude=0, longitude=0, gps_altitude=0, barometric_altitude=1127378979, witness_battery_voltage=51, crc=None
[11:19:33.197] RX  ff 00 00 00 00 02 64
[11:19:33.198] LORA heartbeat: status=0, uptime=612
[11:19:33.199] CAN  heartbeat: status=0, uptime=612
[11:19:34.166] RX  01
[11:19:34.167] RX  0f 00 00 00 02 65 ff d3 01 c9 f8 0f ff e0 00 05 00 1f 02 10 00 00 00 02 65 00 00 00 00 00 00 00 00 00 00 00 00 00 00 00 00 00 00 00 00 00 00 00 00 00 00 00 00 00 00 00 00 00 00 00 00 00 43 32 85 c9 33 ff 01 00 00 00 02 65
[11:19:34.168] LORA sensors: status=3840, uptime=613, accel=[-0.02196, 0.223016, -0.992104], gyro=[-2.24, 0.35, 2.17], crc=None
[11:19:34.168] CAN  sensors: status=3840, uptime=613, accel=[-0.02196, 0.223016, -0.992104], gyro=[-2.24, 0.35, 2.17]
[11:19:34.169] LORA state: status=4096, uptime=613, orientation=[0, 0, 0, 0], position=[0, 0, 0], velocity=[0, 0, 0], latitude=0, longitude=0, gps_altitude=0, barometric_altitude=1127384521, witness_battery_voltage=51, crc=None
[11:19:34.170] LORA heartbeat: status=256, uptime=613
[11:19:34.171] CAN  heartbeat: status=256, uptime=613
[11:19:35.152] RX  01
[11:19:35.152] RX  0f 00 00 00 02 66 ff c1 01 bd f8 1f ff d7 00 17 00 21 02 10 00 00 00 02 66 00 00 00 00 00 00 00 00 00 00 00 00 00 00 00 00 00 00 00 00 00 00 00 00 00 00 00 00 00 00 00 00 00 00 00 00 00 43 32 c6 b8 33 ff 00 00 00 00 02 66
[11:19:35.154] LORA sensors: status=3840, uptime=614, accel=[-0.030744, 0.21716, -0.984296], gyro=[-2.87, 1.61, 2.31], crc=None
[11:19:35.154] CAN  sensors: status=3840, uptime=614, accel=[-0.030744, 0.21716, -0.984296], gyro=[-2.87, 1.61, 2.31]
[11:19:35.155] LORA state: status=4096, uptime=614, orientation=[0, 0, 0, 0], position=[0, 0, 0], velocity=[0, 0, 0], latitude=0, longitude=0, gps_altitude=0, barometric_altitude=1127401144, witness_battery_voltage=51, crc=None
[11:19:35.156] LORA heartbeat: status=0, uptime=614
[11:19:35.156] CAN  heartbeat: status=0, uptime=614
[11:19:36.167] RX  01
[11:19:36.167] RX  0f 00 00 00 02 67 ff c5 01 bc f8 2a 00 01 ff c0 00 14
[11:19:36.169] LORA sensors: status=3840, uptime=615, accel=[-0.028792, 0.216672, -0.978928], gyro=[0.07, -4.48, 1.4], crc=None
[11:19:36.171] CAN  sensors: status=3840, uptime=615, accel=[-0.028792, 0.216672, -0.978928], gyro=[0.07, -4.48, 1.4]
[11:19:36.171] RX  02 10 00 00 00 02 67 00 00 00 00 00 00 00 00 00 00 00 00 00 00 00 00 00 00 00 00 00 00 00 00 00 00 00 00 00 00 00 00 00 00 00 00 00 43 32 5a 7e 33 ff 01 00 00 00 02 67
[11:19:36.173] LORA state: status=4096, uptime=615, orientation=[0, 0, 0, 0], position=[0, 0, 0], velocity=[0, 0, 0], latitude=0, longitude=0, gps_altitude=0, barometric_altitude=1127373438, witness_battery_voltage=51, crc=None
[11:19:36.174] LORA heartbeat: status=256, uptime=615
[11:19:36.176] CAN  heartbeat: status=256, uptime=615
[11:19:37.144] RX  01
[11:19:37.145] RX  0b 00 00 00 02 68 ff db 01 cd f8 0b ff d7 00 1b 00 22 02 10 00 00 00 02 68 00 00 00 00 00 00 00 00 00 00 00 00 00 00 00 00 00 00 00 00 00 00 00 00 00 00 00 00 00 00 00 00 00 00 00 00 00 43 32 70 23 33 ff 00 00 00 00 02 68
[11:19:37.146] LORA sensors: status=2816, uptime=616, accel=[-0.018056, 0.224968, -0.994056], gyro=[-2.87, 1.89, 2.38], crc=None
[11:19:37.147] CAN  sensors: status=2816, uptime=616, accel=[-0.018056, 0.224968, -0.994056], gyro=[-2.87, 1.89, 2.38]
[11:19:37.148] LORA state: status=4096, uptime=616, orientation=[0, 0, 0, 0], position=[0, 0, 0], velocity=[0, 0, 0], latitude=0, longitude=0, gps_altitude=0, barometric_altitude=1127378979, witness_battery_voltage=51, crc=None
[11:19:37.149] LORA heartbeat: status=0, uptime=616
[11:19:37.149] CAN  heartbeat: status=0, uptime=616
[11:19:38.195] RX  01
[11:19:38.196] RX  0f 00 00 00 02 69 ff d6 01 cb f8 0d ff da 00 11 00 20 02 10 00 00 00 02 69 00 00 00 00 00 00 00 00 00 00 00 00 00 00 00 00 00 00 00 00 00 00 00 00 00 00 00 00 00 00 00 00 00 00 00 00 00 43 32 70 23 33 ff 01 00 00 00 02 69
[11:19:38.198] LORA sensors: status=3840, uptime=617, accel=[-0.020496, 0.223992, -0.99308], gyro=[-2.66, 1.19, 2.24], crc=None
[11:19:38.199] CAN  sensors: status=3840, uptime=617, accel=[-0.020496, 0.223992, -0.99308], gyro=[-2.66, 1.19, 2.24]
[11:19:38.200] LORA state: status=4096, uptime=617, orientation=[0, 0, 0, 0], position=[0, 0, 0], velocity=[0, 0, 0], latitude=0, longitude=0, gps_altitude=0, barometric_altitude=1127378979, witness_battery_voltage=51, crc=None
[11:19:38.200] LORA heartbeat: status=256, uptime=617
[11:19:38.201] CAN  heartbeat: status=256, uptime=617
[11:19:39.157] RX  01
[11:19:39.158] RX  0b 00 00 00 02 6a ff d7 01 cb f8 0e ff da 00 14 00 21 02 10 00 00 00 02 6a 00 00 00 00 00 00 00 00 00 00 00 00 00 00 00 00 00 00 00 00 00 00 00 00 00 00 00 00 00 00 00 00 00 00 00 00 00 43 32 70 23 33 ff 00 00 00 00 02 6a
[11:19:39.159] LORA sensors: status=2816, uptime=618, accel=[-0.020008, 0.223992, -0.992592], gyro=[-2.66, 1.4, 2.31], crc=None
[11:19:39.160] CAN  sensors: status=2816, uptime=618, accel=[-0.020008, 0.223992, -0.992592], gyro=[-2.66, 1.4, 2.31]
[11:19:39.161] LORA state: status=4096, uptime=618, orientation=[0, 0, 0, 0], position=[0, 0, 0], velocity=[0, 0, 0], latitude=0, longitude=0, gps_altitude=0, barometric_altitude=1127378979, witness_battery_voltage=51, crc=None
[11:19:39.162] LORA heartbeat: status=0, uptime=618
[11:19:39.162] CAN  heartbeat: status=0, uptime=618
[11:19:40.147] RX  01
[11:19:40.147] RX  0f 00 00 00 02 6b ff d8 01 ca f8 0c ff d9 00 14 00 22 02 10 00 00 00 02 6b 00 00 00 00 00 00 00 00 00 00 00 00 00 00 00 00 00 00 00 00 00 00 00 00 00 00 00 00 00 00 00 00 00 00 00 00 00 43 32 b1 13 33 ff 01 00 00 00 02 6b
[11:19:40.148] LORA sensors: status=3840, uptime=619, accel=[-0.01952, 0.223504, -0.993568], gyro=[-2.73, 1.4, 2.38], crc=None
[11:19:40.149] CAN  sensors: status=3840, uptime=619, accel=[-0.01952, 0.223504, -0.993568], gyro=[-2.73, 1.4, 2.38]
[11:19:40.150] LORA state: status=4096, uptime=619, orientation=[0, 0, 0, 0], position=[0, 0, 0], velocity=[0, 0, 0], latitude=0, longitude=0, gps_altitude=0, barometric_altitude=1127395603, witness_battery_voltage=51, crc=None
[11:19:40.150] LORA heartbeat: status=256, uptime=619
[11:19:40.151] CAN  heartbeat: status=256, uptime=619
[11:19:41.156] RX  01
[11:19:41.157] RX  0b 00 00 00 02 6c ff d8 01 c6 f8 0e ff db 00 11 00 21
[11:19:41.158] LORA sensors: status=2816, uptime=620, accel=[-0.01952, 0.221552, -0.992592], gyro=[-2.59, 1.19, 2.31], crc=None
[11:19:41.159] CAN  sensors: status=2816, uptime=620, accel=[-0.01952, 0.221552, -0.992592], gyro=[-2.59, 1.19, 2.31]
[11:19:41.159] RX  02 10 00 00 00 02 6c 00 00 00 00 00 00 00 00 00 00 00 00 00 00 00 00 00 00 00 00 00 00 00 00 00 00 00 00 00 00 00 00 00 00 00 00 00 43 32 b1 13 33
[11:19:41.160] LORA state: status=4096, uptime=620, orientation=[0, 0, 0, 0], position=[0, 0, 0], velocity=[0, 0, 0], latitude=0, longitude=0, gps_altitude=0, barometric_altitude=1127395603, witness_battery_voltage=51, crc=None
[11:19:41.160] RX  ff 00 00 00 00 02 6c
[11:19:41.161] LORA heartbeat: status=0, uptime=620
[11:19:41.161] CAN  heartbeat: status=0, uptime=620
[11:19:42.147] RX  01
[11:19:42.148] RX  0f 00 00 00 02 6d ff ce 01 c3 f8 1f ff d0 00 25 00 23 02 10 00 00 00 02 6d 00 00 00 00 00 00 00 00 00 00 00 00 00 00 00 00 00 00 00 00 00 00 00 00 00 00 00 00 00 00 00 00 00 00 00 00 00 43 32 b1 13 33 ff 01 00 00 00 02 6d
[11:19:42.149] LORA sensors: status=3840, uptime=621, accel=[-0.0244, 0.220088, -0.984296], gyro=[-3.36, 2.59, 2.45], crc=None
[11:19:42.150] CAN  sensors: status=3840, uptime=621, accel=[-0.0244, 0.220088, -0.984296], gyro=[-3.36, 2.59, 2.45]
[11:19:42.151] LORA state: status=4096, uptime=621, orientation=[0, 0, 0, 0], position=[0, 0, 0], velocity=[0, 0, 0], latitude=0, longitude=0, gps_altitude=0, barometric_altitude=1127395603, witness_battery_voltage=51, crc=None
[11:19:42.152] LORA heartbeat: status=256, uptime=621
[11:19:42.152] CAN  heartbeat: status=256, uptime=621
[11:19:43.186] RX  01
[11:19:43.188] RX  0f 00 00 00 02 6e ff d9 01 cb f8 0a ff d7 00 1a 00 22 02 10 00 00 00 02 6e 00 00 00 00 00 00 00 00 00 00 00 00 00 00 00 00 00 00 00 00 00 00 00 00 00 00 00 00 00 00 00 00 00 00 00 00 00 43 32 85 c9 33 ff 00 00 00 00 02 6e
[11:19:43.189] LORA sensors: status=3840, uptime=622, accel=[-0.019032, 0.223992, -0.994544], gyro=[-2.87, 1.82, 2.38], crc=None
[11:19:43.190] CAN  sensors: status=3840, uptime=622, accel=[-0.019032, 0.223992, -0.994544], gyro=[-2.87, 1.82, 2.38]
[11:19:43.190] LORA state: status=4096, uptime=622, orientation=[0, 0, 0, 0], position=[0, 0, 0], velocity=[0, 0, 0], latitude=0, longitude=0, gps_altitude=0, barometric_altitude=1127384521, witness_battery_voltage=51, crc=None
[11:19:43.191] LORA heartbeat: status=0, uptime=622
[11:19:43.192] CAN  heartbeat: status=0, uptime=622
[11:19:44.177] RX  01
[11:19:44.178] RX  0b 00 00 00 02 6f ff cf 01 c3 f8 16 ff e0 00 05 00 1f 02 10 00 00 00 02 6f 00 00 00 00 00 00 00 00 00 00 00 00 00 00 00 00 00 00 00 00 00 00 00 00 00 00 00 00 00 00 00 00 00 00 00 00 00 43 32 b1 13 33
[11:19:44.180] LORA sensors: status=2816, uptime=623, accel=[-0.023912, 0.220088, -0.988688], gyro=[-2.24, 0.35, 2.17], crc=None
[11:19:44.181] CAN  sensors: status=2816, uptime=623, accel=[-0.023912, 0.220088, -0.988688], gyro=[-2.24, 0.35, 2.17]
[11:19:44.182] LORA state: status=4096, uptime=623, orientation=[0, 0, 0, 0], position=[0, 0, 0], velocity=[0, 0, 0], latitude=0, longitude=0, gps_altitude=0, barometric_altitude=1127395603, witness_battery_voltage=51, crc=None
[11:19:44.182] RX  ff 01 00 00 00 02 6f
[11:19:44.183] LORA heartbeat: status=256, uptime=623
[11:19:44.183] CAN  heartbeat: status=256, uptime=623
[11:19:45.183] RX  01
[11:19:45.183] RX  0f 00 00 00 02 70 ff d7 01 ca f8 0e ff de 00 09 00 1f 02 10 00 00 00 02 70 00 00 00 00 00 00 00 00 00 00 00 00 00 00 00 00 00 00 00 00 00 00 00 00 00 00 00 00 00 00 00 00 00 00 00 00 00 43 32 c6 b8 33 ff 00 00 00 00 02 70
[11:19:45.185] LORA sensors: status=3840, uptime=624, accel=[-0.020008, 0.223504, -0.992592], gyro=[-2.38, 0.63, 2.17], crc=None
[11:19:45.186] CAN  sensors: status=3840, uptime=624, accel=[-0.020008, 0.223504, -0.992592], gyro=[-2.38, 0.63, 2.17]
[11:19:45.187] LORA state: status=4096, uptime=624, orientation=[0, 0, 0, 0], position=[0, 0, 0], velocity=[0, 0, 0], latitude=0, longitude=0, gps_altitude=0, barometric_altitude=1127401144, witness_battery_voltage=51, crc=None
[11:19:45.187] LORA heartbeat: status=0, uptime=624
[11:19:45.188] CAN  heartbeat: status=0, uptime=624
[11:19:46.171] RX  01
[11:19:46.171] RX  0b 00 00 00 02 71 ff d3 01 c4 f8 15 ff da 00 12 00 22 02 10 00 00 00 02 71 00 00 00 00 00 00 00 00 00 00 00 00 00 00 00 00 00 00 00 00 00 00 00 00 00 00 00 00 00 00 00 00 00 00 00 00 00 43 32 85 c9 33 ff 01 00 00 00 02 71
[11:19:46.173] LORA sensors: status=2816, uptime=625, accel=[-0.02196, 0.220576, -0.989176], gyro=[-2.66, 1.26, 2.38], crc=None
[11:19:46.174] CAN  sensors: status=2816, uptime=625, accel=[-0.02196, 0.220576, -0.989176], gyro=[-2.66, 1.26, 2.38]
[11:19:46.174] LORA state: status=4096, uptime=625, orientation=[0, 0, 0, 0], position=[0, 0, 0], velocity=[0, 0, 0], latitude=0, longitude=0, gps_altitude=0, barometric_altitude=1127384521, witness_battery_voltage=51, crc=None
[11:19:46.175] LORA heartbeat: status=256, uptime=625
[11:19:46.176] CAN  heartbeat: status=256, uptime=625
[11:19:47.163] RX  01
[11:19:47.163] RX  0f 00 00 00 02 72 ff d8 01 ca f8 0f ff db 00 11 00 22 02 10 00 00 00 02 72 00 00 00 00 00 00 00 00 00 00 00 00 00 00 00 00 00 00 00 00 00 00 00 00 00 00 00 00 00 00 00 00 00 00 00 00 00 43 32 b1 13 33
[11:19:47.165] LORA sensors: status=3840, uptime=626, accel=[-0.01952, 0.223504, -0.992104], gyro=[-2.59, 1.19, 2.38], crc=None
[11:19:47.166] CAN  sensors: status=3840, uptime=626, accel=[-0.01952, 0.223504, -0.992104], gyro=[-2.59, 1.19, 2.38]
[11:19:47.166] LORA state: status=4096, uptime=626, orientation=[0, 0, 0, 0], position=[0, 0, 0], velocity=[0, 0, 0], latitude=0, longitude=0, gps_altitude=0, barometric_altitude=1127395603, witness_battery_voltage=51, crc=None
[11:19:47.167] RX  ff 00 00 00 00 02 72
[11:19:47.167] LORA heartbeat: status=0, uptime=626
[11:19:47.168] CAN  heartbeat: status=0, uptime=626
[11:19:48.169] RX  01
[11:19:48.169] RX  0b 00 00 00 02 73 ff d8 01 cb f8 0d ff da 00 13 00 21 02 10 00 00 00 02 73 00 00 00 00 00 00 00 00 00 00 00 00 00 00 00 00 00 00 00 00 00 00 00 00 00 00 00 00 00
[11:19:48.171] LORA sensors: status=2816, uptime=627, accel=[-0.01952, 0.223992, -0.99308], gyro=[-2.66, 1.33, 2.31], crc=None
[11:19:48.172] CAN  sensors: status=2816, uptime=627, accel=[-0.01952, 0.223992, -0.99308], gyro=[-2.66, 1.33, 2.31]
[11:19:48.172] RX  00 00 00 00 00 00 00 00 43 33 07 a8 33 ff 01 00 00 00 02 73
[11:19:48.173] LORA state: status=4096, uptime=627, orientation=[0, 0, 0, 0], position=[0, 0, 0], velocity=[0, 0, 0], latitude=0, longitude=0, gps_altitude=0, barometric_altitude=1127417768, witness_battery_voltage=51, crc=None
[11:19:48.174] LORA heartbeat: status=256, uptime=627
[11:19:48.175] CAN  heartbeat: status=256, uptime=627
[11:19:49.207] RX  01
[11:19:49.211] RX  0f 00 00 00 02 74 ff d8 01 c9 f8 0f ff d6 00 19 00 23 02 10 00 00 00 02 74 00 00 00 00 00 00 00 00 00 00 00 00 00 00 00 00 00 00 00 00 00 00 00 00 00 00 00 00 00 00 00 00 00 00 00 00 00 43 32 b1 13 33 ff 00 00 00 00 02 74
[11:19:49.214] LORA sensors: status=3840, uptime=628, accel=[-0.01952, 0.223016, -0.992104], gyro=[-2.94, 1.75, 2.45], crc=None
[11:19:49.215] CAN  sensors: status=3840, uptime=628, accel=[-0.01952, 0.223016, -0.992104], gyro=[-2.94, 1.75, 2.45]
[11:19:49.216] LORA state: status=4096, uptime=628, orientation=[0, 0, 0, 0], position=[0, 0, 0], velocity=[0, 0, 0], latitude=0, longitude=0, gps_altitude=0, barometric_altitude=1127395603, witness_battery_voltage=51, crc=None
[11:19:49.217] LORA heartbeat: status=0, uptime=628
[11:19:49.217] CAN  heartbeat: status=0, uptime=628
[11:19:50.153] RX  01
[11:19:50.153] RX  0f 00 00 00 02 75 ff d6 01 c9 f8 10 ff d4 00 1f 00 23 02 10 00 00 00 02 75 00 00 00 00 00 00 00 00 00 00 00 00 00 00 00 00 00 00 00 00 00 00 00 00 00 00 00 00 00 00 00 00 00 00 00 00 00 43 32 85 c9 33 ff 01 00 00 00 02 75
[11:19:50.154] LORA sensors: status=3840, uptime=629, accel=[-0.020496, 0.223016, -0.991616], gyro=[-3.08, 2.17, 2.45], crc=None
[11:19:50.155] CAN  sensors: status=3840, uptime=629, accel=[-0.020496, 0.223016, -0.991616], gyro=[-3.08, 2.17, 2.45]
[11:19:50.156] LORA state: status=4096, uptime=629, orientation=[0, 0, 0, 0], position=[0, 0, 0], velocity=[0, 0, 0], latitude=0, longitude=0, gps_altitude=0, barometric_altitude=1127384521, witness_battery_voltage=51, crc=None
[11:19:50.157] LORA heartbeat: status=256, uptime=629
[11:19:50.157] CAN  heartbeat: status=256, uptime=629
[11:19:51.157] RX  01
[11:19:51.157] RX  0b 00 00 00 02 76 ff d3 01 c3 f8 13 ff e6 ff fe 00 1c 02 10 00 00 00 02 76 00 00 00 00 00 00 00 00 00 00 00 00 00 00 00 00 00 00 00 00 00 00 00 00 00 00 00 00 00 00 00 00 00 00 00 00 00 43 32 c6 b8 33 ff 00 00 00 00 02 76
[11:19:51.159] LORA sensors: status=2816, uptime=630, accel=[-0.02196, 0.220088, -0.990152], gyro=[-1.82, -0.14, 1.96], crc=None
[11:19:51.160] CAN  sensors: status=2816, uptime=630, accel=[-0.02196, 0.220088, -0.990152], gyro=[-1.82, -0.14, 1.96]
[11:19:51.161] LORA state: status=4096, uptime=630, orientation=[0, 0, 0, 0], position=[0, 0, 0], velocity=[0, 0, 0], latitude=0, longitude=0, gps_altitude=0, barometric_altitude=1127401144, witness_battery_voltage=51, crc=None
[11:19:51.162] LORA heartbeat: status=0, uptime=630
[11:19:51.163] CAN  heartbeat: status=0, uptime=630
[11:19:52.146] RX  01
[11:19:52.146] RX  0f 00 00 00 02 77 ff dd 01 c9 f8 08 ff e9 ff f3 00 1d 02 10 00 00 00 02 77 00 00 00 00 00 00 00 00 00 00 00 00 00 00 00 00 00 00 00 00 00 00 00 00 00 00 00 00 00 00 00 00 00 00 00 00 00 43 32 b1 13 33 ff 01 00 00 00 02 77
[11:19:52.147] LORA sensors: status=3840, uptime=631, accel=[-0.01708, 0.223016, -0.99552], gyro=[-1.61, -0.91, 2.03], crc=None
[11:19:52.148] CAN  sensors: status=3840, uptime=631, accel=[-0.01708, 0.223016, -0.99552], gyro=[-1.61, -0.91, 2.03]
[11:19:52.149] LORA state: status=4096, uptime=631, orientation=[0, 0, 0, 0], position=[0, 0, 0], velocity=[0, 0, 0], latitude=0, longitude=0, gps_altitude=0, barometric_altitude=1127395603, witness_battery_voltage=51, crc=None
[11:19:52.152] LORA heartbeat: status=256, uptime=631
[11:19:52.156] CAN  heartbeat: status=256, uptime=631
[11:19:53.146] RX  01
[11:19:53.147] RX  0b 00 00 00 02 78 ff e4 01 ce f8 0c 00 09 ff b4 00 12 02 10 00 00 00 02 78 00 00 00 00 00 00 00 00 00 00 00 00 00 00 00 00 00 00 00 00 00 00 00 00 00 00 00 00 00 00 00 00 00 00 00 00 00 43 32 85 c9 33 ff 00 00 00 00 02 78
[11:19:53.148] LORA sensors: status=2816, uptime=632, accel=[-0.013664, 0.225456, -0.993568], gyro=[0.63, -5.32, 1.26], crc=None
[11:19:53.149] CAN  sensors: status=2816, uptime=632, accel=[-0.013664, 0.225456, -0.993568], gyro=[0.63, -5.32, 1.26]
[11:19:53.150] LORA state: status=4096, uptime=632, orientation=[0, 0, 0, 0], position=[0, 0, 0], velocity=[0, 0, 0], latitude=0, longitude=0, gps_altitude=0, barometric_altitude=1127384521, witness_battery_voltage=51, crc=None
[11:19:53.150] LORA heartbeat: status=0, uptime=632
[11:19:53.151] CAN  heartbeat: status=0, uptime=632
[11:19:54.151] RX  01
[11:19:54.154] RX  0f 00 00 00 02 79 ff db 01 c9 f8 0d ff de 00 0a 00 20 02 10 00 00 00 02 79 00 00 00 00 00 00 00 00 00 00 00 00 00 00 00 00 00 00 00 00 00 00 00 00 00 00 00 00 00 00 00 00 00 00 00 00 00 43 32 f2 03 33 ff 01 00 00 00 02 79
[11:19:54.157] LORA sensors: status=3840, uptime=633, accel=[-0.018056, 0.223016, -0.99308], gyro=[-2.38, 0.7, 2.24], crc=None
[11:19:54.159] CAN  sensors: status=3840, uptime=633, accel=[-0.018056, 0.223016, -0.99308], gyro=[-2.38, 0.7, 2.24]
[11:19:54.159] LORA state: status=4096, uptime=633, orientation=[0, 0, 0, 0], position=[0, 0, 0], velocity=[0, 0, 0], latitude=0, longitude=0, gps_altitude=0, barometric_altitude=1127412227, witness_battery_voltage=51, crc=None
[11:19:54.160] LORA heartbeat: status=256, uptime=633
[11:19:54.161] CAN  heartbeat: status=256, uptime=633
[11:19:55.144] RX  01
[11:19:55.147] RX  0b 00 00 00 02 7a ff d7 01 c9 f8 0e ff db 00 10 00 21 02 10 00 00 00 02 7a 00 00 00 00 00 00 00 00 00 00 00 00 00 00 00 00 00 00 00 00 00 00 00 00 00 00 00 00 00 00 00 00 00 00 00 00 00 43 32 c6 b8 33 ff 00 00 00 00 02 7a
[11:19:55.149] LORA sensors: status=2816, uptime=634, accel=[-0.020008, 0.223016, -0.992592], gyro=[-2.59, 1.12, 2.31], crc=None
[11:19:55.150] CAN  sensors: status=2816, uptime=634, accel=[-0.020008, 0.223016, -0.992592], gyro=[-2.59, 1.12, 2.31]
[11:19:55.152] LORA state: status=4096, uptime=634, orientation=[0, 0, 0, 0], position=[0, 0, 0], velocity=[0, 0, 0], latitude=0, longitude=0, gps_altitude=0, barometric_altitude=1127401144, witness_battery_voltage=51, crc=None
[11:19:55.153] LORA heartbeat: status=0, uptime=634
[11:19:55.153] CAN  heartbeat: status=0, uptime=634
[11:19:56.201] RX  01
[11:19:56.202] RX  0f 00 00 00 02 7b ff d8 01 c9 f8 0d ff da 00 13 00 22 02 10 00 00 00 02 7b 00 00 00 00 00 00 00 00 00 00 00 00 00 00 00 00 00 00 00 00 00 00 00 00 00 00 00 00 00 00 00 00 00 00 00 00 00 43 33 07 a8 33 ff 01 00 00 00 02 7b
[11:19:56.203] LORA sensors: status=3840, uptime=635, accel=[-0.01952, 0.223016, -0.99308], gyro=[-2.66, 1.33, 2.38], crc=None
[11:19:56.204] CAN  sensors: status=3840, uptime=635, accel=[-0.01952, 0.223016, -0.99308], gyro=[-2.66, 1.33, 2.38]
[11:19:56.205] LORA state: status=4096, uptime=635, orientation=[0, 0, 0, 0], position=[0, 0, 0], velocity=[0, 0, 0], latitude=0, longitude=0, gps_altitude=0, barometric_altitude=1127417768, witness_battery_voltage=51, crc=None
[11:19:56.206] LORA heartbeat: status=256, uptime=635
[11:19:56.206] CAN  heartbeat: status=256, uptime=635
[11:19:57.146] RX  01
[11:19:57.147] RX  0f 00 00 00 02 7c ff e3 01 d1 f8 02 ff e5 ff f9 00 1e 02 10 00 00 00 02 7c 00 00 00 00 00 00 00 00 00 00 00 00 00 00 00 00 00 00 00 00 00 00 00 00 00 00 00 00 00 00 00 00 00 00 00 00 00 43 32 9b 6e 33 ff 00 00 00 00 02 7c
[11:19:57.149] LORA sensors: status=3840, uptime=636, accel=[-0.014152, 0.22692, -0.998448], gyro=[-1.89, -0.49, 2.1], crc=None
[11:19:57.150] CAN  sensors: status=3840, uptime=636, accel=[-0.014152, 0.22692, -0.998448], gyro=[-1.89, -0.49, 2.1]
[11:19:57.150] LORA state: status=4096, uptime=636, orientation=[0, 0, 0, 0], position=[0, 0, 0], velocity=[0, 0, 0], latitude=0, longitude=0, gps_altitude=0, barometric_altitude=1127390062, witness_battery_voltage=51, crc=None
[11:19:57.151] LORA heartbeat: status=0, uptime=636
[11:19:57.152] CAN  heartbeat: status=0, uptime=636
[11:19:58.148] RX  01
[11:19:58.149] RX  0b 00 00 00 02 7d ff d7 01 ca f8 0d ff d9 00 16 00 22 02 10 00 00 00 02 7d 00 00 00 00 00 00 00 00 00 00 00 00 00 00 00 00 00 00 00 00 00 00 00 00 00 00 00 00 00 00 00 00 00 00 00 00 00 43 32 b1 13 33
[11:19:58.150] LORA sensors: status=2816, uptime=637, accel=[-0.020008, 0.223504, -0.99308], gyro=[-2.73, 1.54, 2.38], crc=None
[11:19:58.151] CAN  sensors: status=2816, uptime=637, accel=[-0.020008, 0.223504, -0.99308], gyro=[-2.73, 1.54, 2.38]
[11:19:58.152] LORA state: status=4096, uptime=637, orientation=[0, 0, 0, 0], position=[0, 0, 0], velocity=[0, 0, 0], latitude=0, longitude=0, gps_altitude=0, barometric_altitude=1127395603, witness_battery_voltage=51, crc=None
[11:19:58.153] RX  ff 01 00 00 00 02 7d
[11:19:58.154] LORA heartbeat: status=256, uptime=637
[11:19:58.155] CAN  heartbeat: status=256, uptime=637
[11:19:59.148] RX  01
[11:19:59.149] RX  0f 00 00 00 02 7e ff f3 01 dc f7 ee ff ed ff eb 00 16 02 10 00 00 00 02 7e 00 00 00 00 00 00 00 00 00 00 00 00 00 00 00 00 00 00 00 00 00 00 00 00 00 00 00 00 00 00 00 00 00 00 00 00 00 43 32 c6 b8 33 ff 00 00 00 00 02 7e
[11:19:59.153] LORA sensors: status=3840, uptime=638, accel=[-0.006344, 0.232288, -1.008208], gyro=[-1.33, -1.47, 1.54], crc=None
[11:19:59.155] CAN  sensors: status=3840, uptime=638, accel=[-0.006344, 0.232288, -1.008208], gyro=[-1.33, -1.47, 1.54]
[11:19:59.156] LORA state: status=4096, uptime=638, orientation=[0, 0, 0, 0], position=[0, 0, 0], velocity=[0, 0, 0], latitude=0, longitude=0, gps_altitude=0, barometric_altitude=1127401144, witness_battery_voltage=51, crc=None
[11:19:59.157] LORA heartbeat: status=0, uptime=638
[11:19:59.158] CAN  heartbeat: status=0, uptime=638
[11:20:00.155] RX  01
[11:20:00.156] RX  0b 00 00 00 02 7f ff dc 01 cb f8 0b ff d6 00 1c 00 22 02 10 00 00 00 02 7f 00 00 00 00 00 00 00 00 00 00 00 00 00 00 00 00 00 00 00 00 00 00 00 00 00 00 00 00 00 00 00 00 00 00 00 00 00 43 32 70 23 33 ff 01 00 00 00 02 7f
[11:20:00.158] LORA sensors: status=2816, uptime=639, accel=[-0.017568, 0.223992, -0.994056], gyro=[-2.94, 1.96, 2.38], crc=None
[11:20:00.159] CAN  sensors: status=2816, uptime=639, accel=[-0.017568, 0.223992, -0.994056], gyro=[-2.94, 1.96, 2.38]
[11:20:00.160] LORA state: status=4096, uptime=639, orientation=[0, 0, 0, 0], position=[0, 0, 0], velocity=[0, 0, 0], latitude=0, longitude=0, gps_altitude=0, barometric_altitude=1127378979, witness_battery_voltage=51, crc=None
[11:20:00.162] LORA heartbeat: status=256, uptime=639
[11:20:00.164] CAN  heartbeat: status=256, uptime=639
[11:20:01.146] RX  01
[11:20:01.147] RX  0f 00 00 00 02 80 ff e1 01 c5 f8 0f ff d9 00 15 00 22 02 10 00 00 00 02 80 00 00 00 00 00 00 00 00 00 00 00 00 00 00 00 00 00 00 00 00 00 00 00 00 00 00 00 00 00 00 00 00 00 00 00 00 00 43 32 9b 6e 33
[11:20:01.149] LORA sensors: status=3840, uptime=640, accel=[-0.015128, 0.221064, -0.992104], gyro=[-2.73, 1.47, 2.38], crc=None
[11:20:01.151] CAN  sensors: status=3840, uptime=640, accel=[-0.015128, 0.221064, -0.992104], gyro=[-2.73, 1.47, 2.38]
[11:20:01.152] LORA state: status=4096, uptime=640, orientation=[0, 0, 0, 0], position=[0, 0, 0], velocity=[0, 0, 0], latitude=0, longitude=0, gps_altitude=0, barometric_altitude=1127390062, witness_battery_voltage=51, crc=None
[11:20:01.152] RX  ff 00 00 00 00 02 80
[11:20:01.153] LORA heartbeat: status=0, uptime=640
[11:20:01.153] CAN  heartbeat: status=0, uptime=640
[11:20:02.188] RX  01
[11:20:02.189] RX  0b 00 00 00 02 81 ff dd 01 cb f8 0f ff db 00 11 00 21 02 10 00 00 00 02 81 00 00 00 00 00 00 00 00 00 00 00 00 00 00 00 00 00 00 00 00 00 00 00 00 00 00 00 00 00 00 00 00 00 00 00 00 00 43 32 f2 03 33 ff 01 00 00 00 02 81
[11:20:02.190] LORA sensors: status=2816, uptime=641, accel=[-0.01708, 0.223992, -0.992104], gyro=[-2.59, 1.19, 2.31], crc=None
[11:20:02.191] CAN  sensors: status=2816, uptime=641, accel=[-0.01708, 0.223992, -0.992104], gyro=[-2.59, 1.19, 2.31]
[11:20:02.192] LORA state: status=4096, uptime=641, orientation=[0, 0, 0, 0], position=[0, 0, 0], velocity=[0, 0, 0], latitude=0, longitude=0, gps_altitude=0, barometric_altitude=1127412227, witness_battery_voltage=51, crc=None
[11:20:02.194] LORA heartbeat: status=256, uptime=641
[11:20:02.195] CAN  heartbeat: status=256, uptime=641
[11:20:03.162] RX  01
[11:20:03.165] RX  0f 00 00 00 02 82 ff d7 01 cd f8 10 ff da 00 13 00 21 02 10 00 00 00 02 82 00 00 00 00 00 00 00 00 00 00 00 00 00 00 00 00 00 00 00 00 00 00 00 00 00 00 00 00 00 00 00 00 00 00 00 00 00 43 32 b1 13 33
[11:20:03.166] LORA sensors: status=3840, uptime=642, accel=[-0.020008, 0.224968, -0.991616], gyro=[-2.66, 1.33, 2.31], crc=None
[11:20:03.166] CAN  sensors: status=3840, uptime=642, accel=[-0.020008, 0.224968, -0.991616], gyro=[-2.66, 1.33, 2.31]
[11:20:03.168] LORA state: status=4096, uptime=642, orientation=[0, 0, 0, 0], position=[0, 0, 0], velocity=[0, 0, 0], latitude=0, longitude=0, gps_altitude=0, barometric_altitude=1127395603, witness_battery_voltage=51, crc=None
[11:20:03.168] RX  ff 00 00 00 00 02 82
[11:20:03.169] LORA heartbeat: status=0, uptime=642
[11:20:03.170] CAN  heartbeat: status=0, uptime=642
[11:20:04.194] RX  01
[11:20:04.195] RX  0f 00 00 00 02 83 ff dd 01 cd f8 0f ff de 00 0b 00 21 02 10 00 00 00 02 83 00 00 00 00 00 00 00 00 00 00 00 00 00 00 00 00 00 00 00 00 00 00 00 00 00 00 00 00 00 00 00 00 00 00 00 00 00 43 32 9b 6e 33 ff 01 00 00 00 02 83
[11:20:04.196] LORA sensors: status=3840, uptime=643, accel=[-0.01708, 0.224968, -0.992104], gyro=[-2.38, 0.77, 2.31], crc=None
[11:20:04.197] CAN  sensors: status=3840, uptime=643, accel=[-0.01708, 0.224968, -0.992104], gyro=[-2.38, 0.77, 2.31]
[11:20:04.198] LORA state: status=4096, uptime=643, orientation=[0, 0, 0, 0], position=[0, 0, 0], velocity=[0, 0, 0], latitude=0, longitude=0, gps_altitude=0, barometric_altitude=1127390062, witness_battery_voltage=51, crc=None
[11:20:04.199] LORA heartbeat: status=256, uptime=643
[11:20:04.200] CAN  heartbeat: status=256, uptime=643
[11:20:05.205] RX  01
[11:20:05.205] RX  0b 00 00 00 02 84 ff dc 01 cb f8 0e ff db 00 13 00 21 02 10 00 00 00 02 84 00 00 00 00 00 00 00 00 00 00 00 00 00 00 00 00 00 00 00 00 00 00 00 00 00 00 00 00 00 00 00 00 00 00 00 00 00 43 33 07 a8 33 ff 00 00 00 00 02 84
[11:20:05.207] LORA sensors: status=2816, uptime=644, accel=[-0.017568, 0.223992, -0.992592], gyro=[-2.59, 1.33, 2.31], crc=None
[11:20:05.208] CAN  sensors: status=2816, uptime=644, accel=[-0.017568, 0.223992, -0.992592], gyro=[-2.59, 1.33, 2.31]
[11:20:05.209] LORA state: status=4096, uptime=644, orientation=[0, 0, 0, 0], position=[0, 0, 0], velocity=[0, 0, 0], latitude=0, longitude=0, gps_altitude=0, barometric_altitude=1127417768, witness_battery_voltage=51, crc=None
[11:20:05.210] LORA heartbeat: status=0, uptime=644
[11:20:05.211] CAN  heartbeat: status=0, uptime=644
[11:20:06.192] RX  01
[11:20:06.194] RX  0f 00 00 00 02 85 ff da 01 cb f8 0f ff da 00 14 00 21 02 10 00 00 00 02 85 00 00 00 00 00 00 00 00 00 00 00 00 00 00 00 00 00 00 00 00 00 00 00 00 00 00 00 00 00 00 00 00 00 00 00 00 00 43 33 07 a8 33 ff 01 00 00 00 02 85
[11:20:06.195] LORA sensors: status=3840, uptime=645, accel=[-0.018544, 0.223992, -0.992104], gyro=[-2.66, 1.4, 2.31], crc=None
[11:20:06.196] CAN  sensors: status=3840, uptime=645, accel=[-0.018544, 0.223992, -0.992104], gyro=[-2.66, 1.4, 2.31]
[11:20:06.197] LORA state: status=4096, uptime=645, orientation=[0, 0, 0, 0], position=[0, 0, 0], velocity=[0, 0, 0], latitude=0, longitude=0, gps_altitude=0, barometric_altitude=1127417768, witness_battery_voltage=51, crc=None
[11:20:06.197] LORA heartbeat: status=256, uptime=645
[11:20:06.198] CAN  heartbeat: status=256, uptime=645
[11:20:07.163] RX  01
[11:20:07.163] RX  0b 00 00 00 02 86 ff d1 01 c3 f8 1a ff d4 00 1e 00 23 02 10 00 00 00 02 86 00 00 00 00 00 00 00 00 00 00 00 00 00 00 00 00 00 00 00 00 00 00 00 00 00 00 00 00 00 00 00 00 00 00 00 00 00 43 32 c6 b8 33 ff 00 00 00 00 02 86
[11:20:07.165] LORA sensors: status=2816, uptime=646, accel=[-0.022936, 0.220088, -0.986736], gyro=[-3.08, 2.1, 2.45], crc=None
[11:20:07.165] CAN  sensors: status=2816, uptime=646, accel=[-0.022936, 0.220088, -0.986736], gyro=[-3.08, 2.1, 2.45]
[11:20:07.166] LORA state: status=4096, uptime=646, orientation=[0, 0, 0, 0], position=[0, 0, 0], velocity=[0, 0, 0], latitude=0, longitude=0, gps_altitude=0, barometric_altitude=1127401144, witness_battery_voltage=51, crc=None
[11:20:07.167] LORA heartbeat: status=0, uptime=646
[11:20:07.168] CAN  heartbeat: status=0, uptime=646
[11:20:08.145] RX  01
[11:20:08.146] RX  0f 00 00 00 02 87 ff e9 01 d2 f7 f7 ff e5 00 01 00 22 02 10 00 00 00 02 87 00 00 00 00 00 00 00 00 00 00 00 00 00 00 00 00 00 00 00 00 00 00 00 00 00 00 00 00 00 00 00 00 00 00 00 00 00 43 32 dc 5e 33 ff 01 00 00 00 02 87
[11:20:08.149] LORA sensors: status=3840, uptime=647, accel=[-0.011224, 0.227408, -1.003816], gyro=[-1.89, 0.07, 2.38], crc=None
[11:20:08.151] CAN  sensors: status=3840, uptime=647, accel=[-0.011224, 0.227408, -1.003816], gyro=[-1.89, 0.07, 2.38]
[11:20:08.153] LORA state: status=4096, uptime=647, orientation=[0, 0, 0, 0], position=[0, 0, 0], velocity=[0, 0, 0], latitude=0, longitude=0, gps_altitude=0, barometric_altitude=1127406686, witness_battery_voltage=51, crc=None
[11:20:08.155] LORA heartbeat: status=256, uptime=647
[11:20:08.156] CAN  heartbeat: status=256, uptime=647
[11:20:09.187] RX  01
[11:20:09.188] RX  0b 00 00 00 02 88 ff d8 01 c6 f8 13 ff d8 00 17 00 23 02 10 00 00 00 02 88 00 00 00 00 00 00 00 00 00 00 00 00 00 00 00 00 00 00 00 00 00 00 00 00 00 00 00 00 00 00 00 00 00 00 00 00 00 43 32 f2 03 33 ff 00 00 00 00 02 88
[11:20:09.192] LORA sensors: status=2816, uptime=648, accel=[-0.01952, 0.221552, -0.990152], gyro=[-2.8, 1.61, 2.45], crc=None
[11:20:09.193] CAN  sensors: status=2816, uptime=648, accel=[-0.01952, 0.221552, -0.990152], gyro=[-2.8, 1.61, 2.45]
[11:20:09.194] LORA state: status=4096, uptime=648, orientation=[0, 0, 0, 0], position=[0, 0, 0], velocity=[0, 0, 0], latitude=0, longitude=0, gps_altitude=0, barometric_altitude=1127412227, witness_battery_voltage=51, crc=None
[11:20:09.195] LORA heartbeat: status=0, uptime=648
[11:20:09.196] CAN  heartbeat: status=0, uptime=648
[11:20:10.147] RX  01
[11:20:10.149] RX  0f 00 00 00 02 89 ff db 01 cb f8 10 ff da 00 14 00 21 02 10 00 00 00 02 89 00 00 00 00 00 00 00 00 00 00 00 00 00 00 00 00 00 00 00 00 00 00 00 00 00 00 00 00 00 00 00 00 00 00 00 00 00 43 32 b1 13 33 ff 01 00 00 00 02 89
[11:20:10.151] LORA sensors: status=3840, uptime=649, accel=[-0.018056, 0.223992, -0.991616], gyro=[-2.66, 1.4, 2.31], crc=None
[11:20:10.153] CAN  sensors: status=3840, uptime=649, accel=[-0.018056, 0.223992, -0.991616], gyro=[-2.66, 1.4, 2.31]
[11:20:10.155] LORA state: status=4096, uptime=649, orientation=[0, 0, 0, 0], position=[0, 0, 0], velocity=[0, 0, 0], latitude=0, longitude=0, gps_altitude=0, barometric_altitude=1127395603, witness_battery_voltage=51, crc=None
[11:20:10.155] LORA heartbeat: status=256, uptime=649
[11:20:10.156] CAN  heartbeat: status=256, uptime=649
[11:20:11.146] RX  01
[11:20:11.149] RX  0f 00 00 00 02 8a ff de 01 cb f8 0c ff dc 00 0d 00 20 02 10 00 00 00 02 8a 00 00 00 00 00 00 00 00 00 00 00 00 00 00 00 00 00 00 00 00 00 00 00 00 00 00 00 00 00 00 00 00 00 00 00 00 00 43 32 f2 03 33 ff 00 00 00 00 02 8a
[11:20:11.151] LORA sensors: status=3840, uptime=650, accel=[-0.016592, 0.223992, -0.993568], gyro=[-2.52, 0.91, 2.24], crc=None
[11:20:11.152] CAN  sensors: status=3840, uptime=650, accel=[-0.016592, 0.223992, -0.993568], gyro=[-2.52, 0.91, 2.24]
[11:20:11.153] LORA state: status=4096, uptime=650, orientation=[0, 0, 0, 0], position=[0, 0, 0], velocity=[0, 0, 0], latitude=0, longitude=0, gps_altitude=0, barometric_altitude=1127412227, witness_battery_voltage=51, crc=None
[11:20:11.154] LORA heartbeat: status=0, uptime=650
[11:20:11.155] CAN  heartbeat: status=0, uptime=650
[11:20:12.208] RX  01
[11:20:12.209] RX  0b 00 00 00 02 8b ff dc 01 cc f8 11 ff e1 00 04 00 1f 02 10 00 00 00 02 8b 00 00 00 00 00 00 00 00 00 00 00 00 00 00 00 00 00 00 00 00 00 00 00 00 00 00 00 00 00 00 00 00 00 00 00 00 00 43 33 07 a8 33 ff 01 00 00 00 02 8b
[11:20:12.211] LORA sensors: status=2816, uptime=651, accel=[-0.017568, 0.22448, -0.991128], gyro=[-2.17, 0.28, 2.17], crc=None
[11:20:12.212] CAN  sensors: status=2816, uptime=651, accel=[-0.017568, 0.22448, -0.991128], gyro=[-2.17, 0.28, 2.17]
[11:20:12.212] LORA state: status=4096, uptime=651, orientation=[0, 0, 0, 0], position=[0, 0, 0], velocity=[0, 0, 0], latitude=0, longitude=0, gps_altitude=0, barometric_altitude=1127417768, witness_battery_voltage=51, crc=None
[11:20:12.213] LORA heartbeat: status=256, uptime=651
[11:20:12.214] CAN  heartbeat: status=256, uptime=651
[11:20:13.178] RX  01
[11:20:13.178] RX  0f 00 00 00 02 8c ff e4 01 cd f8 14 ff dd 00 0c 00 1f 02 10 00 00 00 02 8c 00 00 00 00 00 00 00 00 00 00 00 00 00 00 00 00 00 00 00 00 00 00 00 00 00 00 00 00 00 00 00 00 00 00 00 00 00 43 32 dc 5e 33 ff 00 00 00 00 02 8c
[11:20:13.179] LORA sensors: status=3840, uptime=652, accel=[-0.013664, 0.224968, -0.989664], gyro=[-2.45, 0.84, 2.17], crc=None
[11:20:13.180] CAN  sensors: status=3840, uptime=652, accel=[-0.013664, 0.224968, -0.989664], gyro=[-2.45, 0.84, 2.17]
[11:20:13.181] LORA state: status=4096, uptime=652, orientation=[0, 0, 0, 0], position=[0, 0, 0], velocity=[0, 0, 0], latitude=0, longitude=0, gps_altitude=0, barometric_altitude=1127406686, witness_battery_voltage=51, crc=None
[11:20:13.188] LORA heartbeat: status=0, uptime=652
[11:20:13.190] CAN  heartbeat: status=0, uptime=652
[11:20:14.163] RX  01
[11:20:14.164] RX  0b 00 00 00 02 8d ff dc 01 cb f8 0d ff d9 00 14 00 21 02 10 00 00 00 02 8d 00 00 00 00 00 00 00 00 00 00 00 00 00 00 00 00 00 00 00 00 00 00 00 00 00 00 00 00 00 00 00 00 00 00 00 00 00 43 32 b1 13 33 ff 01 00 00 00 02 8d
[11:20:14.166] LORA sensors: status=2816, uptime=653, accel=[-0.017568, 0.223992, -0.99308], gyro=[-2.73, 1.4, 2.31], crc=None
[11:20:14.169] CAN  sensors: status=2816, uptime=653, accel=[-0.017568, 0.223992, -0.99308], gyro=[-2.73, 1.4, 2.31]
[11:20:14.170] LORA state: status=4096, uptime=653, orientation=[0, 0, 0, 0], position=[0, 0, 0], velocity=[0, 0, 0], latitude=0, longitude=0, gps_altitude=0, barometric_altitude=1127395603, witness_battery_voltage=51, crc=None
[11:20:14.171] LORA heartbeat: status=256, uptime=653
[11:20:14.172] CAN  heartbeat: status=256, uptime=653
[11:20:15.194] RX  01
[11:20:15.197] RX  0f 00 00 00 02 8e ff d8 01 ca f8 1b ff ef ff e2 00 1c 02 10 00 00 00 02 8e 00 00 00 00 00 00 00 00 00 00 00 00 00 00 00 00 00 00 00 00 00 00 00 00 00 00 00 00 00 00 00 00 00 00 00 00 00 43 32 c6 b8 33 ff 00 00 00 00 02 8e
[11:20:15.199] LORA sensors: status=3840, uptime=654, accel=[-0.01952, 0.223504, -0.986248], gyro=[-1.19, -2.1, 1.96], crc=None
[11:20:15.200] CAN  sensors: status=3840, uptime=654, accel=[-0.01952, 0.223504, -0.986248], gyro=[-1.19, -2.1, 1.96]
[11:20:15.201] LORA state: status=4096, uptime=654, orientation=[0, 0, 0, 0], position=[0, 0, 0], velocity=[0, 0, 0], latitude=0, longitude=0, gps_altitude=0, barometric_altitude=1127401144, witness_battery_voltage=51, crc=None
[11:20:15.202] LORA heartbeat: status=0, uptime=654
[11:20:15.203] CAN  heartbeat: status=0, uptime=654
[11:20:16.189] RX  01
[11:20:16.191] RX  0b 00 00 00 02 8f ff e7 01 d3 f8 05 ff de 00 08 00 20 02 10 00 00 00 02 8f 00 00 00 00 00 00 00 00 00 00 00 00 00 00 00 00 00 00 00 00 00 00 00 00 00 00 00 00 00 00 00 00 00 00 00 00 00 43 32 c6 b8 33 ff 01 00 00 00 02 8f
[11:20:16.193] LORA sensors: status=2816, uptime=655, accel=[-0.0122, 0.227896, -0.996984], gyro=[-2.38, 0.56, 2.24], crc=None
[11:20:16.196] CAN  sensors: status=2816, uptime=655, accel=[-0.0122, 0.227896, -0.996984], gyro=[-2.38, 0.56, 2.24]
[11:20:16.199] LORA state: status=4096, uptime=655, orientation=[0, 0, 0, 0], position=[0, 0, 0], velocity=[0, 0, 0], latitude=0, longitude=0, gps_altitude=0, barometric_altitude=1127401144, witness_battery_voltage=51, crc=None
[11:20:16.201] LORA heartbeat: status=256, uptime=655
[11:20:16.202] CAN  heartbeat: status=256, uptime=655
[11:20:17.145] RX  01
[11:20:17.145] RX  0f 00 00 00 02 90 ff dd 01 cc f8 0e ff db 00 0d 00 21 02 10 00 00 00 02 90 00 00 00 00 00 00 00 00 00 00 00 00 00 00 00 00 00 00 00 00 00 00 00 00 00 00 00 00 00 00 00 00 00 00 00 00 00 43 32 c6 b8 33 ff 00 00 00 00 02 90
[11:20:17.147] LORA sensors: status=3840, uptime=656, accel=[-0.01708, 0.22448, -0.992592], gyro=[-2.59, 0.91, 2.31], crc=None
[11:20:17.148] CAN  sensors: status=3840, uptime=656, accel=[-0.01708, 0.22448, -0.992592], gyro=[-2.59, 0.91, 2.31]
[11:20:17.150] LORA state: status=4096, uptime=656, orientation=[0, 0, 0, 0], position=[0, 0, 0], velocity=[0, 0, 0], latitude=0, longitude=0, gps_altitude=0, barometric_altitude=1127401144, witness_battery_voltage=51, crc=None
[11:20:17.151] LORA heartbeat: status=0, uptime=656
[11:20:17.152] CAN  heartbeat: status=0, uptime=656
[11:20:18.194] RX  01
[11:20:18.194] RX  0f 00 00 00 02 91 ff de 01 cb f8 10 ff da 00 14 00 21 02 10 00 00 00 02 91 00 00 00 00 00 00 00 00 00 00 00 00 00 00 00 00 00 00 00 00 00 00 00 00 00 00 00 00 00 00 00 00 00 00 00 00 00 43 32 9b 6e 33 ff 01 00 00 00 02 91
[11:20:18.197] LORA sensors: status=3840, uptime=657, accel=[-0.016592, 0.223992, -0.991616], gyro=[-2.66, 1.4, 2.31], crc=None
[11:20:18.198] CAN  sensors: status=3840, uptime=657, accel=[-0.016592, 0.223992, -0.991616], gyro=[-2.66, 1.4, 2.31]
[11:20:18.198] LORA state: status=4096, uptime=657, orientation=[0, 0, 0, 0], position=[0, 0, 0], velocity=[0, 0, 0], latitude=0, longitude=0, gps_altitude=0, barometric_altitude=1127390062, witness_battery_voltage=51, crc=None
[11:20:18.199] LORA heartbeat: status=256, uptime=657
[11:20:18.200] CAN  heartbeat: status=256, uptime=657
[11:20:19.176] RX  01
[11:20:19.176] RX  0b 00 00 00 02 92 ff de 01 cc f8 0e ff db 00 12 00 21 02 10 00 00 00 02 92 00 00 00 00 00 00 00 00 00 00 00 00 00 00 00 00 00 00 00 00 00 00 00 00 00 00 00 00 00 00 00 00 00 00 00 00 00 43 32 c6 b8 33 ff 00 00 00 00 02 92
[11:20:19.178] LORA sensors: status=2816, uptime=658, accel=[-0.016592, 0.22448, -0.992592], gyro=[-2.59, 1.26, 2.31], crc=None
[11:20:19.179] CAN  sensors: status=2816, uptime=658, accel=[-0.016592, 0.22448, -0.992592], gyro=[-2.59, 1.26, 2.31]
[11:20:19.180] LORA state: status=4096, uptime=658, orientation=[0, 0, 0, 0], position=[0, 0, 0], velocity=[0, 0, 0], latitude=0, longitude=0, gps_altitude=0, barometric_altitude=1127401144, witness_battery_voltage=51, crc=None
[11:20:19.180] LORA heartbeat: status=0, uptime=658
[11:20:19.181] CAN  heartbeat: status=0, uptime=658
[11:20:20.155] RX  01
[11:20:20.156] RX  0f 00 00 00 02 93 ff de 01 cd f8 0e ff db 00 13 00 21 02 10 00 00 00 02 93 00 00 00 00 00 00 00 00 00 00 00 00 00 00 00 00 00 00 00 00 00 00 00 00 00 00 00 00 00 00 00 00 00 00 00 00 00 43 32 b1 13 33 ff 01 00 00 00 02 93
[11:20:20.158] LORA sensors: status=3840, uptime=659, accel=[-0.016592, 0.224968, -0.992592], gyro=[-2.59, 1.33, 2.31], crc=None
[11:20:20.160] CAN  sensors: status=3840, uptime=659, accel=[-0.016592, 0.224968, -0.992592], gyro=[-2.59, 1.33, 2.31]
[11:20:20.161] LORA state: status=4096, uptime=659, orientation=[0, 0, 0, 0], position=[0, 0, 0], velocity=[0, 0, 0], latitude=0, longitude=0, gps_altitude=0, barometric_altitude=1127395603, witness_battery_voltage=51, crc=None
[11:20:20.162] LORA heartbeat: status=256, uptime=659
[11:20:20.163] CAN  heartbeat: status=256, uptime=659
[11:20:21.185] RX  01
[11:20:21.185] RX  0b 00 00 00 02 94 ff cf 01 c4 f8 0d ff e0 00 07 00 20 02 10 00 00 00 02 94 00 00 00 00 00 00 00 00 00 00 00 00 00 00 00 00 00 00 00 00 00 00 00 00 00 00 00 00 00 00 00 00 00 00 00 00 00 43 32 dc 5e 33 ff 00 00 00 00 02 94
[11:20:21.187] LORA sensors: status=2816, uptime=660, accel=[-0.023912, 0.220576, -0.99308], gyro=[-2.24, 0.49, 2.24], crc=None
[11:20:21.188] CAN  sensors: status=2816, uptime=660, accel=[-0.023912, 0.220576, -0.99308], gyro=[-2.24, 0.49, 2.24]
[11:20:21.189] LORA state: status=4096, uptime=660, orientation=[0, 0, 0, 0], position=[0, 0, 0], velocity=[0, 0, 0], latitude=0, longitude=0, gps_altitude=0, barometric_altitude=1127406686, witness_battery_voltage=51, crc=None
[11:20:21.189] LORA heartbeat: status=0, uptime=660
[11:20:21.190] CAN  heartbeat: status=0, uptime=660
[11:20:22.194] RX  01
[11:20:22.194] RX  0f 00 00 00 02 95 ff cd 01 c4 f8 0d ff dc 00 0f 00 21 02 10 00 00 00 02 95 00 00 00 00 00 00 00 00 00 00 00 00 00 00 00 00 00 00 00 00 00 00 00 00 00 00 00 00 00 00 00 00 00 00 00 00 00 43 32 b1 13 33 ff 01 00 00 00 02 95
[11:20:22.196] LORA sensors: status=3840, uptime=661, accel=[-0.024888, 0.220576, -0.99308], gyro=[-2.52, 1.05, 2.31], crc=None
[11:20:22.197] CAN  sensors: status=3840, uptime=661, accel=[-0.024888, 0.220576, -0.99308], gyro=[-2.52, 1.05, 2.31]
[11:20:22.198] LORA state: status=4096, uptime=661, orientation=[0, 0, 0, 0], position=[0, 0, 0], velocity=[0, 0, 0], latitude=0, longitude=0, gps_altitude=0, barometric_altitude=1127395603, witness_battery_voltage=51, crc=None
[11:20:22.199] LORA heartbeat: status=256, uptime=661
[11:20:22.200] CAN  heartbeat: status=256, uptime=661
[11:20:23.150] RX  01
[11:20:23.152] RX  0b 00 00 00 02 96 ff d3 01 c4 f8 06 ff d4 00 20 00 23 02 10 00 00 00 02 96 00 00 00 00 00 00 00 00 00 00 00 00 00 00 00 00 00 00 00 00 00 00 00 00 00 00 00 00 00 00 00 00 00 00 00 00 00 43 32 f2 03 33 ff 00 00 00 00 02 96
[11:20:23.154] LORA sensors: status=2816, uptime=662, accel=[-0.02196, 0.220576, -0.996496], gyro=[-3.08, 2.24, 2.45], crc=None
[11:20:23.155] CAN  sensors: status=2816, uptime=662, accel=[-0.02196, 0.220576, -0.996496], gyro=[-3.08, 2.24, 2.45]
[11:20:23.156] LORA state: status=4096, uptime=662, orientation=[0, 0, 0, 0], position=[0, 0, 0], velocity=[0, 0, 0], latitude=0, longitude=0, gps_altitude=0, barometric_altitude=1127412227, witness_battery_voltage=51, crc=None
[11:20:23.157] LORA heartbeat: status=0, uptime=662
[11:20:23.158] CAN  heartbeat: status=0, uptime=662
[11:20:24.196] RX  01
[11:20:24.197] RX  0f 00 00 00 02 97 ff e8 01 d3 f8 11 ff f6 ff d5 00 17
[11:20:24.198] LORA sensors: status=3840, uptime=663, accel=[-0.011712, 0.227896, -0.991128], gyro=[-0.7, -3.01, 1.61], crc=None
[11:20:24.199] CAN  sensors: status=3840, uptime=663, accel=[-0.011712, 0.227896, -0.991128], gyro=[-0.7, -3.01, 1.61]
[11:20:24.199] RX  02 10 00 00 00 02 97 00 00 00 00 00 00 00 00 00 00 00 00 00 00 00 00 00 00 00 00 00 00 00 00 00 00 00 00 00 00 00 00 00 00 00 00 00 43 32 c6 b8 33 ff 01 00 00 00 02 97
[11:20:24.200] LORA state: status=4096, uptime=663, orientation=[0, 0, 0, 0], position=[0, 0, 0], velocity=[0, 0, 0], latitude=0, longitude=0, gps_altitude=0, barometric_altitude=1127401144, witness_battery_voltage=51, crc=None
[11:20:24.201] LORA heartbeat: status=256, uptime=663
[11:20:24.201] CAN  heartbeat: status=256, uptime=663
[11:20:25.191] RX  01
[11:20:25.192] RX  0f 00 00 00 02 98 ff e2 01 cd f8 0e ff d5 00 1e 00 23 02 10 00 00 00 02 98 00 00 00 00 00 00 00 00 00 00 00 00 00 00 00 00 00 00 00 00 00 00 00 00 00 00 00 00 00 00 00 00 00 00 00 00 00 43 32 f2 03 33 ff 00 00 00 00 02 98
[11:20:25.194] LORA sensors: status=3840, uptime=664, accel=[-0.01464, 0.224968, -0.992592], gyro=[-3.01, 2.1, 2.45], crc=None
[11:20:25.196] CAN  sensors: status=3840, uptime=664, accel=[-0.01464, 0.224968, -0.992592], gyro=[-3.01, 2.1, 2.45]
[11:20:25.198] LORA state: status=4096, uptime=664, orientation=[0, 0, 0, 0], position=[0, 0, 0], velocity=[0, 0, 0], latitude=0, longitude=0, gps_altitude=0, barometric_altitude=1127412227, witness_battery_voltage=51, crc=None
[11:20:25.199] LORA heartbeat: status=0, uptime=664
[11:20:25.202] CAN  heartbeat: status=0, uptime=664
[11:20:26.201] RX  01
[11:20:26.204] RX  0f 00 00 00 02 99 ff e2 01 cf f8 0e ff d6 00 1d 00 23 02 10 00 00 00 02 99 00 00 00 00 00 00 00 00 00 00 00 00 00 00 00 00 00 00 00 00 00 00 00 00 00 00 00 00 00 00 00 00 00 00 00 00 00 43 32 b1 13 33 ff 01 00 00 00 02 99
[11:20:26.205] LORA sensors: status=3840, uptime=665, accel=[-0.01464, 0.225944, -0.992592], gyro=[-2.94, 2.03, 2.45], crc=None
[11:20:26.206] CAN  sensors: status=3840, uptime=665, accel=[-0.01464, 0.225944, -0.992592], gyro=[-2.94, 2.03, 2.45]
[11:20:26.207] LORA state: status=4096, uptime=665, orientation=[0, 0, 0, 0], position=[0, 0, 0], velocity=[0, 0, 0], latitude=0, longitude=0, gps_altitude=0, barometric_altitude=1127395603, witness_battery_voltage=51, crc=None
[11:20:26.208] LORA heartbeat: status=256, uptime=665
[11:20:26.210] CAN  heartbeat: status=256, uptime=665
[11:20:27.198] RX  01
[11:20:27.199] RX  0f 00 00 00 02 9a ff e5 01 ce f8 10 ff da 00 13 00 20 02 10 00 00 00 02 9a 00 00 00 00 00 00 00 00 00 00 00 00 00 00 00 00 00 00 00 00 00 00 00 00 00 00 00 00 00 00 00 00 00 00 00 00 00 43 32 c6 b8 33 ff 00 00 00 00 02 9a
[11:20:27.200] LORA sensors: status=3840, uptime=666, accel=[-0.013176, 0.225456, -0.991616], gyro=[-2.66, 1.33, 2.24], crc=None
[11:20:27.202] CAN  sensors: status=3840, uptime=666, accel=[-0.013176, 0.225456, -0.991616], gyro=[-2.66, 1.33, 2.24]
[11:20:27.203] LORA state: status=4096, uptime=666, orientation=[0, 0, 0, 0], position=[0, 0, 0], velocity=[0, 0, 0], latitude=0, longitude=0, gps_altitude=0, barometric_altitude=1127401144, witness_battery_voltage=51, crc=None
[11:20:27.204] LORA heartbeat: status=0, uptime=666
[11:20:27.205] CAN  heartbeat: status=0, uptime=666
[11:20:28.147] RX  01
[11:20:28.148] RX  0b 00 00 00 02 9b ff e4 01 cf f8 0d ff da 00 14 00 21 02 10 00 00 00 02 9b 00 00 00 00 00 00 00 00 00 00 00 00 00 00 00 00 00 00 00 00 00 00 00 00 00 00 00 00 00 00 00 00 00 00 00 00 00 43 33 07 a8 33 ff 01 00 00 00 02 9b
[11:20:28.151] LORA sensors: status=2816, uptime=667, accel=[-0.013664, 0.225944, -0.99308], gyro=[-2.66, 1.4, 2.31], crc=None
[11:20:28.153] CAN  sensors: status=2816, uptime=667, accel=[-0.013664, 0.225944, -0.99308], gyro=[-2.66, 1.4, 2.31]
[11:20:28.156] LORA state: status=4096, uptime=667, orientation=[0, 0, 0, 0], position=[0, 0, 0], velocity=[0, 0, 0], latitude=0, longitude=0, gps_altitude=0, barometric_altitude=1127417768, witness_battery_voltage=51, crc=None
[11:20:28.158] LORA heartbeat: status=256, uptime=667
[11:20:28.160] CAN  heartbeat: status=256, uptime=667
[11:20:29.184] RX  01
[11:20:29.186] RX  0f 00 00 00 02 9c ff e4 01 cd f8 11 ff db 00 13 00 21 02 10 00 00 00 02 9c 00 00 00 00 00 00 00 00 00 00 00 00 00 00 00 00 00 00 00 00 00 00 00 00 00 00 00 00 00 00 00 00 00 00 00 00 00 43 32 dc 5e 33 ff 00 00 00 00 02 9c
[11:20:29.191] LORA sensors: status=3840, uptime=668, accel=[-0.013664, 0.224968, -0.991128], gyro=[-2.59, 1.33, 2.31], crc=None
[11:20:29.198] CAN  sensors: status=3840, uptime=668, accel=[-0.013664, 0.224968, -0.991128], gyro=[-2.59, 1.33, 2.31]
[11:20:29.204] LORA state: status=4096, uptime=668, orientation=[0, 0, 0, 0], position=[0, 0, 0], velocity=[0, 0, 0], latitude=0, longitude=0, gps_altitude=0, barometric_altitude=1127406686, witness_battery_voltage=51, crc=None
[11:20:29.210] LORA heartbeat: status=0, uptime=668
[11:20:29.214] CAN  heartbeat: status=0, uptime=668
[11:20:30.172] RX  01
[11:20:30.172] RX  0b 00 00 00 02 9d ff e4 01 ce f8 11 ff db 00 12 00 22 02 10 00 00 00 02 9d 00 00 00 00 00 00 00 00 00 00 00 00 00 00 00 00 00 00 00 00 00 00 00 00 00 00 00 00 00 00 00 00 00 00 00 00 00 43 32 85 c9 33 ff 01 00 00 00 02 9d
[11:20:30.173] LORA sensors: status=2816, uptime=669, accel=[-0.013664, 0.225456, -0.991128], gyro=[-2.59, 1.26, 2.38], crc=None
[11:20:30.178] CAN  sensors: status=2816, uptime=669, accel=[-0.013664, 0.225456, -0.991128], gyro=[-2.59, 1.26, 2.38]
[11:20:30.180] LORA state: status=4096, uptime=669, orientation=[0, 0, 0, 0], position=[0, 0, 0], velocity=[0, 0, 0], latitude=0, longitude=0, gps_altitude=0, barometric_altitude=1127384521, witness_battery_voltage=51, crc=None
[11:20:30.182] LORA heartbeat: status=256, uptime=669
[11:20:30.186] CAN  heartbeat: status=256, uptime=669
[11:20:31.184] RX  01
[11:20:31.185] RX  0f 00 00 00 02 9e ff e4 01 ce f8 10 ff da 00 13 00 22 02 10 00 00 00 02 9e 00 00 00 00 00 00 00 00 00 00 00 00 00 00 00 00 00 00 00 00 00 00 00 00 00 00 00 00 00 00 00 00 00 00 00 00 00 43 32 5a 7e 33
[11:20:31.190] LORA sensors: status=3840, uptime=670, accel=[-0.013664, 0.225456, -0.991616], gyro=[-2.66, 1.33, 2.38], crc=None
[11:20:31.192] CAN  sensors: status=3840, uptime=670, accel=[-0.013664, 0.225456, -0.991616], gyro=[-2.66, 1.33, 2.38]
[11:20:31.198] LORA state: status=4096, uptime=670, orientation=[0, 0, 0, 0], position=[0, 0, 0], velocity=[0, 0, 0], latitude=0, longitude=0, gps_altitude=0, barometric_altitude=1127373438, witness_battery_voltage=51, crc=None
[11:20:31.199] RX  ff 00 00 00 00 02 9e
[11:20:31.202] LORA heartbeat: status=0, uptime=670
[11:20:31.205] CAN  heartbeat: status=0, uptime=670
[11:20:32.192] RX  01
[11:20:32.193] RX  0b 00 00 00 02 9f ff e4 01 ce f8 0d ff db 00 12 00 21 02 10 00 00 00 02 9f 00 00 00 00 00 00 00 00 00 00 00 00 00 00 00 00 00 00 00 00 00 00 00 00 00 00 00 00 00 00 00 00 00 00 00 00 00 43 32 c6 b8 33 ff 01 00 00 00 02 9f
[11:20:32.197] LORA sensors: status=2816, uptime=671, accel=[-0.013664, 0.225456, -0.99308], gyro=[-2.59, 1.26, 2.31], crc=None
[11:20:32.199] CAN  sensors: status=2816, uptime=671, accel=[-0.013664, 0.225456, -0.99308], gyro=[-2.59, 1.26, 2.31]
[11:20:32.204] LORA state: status=4096, uptime=671, orientation=[0, 0, 0, 0], position=[0, 0, 0], velocity=[0, 0, 0], latitude=0, longitude=0, gps_altitude=0, barometric_altitude=1127401144, witness_battery_voltage=51, crc=None
[11:20:32.206] LORA heartbeat: status=256, uptime=671
[11:20:32.211] CAN  heartbeat: status=256, uptime=671
[11:20:33.159] RX  01
[11:20:33.159] RX  0f 00 00 00 02 a0 ff e3 01 cf f8 10 ff da 00 12 00 21 02 10 00 00 00 02 a0 00 00 00 00 00 00 00 00 00 00 00 00 00 00 00 00 00 00 00 00 00 00 00 00 00 00 00 00 00 00 00 00 00 00 00 00 00 43 32 c6 b8 33
[11:20:33.165] LORA sensors: status=3840, uptime=672, accel=[-0.014152, 0.225944, -0.991616], gyro=[-2.66, 1.26, 2.31], crc=None
[11:20:33.170] CAN  sensors: status=3840, uptime=672, accel=[-0.014152, 0.225944, -0.991616], gyro=[-2.66, 1.26, 2.31]
[11:20:33.174] LORA state: status=4096, uptime=672, orientation=[0, 0, 0, 0], position=[0, 0, 0], velocity=[0, 0, 0], latitude=0, longitude=0, gps_altitude=0, barometric_altitude=1127401144, witness_battery_voltage=51, crc=None
[11:20:33.175] RX  ff 00 00 00 00 02 a0
[11:20:33.176] LORA heartbeat: status=0, uptime=672
[11:20:33.177] CAN  heartbeat: status=0, uptime=672
[11:20:34.152] RX  01
[11:20:34.154] RX  0f 00 00 00 02 a1 ff e5 01 d0 f8 0f ff d9 00 15 00 21 02 10 00 00 00 02 a1 00 00 00 00 00 00 00 00 00 00 00 00 00 00 00 00 00 00 00 00 00 00 00 00 00 00 00 00 00 00 00 00 00 00 00 00 00 43 32 9b 6e 33 ff 01 00 00 00 02 a1
[11:20:34.157] LORA sensors: status=3840, uptime=673, accel=[-0.013176, 0.226432, -0.992104], gyro=[-2.73, 1.47, 2.31], crc=None
[11:20:34.160] CAN  sensors: status=3840, uptime=673, accel=[-0.013176, 0.226432, -0.992104], gyro=[-2.73, 1.47, 2.31]
[11:20:34.163] LORA state: status=4096, uptime=673, orientation=[0, 0, 0, 0], position=[0, 0, 0], velocity=[0, 0, 0], latitude=0, longitude=0, gps_altitude=0, barometric_altitude=1127390062, witness_battery_voltage=51, crc=None
[11:20:34.165] LORA heartbeat: status=256, uptime=673
[11:20:34.167] CAN  heartbeat: status=256, uptime=673
[11:20:35.163] RX  01
[11:20:35.165] RX  0b 00 00 00 02 a2 ff e5 01 cf f8 0f ff da 00 12 00 21 02 10 00 00 00 02 a2 00 00 00 00 00 00 00 00 00 00 00 00 00 00 00 00 00 00 00 00 00 00 00 00 00 00 00 00 00 00 00 00 00 00 00 00 00 43 32 c6 b8 33 ff 00 00 00 00 02 a2
[11:20:35.167] LORA sensors: status=2816, uptime=674, accel=[-0.013176, 0.225944, -0.992104], gyro=[-2.66, 1.26, 2.31], crc=None
[11:20:35.170] CAN  sensors: status=2816, uptime=674, accel=[-0.013176, 0.225944, -0.992104], gyro=[-2.66, 1.26, 2.31]
[11:20:35.171] LORA state: status=4096, uptime=674, orientation=[0, 0, 0, 0], position=[0, 0, 0], velocity=[0, 0, 0], latitude=0, longitude=0, gps_altitude=0, barometric_altitude=1127401144, witness_battery_voltage=51, crc=None
[11:20:35.172] LORA heartbeat: status=0, uptime=674
[11:20:35.173] CAN  heartbeat: status=0, uptime=674
[11:20:36.145] RX  01
[11:20:36.146] RX  0f 00 00 00 02 a3 ff e5 01 cf f8 10 ff db 00 11 00 21 02 10 00 00 00 02 a3 00 00 00 00 00 00 00 00 00 00 00 00 00 00 00 00 00 00 00 00 00 00 00 00 00 00 00 00 00 00 00 00 00 00 00 00 00 43 32 9b 6e 33 ff 01 00 00 00 02 a3
[11:20:36.148] LORA sensors: status=3840, uptime=675, accel=[-0.013176, 0.225944, -0.991616], gyro=[-2.59, 1.19, 2.31], crc=None
[11:20:36.149] CAN  sensors: status=3840, uptime=675, accel=[-0.013176, 0.225944, -0.991616], gyro=[-2.59, 1.19, 2.31]
[11:20:36.150] LORA state: status=4096, uptime=675, orientation=[0, 0, 0, 0], position=[0, 0, 0], velocity=[0, 0, 0], latitude=0, longitude=0, gps_altitude=0, barometric_altitude=1127390062, witness_battery_voltage=51, crc=None
[11:20:36.150] LORA heartbeat: status=256, uptime=675
[11:20:36.151] CAN  heartbeat: status=256, uptime=675
[11:20:37.145] RX  01
[11:20:37.147] RX  0b 00 00 00 02 a4 ff e5 01 ce f8 0e ff db 00 14 00 21 02 10 00 00 00 02 a4 00 00 00 00 00 00 00 00 00 00 00 00 00 00 00 00 00 00 00 00 00 00 00 00 00 00 00 00 00 00 00 00 00 00 00 00 00 43 33 07 a8 33 ff 00 00 00 00 02 a4
[11:20:37.149] LORA sensors: status=2816, uptime=676, accel=[-0.013176, 0.225456, -0.992592], gyro=[-2.59, 1.4, 2.31], crc=None
[11:20:37.150] CAN  sensors: status=2816, uptime=676, accel=[-0.013176, 0.225456, -0.992592], gyro=[-2.59, 1.4, 2.31]
[11:20:37.151] LORA state: status=4096, uptime=676, orientation=[0, 0, 0, 0], position=[0, 0, 0], velocity=[0, 0, 0], latitude=0, longitude=0, gps_altitude=0, barometric_altitude=1127417768, witness_battery_voltage=51, crc=None
[11:20:37.152] LORA heartbeat: status=0, uptime=676
[11:20:37.153] CAN  heartbeat: status=0, uptime=676
[11:20:38.195] RX  01
[11:20:38.196] RX  0f 00 00 00 02 a5 ff e6 01 ce f8 0e ff db 00 11 00 22 02 10 00 00 00 02 a5 00 00 00 00 00 00 00 00 00 00 00 00 00 00 00 00 00 00 00 00 00 00 00 00 00 00 00 00 00 00 00 00 00 00 00 00 00 43 32 dc 5e 33 ff 01 00 00 00 02 a5
[11:20:38.200] LORA sensors: status=3840, uptime=677, accel=[-0.012688, 0.225456, -0.992592], gyro=[-2.59, 1.19, 2.38], crc=None
[11:20:38.204] CAN  sensors: status=3840, uptime=677, accel=[-0.012688, 0.225456, -0.992592], gyro=[-2.59, 1.19, 2.38]
[11:20:38.208] LORA state: status=4096, uptime=677, orientation=[0, 0, 0, 0], position=[0, 0, 0], velocity=[0, 0, 0], latitude=0, longitude=0, gps_altitude=0, barometric_altitude=1127406686, witness_battery_voltage=51, crc=None
[11:20:38.209] LORA heartbeat: status=256, uptime=677
[11:20:38.211] CAN  heartbeat: status=256, uptime=677
[11:20:39.176] RX  01
[11:20:39.176] RX  0b 00 00 00 02 a6 ff e6 01 cf f8 0f ff db 00 11 00 21 02 10 00 00 00 02 a6 00 00 00 00 00 00 00 00 00 00 00 00 00 00 00 00 00 00 00 00 00 00 00 00 00 00 00 00 00 00 00 00 00 00 00 00 00 43 32 b1 13 33 ff 00 00 00 00 02 a6
[11:20:39.178] LORA sensors: status=2816, uptime=678, accel=[-0.012688, 0.225944, -0.992104], gyro=[-2.59, 1.19, 2.31], crc=None
[11:20:39.179] CAN  sensors: status=2816, uptime=678, accel=[-0.012688, 0.225944, -0.992104], gyro=[-2.59, 1.19, 2.31]
[11:20:39.180] LORA state: status=4096, uptime=678, orientation=[0, 0, 0, 0], position=[0, 0, 0], velocity=[0, 0, 0], latitude=0, longitude=0, gps_altitude=0, barometric_altitude=1127395603, witness_battery_voltage=51, crc=None
[11:20:39.181] LORA heartbeat: status=0, uptime=678
[11:20:39.182] CAN  heartbeat: status=0, uptime=678
[11:20:40.174] RX  01
[11:20:40.174] RX  0f 00 00 00 02 a7 ff e7 01 d1 f8 0f ff da 00 12 00 22 02 10 00 00 00 02 a7 00 00 00 00 00 00 00 00 00 00 00 00 00 00 00 00 00 00 00 00 00 00 00 00 00 00 00 00 00 00 00 00 00 00 00 00 00 43 32 f2 03 33 ff 01 00 00 00 02 a7
[11:20:40.176] LORA sensors: status=3840, uptime=679, accel=[-0.0122, 0.22692, -0.992104], gyro=[-2.66, 1.26, 2.38], crc=None
[11:20:40.177] CAN  sensors: status=3840, uptime=679, accel=[-0.0122, 0.22692, -0.992104], gyro=[-2.66, 1.26, 2.38]
[11:20:40.178] LORA state: status=4096, uptime=679, orientation=[0, 0, 0, 0], position=[0, 0, 0], velocity=[0, 0, 0], latitude=0, longitude=0, gps_altitude=0, barometric_altitude=1127412227, witness_battery_voltage=51, crc=None
[11:20:40.179] LORA heartbeat: status=256, uptime=679
[11:20:40.180] CAN  heartbeat: status=256, uptime=679
[11:20:41.187] RX  01
[11:20:41.187] RX  0f 00 00 00 02 a8 ff e7 01 d0 f8 0f ff d9 00 14 00 21 02 10 00 00 00 02 a8 00 00 00 00 00 00 00 00 00 00 00 00 00 00 00 00 00 00 00 00 00 00 00 00 00 00 00 00 00 00 00 00 00 00 00 00 00 43 32 f2 03 33 ff 00 00 00 00 02 a8
[11:20:41.189] LORA sensors: status=3840, uptime=680, accel=[-0.0122, 0.226432, -0.992104], gyro=[-2.73, 1.4, 2.31], crc=None
[11:20:41.190] CAN  sensors: status=3840, uptime=680, accel=[-0.0122, 0.226432, -0.992104], gyro=[-2.73, 1.4, 2.31]
[11:20:41.196] LORA state: status=4096, uptime=680, orientation=[0, 0, 0, 0], position=[0, 0, 0], velocity=[0, 0, 0], latitude=0, longitude=0, gps_altitude=0, barometric_altitude=1127412227, witness_battery_voltage=51, crc=None
[11:20:41.200] LORA heartbeat: status=0, uptime=680
[11:20:41.201] CAN  heartbeat: status=0, uptime=680
[11:20:42.155] RX  01
[11:20:42.155] RX  0b 00 00 00 02 a9 ff e6 01 ce f8 0e ff da 00 14 00 20 02 10 00 00 00 02 a9 00 00 00 00 00 00 00 00 00 00 00 00 00 00 00 00 00 00 00 00 00 00 00 00 00 00 00 00 00 00 00 00 00 00 00 00 00 43 32 dc 5e 33 ff 01 00 00 00 02 a9
[11:20:42.156] LORA sensors: status=2816, uptime=681, accel=[-0.012688, 0.225456, -0.992592], gyro=[-2.66, 1.4, 2.24], crc=None
[11:20:42.157] CAN  sensors: status=2816, uptime=681, accel=[-0.012688, 0.225456, -0.992592], gyro=[-2.66, 1.4, 2.24]
[11:20:42.158] LORA state: status=4096, uptime=681, orientation=[0, 0, 0, 0], position=[0, 0, 0], velocity=[0, 0, 0], latitude=0, longitude=0, gps_altitude=0, barometric_altitude=1127406686, witness_battery_voltage=51, crc=None
[11:20:42.159] LORA heartbeat: status=256, uptime=681
[11:20:42.161] CAN  heartbeat: status=256, uptime=681
[11:20:43.202] RX  01
[11:20:43.206] RX  0f 00 00 00 02 aa ff e6 01 d2 f8 0c ff dd 00 10 00 21 02 10 00 00 00 02 aa 00 00 00 00 00 00 00 00 00 00 00 00 00 00 00 00 00 00 00 00 00 00 00 00 00 00 00 00 00 00 00 00 00 00 00 00 00 43 32 dc 5e 33 ff 00 00 00 00 02 aa
[11:20:43.209] LORA sensors: status=3840, uptime=682, accel=[-0.012688, 0.227408, -0.993568], gyro=[-2.45, 1.12, 2.31], crc=None
[11:20:43.210] CAN  sensors: status=3840, uptime=682, accel=[-0.012688, 0.227408, -0.993568], gyro=[-2.45, 1.12, 2.31]
[11:20:43.212] LORA state: status=4096, uptime=682, orientation=[0, 0, 0, 0], position=[0, 0, 0], velocity=[0, 0, 0], latitude=0, longitude=0, gps_altitude=0, barometric_altitude=1127406686, witness_battery_voltage=51, crc=None
[11:20:43.214] LORA heartbeat: status=0, uptime=682
[11:20:43.215] CAN  heartbeat: status=0, uptime=682
[11:20:44.149] RX  01
[11:20:44.149] RX  0b 00 00 00 02 ab ff e6 01 d1 f8 0e ff da 00 11 00 21 02 10 00 00 00 02 ab 00 00 00 00 00 00 00 00 00 00 00 00 00 00 00 00 00 00 00 00 00 00 00 00 00 00 00 00 00 00 00 00 00 00 00 00 00 43 32 f2 03 33 ff 01 00 00 00 02 ab
[11:20:44.150] LORA sensors: status=2816, uptime=683, accel=[-0.012688, 0.22692, -0.992592], gyro=[-2.66, 1.19, 2.31], crc=None
[11:20:44.151] CAN  sensors: status=2816, uptime=683, accel=[-0.012688, 0.22692, -0.992592], gyro=[-2.66, 1.19, 2.31]
[11:20:44.152] LORA state: status=4096, uptime=683, orientation=[0, 0, 0, 0], position=[0, 0, 0], velocity=[0, 0, 0], latitude=0, longitude=0, gps_altitude=0, barometric_altitude=1127412227, witness_battery_voltage=51, crc=None
[11:20:44.155] LORA heartbeat: status=256, uptime=683
[11:20:44.157] CAN  heartbeat: status=256, uptime=683
[11:20:45.151] RX  01
[11:20:45.152] RX  0f 00 00 00 02 ac ff e7 01 cf f8 11 ff dc 00 0e 00 21 02 10 00 00 00 02 ac 00 00 00 00 00 00 00 00 00 00 00 00 00 00 00 00 00 00 00 00 00 00 00 00 00 00 00 00 00 00 00 00 00 00 00 00 00 43 33 1d 4d 33 ff 00 00 00 00 02 ac
[11:20:45.154] LORA sensors: status=3840, uptime=684, accel=[-0.0122, 0.225944, -0.991128], gyro=[-2.52, 0.98, 2.31], crc=None
[11:20:45.155] CAN  sensors: status=3840, uptime=684, accel=[-0.0122, 0.225944, -0.991128], gyro=[-2.52, 0.98, 2.31]
[11:20:45.156] LORA state: status=4096, uptime=684, orientation=[0, 0, 0, 0], position=[0, 0, 0], velocity=[0, 0, 0], latitude=0, longitude=0, gps_altitude=0, barometric_altitude=1127423309, witness_battery_voltage=51, crc=None
[11:20:45.156] LORA heartbeat: status=0, uptime=684
[11:20:45.157] CAN  heartbeat: status=0, uptime=684
[11:20:46.199] RX  01
[11:20:46.199] RX  0b 00 00 00 02 ad ff e7 01 cf f8 0f ff da 00 12 00 21
[11:20:46.201] LORA sensors: status=2816, uptime=685, accel=[-0.0122, 0.225944, -0.992104], gyro=[-2.66, 1.26, 2.31], crc=None
[11:20:46.202] CAN  sensors: status=2816, uptime=685, accel=[-0.0122, 0.225944, -0.992104], gyro=[-2.66, 1.26, 2.31]
[11:20:46.202] RX  02 10 00 00 00 02 ad 00 00 00 00 00 00 00 00 00 00 00 00 00 00 00 00 00 00 00 00 00 00 00 00 00 00 00 00 00 00 00 00 00 00 00 00 00 43 32 c6 b8 33 ff 01 00 00 00 02 ad
[11:20:46.205] LORA state: status=4096, uptime=685, orientation=[0, 0, 0, 0], position=[0, 0, 0], velocity=[0, 0, 0], latitude=0, longitude=0, gps_altitude=0, barometric_altitude=1127401144, witness_battery_voltage=51, crc=None
[11:20:46.206] LORA heartbeat: status=256, uptime=685
[11:20:46.207] CAN  heartbeat: status=256, uptime=685
[11:20:47.194] RX  01
[11:20:47.195] RX  0f 00 00 00 02 ae ff e9 01 cf f8 0e ff da 00 15 00 21 02 10 00 00 00 02 ae 00 00 00 00 00 00 00 00 00 00 00 00 00 00 00 00 00 00 00 00 00 00 00 00 00 00 00 00 00 00 00 00 00 00 00 00 00 43 32 b1 13 33
[11:20:47.196] LORA sensors: status=3840, uptime=686, accel=[-0.011224, 0.225944, -0.992592], gyro=[-2.66, 1.47, 2.31], crc=None
[11:20:47.197] CAN  sensors: status=3840, uptime=686, accel=[-0.011224, 0.225944, -0.992592], gyro=[-2.66, 1.47, 2.31]
[11:20:47.198] LORA state: status=4096, uptime=686, orientation=[0, 0, 0, 0], position=[0, 0, 0], velocity=[0, 0, 0], latitude=0, longitude=0, gps_altitude=0, barometric_altitude=1127395603, witness_battery_voltage=51, crc=None
[11:20:47.198] RX  ff 00 00 00 00 02 ae
[11:20:47.199] LORA heartbeat: status=0, uptime=686
[11:20:47.200] CAN  heartbeat: status=0, uptime=686
[11:20:48.194] RX  01
[11:20:48.195] RX  0f 00 00 00 02 af ff e7 01 cf f8 0d ff d9 00 14 00 22 02 10 00 00 00 02 af 00 00 00 00 00 00 00 00 00 00 00 00 00 00 00 00 00 00 00 00 00 00 00 00 00 00 00 00 00 00 00 00 00 00 00 00 00 43 32 b1 13 33
[11:20:48.198] LORA sensors: status=3840, uptime=687, accel=[-0.0122, 0.225944, -0.99308], gyro=[-2.73, 1.4, 2.38], crc=None
[11:20:48.200] CAN  sensors: status=3840, uptime=687, accel=[-0.0122, 0.225944, -0.99308], gyro=[-2.73, 1.4, 2.38]
[11:20:48.203] LORA state: status=4096, uptime=687, orientation=[0, 0, 0, 0], position=[0, 0, 0], velocity=[0, 0, 0], latitude=0, longitude=0, gps_altitude=0, barometric_altitude=1127395603, witness_battery_voltage=51, crc=None
[11:20:48.204] RX  ff 01 00 00 00 02 af
[11:20:48.205] LORA heartbeat: status=256, uptime=687
[11:20:48.207] CAN  heartbeat: status=256, uptime=687
[11:20:49.163] RX  01
[11:20:49.163] RX  0b 00 00 00 02 b0 ff e7 01 d0 f8 11 ff da 00 11 00 21 02 10 00 00 00 02 b0 00 00 00 00 00 00 00 00 00 00 00 00 00 00 00 00 00 00 00 00 00 00 00 00 00 00 00 00 00 00 00 00 00 00 00 00 00 43 32 c6 b8 33 ff 00 00 00 00 02 b0
[11:20:49.165] LORA sensors: status=2816, uptime=688, accel=[-0.0122, 0.226432, -0.991128], gyro=[-2.66, 1.19, 2.31], crc=None
[11:20:49.167] CAN  sensors: status=2816, uptime=688, accel=[-0.0122, 0.226432, -0.991128], gyro=[-2.66, 1.19, 2.31]
[11:20:49.169] LORA state: status=4096, uptime=688, orientation=[0, 0, 0, 0], position=[0, 0, 0], velocity=[0, 0, 0], latitude=0, longitude=0, gps_altitude=0, barometric_altitude=1127401144, witness_battery_voltage=51, crc=None
[11:20:49.171] LORA heartbeat: status=0, uptime=688
[11:20:49.172] CAN  heartbeat: status=0, uptime=688
[11:20:50.191] RX  01
[11:20:50.193] RX  0f 00 00 00 02 b1 ff e7 01 cf f8 0f ff d9 00 14 00 22 02 10 00 00 00 02 b1 00 00 00 00 00 00 00 00 00 00 00 00 00 00 00 00 00 00 00 00 00 00 00 00 00 00 00 00 00 00 00 00 00 00 00 00 00 43 32 f2 03 33 ff 01 00 00 00 02 b1
[11:20:50.196] LORA sensors: status=3840, uptime=689, accel=[-0.0122, 0.225944, -0.992104], gyro=[-2.73, 1.4, 2.38], crc=None
[11:20:50.199] CAN  sensors: status=3840, uptime=689, accel=[-0.0122, 0.225944, -0.992104], gyro=[-2.73, 1.4, 2.38]
[11:20:50.201] LORA state: status=4096, uptime=689, orientation=[0, 0, 0, 0], position=[0, 0, 0], velocity=[0, 0, 0], latitude=0, longitude=0, gps_altitude=0, barometric_altitude=1127412227, witness_battery_voltage=51, crc=None
[11:20:50.202] LORA heartbeat: status=256, uptime=689
[11:20:50.205] CAN  heartbeat: status=256, uptime=689
[11:20:51.205] RX  01
[11:20:51.205] RX  0b 00 00 00 02 b2 ff e8 01 cf f8 0e ff da 00 13 00 20
[11:20:51.208] LORA sensors: status=2816, uptime=690, accel=[-0.011712, 0.225944, -0.992592], gyro=[-2.66, 1.33, 2.24], crc=None
[11:20:51.209] CAN  sensors: status=2816, uptime=690, accel=[-0.011712, 0.225944, -0.992592], gyro=[-2.66, 1.33, 2.24]
[11:20:51.209] RX  02 10 00 00 00 02 b2 00 00 00 00 00 00 00 00 00 00 00 00 00 00 00 00 00 00 00 00 00 00 00 00 00 00 00 00 00 00 00 00 00 00 00 00 00 43 32 c6 b8 33 ff 00 00 00 00 02 b2
[11:20:51.211] LORA state: status=4096, uptime=690, orientation=[0, 0, 0, 0], position=[0, 0, 0], velocity=[0, 0, 0], latitude=0, longitude=0, gps_altitude=0, barometric_altitude=1127401144, witness_battery_voltage=51, crc=None
[11:20:51.213] LORA heartbeat: status=0, uptime=690
[11:20:51.214] CAN  heartbeat: status=0, uptime=690
[11:20:52.202] RX  01
[11:20:52.202] RX  0f 00 00 00 02 b3 ff e5 01 ce f8 0e ff db 00 12 00 22 02 10 00 00 00 02 b3 00 00 00 00 00 00 00 00 00 00 00 00 00 00 00 00 00 00 00 00 00 00 00 00 00 00 00 00 00 00 00 00 00 00 00 00 00 43 33 07 a8 33 ff 01 00 00 00 02 b3
[11:20:52.204] LORA sensors: status=3840, uptime=691, accel=[-0.013176, 0.225456, -0.992592], gyro=[-2.59, 1.26, 2.38], crc=None
[11:20:52.206] CAN  sensors: status=3840, uptime=691, accel=[-0.013176, 0.225456, -0.992592], gyro=[-2.59, 1.26, 2.38]
[11:20:52.208] LORA state: status=4096, uptime=691, orientation=[0, 0, 0, 0], position=[0, 0, 0], velocity=[0, 0, 0], latitude=0, longitude=0, gps_altitude=0, barometric_altitude=1127417768, witness_battery_voltage=51, crc=None
[11:20:52.209] LORA heartbeat: status=256, uptime=691
[11:20:52.210] CAN  heartbeat: status=256, uptime=691
[11:20:53.201] RX  01
[11:20:53.202] RX  0b 00 00 00 02 b4 ff e6 01 cd f8 12 ff d9 00 15 00 22 02 10 00 00 00 02 b4 00 00 00 00 00 00 00 00 00 00 00 00 00 00 00 00 00 00 00 00 00 00 00 00 00 00 00 00 00 00 00 00 00 00 00 00 00 43 33 48 98 33 ff 00 00 00 00 02 b4
[11:20:53.203] LORA sensors: status=2816, uptime=692, accel=[-0.012688, 0.224968, -0.99064], gyro=[-2.73, 1.47, 2.38], crc=None
[11:20:53.204] CAN  sensors: status=2816, uptime=692, accel=[-0.012688, 0.224968, -0.99064], gyro=[-2.73, 1.47, 2.38]
[11:20:53.205] LORA state: status=4096, uptime=692, orientation=[0, 0, 0, 0], position=[0, 0, 0], velocity=[0, 0, 0], latitude=0, longitude=0, gps_altitude=0, barometric_altitude=1127434392, witness_battery_voltage=51, crc=None
[11:20:53.206] LORA heartbeat: status=0, uptime=692
[11:20:53.207] CAN  heartbeat: status=0, uptime=692
[11:20:54.164] RX  01
[11:20:54.166] RX  0f 00 00 00 02 b5 ff e8 01 ce f8 0e ff d7 00 18 00 23 02 10 00 00 00 02 b5 00 00 00 00 00 00 00 00 00 00 00 00 00 00 00 00 00 00 00 00 00 00 00 00 00 00 00 00 00 00 00 00 00 00 00 00 00 43 33 07 a8 33 ff 01 00 00 00 02 b5
[11:20:54.168] LORA sensors: status=3840, uptime=693, accel=[-0.011712, 0.225456, -0.992592], gyro=[-2.87, 1.68, 2.45], crc=None
[11:20:54.170] CAN  sensors: status=3840, uptime=693, accel=[-0.011712, 0.225456, -0.992592], gyro=[-2.87, 1.68, 2.45]
[11:20:54.171] LORA state: status=4096, uptime=693, orientation=[0, 0, 0, 0], position=[0, 0, 0], velocity=[0, 0, 0], latitude=0, longitude=0, gps_altitude=0, barometric_altitude=1127417768, witness_battery_voltage=51, crc=None
[11:20:54.172] LORA heartbeat: status=256, uptime=693
[11:20:54.173] CAN  heartbeat: status=256, uptime=693
[11:20:55.164] RX  01
[11:20:55.165] RX  0f 00 00 00 02 b6 ff e5 01 ce f8 0f ff db 00 0f 00 21 02 10 00 00 00 02 b6 00 00 00 00 00 00 00 00 00 00 00 00 00 00 00 00 00 00 00 00 00 00 00 00 00 00 00 00 00 00 00 00 00 00 00 00 00 43 32 dc 5e 33 ff 00 00 00 00 02 b6
[11:20:55.169] LORA sensors: status=3840, uptime=694, accel=[-0.013176, 0.225456, -0.992104], gyro=[-2.59, 1.05, 2.31], crc=None
[11:20:55.172] CAN  sensors: status=3840, uptime=694, accel=[-0.013176, 0.225456, -0.992104], gyro=[-2.59, 1.05, 2.31]
[11:20:55.175] LORA state: status=4096, uptime=694, orientation=[0, 0, 0, 0], position=[0, 0, 0], velocity=[0, 0, 0], latitude=0, longitude=0, gps_altitude=0, barometric_altitude=1127406686, witness_battery_voltage=51, crc=None
[11:20:55.176] LORA heartbeat: status=0, uptime=694
[11:20:55.179] CAN  heartbeat: status=0, uptime=694
[11:20:56.180] RX  01
[11:20:56.180] RX  0b 00 00 00 02 b7 ff e7 01 cf f8 0f ff db 00 12 00 22 02 10 00 00 00 02 b7 00 00 00 00 00 00 00 00 00 00 00 00 00 00 00 00 00 00 00 00 00 00 00 00 00 00 00 00 00 00 00 00 00 00 00 00 00 43 32 b1 13 33 ff 01 00 00 00 02 b7
[11:20:56.184] LORA sensors: status=2816, uptime=695, accel=[-0.0122, 0.225944, -0.992104], gyro=[-2.59, 1.26, 2.38], crc=None
[11:20:56.190] CAN  sensors: status=2816, uptime=695, accel=[-0.0122, 0.225944, -0.992104], gyro=[-2.59, 1.26, 2.38]
[11:20:56.193] LORA state: status=4096, uptime=695, orientation=[0, 0, 0, 0], position=[0, 0, 0], velocity=[0, 0, 0], latitude=0, longitude=0, gps_altitude=0, barometric_altitude=1127395603, witness_battery_voltage=51, crc=None
[11:20:56.196] LORA heartbeat: status=256, uptime=695
[11:20:56.206] CAN  heartbeat: status=256, uptime=695
[11:20:57.163] RX  01
[11:20:57.164] RX  0f 00 00 00 02 b8 ff e5 01 ce f8 10 ff db 00 10 00 20 02 10 00 00 00 02 b8 00 00 00 00 00 00 00 00 00 00 00 00 00 00 00 00 00 00 00 00 00 00 00 00 00 00 00 00 00 00 00 00 00 00 00 00 00 43 33 32 f3 33 ff 00 00 00 00 02 b8
[11:20:57.166] LORA sensors: status=3840, uptime=696, accel=[-0.013176, 0.225456, -0.991616], gyro=[-2.59, 1.12, 2.24], crc=None
[11:20:57.168] CAN  sensors: status=3840, uptime=696, accel=[-0.013176, 0.225456, -0.991616], gyro=[-2.59, 1.12, 2.24]
[11:20:57.170] LORA state: status=4096, uptime=696, orientation=[0, 0, 0, 0], position=[0, 0, 0], velocity=[0, 0, 0], latitude=0, longitude=0, gps_altitude=0, barometric_altitude=1127428851, witness_battery_voltage=51, crc=None
[11:20:57.171] LORA heartbeat: status=0, uptime=696
[11:20:57.173] CAN  heartbeat: status=0, uptime=696
[11:20:58.162] RX  01
[11:20:58.162] RX  0b 00 00 00 02 b9 ff e7 01 d1 f8 0f ff db 00 11 00 21 02 10 00 00 00 02 b9 00 00 00 00 00 00 00 00 00 00 00 00 00 00 00 00 00 00 00 00 00 00 00 00 00 00 00 00 00 00 00 00 00 00 00 00 00 43 33 07 a8 33 ff 01 00 00 00 02 b9
[11:20:58.165] LORA sensors: status=2816, uptime=697, accel=[-0.0122, 0.22692, -0.992104], gyro=[-2.59, 1.19, 2.31], crc=None
[11:20:58.166] CAN  sensors: status=2816, uptime=697, accel=[-0.0122, 0.22692, -0.992104], gyro=[-2.59, 1.19, 2.31]
[11:20:58.167] LORA state: status=4096, uptime=697, orientation=[0, 0, 0, 0], position=[0, 0, 0], velocity=[0, 0, 0], latitude=0, longitude=0, gps_altitude=0, barometric_altitude=1127417768, witness_battery_voltage=51, crc=None
[11:20:58.168] LORA heartbeat: status=256, uptime=697
[11:20:58.168] CAN  heartbeat: status=256, uptime=697
[11:20:59.207] RX  01
[11:20:59.207] RX  0f 00 00 00 02 ba ff e4 01 ce f8 10 ff da 00 11 00 21 02 10 00 00 00 02 ba 00 00 00 00 00 00 00 00 00 00 00 00 00 00 00 00 00 00 00 00 00 00 00 00 00 00 00 00 00 00 00 00 00 00 00 00 00 43 33 1d 4d 33
[11:20:59.210] LORA sensors: status=3840, uptime=698, accel=[-0.013664, 0.225456, -0.991616], gyro=[-2.66, 1.19, 2.31], crc=None
[11:20:59.212] CAN  sensors: status=3840, uptime=698, accel=[-0.013664, 0.225456, -0.991616], gyro=[-2.66, 1.19, 2.31]
[11:20:59.215] LORA state: status=4096, uptime=698, orientation=[0, 0, 0, 0], position=[0, 0, 0], velocity=[0, 0, 0], latitude=0, longitude=0, gps_altitude=0, barometric_altitude=1127423309, witness_battery_voltage=51, crc=None
[11:20:59.216] RX  ff 00 00 00 00 02 ba
[11:20:59.218] LORA heartbeat: status=0, uptime=698
[11:20:59.221] CAN  heartbeat: status=0, uptime=698
[11:21:00.190] RX  01
[11:21:00.190] RX  0b 00 00 00 02 bb ff e7 01 cf f8 0f ff db 00 11 00 22
[11:21:00.192] LORA sensors: status=2816, uptime=699, accel=[-0.0122, 0.225944, -0.992104], gyro=[-2.59, 1.19, 2.38], crc=None
[11:21:00.193] CAN  sensors: status=2816, uptime=699, accel=[-0.0122, 0.225944, -0.992104], gyro=[-2.59, 1.19, 2.38]
[11:21:00.193] RX  02 10 00 00 00 02 bb 00 00 00 00 00 00 00 00 00 00 00 00 00 00 00 00 00 00 00 00 00 00 00 00 00 00 00 00 00 00 00 00 00 00 00 00 00 43 32 f2 03 33 ff 01 00 00 00 02 bb
[11:21:00.194] LORA state: status=4096, uptime=699, orientation=[0, 0, 0, 0], position=[0, 0, 0], velocity=[0, 0, 0], latitude=0, longitude=0, gps_altitude=0, barometric_altitude=1127412227, witness_battery_voltage=51, crc=None
[11:21:00.196] LORA heartbeat: status=256, uptime=699
[11:21:00.198] CAN  heartbeat: status=256, uptime=699
[11:21:01.155] RX  01
[11:21:01.156] RX  0f 00 00 00 02 bc ff e9 01 ce f8 10 ff da 00 13 00 20 02 10 00 00 00 02 bc 00 00 00 00 00 00 00 00 00 00 00 00 00 00 00 00 00 00 00 00 00 00 00 00 00 00 00 00 00 00 00 00 00 00 00 00 00 43 32 dc 5e 33 ff 00 00 00 00 02 bc
[11:21:01.158] LORA sensors: status=3840, uptime=700, accel=[-0.011224, 0.225456, -0.991616], gyro=[-2.66, 1.33, 2.24], crc=None
[11:21:01.160] CAN  sensors: status=3840, uptime=700, accel=[-0.011224, 0.225456, -0.991616], gyro=[-2.66, 1.33, 2.24]
[11:21:01.162] LORA state: status=4096, uptime=700, orientation=[0, 0, 0, 0], position=[0, 0, 0], velocity=[0, 0, 0], latitude=0, longitude=0, gps_altitude=0, barometric_altitude=1127406686, witness_battery_voltage=51, crc=None
[11:21:01.164] LORA heartbeat: status=0, uptime=700
[11:21:01.165] CAN  heartbeat: status=0, uptime=700
[11:21:02.154] RX  01
[11:21:02.154] RX  0f 00 00 00 02 bd ff e2 01 cd f8 17 ff de 00 0d 00 21
[11:21:02.157] LORA sensors: status=3840, uptime=701, accel=[-0.01464, 0.224968, -0.9882], gyro=[-2.38, 0.91, 2.31], crc=None
[11:21:02.158] CAN  sensors: status=3840, uptime=701, accel=[-0.01464, 0.224968, -0.9882], gyro=[-2.38, 0.91, 2.31]
[11:21:02.158] RX  02 10 00 00 00 02 bd 00 00 00 00 00 00 00 00 00 00 00 00 00 00 00 00 00 00 00 00 00 00 00 00 00 00 00 00 00 00 00 00 00 00 00 00 00 43 32 c6 b8 33 ff 01 00 00 00 02 bd
[11:21:02.160] LORA state: status=4096, uptime=701, orientation=[0, 0, 0, 0], position=[0, 0, 0], velocity=[0, 0, 0], latitude=0, longitude=0, gps_altitude=0, barometric_altitude=1127401144, witness_battery_voltage=51, crc=None
[11:21:02.162] LORA heartbeat: status=256, uptime=701
[11:21:02.163] CAN  heartbeat: status=256, uptime=701
[11:21:03.146] RX  01
[11:21:03.147] RX  0b 00 00 00 02 be ff e9 01 d0 f8 0e ff d9 00 13 00 21 02 10 00 00 00 02 be 00 00 00 00 00 00 00 00 00 00 00 00 00 00 00 00 00 00 00 00 00 00 00 00 00 00 00 00 00 00 00 00 00 00 00 00 00 43 32 b1 13 33 ff 00 00 00 00 02 be
[11:21:03.149] LORA sensors: status=2816, uptime=702, accel=[-0.011224, 0.226432, -0.992592], gyro=[-2.73, 1.33, 2.31], crc=None
[11:21:03.150] CAN  sensors: status=2816, uptime=702, accel=[-0.011224, 0.226432, -0.992592], gyro=[-2.73, 1.33, 2.31]
[11:21:03.152] LORA state: status=4096, uptime=702, orientation=[0, 0, 0, 0], position=[0, 0, 0], velocity=[0, 0, 0], latitude=0, longitude=0, gps_altitude=0, barometric_altitude=1127395603, witness_battery_voltage=51, crc=None
[11:21:03.153] LORA heartbeat: status=0, uptime=702
[11:21:03.155] CAN  heartbeat: status=0, uptime=702
[11:21:04.186] RX  01
[11:21:04.187] RX  0f 00 00 00 02 bf ff e9 01 cf f8 0e ff da 00 12 00 21 02 10 00 00 00 02 bf 00 00 00 00 00 00 00 00 00 00 00 00 00 00 00 00 00 00 00 00 00 00 00 00 00 00 00 00 00 00 00 00 00 00 00 00 00 43 32 f2 03 33 ff 01 00 00 00 02 bf
[11:21:04.190] LORA sensors: status=3840, uptime=703, accel=[-0.011224, 0.225944, -0.992592], gyro=[-2.66, 1.26, 2.31], crc=None
[11:21:04.191] CAN  sensors: status=3840, uptime=703, accel=[-0.011224, 0.225944, -0.992592], gyro=[-2.66, 1.26, 2.31]
[11:21:04.193] LORA state: status=4096, uptime=703, orientation=[0, 0, 0, 0], position=[0, 0, 0], velocity=[0, 0, 0], latitude=0, longitude=0, gps_altitude=0, barometric_altitude=1127412227, witness_battery_voltage=51, crc=None
[11:21:04.195] LORA heartbeat: status=256, uptime=703
[11:21:04.196] CAN  heartbeat: status=256, uptime=703
[11:21:05.154] RX  01
[11:21:05.155] RX  0b 00 00 00 02 c0 ff e9 01 cf f8 0e ff da 00 13 00 21 02 10 00 00 00 02 c0 00 00 00 00 00 00 00 00 00 00 00 00 00 00 00 00 00 00 00 00 00 00 00 00 00 00 00 00 00 00 00 00 00 00 00 00 00 43 32 dc 5e 33 ff 00 00 00 00 02 c0
[11:21:05.157] LORA sensors: status=2816, uptime=704, accel=[-0.011224, 0.225944, -0.992592], gyro=[-2.66, 1.33, 2.31], crc=None
[11:21:05.158] CAN  sensors: status=2816, uptime=704, accel=[-0.011224, 0.225944, -0.992592], gyro=[-2.66, 1.33, 2.31]
[11:21:05.160] LORA state: status=4096, uptime=704, orientation=[0, 0, 0, 0], position=[0, 0, 0], velocity=[0, 0, 0], latitude=0, longitude=0, gps_altitude=0, barometric_altitude=1127406686, witness_battery_voltage=51, crc=None
[11:21:05.162] LORA heartbeat: status=0, uptime=704
[11:21:05.163] CAN  heartbeat: status=0, uptime=704
[11:21:06.198] RX  01
[11:21:06.199] RX  0f 00 00 00 02 c1 ff e8 01 cf f8 0f ff db 00 13 00 21 02 10 00 00 00 02 c1 00 00 00 00 00 00 00 00 00 00 00 00 00 00 00 00 00 00 00 00 00 00 00 00 00 00 00 00 00 00 00 00 00 00 00 00 00 43 32 dc 5e 33 ff 01 00 00 00 02 c1
[11:21:06.202] LORA sensors: status=3840, uptime=705, accel=[-0.011712, 0.225944, -0.992104], gyro=[-2.59, 1.33, 2.31], crc=None
[11:21:06.205] CAN  sensors: status=3840, uptime=705, accel=[-0.011712, 0.225944, -0.992104], gyro=[-2.59, 1.33, 2.31]
[11:21:06.208] LORA state: status=4096, uptime=705, orientation=[0, 0, 0, 0], position=[0, 0, 0], velocity=[0, 0, 0], latitude=0, longitude=0, gps_altitude=0, barometric_altitude=1127406686, witness_battery_voltage=51, crc=None
[11:21:06.212] LORA heartbeat: status=256, uptime=705
[11:21:06.217] CAN  heartbeat: status=256, uptime=705
[11:21:07.173] RX  01
[11:21:07.173] RX  0b 00 00 00 02 c2 ff ea 01 cf f8 0f ff da 00 12 00 21 02 10 00 00 00 02 c2 00 00 00 00 00 00 00 00 00 00 00 00 00 00 00 00 00 00 00 00 00 00 00 00 00 00 00 00 00 00 00 00 00 00 00 00 00 43 33 1d 4d 33 ff 00 00 00 00 02 c2
[11:21:07.175] LORA sensors: status=2816, uptime=706, accel=[-0.010736, 0.225944, -0.992104], gyro=[-2.66, 1.26, 2.31], crc=None
[11:21:07.177] CAN  sensors: status=2816, uptime=706, accel=[-0.010736, 0.225944, -0.992104], gyro=[-2.66, 1.26, 2.31]
[11:21:07.179] LORA state: status=4096, uptime=706, orientation=[0, 0, 0, 0], position=[0, 0, 0], velocity=[0, 0, 0], latitude=0, longitude=0, gps_altitude=0, barometric_altitude=1127423309, witness_battery_voltage=51, crc=None
[11:21:07.180] LORA heartbeat: status=0, uptime=706
[11:21:07.182] CAN  heartbeat: status=0, uptime=706
[11:21:08.195] RX  01
[11:21:08.195] RX  0f 00 00 00 02 c3 ff ea 01 d0 f8 0f ff da 00 13 00 21 02 10 00 00 00 02 c3 00 00 00 00 00 00 00 00 00 00 00 00 00 00 00 00 00 00 00 00 00 00 00 00 00 00 00 00 00 00 00 00 00 00 00 00 00 43 32 c6 b8 33 ff 01 00 00 00 02 c3
[11:21:08.199] LORA sensors: status=3840, uptime=707, accel=[-0.010736, 0.226432, -0.992104], gyro=[-2.66, 1.33, 2.31], crc=None
[11:21:08.202] CAN  sensors: status=3840, uptime=707, accel=[-0.010736, 0.226432, -0.992104], gyro=[-2.66, 1.33, 2.31]
[11:21:08.205] LORA state: status=4096, uptime=707, orientation=[0, 0, 0, 0], position=[0, 0, 0], velocity=[0, 0, 0], latitude=0, longitude=0, gps_altitude=0, barometric_altitude=1127401144, witness_battery_voltage=51, crc=None
[11:21:08.206] LORA heartbeat: status=256, uptime=707
[11:21:08.207] CAN  heartbeat: status=256, uptime=707
