[17:13:16.296] RX[TCP_prs2026hitl_7000]  ff fb 03 ff fd 03 ff fb 01 ff fe 01 ff fd 00 ff fb 00 ff fd 2c
[17:13:16.296] BAD_PACKET[TCP_prs2026hitl_7000] bad EOF for 0xff: expected 0x0a, got 0xfb; resync=discard 1 byte
[17:13:16.297] BAD_PACKET[TCP_prs2026hitl_7000] bad EOF for 0xff: expected 0x0a, got 0xfb; resync=discard 1 byte
[17:13:20.325] RX[TCP_prs2026hitl_7000]  05 0a 01 0b 00 00 00 07 e2 ff ff e3 5c 00 55 ed ff ff f6 fe ff ff 28 00 eb 00 9c 0a 01 0b 00 00 00 08 46 ff ff a1 00 97 00 05 4a 01 19 ff ff e7 02 2f 0a 02 10 00 00 00 08 46 00 00 00 00 00 00 00 00 00 00 00
[17:13:20.326] BAD_PACKET[TCP_prs2026hitl_7000] bad EOF for 0xff: expected 0x0a, got 0x00; resync=offset 15
[17:13:20.327] PACKET[TCP_prs2026hitl_7000] heartbeat: status=65320, uptime=15401116
[17:13:20.327] PACKET[TCP_prs2026hitl_7000] sensors: status=2816, uptime=2118, filtered_accel=[-0.0038, 1.54624, 13.865], gyro=[465.85, -1.75, 39.13]
[17:13:20.328] RX[TCP_prs2026hitl_7000]  00 00 00 00 00 00 00 00 00 00 00 00 00 00 00 00 00 00 00 00 00 00 00 00 00 00 00 00 00 00 00 00 00 00 00 00 00 00 00 43 51 24 d7 40 0a ff ff 00 00 00 00 08 46 0a 01 0f 00 00 00 08 aa ff ff ea 8e 00 5c d6 ff ff f3 0a 00 26 00 a3 00 32 0a 20 28 32 31 38 01 0f 00 00 00 09 0e ff ff ed 45 00 5a ee ff ff 00 43 00 39 00 b1 0a 01 0f 00 00 00 09 72 ff ff fa 48 00 61 81 ff ff e8 9a 01 72 ff ff d8 01 d1 0a 01 0f 00 00 00 09 d6 ff ff fc cf 00 5b ff ff de 73 00 c3 00 20 00 72 0a 01 0b 00 00 00 0a 3a ff ff fc cf 00 5a 80 ff ff e0 ff ff d7 00 00 21 0a 29 20 01 0b 00 00 00 0a 9e ff ff fc aa 00 5a 80 00 21 0a 01 0b 00 00 00 0b 02 ff ff fc 92 00 5a 74 ff ff df ff ff da 00 14 00 23 0a 00 22 0a 01 0f 00 00 00 0b ca ff ff fc 9e 00 00 21 0a 00 23 0a 35 36 30 43 43 5e 45 0a 0a 57 20 28 32 34 34 38 38 29 20 73 65 72 69 61 6c 5f 63 6f 6d 6d 61 6e 64 3a 20 75 6e 6b 6e 6f 77 6e 20 63 6f 6d 6d 61 6e 64 3a 20 28 32 31 38 29 20 4d 53 35 36 30 43 43 5e 45 0d 0a 5e 41 5e 4b 5e 40 5e 40 5e 40 5e 5e 48 40 40 ea 8e 5e 40 5c d6 ff ff f3 0d 0a 5e 9a 5e 40 09 d6 ff ff fc cf 5e 40 5b ff ff de 73 5e 40 c3 5e 40 20 5e 40 72 0d 0a 5e 41 5e 4b 5e 40 5e 40 5e 40 0d 0a 3a ff ff fc cf 5e 40 5a 80 57 20 28 32 34 34 39 38 29 20 73 65 72 69 61 6c 5f 63 6f 6d 6d 61 6e 64 3a 20 75 6e 6b 6e 6f 77 6e 20 63 6f 6d 6d 61 6e 64 3a 20 5e 41 5e 4b 5e 40 5e 40 5e 40 5e 5e 48 40 40 ea 8e 5e 40 5c d6 ff ff f3 0d 0a 57 20 28 32 34 34 39 38 29 20 73 65 72 69 61 6c 5f 63 6f 6d 6d 61 6e 64 3a 20 75 6e 6b 6e 6f 77 6e 20 63 6f 6d 6d 61 6e 64 3a 20 5e 9a 5e 40 20 d6 ff ff fc cf 5e 40 5b ff ff de 53 5e 40 c3 5e 40 20 5e 40 52 0d 0a 57 20 28 32 34 34 39 38 29 20 73 65 72 69 61 6c 5f 63 6f 6d 6d 61 6e 64 3a 20 75 6e 6b 6e 6f 77 6e 20 63 6f 6d 6d 61 6e 64 3a 20 5e 41 5e 4b 5e 40 5e 40 5e 40 0d 0a ff ff e0 5e 52 0d 0a 3a ff ff fc cf 5e 40 5a 80 ff ff e0 ff ff d7 5e 40 21 0d 0a 29 20 5e 41 5e 4b 5e 40 5e 40 5e 40 0d 0a 9e ff ff fc aa 5e 40 5a 80 ff ff df 36 ff ff d9 5e 40 08 20 08 08 20 08 08 20 08 08 20 08 08 20 08 08 20 08 08 20 08 5e 40 21 0d 0a 5e 41 5e 4b 5e 40 5e 40 5e 40 5e 4b 5e 42 ff ff fc 92 5e 40 5a 57 20 28 32 34 34 39 38 29 20 73 65 72 69 61 6c 5f 63 6f 6d 6d 61 6e 64 3a 20 75 6e 6b 6e 6f 77 6e 20 63 6f 6d 6d 61 6e 64 3a 20 3a ff ff fc cf 5e 40 5a 80 ff ff e0 5e 52 0d 0a 57 20 28 32 34 34 39 38 29 20 73 65 72 69 61 6c 5f 63 6f 6d 6d 61 6e 64 3a 20 75 6e 6b 6e 6f 77 6e 20 63 6f 6d 6d 61 6e 64 3a 20 3a ff ff fc cf 5e 40 5a 80 ff ff e0 ff ff d7 5e 40 21 0d 0a 57 20 28 32 34 34 39 38 29 20 73 65 72 69 61 6c 5f 63 6f 6d 6d 61 6e 64 3a 20 75 6e 6b 6e 6f 77 6e 20 63 6f 6d 6d 61 6e 64 3a 20 29 20 5e 41 5e 4b 5e 40 5e 40 5e 40 0d 0a 57 20 28 32 34 34 39 38 29 20 73 65 72 69 61 6c 5f 63 6f 6d 6d 61 6e 64 3a 20 75 6e 6b 6e 6f 77 6e 20 63 6f 6d 6d 61 6e 64 3a 20 9e ff ff fc aa 5e 40 5a 80 ff ff df 36 ff ff d9 5e 40 08 20 08 08 20 08 08 20 08 08 20 08 08 20 08 08 20 08 08 20 08 5e 40 21 0d 0a 74 ff ff df 5e 52 0d 0a 5e 41 5e 4b 5e 40 5e 40 5e 40 5e 4b 5e 42 ff ff fc 92 5e 40 5a 74 ff ff df ff ff da 5e 40 5e 54 5e 40 23 0d 0a 5e 41 5e 4f 5e 40 5e 40 5e 40 5e 4b 66 ff ff 5e 40 20 08 08 08 08 20 08 08 08 08 20 08 20 20 08 5e 40 22 0d 0a 5e 41 5e 4f 5e 40 5e 0d 0a 5e 41 5e 4f 5e 40 5e 08 08 20 08 08 20 08 08 20 08 08 20 08 20 08 08 20 08 5e 40 23 0d 0a 35 36 30 43 43 5e 45 0d 0a 0d 0a 57 20 28 32 34 34 38 38 29 20 73 65 72 69 61 6c 5f 63 57 20 28 32 34 35 30 38 29 20 73 65 72 69 61 6c 5f 63 6f 6d 6d 61 6e 64 3a 20 75 6e 6b 6e 6f 77 6e 20 63 6f 6d 6d 61 6e 64 3a 20 5e 41 5e 4b 5e 40 5e 40 5e 40 5e 4b 5e 42 ff ff fc 92 5e 40 5a 54 ff ff df 5e 52 0d 0a 57 20 28 32 34 35 30 38 29 20 73 65 72 69 61 6c 5f 63 6f 6d 6d 61 6e 64 3a 20 75 6e 6b 6e 6f 77 6e 20 63 6f 6d 6d 61 6e 64 3a 20 5e 41 5e 4b 5e 40 5e 40 5e 40 5e 4b 5e 42 ff ff fc 92
[17:13:20.333] BAD_PACKET[TCP_prs2026hitl_7000] bad EOF for 0x02: expected 0x0a, got 0xff; resync=offset 8
[17:13:20.342] PACKET[TCP_prs2026hitl_7000] sensors: status=3840, uptime=2218, filtered_accel=[-0.00088, -298.84048, -107.47908], gyro=[-232.26, 2.66, 11.41], sensor_trailing_u16=50
[17:13:20.348] BAD_PACKET[TCP_prs2026hitl_7000] unknown packet ID 0x20; discarded 5 byte(s)
[17:13:20.354] PACKET[TCP_prs2026hitl_7000] sensors: status=3840, uptime=2318, filtered_accel=[-0.00076, 180.88296, -44.56452], gyro=[4.69, 3.99, 12.39]
[17:13:20.360] BAD_PACKET[TCP_prs2026hitl_7000] bad EOF for 0x01: expected 0x0a, got 0xd1; resync=offset 68
[17:13:20.364] PACKET[TCP_prs2026hitl_7000] sensors: status=2816, uptime=2818, filtered_accel=[-0.00016, -288.3548, 306.70844], gyro=[-573.51, -2.66, 1.4], sensor_trailing_u16=35
[17:13:20.368] BAD_PACKET[TCP_prs2026hitl_7000] unknown packet ID 0x00; discarded 10 byte(s)
[17:13:20.373] PACKET[TCP_prs2026hitl_7000] heartbeat: status=65532, uptime=2650800161
[17:13:20.377] BAD_PACKET[TCP_prs2026hitl_7000] unknown packet ID 0x00; discarded 361 byte(s)
[17:13:20.382] PACKET[TCP_prs2026hitl_7000] heartbeat: status=65495, uptime=1581261069
[17:13:20.388] BAD_PACKET[TCP_prs2026hitl_7000] unknown packet ID 0x29; discarded 193 byte(s)
[17:13:20.393] PACKET[TCP_prs2026hitl_7000] heartbeat: status=65495, uptime=1581261069
[17:13:20.398] BAD_PACKET[TCP_prs2026hitl_7000] unknown packet ID 0x57; discarded 1 byte(s)
[17:13:20.403] BAD_PACKET[TCP_prs2026hitl_7000] unknown packet ID 0x20; discarded 1 byte(s)
[17:13:20.405] BAD_PACKET[TCP_prs2026hitl_7000] unknown packet ID 0x28; discarded 1 byte(s)
[17:13:20.406] BAD_PACKET[TCP_prs2026hitl_7000] unknown packet ID 0x32; discarded 1 byte(s)
[17:13:20.408] BAD_PACKET[TCP_prs2026hitl_7000] unknown packet ID 0x34; discarded 1 byte(s)
[17:13:20.408] BAD_PACKET[TCP_prs2026hitl_7000] unknown packet ID 0x34; discarded 1 byte(s)
[17:13:20.408] BAD_PACKET[TCP_prs2026hitl_7000] unknown packet ID 0x39; discarded 1 byte(s)
[17:13:20.409] BAD_PACKET[TCP_prs2026hitl_7000] unknown packet ID 0x38; discarded 1 byte(s)
[17:13:20.409] BAD_PACKET[TCP_prs2026hitl_7000] unknown packet ID 0x29; discarded 1 byte(s)
[17:13:20.410] BAD_PACKET[TCP_prs2026hitl_7000] unknown packet ID 0x20; discarded 1 byte(s)
[17:13:20.410] BAD_PACKET[TCP_prs2026hitl_7000] unknown packet ID 0x73; discarded 1 byte(s)
[17:13:20.410] BAD_PACKET[TCP_prs2026hitl_7000] unknown packet ID 0x65; discarded 1 byte(s)
[17:13:20.411] BAD_PACKET[TCP_prs2026hitl_7000] unknown packet ID 0x72; discarded 1 byte(s)
[17:13:20.411] BAD_PACKET[TCP_prs2026hitl_7000] unknown packet ID 0x69; discarded 1 byte(s)
[17:13:20.412] BAD_PACKET[TCP_prs2026hitl_7000] unknown packet ID 0x61; discarded 1 byte(s)
[17:13:20.412] BAD_PACKET[TCP_prs2026hitl_7000] unknown packet ID 0x6c; discarded 1 byte(s)
[17:13:20.412] BAD_PACKET[TCP_prs2026hitl_7000] unknown packet ID 0x5f; discarded 1 byte(s)
[17:13:20.413] BAD_PACKET[TCP_prs2026hitl_7000] unknown packet ID 0x63; discarded 1 byte(s)
[17:13:20.413] BAD_PACKET[TCP_prs2026hitl_7000] unknown packet ID 0x6f; discarded 1 byte(s)
[17:13:20.414] BAD_PACKET[TCP_prs2026hitl_7000] unknown packet ID 0x6d; discarded 1 byte(s)
[17:13:20.414] BAD_PACKET[TCP_prs2026hitl_7000] unknown packet ID 0x6d; discarded 1 byte(s)
[17:13:20.414] BAD_PACKET[TCP_prs2026hitl_7000] unknown packet ID 0x61; discarded 1 byte(s)
[17:13:20.415] BAD_PACKET[TCP_prs2026hitl_7000] unknown packet ID 0x6e; discarded 1 byte(s)
[17:13:20.415] BAD_PACKET[TCP_prs2026hitl_7000] unknown packet ID 0x64; discarded 1 byte(s)
[17:13:20.416] BAD_PACKET[TCP_prs2026hitl_7000] unknown packet ID 0x3a; discarded 1 byte(s)
[17:13:20.416] BAD_PACKET[TCP_prs2026hitl_7000] unknown packet ID 0x20; discarded 1 byte(s)
[17:13:20.417] BAD_PACKET[TCP_prs2026hitl_7000] unknown packet ID 0x75; discarded 1 byte(s)
[17:13:20.417] BAD_PACKET[TCP_prs2026hitl_7000] unknown packet ID 0x6e; discarded 1 byte(s)
[17:13:20.417] BAD_PACKET[TCP_prs2026hitl_7000] unknown packet ID 0x6b; discarded 1 byte(s)
[17:13:20.418] BAD_PACKET[TCP_prs2026hitl_7000] unknown packet ID 0x6e; discarded 1 byte(s)
[17:13:20.418] BAD_PACKET[TCP_prs2026hitl_7000] unknown packet ID 0x6f; discarded 1 byte(s)
[17:13:20.419] BAD_PACKET[TCP_prs2026hitl_7000] unknown packet ID 0x77; discarded 1 byte(s)
[17:13:20.419] BAD_PACKET[TCP_prs2026hitl_7000] unknown packet ID 0x6e; discarded 1 byte(s)
[17:13:20.419] BAD_PACKET[TCP_prs2026hitl_7000] unknown packet ID 0x20; discarded 1 byte(s)
[17:13:20.420] BAD_PACKET[TCP_prs2026hitl_7000] unknown packet ID 0x63; discarded 1 byte(s)
[17:13:20.420] BAD_PACKET[TCP_prs2026hitl_7000] unknown packet ID 0x6f; discarded 1 byte(s)
[17:13:20.421] BAD_PACKET[TCP_prs2026hitl_7000] unknown packet ID 0x6d; discarded 1 byte(s)
[17:13:20.421] BAD_PACKET[TCP_prs2026hitl_7000] unknown packet ID 0x6d; discarded 1 byte(s)
[17:13:20.421] BAD_PACKET[TCP_prs2026hitl_7000] unknown packet ID 0x61; discarded 1 byte(s)
[17:13:20.422] BAD_PACKET[TCP_prs2026hitl_7000] unknown packet ID 0x6e; discarded 1 byte(s)
[17:13:20.422] BAD_PACKET[TCP_prs2026hitl_7000] unknown packet ID 0x64; discarded 1 byte(s)
[17:13:20.423] BAD_PACKET[TCP_prs2026hitl_7000] unknown packet ID 0x3a; discarded 1 byte(s)
[17:13:20.423] BAD_PACKET[TCP_prs2026hitl_7000] unknown packet ID 0x20; discarded 1 byte(s)
[17:13:20.423] BAD_PACKET[TCP_prs2026hitl_7000] unknown packet ID 0x29; discarded 1 byte(s)
[17:13:20.424] BAD_PACKET[TCP_prs2026hitl_7000] unknown packet ID 0x20; discarded 1 byte(s)
[17:13:20.424] BAD_PACKET[TCP_prs2026hitl_7000] unknown packet ID 0x5e; discarded 1 byte(s)
[17:13:20.424] BAD_PACKET[TCP_prs2026hitl_7000] unknown packet ID 0x41; discarded 1 byte(s)
[17:13:20.425] BAD_PACKET[TCP_prs2026hitl_7000] unknown packet ID 0x5e; discarded 1 byte(s)
[17:13:20.425] BAD_PACKET[TCP_prs2026hitl_7000] unknown packet ID 0x4b; discarded 1 byte(s)
[17:13:20.426] BAD_PACKET[TCP_prs2026hitl_7000] unknown packet ID 0x5e; discarded 1 byte(s)
[17:13:20.426] BAD_PACKET[TCP_prs2026hitl_7000] unknown packet ID 0x40; discarded 1 byte(s)
[17:13:20.427] BAD_PACKET[TCP_prs2026hitl_7000] unknown packet ID 0x5e; discarded 1 byte(s)
[17:13:20.427] BAD_PACKET[TCP_prs2026hitl_7000] unknown packet ID 0x40; discarded 1 byte(s)
[17:13:20.427] BAD_PACKET[TCP_prs2026hitl_7000] unknown packet ID 0x5e; discarded 1 byte(s)
[17:13:20.428] BAD_PACKET[TCP_prs2026hitl_7000] unknown packet ID 0x40; discarded 1 byte(s)
[17:13:20.428] BAD_PACKET[TCP_prs2026hitl_7000] unknown packet ID 0x0d; discarded 1 byte(s)
[17:13:20.429] BAD_PACKET[TCP_prs2026hitl_7000] unknown packet ID 0x0a; discarded 1 byte(s)
[17:13:20.429] BAD_PACKET[TCP_prs2026hitl_7000] unknown packet ID 0x57; discarded 1 byte(s)
[17:13:20.429] BAD_PACKET[TCP_prs2026hitl_7000] unknown packet ID 0x20; discarded 1 byte(s)
[17:13:20.430] BAD_PACKET[TCP_prs2026hitl_7000] unknown packet ID 0x28; discarded 1 byte(s)
[17:13:20.430] BAD_PACKET[TCP_prs2026hitl_7000] unknown packet ID 0x32; discarded 1 byte(s)
[17:13:20.431] BAD_PACKET[TCP_prs2026hitl_7000] unknown packet ID 0x34; discarded 1 byte(s)
[17:13:20.431] BAD_PACKET[TCP_prs2026hitl_7000] unknown packet ID 0x34; discarded 1 byte(s)
[17:13:20.431] BAD_PACKET[TCP_prs2026hitl_7000] unknown packet ID 0x39; discarded 1 byte(s)
[17:13:20.432] BAD_PACKET[TCP_prs2026hitl_7000] unknown packet ID 0x38; discarded 1 byte(s)
[17:13:20.432] BAD_PACKET[TCP_prs2026hitl_7000] unknown packet ID 0x29; discarded 1 byte(s)
[17:13:20.433] BAD_PACKET[TCP_prs2026hitl_7000] unknown packet ID 0x20; discarded 1 byte(s)
[17:13:20.433] BAD_PACKET[TCP_prs2026hitl_7000] unknown packet ID 0x73; discarded 1 byte(s)
[17:13:20.433] BAD_PACKET[TCP_prs2026hitl_7000] unknown packet ID 0x65; discarded 1 byte(s)
[17:13:20.434] BAD_PACKET[TCP_prs2026hitl_7000] unknown packet ID 0x72; discarded 1 byte(s)
[17:13:20.434] BAD_PACKET[TCP_prs2026hitl_7000] unknown packet ID 0x69; discarded 1 byte(s)
[17:13:20.435] BAD_PACKET[TCP_prs2026hitl_7000] unknown packet ID 0x61; discarded 1 byte(s)
[17:13:20.435] BAD_PACKET[TCP_prs2026hitl_7000] unknown packet ID 0x6c; discarded 1 byte(s)
[17:13:20.435] BAD_PACKET[TCP_prs2026hitl_7000] unknown packet ID 0x5f; discarded 1 byte(s)
[17:13:20.436] BAD_PACKET[TCP_prs2026hitl_7000] unknown packet ID 0x63; discarded 1 byte(s)
[17:13:20.436] BAD_PACKET[TCP_prs2026hitl_7000] unknown packet ID 0x6f; discarded 1 byte(s)
[17:13:20.437] BAD_PACKET[TCP_prs2026hitl_7000] unknown packet ID 0x6d; discarded 1 byte(s)
[17:13:20.437] BAD_PACKET[TCP_prs2026hitl_7000] unknown packet ID 0x6d; discarded 1 byte(s)
[17:13:20.437] BAD_PACKET[TCP_prs2026hitl_7000] unknown packet ID 0x61; discarded 1 byte(s)
[17:13:20.438] BAD_PACKET[TCP_prs2026hitl_7000] unknown packet ID 0x6e; discarded 1 byte(s)
[17:13:20.438] BAD_PACKET[TCP_prs2026hitl_7000] unknown packet ID 0x64; discarded 1 byte(s)
[17:13:20.439] BAD_PACKET[TCP_prs2026hitl_7000] unknown packet ID 0x3a; discarded 1 byte(s)
[17:13:20.439] BAD_PACKET[TCP_prs2026hitl_7000] unknown packet ID 0x20; discarded 1 byte(s)
[17:13:20.439] BAD_PACKET[TCP_prs2026hitl_7000] unknown packet ID 0x75; discarded 1 byte(s)
[17:13:20.440] BAD_PACKET[TCP_prs2026hitl_7000] unknown packet ID 0x6e; discarded 1 byte(s)
[17:13:20.440] BAD_PACKET[TCP_prs2026hitl_7000] unknown packet ID 0x6b; discarded 1 byte(s)
[17:13:20.441] BAD_PACKET[TCP_prs2026hitl_7000] unknown packet ID 0x6e; discarded 1 byte(s)
[17:13:20.441] BAD_PACKET[TCP_prs2026hitl_7000] unknown packet ID 0x6f; discarded 1 byte(s)
[17:13:20.441] BAD_PACKET[TCP_prs2026hitl_7000] unknown packet ID 0x77; discarded 1 byte(s)
[17:13:20.442] BAD_PACKET[TCP_prs2026hitl_7000] unknown packet ID 0x6e; discarded 1 byte(s)
[17:13:20.442] BAD_PACKET[TCP_prs2026hitl_7000] unknown packet ID 0x20; discarded 1 byte(s)
[17:13:20.443] BAD_PACKET[TCP_prs2026hitl_7000] unknown packet ID 0x63; discarded 1 byte(s)
[17:13:20.446] BAD_PACKET[TCP_prs2026hitl_7000] unknown packet ID 0x6f; discarded 1 byte(s)
[17:13:20.446] BAD_PACKET[TCP_prs2026hitl_7000] unknown packet ID 0x6d; discarded 1 byte(s)
[17:13:20.446] BAD_PACKET[TCP_prs2026hitl_7000] unknown packet ID 0x6d; discarded 1 byte(s)
[17:13:20.447] BAD_PACKET[TCP_prs2026hitl_7000] unknown packet ID 0x61; discarded 1 byte(s)
[17:13:20.447] BAD_PACKET[TCP_prs2026hitl_7000] unknown packet ID 0x6e; discarded 1 byte(s)
[17:13:20.448] BAD_PACKET[TCP_prs2026hitl_7000] unknown packet ID 0x64; discarded 1 byte(s)
[17:13:20.448] BAD_PACKET[TCP_prs2026hitl_7000] unknown packet ID 0x3a; discarded 1 byte(s)
[17:13:20.448] BAD_PACKET[TCP_prs2026hitl_7000] unknown packet ID 0x20; discarded 1 byte(s)
[17:13:20.449] BAD_PACKET[TCP_prs2026hitl_7000] unknown packet ID 0x9e; discarded 1 byte(s)
[17:13:20.449] BAD_PACKET[TCP_prs2026hitl_7000] bad EOF for 0xff: expected 0x0a, got 0x80; resync=discard 1 byte
[17:13:20.450] BAD_PACKET[TCP_prs2026hitl_7000] bad EOF for 0xff: expected 0x0a, got 0x40; resync=discard 1 byte
[17:13:20.450] BAD_PACKET[TCP_prs2026hitl_7000] unknown packet ID 0x20; discarded 1 byte(s)
[17:13:20.450] BAD_PACKET[TCP_prs2026hitl_7000] unknown packet ID 0x08; discarded 1 byte(s)
[17:13:20.451] BAD_PACKET[TCP_prs2026hitl_7000] unknown packet ID 0x08; discarded 1 byte(s)
[17:13:20.451] BAD_PACKET[TCP_prs2026hitl_7000] unknown packet ID 0x20; discarded 1 byte(s)
[17:13:20.452] BAD_PACKET[TCP_prs2026hitl_7000] unknown packet ID 0x08; discarded 1 byte(s)
[17:13:20.452] BAD_PACKET[TCP_prs2026hitl_7000] unknown packet ID 0x08; discarded 1 byte(s)
[17:13:20.452] BAD_PACKET[TCP_prs2026hitl_7000] unknown packet ID 0x20; discarded 1 byte(s)
[17:13:20.453] BAD_PACKET[TCP_prs2026hitl_7000] unknown packet ID 0x08; discarded 1 byte(s)
[17:13:20.453] BAD_PACKET[TCP_prs2026hitl_7000] unknown packet ID 0x08; discarded 1 byte(s)
[17:13:20.454] BAD_PACKET[TCP_prs2026hitl_7000] unknown packet ID 0x20; discarded 1 byte(s)
[17:13:20.454] BAD_PACKET[TCP_prs2026hitl_7000] unknown packet ID 0x08; discarded 1 byte(s)
[17:13:20.454] BAD_PACKET[TCP_prs2026hitl_7000] unknown packet ID 0x08; discarded 1 byte(s)
[17:13:20.455] BAD_PACKET[TCP_prs2026hitl_7000] unknown packet ID 0x20; discarded 1 byte(s)
[17:13:20.455] BAD_PACKET[TCP_prs2026hitl_7000] unknown packet ID 0x08; discarded 1 byte(s)
[17:13:20.456] BAD_PACKET[TCP_prs2026hitl_7000] unknown packet ID 0x08; discarded 1 byte(s)
[17:13:20.456] BAD_PACKET[TCP_prs2026hitl_7000] unknown packet ID 0x20; discarded 1 byte(s)
[17:13:20.456] BAD_PACKET[TCP_prs2026hitl_7000] unknown packet ID 0x08; discarded 1 byte(s)
[17:13:20.457] BAD_PACKET[TCP_prs2026hitl_7000] unknown packet ID 0x08; discarded 1 byte(s)
[17:13:20.457] BAD_PACKET[TCP_prs2026hitl_7000] unknown packet ID 0x20; discarded 1 byte(s)
[17:13:20.458] BAD_PACKET[TCP_prs2026hitl_7000] unknown packet ID 0x08; discarded 1 byte(s)
[17:13:20.458] BAD_PACKET[TCP_prs2026hitl_7000] unknown packet ID 0x5e; discarded 1 byte(s)
[17:13:20.458] BAD_PACKET[TCP_prs2026hitl_7000] unknown packet ID 0x40; discarded 1 byte(s)
[17:13:20.459] BAD_PACKET[TCP_prs2026hitl_7000] unknown packet ID 0x21; discarded 1 byte(s)
[17:13:20.459] BAD_PACKET[TCP_prs2026hitl_7000] unknown packet ID 0x0d; discarded 1 byte(s)
[17:13:20.460] BAD_PACKET[TCP_prs2026hitl_7000] unknown packet ID 0x0a; discarded 1 byte(s)
[17:13:20.460] BAD_PACKET[TCP_prs2026hitl_7000] unknown packet ID 0x74; discarded 1 byte(s)
[17:13:20.460] BAD_PACKET[TCP_prs2026hitl_7000] bad EOF for 0xff: expected 0x0a, got 0x5e; resync=discard 1 byte
[17:13:20.461] BAD_PACKET[TCP_prs2026hitl_7000] unknown packet ID 0x5e; discarded 1 byte(s)
[17:13:20.461] BAD_PACKET[TCP_prs2026hitl_7000] unknown packet ID 0x4b; discarded 1 byte(s)
[17:13:20.462] BAD_PACKET[TCP_prs2026hitl_7000] unknown packet ID 0x5e; discarded 1 byte(s)
[17:13:20.462] BAD_PACKET[TCP_prs2026hitl_7000] unknown packet ID 0x40; discarded 1 byte(s)
[17:13:20.462] BAD_PACKET[TCP_prs2026hitl_7000] unknown packet ID 0x5e; discarded 1 byte(s)
[17:13:20.463] BAD_PACKET[TCP_prs2026hitl_7000] unknown packet ID 0x40; discarded 1 byte(s)
[17:13:20.463] BAD_PACKET[TCP_prs2026hitl_7000] unknown packet ID 0x5e; discarded 1 byte(s)
[17:13:20.464] BAD_PACKET[TCP_prs2026hitl_7000] unknown packet ID 0x40; discarded 1 byte(s)
[17:13:20.465] BAD_PACKET[TCP_prs2026hitl_7000] unknown packet ID 0x5e; discarded 1 byte(s)
[17:13:20.465] BAD_PACKET[TCP_prs2026hitl_7000] unknown packet ID 0x4b; discarded 1 byte(s)
[17:13:20.466] BAD_PACKET[TCP_prs2026hitl_7000] unknown packet ID 0x5e; discarded 1 byte(s)
[17:13:20.466] BAD_PACKET[TCP_prs2026hitl_7000] unknown packet ID 0x42; discarded 1 byte(s)
[17:13:20.467] BAD_PACKET[TCP_prs2026hitl_7000] bad EOF for 0xff: expected 0x0a, got 0x74; resync=discard 1 byte
[17:13:20.467] BAD_PACKET[TCP_prs2026hitl_7000] bad EOF for 0xff: expected 0x0a, got 0x5e; resync=discard 1 byte
[17:13:20.468] BAD_PACKET[TCP_prs2026hitl_7000] unknown packet ID 0x5e; discarded 1 byte(s)
[17:13:20.468] BAD_PACKET[TCP_prs2026hitl_7000] unknown packet ID 0x40; discarded 1 byte(s)
[17:13:20.468] BAD_PACKET[TCP_prs2026hitl_7000] unknown packet ID 0x23; discarded 1 byte(s)
[17:13:20.469] BAD_PACKET[TCP_prs2026hitl_7000] unknown packet ID 0x0d; discarded 1 byte(s)
[17:13:20.469] BAD_PACKET[TCP_prs2026hitl_7000] unknown packet ID 0x0a; discarded 1 byte(s)
[17:13:20.470] BAD_PACKET[TCP_prs2026hitl_7000] unknown packet ID 0x5e; discarded 1 byte(s)
[17:13:20.470] BAD_PACKET[TCP_prs2026hitl_7000] unknown packet ID 0x41; discarded 1 byte(s)
[17:13:20.471] BAD_PACKET[TCP_prs2026hitl_7000] unknown packet ID 0x5e; discarded 1 byte(s)
[17:13:20.471] BAD_PACKET[TCP_prs2026hitl_7000] unknown packet ID 0x4f; discarded 1 byte(s)
[17:13:20.472] BAD_PACKET[TCP_prs2026hitl_7000] unknown packet ID 0x5e; discarded 1 byte(s)
[17:13:20.472] BAD_PACKET[TCP_prs2026hitl_7000] unknown packet ID 0x40; discarded 1 byte(s)
[17:13:20.472] BAD_PACKET[TCP_prs2026hitl_7000] unknown packet ID 0x5e; discarded 1 byte(s)
[17:13:20.473] BAD_PACKET[TCP_prs2026hitl_7000] unknown packet ID 0x40; discarded 1 byte(s)
[17:13:20.474] BAD_PACKET[TCP_prs2026hitl_7000] unknown packet ID 0x5e; discarded 1 byte(s)
[17:13:20.474] BAD_PACKET[TCP_prs2026hitl_7000] unknown packet ID 0x40; discarded 1 byte(s)
[17:13:20.475] BAD_PACKET[TCP_prs2026hitl_7000] unknown packet ID 0x5e; discarded 1 byte(s)
[17:13:20.475] BAD_PACKET[TCP_prs2026hitl_7000] unknown packet ID 0x4b; discarded 1 byte(s)
[17:13:20.475] BAD_PACKET[TCP_prs2026hitl_7000] unknown packet ID 0x66; discarded 1 byte(s)
[17:13:20.476] BAD_PACKET[TCP_prs2026hitl_7000] bad EOF for 0xff: expected 0x0a, got 0x08; resync=discard 1 byte
[17:13:20.476] BAD_PACKET[TCP_prs2026hitl_7000] unknown packet ID 0x20; discarded 1 byte(s)
[17:13:20.477] BAD_PACKET[TCP_prs2026hitl_7000] unknown packet ID 0x08; discarded 1 byte(s)
[17:13:20.477] BAD_PACKET[TCP_prs2026hitl_7000] unknown packet ID 0x08; discarded 1 byte(s)
[17:13:20.477] BAD_PACKET[TCP_prs2026hitl_7000] unknown packet ID 0x08; discarded 1 byte(s)
[17:13:20.478] BAD_PACKET[TCP_prs2026hitl_7000] unknown packet ID 0x08; discarded 1 byte(s)
[17:13:20.478] BAD_PACKET[TCP_prs2026hitl_7000] unknown packet ID 0x20; discarded 1 byte(s)
[17:13:20.479] BAD_PACKET[TCP_prs2026hitl_7000] unknown packet ID 0x08; discarded 1 byte(s)
[17:13:20.479] BAD_PACKET[TCP_prs2026hitl_7000] unknown packet ID 0x20; discarded 1 byte(s)
[17:13:20.479] BAD_PACKET[TCP_prs2026hitl_7000] unknown packet ID 0x20; discarded 1 byte(s)
[17:13:20.480] BAD_PACKET[TCP_prs2026hitl_7000] unknown packet ID 0x08; discarded 1 byte(s)
[17:13:20.480] BAD_PACKET[TCP_prs2026hitl_7000] unknown packet ID 0x5e; discarded 1 byte(s)
[17:13:20.481] BAD_PACKET[TCP_prs2026hitl_7000] unknown packet ID 0x40; discarded 1 byte(s)
[17:13:20.481] BAD_PACKET[TCP_prs2026hitl_7000] unknown packet ID 0x22; discarded 1 byte(s)
[17:13:20.481] BAD_PACKET[TCP_prs2026hitl_7000] unknown packet ID 0x0d; discarded 1 byte(s)
[17:13:20.482] BAD_PACKET[TCP_prs2026hitl_7000] unknown packet ID 0x0a; discarded 1 byte(s)
[17:13:20.482] BAD_PACKET[TCP_prs2026hitl_7000] unknown packet ID 0x5e; discarded 1 byte(s)
[17:13:20.483] BAD_PACKET[TCP_prs2026hitl_7000] unknown packet ID 0x41; discarded 1 byte(s)
[17:13:20.483] BAD_PACKET[TCP_prs2026hitl_7000] unknown packet ID 0x5e; discarded 1 byte(s)
[17:13:20.483] BAD_PACKET[TCP_prs2026hitl_7000] unknown packet ID 0x4f; discarded 1 byte(s)
[17:13:20.484] BAD_PACKET[TCP_prs2026hitl_7000] unknown packet ID 0x5e; discarded 1 byte(s)
[17:13:20.484] BAD_PACKET[TCP_prs2026hitl_7000] unknown packet ID 0x40; discarded 1 byte(s)
[17:13:20.485] BAD_PACKET[TCP_prs2026hitl_7000] unknown packet ID 0x5e; discarded 1 byte(s)
[17:13:20.485] BAD_PACKET[TCP_prs2026hitl_7000] unknown packet ID 0x0d; discarded 1 byte(s)
[17:13:20.485] BAD_PACKET[TCP_prs2026hitl_7000] unknown packet ID 0x0a; discarded 1 byte(s)
[17:13:20.486] BAD_PACKET[TCP_prs2026hitl_7000] unknown packet ID 0x5e; discarded 1 byte(s)
[17:13:20.486] BAD_PACKET[TCP_prs2026hitl_7000] unknown packet ID 0x41; discarded 1 byte(s)
[17:13:20.487] BAD_PACKET[TCP_prs2026hitl_7000] unknown packet ID 0x5e; discarded 1 byte(s)
[17:13:20.487] BAD_PACKET[TCP_prs2026hitl_7000] unknown packet ID 0x4f; discarded 1 byte(s)
[17:13:20.487] BAD_PACKET[TCP_prs2026hitl_7000] unknown packet ID 0x5e; discarded 1 byte(s)
[17:13:20.488] BAD_PACKET[TCP_prs2026hitl_7000] unknown packet ID 0x40; discarded 1 byte(s)
[17:13:20.488] BAD_PACKET[TCP_prs2026hitl_7000] unknown packet ID 0x5e; discarded 1 byte(s)
[17:13:20.489] BAD_PACKET[TCP_prs2026hitl_7000] unknown packet ID 0x08; discarded 1 byte(s)
[17:13:20.489] BAD_PACKET[TCP_prs2026hitl_7000] unknown packet ID 0x08; discarded 1 byte(s)
[17:13:20.489] BAD_PACKET[TCP_prs2026hitl_7000] unknown packet ID 0x20; discarded 1 byte(s)
[17:13:20.490] BAD_PACKET[TCP_prs2026hitl_7000] unknown packet ID 0x08; discarded 1 byte(s)
[17:13:20.490] BAD_PACKET[TCP_prs2026hitl_7000] unknown packet ID 0x08; discarded 1 byte(s)
[17:13:20.491] BAD_PACKET[TCP_prs2026hitl_7000] unknown packet ID 0x20; discarded 1 byte(s)
[17:13:20.491] BAD_PACKET[TCP_prs2026hitl_7000] unknown packet ID 0x08; discarded 1 byte(s)
[17:13:20.491] BAD_PACKET[TCP_prs2026hitl_7000] unknown packet ID 0x08; discarded 1 byte(s)
[17:13:20.492] BAD_PACKET[TCP_prs2026hitl_7000] unknown packet ID 0x20; discarded 1 byte(s)
[17:13:20.492] BAD_PACKET[TCP_prs2026hitl_7000] unknown packet ID 0x08; discarded 1 byte(s)
[17:13:20.493] BAD_PACKET[TCP_prs2026hitl_7000] unknown packet ID 0x08; discarded 1 byte(s)
[17:13:20.493] BAD_PACKET[TCP_prs2026hitl_7000] unknown packet ID 0x20; discarded 1 byte(s)
[17:13:20.493] BAD_PACKET[TCP_prs2026hitl_7000] unknown packet ID 0x08; discarded 1 byte(s)
[17:13:20.494] BAD_PACKET[TCP_prs2026hitl_7000] unknown packet ID 0x20; discarded 1 byte(s)
[17:13:20.494] BAD_PACKET[TCP_prs2026hitl_7000] unknown packet ID 0x08; discarded 1 byte(s)
[17:13:20.495] BAD_PACKET[TCP_prs2026hitl_7000] unknown packet ID 0x08; discarded 1 byte(s)
[17:13:20.495] BAD_PACKET[TCP_prs2026hitl_7000] unknown packet ID 0x20; discarded 1 byte(s)
[17:13:20.496] BAD_PACKET[TCP_prs2026hitl_7000] unknown packet ID 0x08; discarded 1 byte(s)
[17:13:20.496] BAD_PACKET[TCP_prs2026hitl_7000] unknown packet ID 0x5e; discarded 1 byte(s)
[17:13:20.497] BAD_PACKET[TCP_prs2026hitl_7000] unknown packet ID 0x40; discarded 1 byte(s)
[17:13:20.497] BAD_PACKET[TCP_prs2026hitl_7000] unknown packet ID 0x23; discarded 1 byte(s)
[17:13:20.497] BAD_PACKET[TCP_prs2026hitl_7000] unknown packet ID 0x0d; discarded 1 byte(s)
[17:13:20.498] BAD_PACKET[TCP_prs2026hitl_7000] unknown packet ID 0x0a; discarded 1 byte(s)
[17:13:20.498] BAD_PACKET[TCP_prs2026hitl_7000] unknown packet ID 0x35; discarded 1 byte(s)
[17:13:20.499] BAD_PACKET[TCP_prs2026hitl_7000] unknown packet ID 0x36; discarded 1 byte(s)
[17:13:20.499] BAD_PACKET[TCP_prs2026hitl_7000] unknown packet ID 0x30; discarded 1 byte(s)
[17:13:20.499] BAD_PACKET[TCP_prs2026hitl_7000] unknown packet ID 0x43; discarded 1 byte(s)
[17:13:20.500] BAD_PACKET[TCP_prs2026hitl_7000] unknown packet ID 0x43; discarded 1 byte(s)
[17:13:20.500] BAD_PACKET[TCP_prs2026hitl_7000] unknown packet ID 0x5e; discarded 1 byte(s)
[17:13:20.501] BAD_PACKET[TCP_prs2026hitl_7000] unknown packet ID 0x45; discarded 1 byte(s)
[17:13:20.501] BAD_PACKET[TCP_prs2026hitl_7000] unknown packet ID 0x0d; discarded 1 byte(s)
[17:13:20.502] BAD_PACKET[TCP_prs2026hitl_7000] unknown packet ID 0x0a; discarded 1 byte(s)
[17:13:20.502] BAD_PACKET[TCP_prs2026hitl_7000] unknown packet ID 0x0d; discarded 1 byte(s)
[17:13:20.502] BAD_PACKET[TCP_prs2026hitl_7000] unknown packet ID 0x0a; discarded 1 byte(s)
[17:13:20.503] BAD_PACKET[TCP_prs2026hitl_7000] unknown packet ID 0x57; discarded 1 byte(s)
[17:13:20.503] BAD_PACKET[TCP_prs2026hitl_7000] unknown packet ID 0x20; discarded 1 byte(s)
[17:13:20.503] BAD_PACKET[TCP_prs2026hitl_7000] unknown packet ID 0x28; discarded 1 byte(s)
[17:13:20.504] BAD_PACKET[TCP_prs2026hitl_7000] unknown packet ID 0x32; discarded 1 byte(s)
[17:13:20.504] BAD_PACKET[TCP_prs2026hitl_7000] unknown packet ID 0x34; discarded 1 byte(s)
[17:13:20.505] BAD_PACKET[TCP_prs2026hitl_7000] unknown packet ID 0x34; discarded 1 byte(s)
[17:13:20.505] BAD_PACKET[TCP_prs2026hitl_7000] unknown packet ID 0x38; discarded 1 byte(s)
[17:13:20.505] BAD_PACKET[TCP_prs2026hitl_7000] unknown packet ID 0x38; discarded 1 byte(s)
[17:13:20.506] BAD_PACKET[TCP_prs2026hitl_7000] unknown packet ID 0x29; discarded 1 byte(s)
[17:13:20.506] BAD_PACKET[TCP_prs2026hitl_7000] unknown packet ID 0x20; discarded 1 byte(s)
[17:13:20.507] BAD_PACKET[TCP_prs2026hitl_7000] unknown packet ID 0x73; discarded 1 byte(s)
[17:13:20.507] BAD_PACKET[TCP_prs2026hitl_7000] unknown packet ID 0x65; discarded 1 byte(s)
[17:13:20.507] BAD_PACKET[TCP_prs2026hitl_7000] unknown packet ID 0x72; discarded 1 byte(s)
[17:13:20.508] BAD_PACKET[TCP_prs2026hitl_7000] unknown packet ID 0x69; discarded 1 byte(s)
[17:13:20.508] BAD_PACKET[TCP_prs2026hitl_7000] unknown packet ID 0x61; discarded 1 byte(s)
[17:13:20.509] BAD_PACKET[TCP_prs2026hitl_7000] unknown packet ID 0x6c; discarded 1 byte(s)
[17:13:20.509] BAD_PACKET[TCP_prs2026hitl_7000] unknown packet ID 0x5f; discarded 1 byte(s)
[17:13:20.509] BAD_PACKET[TCP_prs2026hitl_7000] unknown packet ID 0x63; discarded 1 byte(s)
[17:13:20.510] BAD_PACKET[TCP_prs2026hitl_7000] unknown packet ID 0x57; discarded 1 byte(s)
[17:13:20.510] BAD_PACKET[TCP_prs2026hitl_7000] unknown packet ID 0x20; discarded 1 byte(s)
[17:13:20.511] BAD_PACKET[TCP_prs2026hitl_7000] unknown packet ID 0x28; discarded 1 byte(s)
[17:13:20.511] BAD_PACKET[TCP_prs2026hitl_7000] unknown packet ID 0x32; discarded 1 byte(s)
[17:13:20.511] BAD_PACKET[TCP_prs2026hitl_7000] unknown packet ID 0x34; discarded 1 byte(s)
[17:13:20.512] BAD_PACKET[TCP_prs2026hitl_7000] unknown packet ID 0x35; discarded 1 byte(s)
[17:13:20.512] BAD_PACKET[TCP_prs2026hitl_7000] unknown packet ID 0x30; discarded 1 byte(s)
[17:13:20.513] BAD_PACKET[TCP_prs2026hitl_7000] unknown packet ID 0x38; discarded 1 byte(s)
[17:13:20.513] BAD_PACKET[TCP_prs2026hitl_7000] unknown packet ID 0x29; discarded 1 byte(s)
[17:13:20.513] BAD_PACKET[TCP_prs2026hitl_7000] unknown packet ID 0x20; discarded 1 byte(s)
[17:13:20.514] BAD_PACKET[TCP_prs2026hitl_7000] unknown packet ID 0x73; discarded 1 byte(s)
[17:13:20.514] BAD_PACKET[TCP_prs2026hitl_7000] unknown packet ID 0x65; discarded 1 byte(s)
[17:13:20.515] BAD_PACKET[TCP_prs2026hitl_7000] unknown packet ID 0x72; discarded 1 byte(s)
[17:13:20.515] BAD_PACKET[TCP_prs2026hitl_7000] unknown packet ID 0x69; discarded 1 byte(s)
[17:13:20.515] BAD_PACKET[TCP_prs2026hitl_7000] unknown packet ID 0x61; discarded 1 byte(s)
[17:13:20.516] BAD_PACKET[TCP_prs2026hitl_7000] unknown packet ID 0x6c; discarded 1 byte(s)
[17:13:20.516] BAD_PACKET[TCP_prs2026hitl_7000] unknown packet ID 0x5f; discarded 1 byte(s)
[17:13:20.517] BAD_PACKET[TCP_prs2026hitl_7000] unknown packet ID 0x63; discarded 1 byte(s)
[17:13:20.517] BAD_PACKET[TCP_prs2026hitl_7000] unknown packet ID 0x6f; discarded 1 byte(s)
[17:13:20.517] BAD_PACKET[TCP_prs2026hitl_7000] unknown packet ID 0x6d; discarded 1 byte(s)
[17:13:20.518] BAD_PACKET[TCP_prs2026hitl_7000] unknown packet ID 0x6d; discarded 1 byte(s)
[17:13:20.518] BAD_PACKET[TCP_prs2026hitl_7000] unknown packet ID 0x61; discarded 1 byte(s)
[17:13:20.519] BAD_PACKET[TCP_prs2026hitl_7000] unknown packet ID 0x6e; discarded 1 byte(s)
[17:13:20.519] BAD_PACKET[TCP_prs2026hitl_7000] unknown packet ID 0x64; discarded 1 byte(s)
[17:13:20.519] BAD_PACKET[TCP_prs2026hitl_7000] unknown packet ID 0x3a; discarded 1 byte(s)
[17:13:20.520] BAD_PACKET[TCP_prs2026hitl_7000] unknown packet ID 0x20; discarded 1 byte(s)
[17:13:20.520] BAD_PACKET[TCP_prs2026hitl_7000] unknown packet ID 0x75; discarded 1 byte(s)
[17:13:20.521] BAD_PACKET[TCP_prs2026hitl_7000] unknown packet ID 0x6e; discarded 1 byte(s)
[17:13:20.521] BAD_PACKET[TCP_prs2026hitl_7000] unknown packet ID 0x6b; discarded 1 byte(s)
[17:13:20.521] BAD_PACKET[TCP_prs2026hitl_7000] unknown packet ID 0x6e; discarded 1 byte(s)
[17:13:20.522] BAD_PACKET[TCP_prs2026hitl_7000] unknown packet ID 0x6f; discarded 1 byte(s)
[17:13:20.522] BAD_PACKET[TCP_prs2026hitl_7000] unknown packet ID 0x77; discarded 1 byte(s)
[17:13:20.523] BAD_PACKET[TCP_prs2026hitl_7000] unknown packet ID 0x6e; discarded 1 byte(s)
[17:13:20.523] BAD_PACKET[TCP_prs2026hitl_7000] unknown packet ID 0x20; discarded 1 byte(s)
[17:13:20.523] BAD_PACKET[TCP_prs2026hitl_7000] unknown packet ID 0x63; discarded 1 byte(s)
[17:13:20.524] BAD_PACKET[TCP_prs2026hitl_7000] unknown packet ID 0x6f; discarded 1 byte(s)
[17:13:20.524] BAD_PACKET[TCP_prs2026hitl_7000] unknown packet ID 0x6d; discarded 1 byte(s)
[17:13:20.525] BAD_PACKET[TCP_prs2026hitl_7000] unknown packet ID 0x6d; discarded 1 byte(s)
[17:13:20.525] BAD_PACKET[TCP_prs2026hitl_7000] unknown packet ID 0x61; discarded 1 byte(s)
[17:13:20.525] BAD_PACKET[TCP_prs2026hitl_7000] unknown packet ID 0x6e; discarded 1 byte(s)
[17:13:20.526] BAD_PACKET[TCP_prs2026hitl_7000] unknown packet ID 0x64; discarded 1 byte(s)
[17:13:20.526] BAD_PACKET[TCP_prs2026hitl_7000] unknown packet ID 0x3a; discarded 1 byte(s)
[17:13:20.527] BAD_PACKET[TCP_prs2026hitl_7000] unknown packet ID 0x20; discarded 1 byte(s)
[17:13:20.528] BAD_PACKET[TCP_prs2026hitl_7000] unknown packet ID 0x5e; discarded 1 byte(s)
[17:13:20.528] BAD_PACKET[TCP_prs2026hitl_7000] unknown packet ID 0x41; discarded 1 byte(s)
[17:13:20.528] BAD_PACKET[TCP_prs2026hitl_7000] unknown packet ID 0x5e; discarded 1 byte(s)
[17:13:20.529] BAD_PACKET[TCP_prs2026hitl_7000] unknown packet ID 0x4b; discarded 1 byte(s)
[17:13:20.529] BAD_PACKET[TCP_prs2026hitl_7000] unknown packet ID 0x5e; discarded 1 byte(s)
[17:13:20.530] BAD_PACKET[TCP_prs2026hitl_7000] unknown packet ID 0x40; discarded 1 byte(s)
[17:13:20.530] BAD_PACKET[TCP_prs2026hitl_7000] unknown packet ID 0x5e; discarded 1 byte(s)
[17:13:20.530] BAD_PACKET[TCP_prs2026hitl_7000] unknown packet ID 0x40; discarded 1 byte(s)
[17:13:20.531] BAD_PACKET[TCP_prs2026hitl_7000] unknown packet ID 0x5e; discarded 1 byte(s)
[17:13:20.531] BAD_PACKET[TCP_prs2026hitl_7000] unknown packet ID 0x40; discarded 1 byte(s)
[17:13:20.532] BAD_PACKET[TCP_prs2026hitl_7000] unknown packet ID 0x5e; discarded 1 byte(s)
[17:13:20.532] BAD_PACKET[TCP_prs2026hitl_7000] unknown packet ID 0x4b; discarded 1 byte(s)
[17:13:20.533] BAD_PACKET[TCP_prs2026hitl_7000] unknown packet ID 0x5e; discarded 1 byte(s)
[17:13:20.533] BAD_PACKET[TCP_prs2026hitl_7000] unknown packet ID 0x42; discarded 1 byte(s)
[17:13:20.533] BAD_PACKET[TCP_prs2026hitl_7000] bad EOF for 0xff: expected 0x0a, got 0x54; resync=discard 1 byte
[17:13:20.534] BAD_PACKET[TCP_prs2026hitl_7000] bad EOF for 0xff: expected 0x0a, got 0x20; resync=discard 1 byte
[17:13:20.534] BAD_PACKET[TCP_prs2026hitl_7000] unknown packet ID 0x32; discarded 1 byte(s)
[17:13:20.535] BAD_PACKET[TCP_prs2026hitl_7000] unknown packet ID 0x34; discarded 1 byte(s)
[17:13:20.535] BAD_PACKET[TCP_prs2026hitl_7000] unknown packet ID 0x35; discarded 1 byte(s)
[17:13:20.535] BAD_PACKET[TCP_prs2026hitl_7000] unknown packet ID 0x30; discarded 1 byte(s)
[17:13:20.536] BAD_PACKET[TCP_prs2026hitl_7000] unknown packet ID 0x38; discarded 1 byte(s)
[17:13:20.536] BAD_PACKET[TCP_prs2026hitl_7000] unknown packet ID 0x29; discarded 1 byte(s)
[17:13:20.537] BAD_PACKET[TCP_prs2026hitl_7000] unknown packet ID 0x20; discarded 1 byte(s)
[17:13:20.537] BAD_PACKET[TCP_prs2026hitl_7000] unknown packet ID 0x73; discarded 1 byte(s)
[17:13:20.537] BAD_PACKET[TCP_prs2026hitl_7000] unknown packet ID 0x65; discarded 1 byte(s)
[17:13:20.538] BAD_PACKET[TCP_prs2026hitl_7000] unknown packet ID 0x72; discarded 1 byte(s)
[17:13:20.538] BAD_PACKET[TCP_prs2026hitl_7000] unknown packet ID 0x69; discarded 1 byte(s)
[17:13:20.538] BAD_PACKET[TCP_prs2026hitl_7000] unknown packet ID 0x61; discarded 1 byte(s)
[17:13:20.539] BAD_PACKET[TCP_prs2026hitl_7000] unknown packet ID 0x6c; discarded 1 byte(s)
[17:13:20.539] BAD_PACKET[TCP_prs2026hitl_7000] unknown packet ID 0x5f; discarded 1 byte(s)
[17:13:20.540] BAD_PACKET[TCP_prs2026hitl_7000] unknown packet ID 0x63; discarded 1 byte(s)
[17:13:20.540] BAD_PACKET[TCP_prs2026hitl_7000] unknown packet ID 0x6f; discarded 1 byte(s)
[17:13:20.541] BAD_PACKET[TCP_prs2026hitl_7000] unknown packet ID 0x6d; discarded 1 byte(s)
[17:13:20.541] BAD_PACKET[TCP_prs2026hitl_7000] unknown packet ID 0x6d; discarded 1 byte(s)
[17:13:20.541] BAD_PACKET[TCP_prs2026hitl_7000] unknown packet ID 0x61; discarded 1 byte(s)
[17:13:20.542] BAD_PACKET[TCP_prs2026hitl_7000] unknown packet ID 0x6e; discarded 1 byte(s)
[17:13:20.542] BAD_PACKET[TCP_prs2026hitl_7000] unknown packet ID 0x64; discarded 1 byte(s)
[17:13:20.543] BAD_PACKET[TCP_prs2026hitl_7000] unknown packet ID 0x3a; discarded 1 byte(s)
[17:13:20.543] BAD_PACKET[TCP_prs2026hitl_7000] unknown packet ID 0x20; discarded 1 byte(s)
[17:13:20.544] BAD_PACKET[TCP_prs2026hitl_7000] unknown packet ID 0x75; discarded 1 byte(s)
[17:13:20.544] BAD_PACKET[TCP_prs2026hitl_7000] unknown packet ID 0x6e; discarded 1 byte(s)
[17:13:20.545] BAD_PACKET[TCP_prs2026hitl_7000] unknown packet ID 0x6b; discarded 1 byte(s)
[17:13:20.545] BAD_PACKET[TCP_prs2026hitl_7000] unknown packet ID 0x6e; discarded 1 byte(s)
[17:13:20.545] BAD_PACKET[TCP_prs2026hitl_7000] unknown packet ID 0x6f; discarded 1 byte(s)
[17:13:20.546] BAD_PACKET[TCP_prs2026hitl_7000] unknown packet ID 0x77; discarded 1 byte(s)
[17:13:20.546] BAD_PACKET[TCP_prs2026hitl_7000] unknown packet ID 0x6e; discarded 1 byte(s)
[17:13:20.547] BAD_PACKET[TCP_prs2026hitl_7000] unknown packet ID 0x20; discarded 1 byte(s)
[17:13:20.547] BAD_PACKET[TCP_prs2026hitl_7000] unknown packet ID 0x63; discarded 1 byte(s)
[17:13:20.548] BAD_PACKET[TCP_prs2026hitl_7000] unknown packet ID 0x6f; discarded 1 byte(s)
[17:13:20.548] BAD_PACKET[TCP_prs2026hitl_7000] unknown packet ID 0x6d; discarded 1 byte(s)
[17:13:20.548] BAD_PACKET[TCP_prs2026hitl_7000] unknown packet ID 0x6d; discarded 1 byte(s)
[17:13:20.549] BAD_PACKET[TCP_prs2026hitl_7000] unknown packet ID 0x61; discarded 1 byte(s)
[17:13:20.549] BAD_PACKET[TCP_prs2026hitl_7000] unknown packet ID 0x6e; discarded 1 byte(s)
[17:13:20.550] BAD_PACKET[TCP_prs2026hitl_7000] unknown packet ID 0x64; discarded 1 byte(s)
[17:13:20.550] BAD_PACKET[TCP_prs2026hitl_7000] unknown packet ID 0x3a; discarded 1 byte(s)
[17:13:20.553] BAD_PACKET[TCP_prs2026hitl_7000] unknown packet ID 0x20; discarded 1 byte(s)
[17:13:20.553] BAD_PACKET[TCP_prs2026hitl_7000] unknown packet ID 0x5e; discarded 1 byte(s)
[17:13:20.554] BAD_PACKET[TCP_prs2026hitl_7000] unknown packet ID 0x41; discarded 1 byte(s)
[17:13:20.554] BAD_PACKET[TCP_prs2026hitl_7000] unknown packet ID 0x5e; discarded 1 byte(s)
[17:13:20.555] BAD_PACKET[TCP_prs2026hitl_7000] unknown packet ID 0x4b; discarded 1 byte(s)
[17:13:20.555] BAD_PACKET[TCP_prs2026hitl_7000] unknown packet ID 0x5e; discarded 1 byte(s)
[17:13:20.555] BAD_PACKET[TCP_prs2026hitl_7000] unknown packet ID 0x40; discarded 1 byte(s)
[17:13:20.556] BAD_PACKET[TCP_prs2026hitl_7000] unknown packet ID 0x5e; discarded 1 byte(s)
[17:13:20.556] BAD_PACKET[TCP_prs2026hitl_7000] unknown packet ID 0x40; discarded 1 byte(s)
[17:13:20.557] BAD_PACKET[TCP_prs2026hitl_7000] unknown packet ID 0x5e; discarded 1 byte(s)
[17:13:20.557] BAD_PACKET[TCP_prs2026hitl_7000] unknown packet ID 0x40; discarded 1 byte(s)
[17:13:20.557] BAD_PACKET[TCP_prs2026hitl_7000] unknown packet ID 0x5e; discarded 1 byte(s)
[17:13:20.558] BAD_PACKET[TCP_prs2026hitl_7000] unknown packet ID 0x4b; discarded 1 byte(s)
[17:13:20.558] BAD_PACKET[TCP_prs2026hitl_7000] unknown packet ID 0x5e; discarded 1 byte(s)
[17:13:20.559] BAD_PACKET[TCP_prs2026hitl_7000] unknown packet ID 0x42; discarded 1 byte(s)
[17:13:20.559] RX[TCP_prs2026hitl_7000]  5e 40 5a 54 ff ff df ff ff da 5e 40 5e 54 5e 40 23 0d 0a 57 20 28 32 34 35 30 38 29 20 73 65 72 69 61 6c 5f 63 6f 6d 6d 61 6e 64 3a 20 75 6e 6b 6e 6f 77 6e 20 63 6f 6d 6d 61 6e 64 3a 20 5e 41 5e 4f 5e 40 5e 40 5e 40 5e 4b 46 ff ff 5e 40 20 08 08 08 08 20 08 08 08 08 20 08 20 08 5e 40 22 0d 0a 57 20 28 32 34 35 30 38 29 20 73 65 72 69 61 6c 5f 63 6f 6d 6d 61 6e 64 3a 20 75 6e 6b 6e 6f 77 6e 20 63 6f 6d 6d 61 6e 64 3a 20 5e 41 5e 4f 5e 40 5e 0d 0a 57 20 28 32 34 35 30 38 29 20 73 65 72 69 61 6c 5f 63 6f 6d 6d 61 6e 64 3a 20 75 6e 6b 6e 6f 77 6e 20 63 6f 6d 6d 61 6e 64 3a 20 5e 41 5e 4f 5e 40 5e 08 08 20 08 08 20 08 08 20 08 08 20 08 20 08 08 20 08 5e 40 23 0d 0a 57 20 28 32 34 35 30 38 29 20 73 65 72 69 61 6c 5f 63 6f 6d 6d 61 6e 64 3a 20 75 6e 6b 6e 6f 77 6e 20 63 6f 6d 6d 61 6e 64 3a 20 35 36 30 43 43 5e 45 0d 0a 01 0b 00 00 00 5f 62 ff ff fc 92 00 5a 74 ff ff de b0 ff ff df 00 24 ff ff fa 0a
[17:13:20.560] BAD_PACKET[TCP_prs2026hitl_7000] bad EOF for 0xff: expected 0x0a, got 0x54; resync=offset 290
[17:13:20.561] PACKET[TCP_prs2026hitl_7000] heartbeat: status=57088, uptime=620756986
[17:13:20.563] RX[TCP_prs2026hitl_7000]  01 0b 00 00 00 5f c6 ff ff fc 9e 00 5a 67 ff ff de a4 ff ff d8 00 15 00 22 0a
[17:13:20.564] BAD_PACKET[TCP_prs2026hitl_7000] bad EOF for 0x01: expected 0x0a, got 0x22; resync=discard 1 byte
[17:13:20.565] RX[TCP_prs2026hitl_7000]  01 0b 00 00 00 60 2a ff ff fc 9e 00 5a 67 ff ff de b0 ff ff d8 00 14 00 24 0a
[17:13:20.566] BAD_PACKET[TCP_prs2026hitl_7000] bad EOF for 0x01: expected 0x0a, got 0x24; resync=discard 1 byte
[17:13:20.668] RX[TCP_prs2026hitl_7000]  01 0f 00 00 00 60 8e ff ff fc 85 00 5a 67 ff ff de b0 ff ff d8 00 15 00 24 0a
[17:13:20.669] BAD_PACKET[TCP_prs2026hitl_7000] bad EOF for 0x01: expected 0x0a, got 0x24; resync=discard 1 byte
[17:13:20.770] RX[TCP_prs2026hitl_7000]  01 0f 00 00 00 60 f2 ff ff fc 85 00 5a 5b ff ff de b0 ff ff d7 00 15 00 22 0a
[17:13:20.771] BAD_PACKET[TCP_prs2026hitl_7000] bad EOF for 0x01: expected 0x0a, got 0x22; resync=discard 1 byte
[17:13:20.822] RX[TCP_prs2026hitl_7000]  01 0f 00 00 00 61 56 ff ff fc 92 00 5a 5b ff ff de b0 ff ff d8 00 14 00 24 0a
[17:13:20.824] BAD_PACKET[TCP_prs2026hitl_7000] bad EOF for 0x01: expected 0x0a, got 0x24; resync=discard 1 byte
[17:13:20.926] RX[TCP_prs2026hitl_7000]  01 0f 00 00 00 61 ba ff ff fc 85 00 5a 4f ff ff de a4 ff ff d9 00 15 00 22 0a
[17:13:20.927] BAD_PACKET[TCP_prs2026hitl_7000] bad EOF for 0x01: expected 0x0a, got 0x22; resync=discard 1 byte
[17:13:21.028] RX[TCP_prs2026hitl_7000]  01 0b 00 00 00 62 1e ff ff fc 85 00 5a 5b ff ff de bc ff ff d7 00 16 00 21 0a 02 10 00 00 00 62 1e 00 00 00 00 00 00 00 00 00 00 00 00 00 00 00 00 00 00 00 00 00 00 00 00 00 00 00 00 00 00 00 00 00 00
[17:13:21.030] BAD_PACKET[TCP_prs2026hitl_7000] bad EOF for 0x01: expected 0x0a, got 0x21; resync=discard 1 byte
[17:13:21.131] RX[TCP_prs2026hitl_7000]  00 00 00 00 00 00 00 00 00 00 00 00 00 00 00 00 43 51 fd f9 13 48 0a ff ff 01 00 00 00 62 1e 0a
[17:13:21.132] PACKET[TCP_prs2026hitl_7000] state: status=4096, uptime=25118, orientation=[0.0, 0.0, 0.0, 0.0], position=[0.0, 0.0, 0.0], velocity=[0.0, 0.0, 0.0], latitude=0.0, longitude=0.0, gps_altitude=0.0, barometric_altitude=209.992081, witness_battery_voltage=4.936
[17:13:21.133] BAD_PACKET[TCP_prs2026hitl_7000] bad EOF for 0xff: expected 0x0a, got 0x1e; resync=discard 1 byte
[17:13:21.183] RX[TCP_prs2026hitl_7000]  01 0b 00 00 00 62 82 ff ff fc 85 00 5a 5b ff ff de a4 ff ff d8 00 16 00 22 0a
[17:13:21.184] BAD_PACKET[TCP_prs2026hitl_7000] bad EOF for 0x01: expected 0x0a, got 0x22; resync=discard 1 byte
[17:13:21.285] RX[TCP_prs2026hitl_7000]  01 0b 00 00 00 62 e6 ff ff fc 9e 00 5a 67 ff ff de 98 ff ff d8 00 15 00 23 0a
[17:13:21.286] BAD_PACKET[TCP_prs2026hitl_7000] bad EOF for 0x01: expected 0x0a, got 0x23; resync=discard 1 byte
[17:13:21.388] RX[TCP_prs2026hitl_7000]  01 0f 00 00 00 63 4a ff ff fc 85 00 5a 5b ff ff de 98 ff ff d8 00 14 00 23 0a
[17:13:21.389] BAD_PACKET[TCP_prs2026hitl_7000] bad EOF for 0x01: expected 0x0a, got 0x23; resync=discard 1 byte
[17:13:21.489] RX[TCP_prs2026hitl_7000]  01 0f 00 00 00 63 ae ff ff fc 92 00 5a 74 ff ff de c9 ff ff d7 00 16 00 20 0a
[17:13:21.490] BAD_PACKET[TCP_prs2026hitl_7000] bad EOF for 0x01: expected 0x0a, got 0x20; resync=discard 1 byte
[17:13:21.592] RX[TCP_prs2026hitl_7000]  01 0f 00 00 00 64 12 ff ff fc 92 00 5a 5b ff ff de bc ff ff d8 00 15 00 23 0a
[17:13:21.593] BAD_PACKET[TCP_prs2026hitl_7000] bad EOF for 0x01: expected 0x0a, got 0x23; resync=discard 1 byte
[17:13:21.694] RX[TCP_prs2026hitl_7000]  01 0f 00 00 00 64 76 ff ff fc 92 00 5a 5b ff ff de 98 ff ff d8 00 14 00 23 0a
[17:13:21.695] BAD_PACKET[TCP_prs2026hitl_7000] bad EOF for 0x01: expected 0x0a, got 0x23; resync=discard 1 byte
[17:13:21.796] RX[TCP_prs2026hitl_7000]  01 0b 00 00 00 64 da ff ff fc 85 00 5a 67 ff ff de b0 ff ff d7 00 16 00 21 0a
[17:13:21.797] BAD_PACKET[TCP_prs2026hitl_7000] bad EOF for 0x01: expected 0x0a, got 0x21; resync=discard 1 byte
[17:13:21.848] RX[TCP_prs2026hitl_7000]  01 0b 00 00 00 65 3e ff ff fc 92 00 5a 67 ff ff de b0 ff ff d7 00 15 00 22 0a
[17:13:21.849] BAD_PACKET[TCP_prs2026hitl_7000] bad EOF for 0x01: expected 0x0a, got 0x22; resync=discard 1 byte
[17:13:21.950] RX[TCP_prs2026hitl_7000]  01 0b 00 00 00 65 a2 ff ff fc 85 00 5a 5b ff ff de bc ff ff d8 00 15 00 23 0a
[17:13:21.951] BAD_PACKET[TCP_prs2026hitl_7000] bad EOF for 0x01: expected 0x0a, got 0x23; resync=discard 1 byte
[17:13:22.052] RX[TCP_prs2026hitl_7000]  01 0f 00 00 00 66 06 ff ff fc 85 00 5a 4f ff ff de 73 ff ff d9 00 14 00 23 0a 02 10 00 00 00 66 06 00 00 00 00 00 00 00 00 00 00 00 00 00 00 00 00 00 00 00 00 00 00 00 00 00 00 00 00 00 00 00 00 00 00 00 00 00 00 00 00 00 00 00 00 00 00 00 00 00 00 43 51 fd f9 13 40 0a ff ff 00 00 00 00 66 06 0a
[17:13:22.053] BAD_PACKET[TCP_prs2026hitl_7000] bad EOF for 0x01: expected 0x0a, got 0x23; resync=offset 1
[17:13:22.054] PACKET[TCP_prs2026hitl_7000] state: status=4096, uptime=26118, orientation=[0.0, 0.0, 0.0, 0.0], position=[0.0, 0.0, 0.0], velocity=[0.0, 0.0, 0.0], latitude=0.0, longitude=0.0, gps_altitude=0.0, barometric_altitude=209.992081, witness_battery_voltage=4.928
[17:13:22.055] BAD_PACKET[TCP_prs2026hitl_7000] bad EOF for 0xff: expected 0x0a, got 0x06; resync=discard 1 byte
[17:13:22.157] RX[TCP_prs2026hitl_7000]  01 0f 00 00 00 66 6a ff ff fc 85 00 5a 5b ff ff de b0 ff ff d6 00 16 00 21 0a
[17:13:22.158] BAD_PACKET[TCP_prs2026hitl_7000] bad EOF for 0x01: expected 0x0a, got 0x21; resync=discard 1 byte
[17:13:22.260] RX[TCP_prs2026hitl_7000]  01 0f 00 00 00 66 ce ff ff fc 92 00 5a 5b ff ff de a4 ff ff d8 00 15 00 22 0a
[17:13:22.261] BAD_PACKET[TCP_prs2026hitl_7000] bad EOF for 0x01: expected 0x0a, got 0x22; resync=discard 1 byte
[17:13:22.363] RX[TCP_prs2026hitl_7000]  01 0f 00 00 00 67 32 ff ff fc 92 00 5a 5b ff ff de bc ff ff d8 00 15 00 22 0a
[17:13:22.364] BAD_PACKET[TCP_prs2026hitl_7000] bad EOF for 0x01: expected 0x0a, got 0x22; resync=discard 1 byte
[17:13:22.415] RX[TCP_prs2026hitl_7000]  01 0b 00 00 00 67 96 ff ff fc aa 00 5a 4f ff ff df 12 ff ff d6 00 16 00 20 0a
[17:13:22.416] BAD_PACKET[TCP_prs2026hitl_7000] bad EOF for 0x01: expected 0x0a, got 0x20; resync=discard 1 byte
[17:13:22.517] RX[TCP_prs2026hitl_7000]  01 0b 00 00 00 67 fa ff ff fc aa 00 5a 43 ff ff de 98 ff ff d9 00 15 00 23 0a
[17:13:22.517] BAD_PACKET[TCP_prs2026hitl_7000] bad EOF for 0x01: expected 0x0a, got 0x23; resync=discard 1 byte
[17:13:22.618] RX[TCP_prs2026hitl_7000]  01 0b 00 00 00 68 5e ff ff fc 92 00 5a 5b ff ff de 98 ff ff d8 00 14 00 23 0a
[17:13:22.619] BAD_PACKET[TCP_prs2026hitl_7000] bad EOF for 0x01: expected 0x0a, got 0x23; resync=discard 1 byte
[17:13:22.720] RX[TCP_prs2026hitl_7000]  01 0f 00 00 00 68 c2 ff ff fc 79 00 5a 67 ff ff de 98 ff ff d7 00 17 00 21 0a
[17:13:22.721] BAD_PACKET[TCP_prs2026hitl_7000] bad EOF for 0x01: expected 0x0a, got 0x21; resync=discard 1 byte
