[01:49:36.754] RX  01
[01:49:36.755] RX  0f 00 00 00 00 05 00 04 01 65 f7 f9 ff da 00 13 00 21 02 10 00 00 00 00 05 00 00 00 00 00 00 00 00 00 00 00 00 00 00 00 00 00 00 00 00 00 00 00 00 00 00 00 00 00 00 00 00 00 00 00 00 00 43 2b 94 26 ff 01 00 00 00 00 05
[01:49:36.756] LORA sensors: status=3840, uptime=5, accel=[0.001952, 0.174216, -1.00284], gyro=[-2.66, 1.33, 2.31], crc=None
[01:49:36.757] CAN  sensors: status=3840, uptime=5, accel=[0.001952, 0.174216, -1.00284], gyro=[-2.66, 1.33, 2.31]
[01:49:36.758] LORA state: status=4096, uptime=5, orientation=[0, 0, 0, 0], position=[0, 0, 0], velocity=[0, 0, 0], latitude=0, longitude=0, gps_time=0, gps_altitude=1126929446, crc=65281
[01:49:37.761] RX  01
[01:49:37.762] RX  0b 00 00 00 00 06 00 04 01 63 f7 f8 ff da 00 12 00 21 02 10 00 00 00 00 06 00 00 00 00 00 00 00 00 00 00 00 00 00 00 00 00 00 00 00 00 00 00 00 00 00 00 00 00 00 00 00 00 00 00 00 00 00 43 2b 53 36 ff 00 00 00 00 00 06
[01:49:37.763] LORA sensors: status=2816, uptime=6, accel=[0.001952, 0.17324, -1.003328], gyro=[-2.66, 1.26, 2.31], crc=None
[01:49:37.764] CAN  sensors: status=2816, uptime=6, accel=[0.001952, 0.17324, -1.003328], gyro=[-2.66, 1.26, 2.31]
[01:49:37.764] LORA state: status=4096, uptime=6, orientation=[0, 0, 0, 0], position=[0, 0, 0], velocity=[0, 0, 0], latitude=0, longitude=0, gps_time=0, gps_altitude=1126912822, crc=65280
[01:49:38.807] RX  01
[01:49:38.808] RX  0f 00 00 00 00 07 00 04 01 65 f7 f9 ff db 00 12 00 21 02 10 00 00 00 00 07 00 00 00 00 00 00 00 00 00 00 00 00 00 00 00 00 00 00 00 00 00 00 00 00 00 00 00 00 00 00 00 00 00 00 00 00 00 43 2b 7e 80
[01:49:38.809] LORA sensors: status=3840, uptime=7, accel=[0.001952, 0.174216, -1.00284], gyro=[-2.59, 1.26, 2.31], crc=None
[01:49:38.810] CAN  sensors: status=3840, uptime=7, accel=[0.001952, 0.174216, -1.00284], gyro=[-2.59, 1.26, 2.31]
[01:49:38.810] RX  ff 01 00 00 00 00 07
[01:49:38.811] LORA state: status=4096, uptime=7, orientation=[0, 0, 0, 0], position=[0, 0, 0], velocity=[0, 0, 0], latitude=0, longitude=0, gps_time=0, gps_altitude=1126923904, crc=65281
[01:49:39.759] RX  01
[01:49:39.760] RX  0f 00 00 00 00 08 00 04 01 66 f7 f3 ff d9 00 13 00 20 02 10 00 00 00 00 08 00 00 00 00 00 00 00 00 00 00 00 00 00 00 00 00 00 00 00 00 00 00 00 00 00 00 00 00 00 00 00 00 00 00 00 00 00 43 2b 7e 80
[01:49:39.761] LORA sensors: status=3840, uptime=8, accel=[0.001952, 0.174704, -1.005768], gyro=[-2.73, 1.33, 2.24], crc=None
[01:49:39.762] CAN  sensors: status=3840, uptime=8, accel=[0.001952, 0.174704, -1.005768], gyro=[-2.73, 1.33, 2.24]
[01:49:39.762] RX  ff 00 00 00 00 00 08
[01:49:39.763] LORA state: status=4096, uptime=8, orientation=[0, 0, 0, 0], position=[0, 0, 0], velocity=[0, 0, 0], latitude=0, longitude=0, gps_time=0, gps_altitude=1126923904, crc=65280
