[17:47:37.153] RX[COM10]  01
[17:47:37.155] RX[COM10]  6f 00 00 00 27 5f 00 01 49 00 03 56 ff 9b f8 ff fd 00 01 ff fd 0a
[17:47:37.156] PACKET[COM10] sensors: status=0b0110111100000000, uptime=10079, filtered_accel=[0.01316, 0.03416, -1.02432], gyro=[-0.21, 0.07, -0.21]
[17:47:37.156] RX[COM10]  02
[17:47:37.157] RX[COM10]  6f 00 00 00 27 90 00 00 00 00 00 00 00 00 00 00 00 00 00 00 00 00 00 00 00 00 00 00 00 00 00 00 00 00 00 00 00 00 00 00 00 00 00 00 00 00 00 00 00 00 00 00 00 00 00 00 43 74 49 41 13 f0 0a ff 6e 00 00 00 27 90 0a
[17:47:37.158] PACKET[COM10] state: status=0b0110111100000000, uptime=10128, orientation=[0.0, 0.0, 0.0, 0.0], position=[0.0, 0.0, 0.0], velocity=[0.0, 0.0, 0.0], latitude=0.0, longitude=0.0, gps_altitude=0.0, barometric_altitude=244.286148, witness_battery_voltage=5.104
[17:47:37.159] PACKET[COM10] heartbeat: status=0b0110111000000000, uptime=10128
[17:47:37.278] RX[COM10]  01
[17:47:37.280] RX[COM10]  6e 00 00 00 28 13 00 01 56 00 03 56 ff 9c 35 ff fd 00 00 ff fd 0a
[17:47:37.282] PACKET[COM10] sensors: status=0b0110111000000000, uptime=10259, filtered_accel=[0.01368, 0.03416, -1.02188], gyro=[-0.21, 0.0, -0.21]
[17:47:37.387] RX[COM10]  01
[17:47:37.388] RX[COM10]  66 00 00 00 28 76 00 01 49 00 03 56 ff 9c 1d ff d9 00 0d 00 2c 0a
[17:47:37.389] PACKET[COM10] sensors: status=0b0110011000000000, uptime=10358, filtered_accel=[0.01316, 0.03416, -1.02284], gyro=[-2.73, 0.91, 3.08]
[17:47:37.496] RX[COM10]  01
[17:47:37.497] RX[COM10]  66 00 00 00 28 da 00 01 49 00 03 56 ff 9b f8 ff d5 00 14 00 26 0a
[17:47:37.499] PACKET[COM10] sensors: status=0b0110011000000000, uptime=10458, filtered_accel=[0.01316, 0.03416, -1.02432], gyro=[-3.01, 1.4, 2.66]
[17:47:37.621] RX[COM10]  01
[17:47:37.623] RX[COM10]  6e 00 00 00 29 3e 00 01 56 00 03 4a ff 9c 1d ff d4 00 14 00 27 0a
[17:47:37.624] PACKET[COM10] sensors: status=0b0110111000000000, uptime=10558, filtered_accel=[0.01368, 0.03368, -1.02284], gyro=[-3.08, 1.4, 2.73]
[17:47:37.676] RX[COM10]  01
[17:47:37.676] RX[COM10]  6e 00 00 00 29 a2 00 01 56 00 03 56 ff 9c 04 ff d5 00 16 00 26 0a
[17:47:37.677] PACKET[COM10] sensors: status=0b0110111000000000, uptime=10658, filtered_accel=[0.01368, 0.03416, -1.02384], gyro=[-3.01, 1.54, 2.66]
[17:47:37.781] RX[COM10]  01
[17:47:37.781] RX[COM10]  6e 00 00 00 2a 06 00 01 31 00 03 4a ff 9b f8 ff d5 00 15 00 27 0a
[17:47:37.782] PACKET[COM10] sensors: status=0b0110111000000000, uptime=10758, filtered_accel=[0.0122, 0.03368, -1.02432], gyro=[-3.01, 1.47, 2.73]
[17:47:37.888] RX[COM10]  01
[17:47:37.889] RX[COM10]  6e 00 00 00 2a 6a 00 01 56 00 03 56 ff 9c 04 ff d5 00 15 00 27 0a
[17:47:37.890] PACKET[COM10] sensors: status=0b0110111000000000, uptime=10858, filtered_accel=[0.01368, 0.03416, -1.02384], gyro=[-3.01, 1.47, 2.73]
[17:47:37.996] RX[COM10]  01
[17:47:37.998] RX[COM10]  66 00 00 00 2a ce 00 01 56 00 03 62 ff 9c 11 ff d5 00 15 00 27 0a
[17:47:37.999] PACKET[COM10] sensors: status=0b0110011000000000, uptime=10958, filtered_accel=[0.01368, 0.03464, -1.02332], gyro=[-3.01, 1.47, 2.73]
[17:47:38.101] RX[COM10]  01
[17:47:38.102] RX[COM10]  6e 00 00 00 2b 47 00 01 31 00 03 56 ff 9b ec ff fc 00 02 ff fd 0a
[17:47:38.103] PACKET[COM10] sensors: status=0b0110111000000000, uptime=11079, filtered_accel=[0.0122, 0.03416, -1.0248], gyro=[-0.28, 0.14, -0.21]
[17:47:38.154] RX[COM10]  02
[17:47:38.156] RX[COM10]  66 00 00 00 2b 78 00 00 00 00 00 00 00 00 00 00 00 00 00 00 00 00 00 00 00 00 00 00 00 00 00 00 00 00 00 00 00 00 00 00 00 00 00 00 00 00 00 00 00 00 00 00 00 00 00 00 43 74 49 41 13 e4 0a ff 67 00 00 00 2b 78 0a
[17:47:38.160] PACKET[COM10] state: status=0b0110011000000000, uptime=11128, orientation=[0.0, 0.0, 0.0, 0.0], position=[0.0, 0.0, 0.0], velocity=[0.0, 0.0, 0.0], latitude=0.0, longitude=0.0, gps_altitude=0.0, barometric_altitude=244.286148, witness_battery_voltage=5.092
[17:47:38.161] PACKET[COM10] heartbeat: status=0b0110011100000000, uptime=11128
[17:47:38.280] RX[COM10]  01
[17:47:38.281] RX[COM10]  6f 00 00 00 2b fb 00 01 56 00 03 56 ff 9c 29 ff fc 00 01 ff fd 0a
[17:47:38.282] PACKET[COM10] sensors: status=0b0110111100000000, uptime=11259, filtered_accel=[0.01368, 0.03416, -1.02236], gyro=[-0.28, 0.07, -0.21]
[17:47:38.392] RX[COM10]  01
[17:47:38.393] RX[COM10]  6f 00 00 00 2c 5e 00 01 3d 00 03 56 ff 9c 11 ff da 00 0b 00 2e 0a
[17:47:38.394] PACKET[COM10] sensors: status=0b0110111100000000, uptime=11358, filtered_accel=[0.01268, 0.03416, -1.02332], gyro=[-2.66, 0.77, 3.22]
[17:47:38.430] TX[COM10] USB Mass Storage:  05 00 00 00 00 00 00 68 68 0a
[17:47:38.454] RX[COM10]  05
[17:47:38.457] RX[COM10]  00 00 00 00 00 00 68 68 0a
[17:47:38.459] PACKET[COM10] command: status=0b0000000000000000, uptime=0, command_value=26728
[17:47:38.517] RX[COM10]  01
[17:47:38.521] RX[COM10]  6f 00 00 00 2c d6 00 01 3d 00 03 62 ff 9b ec ff fd 00 01 ff fe 0a
[17:47:38.523] PACKET[COM10] sensors: status=0b0110111100000000, uptime=11478, filtered_accel=[0.01268, 0.03464, -1.0248], gyro=[-0.21, 0.07, -0.14]
[17:47:38.643] RX[COM10]  01
[17:47:38.644] RX[COM10]  6f 00 00 00 2d 3a 00 01 56 00 03 56 ff 9c 11 ff d6 00 15 00 26 0a
[17:47:38.645] PACKET[COM10] sensors: status=0b0110111100000000, uptime=11578, filtered_accel=[0.01368, 0.03416, -1.02332], gyro=[-2.94, 1.47, 2.66]
[17:47:38.705] RX[COM10]  01
[17:47:38.705] RX[COM10]  6f 00 00 00 2d 9e 00 01 49 00 03 56 ff 9b ec ff d6 00 15 00 27 0a
[17:47:38.707] PACKET[COM10] sensors: status=0b0110111100000000, uptime=11678, filtered_accel=[0.01316, 0.03416, -1.0248], gyro=[-2.94, 1.47, 2.73]
[17:47:38.820] RX[COM10]  01
[17:47:38.820] RX[COM10]  67 00 00 00 2e 02 00 01 56 00 03 62 ff 9b e0 ff d5 00 15 00 27 0a
[17:47:38.821] PACKET[COM10] sensors: status=0b0110011100000000, uptime=11778, filtered_accel=[0.01368, 0.03464, -1.02528], gyro=[-3.01, 1.47, 2.73]
[17:47:38.926] RX[COM10]  01
[17:47:38.926] RX[COM10]  67 00 00 00 2e 66 00 01 3d 00 03 62 ff 9b f8 ff d5 00 15 00 26 0a
[17:47:38.927] PACKET[COM10] sensors: status=0b0110011100000000, uptime=11878, filtered_accel=[0.01268, 0.03464, -1.02432], gyro=[-3.01, 1.47, 2.66]
[17:47:39.037] RX[COM10]  01
[17:47:39.040] RX[COM10]  67 00 00 00 2e ca 00 01 49 00 03 56 ff 9c 04 ff d5 00 16 00 26 0a
[17:47:39.044] PACKET[COM10] sensors: status=0b0110011100000000, uptime=11978, filtered_accel=[0.01316, 0.03416, -1.02384], gyro=[-3.01, 1.54, 2.66]
[17:47:39.110] RX[COM10]  01
[17:47:39.110] RX[COM10]  6f 00 00 00 2f 2f 00 01 49 00 03 62 ff 9c 11 ff fb ff f6 00 0a 0a
[17:47:39.111] PACKET[COM10] sensors: status=0b0110111100000000, uptime=12079, filtered_accel=[0.01316, 0.03464, -1.02332], gyro=[-0.35, -0.7, 0.7]
[17:47:39.173] RX[COM10]  02
[17:47:39.174] RX[COM10]  6f 00 00 00 2f 60 00 00 00 00 00 00 00 00 00 00 00 00 00 00 00 00 00 00 00 00 00 00 00 00 00 00 00 00 00 00 00 00 00 00 00 00 00 00 00 00 00 00 00 00 00 00 00 00 00 00 43 74 32 ef 13 f0 0a ff 6e 00 00 00 2f 60 0a
[17:47:39.175] PACKET[COM10] state: status=0b0110111100000000, uptime=12128, orientation=[0.0, 0.0, 0.0, 0.0], position=[0.0, 0.0, 0.0], velocity=[0.0, 0.0, 0.0], latitude=0.0, longitude=0.0, gps_altitude=0.0, barometric_altitude=244.198959, witness_battery_voltage=5.104
[17:47:39.176] PACKET[COM10] heartbeat: status=0b0110111000000000, uptime=12128
[17:47:39.296] RX[COM10]  01
[17:47:39.298] RX[COM10]  6e 00 00 00 2f e3 00 01 49 00 03 62 ff 9c 1d ff fd 00 01 ff fd 0a
[17:47:39.299] PACKET[COM10] sensors: status=0b0110111000000000, uptime=12259, filtered_accel=[0.01316, 0.03464, -1.02284], gyro=[-0.21, 0.07, -0.21]
[17:47:39.422] RX[COM10]  01
[17:47:39.423] RX[COM10]  66 00 00 00 30 46 00 01 56 00 03 56 ff 9c 04 ff db 00 09 00 2e 0a
[17:47:39.424] PACKET[COM10] sensors: status=0b0110011000000000, uptime=12358, filtered_accel=[0.01368, 0.03416, -1.02384], gyro=[-2.59, 0.63, 3.22]
[17:47:39.478] RX[COM10]  01
[17:47:39.479] RX[COM10]  66 00 00 00 30 aa 00 01 62 00 03 56 ff 9c 04 ff d5 00 14 00 26 0a
[17:47:39.480] PACKET[COM10] sensors: status=0b0110011000000000, uptime=12458, filtered_accel=[0.01416, 0.03416, -1.02384], gyro=[-3.01, 1.4, 2.66]
[17:47:39.591] RX[COM10]  01
[17:47:39.592] RX[COM10]  66 00 00 00 31 0e 00 01 49 00 03 62 ff 9c 11 ff d5 00 14 00 26 0a
[17:47:39.593] PACKET[COM10] sensors: status=0b0110011000000000, uptime=12558, filtered_accel=[0.01316, 0.03464, -1.02332], gyro=[-3.01, 1.4, 2.66]
[17:47:39.717] RX[COM10]  01
[17:47:39.719] RX[COM10]  6e 00 00 00 31 72 00 01 49 00 03 56 ff 9c 04 ff d5 00 15 00 27 0a
[17:47:39.720] PACKET[COM10] sensors: status=0b0110111000000000, uptime=12658, filtered_accel=[0.01316, 0.03416, -1.02384], gyro=[-3.01, 1.47, 2.73]
[17:47:39.778] RX[COM10]  01
[17:47:39.779] RX[COM10]  6e 00 00 00 31 d6 00 01 49 00 03 56 ff 9b f8 ff d6 00 15 00 26 0a
[17:47:39.780] PACKET[COM10] sensors: status=0b0110111000000000, uptime=12758, filtered_accel=[0.01316, 0.03416, -1.02432], gyro=[-2.94, 1.47, 2.66]
[17:47:39.903] RX[COM10]  01
[17:47:39.904] RX[COM10]  6e 00 00 00 32 3a 00 01 56 00 03 56 ff 9b ec ff d4 00 15 00 26 0a
[17:47:39.905] PACKET[COM10] sensors: status=0b0110111000000000, uptime=12858, filtered_accel=[0.01368, 0.03416, -1.0248], gyro=[-3.08, 1.47, 2.66]
[17:47:40.030] RX[COM10]  01
[17:47:40.032] RX[COM10]  6e 00 00 00 32 9e 00 01 3d 00 03 62 ff 9b f8 ff d5 00 15 00 27 0a
[17:47:40.035] PACKET[COM10] sensors: status=0b0110111000000000, uptime=12958, filtered_accel=[0.01268, 0.03464, -1.02432], gyro=[-3.01, 1.47, 2.73]
[17:47:40.136] RX[COM10]  01
[17:47:40.136] RX[COM10]  6e 00 00 00 33 16 00 01 56 00 03 4a ff 9c 11 ff fc ff f7 00 08 0a
[17:47:40.137] PACKET[COM10] sensors: status=0b0110111000000000, uptime=13078, filtered_accel=[0.01368, 0.03368, -1.02332], gyro=[-0.28, -0.63, 0.56]
[17:47:40.188] RX[COM10]  02
[17:47:40.189] RX[COM10]  66 00 00 00 33 48 00 00 00 00 00 00 00 00 00 00 00 00 00 00 00 00 00 00 00 00 00 00 00 00 00 00 00 00 00 00 00 00 00 00 00 00 00 00 00 00 00 00 00 00 00 00 00 00 00 00 43 74 32 ef 13 e8 0a ff 67 00 00 00 33 48 0a
[17:47:40.193] PACKET[COM10] state: status=0b0110011000000000, uptime=13128, orientation=[0.0, 0.0, 0.0, 0.0], position=[0.0, 0.0, 0.0], velocity=[0.0, 0.0, 0.0], latitude=0.0, longitude=0.0, gps_altitude=0.0, barometric_altitude=244.198959, witness_battery_voltage=5.096
[17:47:40.193] PACKET[COM10] heartbeat: status=0b0110011100000000, uptime=13128
[17:47:40.306] RX[COM10]  01
[17:47:40.307] RX[COM10]  6f 00 00 00 33 ca 00 01 62 00 03 4a ff 9c 29 ff fd 00 01 ff fd 0a
[17:47:40.308] PACKET[COM10] sensors: status=0b0110111100000000, uptime=13258, filtered_accel=[0.01416, 0.03368, -1.02236], gyro=[-0.21, 0.07, -0.21]
[17:47:40.414] RX[COM10]  01
[17:47:40.415] RX[COM10]  6f 00 00 00 34 2e 00 01 49 00 03 6e ff 9c 04 ff dc 00 08 00 2f 0a
[17:47:40.416] PACKET[COM10] sensors: status=0b0110111100000000, uptime=13358, filtered_accel=[0.01316, 0.03512, -1.02384], gyro=[-2.52, 0.56, 3.29]
[17:47:40.521] RX[COM10]  01
[17:47:40.522] RX[COM10]  6f 00 00 00 34 92 00 01 56 00 03 6e ff 9b f8 ff d5 00 15 00 26 0a
[17:47:40.523] PACKET[COM10] sensors: status=0b0110111100000000, uptime=13458, filtered_accel=[0.01368, 0.03512, -1.02432], gyro=[-3.01, 1.47, 2.66]
[17:47:40.577] RX[COM10]  01
[17:47:40.578] RX[COM10]  6f 00 00 00 34 f6 00 01 56 00 03 62 ff 9b ec ff d5 00 15 00 26 0a
[17:47:40.579] PACKET[COM10] sensors: status=0b0110111100000000, uptime=13558, filtered_accel=[0.01368, 0.03464, -1.0248], gyro=[-3.01, 1.47, 2.66]
[17:47:40.684] RX[COM10]  01
[17:47:40.685] RX[COM10]  67 00 00 00 35 5a 00 01 56 00 03 56 ff 9b ec ff d5 00 15 00 27 0a
[17:47:40.686] PACKET[COM10] sensors: status=0b0110011100000000, uptime=13658, filtered_accel=[0.01368, 0.03416, -1.0248], gyro=[-3.01, 1.47, 2.73]
[17:47:40.799] RX[COM10]  01
[17:47:40.799] RX[COM10]  67 00 00 00 35 be 00 01 49 00 03 56 ff 9b f8 ff d5 00 15 00 26 0a
[17:47:40.800] PACKET[COM10] sensors: status=0b0110011100000000, uptime=13758, filtered_accel=[0.01316, 0.03416, -1.02432], gyro=[-3.01, 1.47, 2.66]
[17:47:40.906] RX[COM10]  01
[17:47:40.906] RX[COM10]  67 00 00 00 36 22 00 01 56 00 03 56 ff 9b f8 ff d5 00 14 00 27 0a
[17:47:40.907] PACKET[COM10] sensors: status=0b0110011100000000, uptime=13858, filtered_accel=[0.01368, 0.03416, -1.02432], gyro=[-3.01, 1.4, 2.73]
[17:47:41.025] RX[COM10]  01
[17:47:41.026] RX[COM10]  6f 00 00 00 36 86 00 01 49 00 03 56 ff 9b ec ff d6 00 14 00 27 0a
[17:47:41.028] PACKET[COM10] sensors: status=0b0110111100000000, uptime=13958, filtered_accel=[0.01316, 0.03416, -1.0248], gyro=[-2.94, 1.4, 2.73]
[17:47:41.137] RX[COM10]  01
[17:47:41.138] RX[COM10]  6f 00 00 00 36 ff 00 01 49 00 03 62 ff 9c 35 ff fd ff f9 00 06 0a
[17:47:41.139] PACKET[COM10] sensors: status=0b0110111100000000, uptime=14079, filtered_accel=[0.01316, 0.03464, -1.02188], gyro=[-0.21, -0.49, 0.42]
[17:47:41.197] RX[COM10]  02
[17:47:41.198] RX[COM10]  6f 00 00 00 37 30 00 00 00 00 00 00 00 00 00 00 00 00 00 00 00 00 00 00 00 00 00 00 00 00 00 00 00 00 00 00 00 00 00 00 00 00 00 00 00 00 00 00 00 00 00 00 00 00 00 00 43 74 32 ef 13 ec 0a ff 6e 00 00 00 37 30 0a
[17:47:41.200] PACKET[COM10] state: status=0b0110111100000000, uptime=14128, orientation=[0.0, 0.0, 0.0, 0.0], position=[0.0, 0.0, 0.0], velocity=[0.0, 0.0, 0.0], latitude=0.0, longitude=0.0, gps_altitude=0.0, barometric_altitude=244.198959, witness_battery_voltage=5.1
[17:47:41.201] PACKET[COM10] heartbeat: status=0b0110111000000000, uptime=14128
[17:47:41.322] RX[COM10]  01
[17:47:41.323] RX[COM10]  6e 00 00 00 37 b3 00 01 49 00 03 56 ff 9c 11 ff fd 00 01 ff fc 0a
[17:47:41.324] PACKET[COM10] sensors: status=0b0110111000000000, uptime=14259, filtered_accel=[0.01316, 0.03416, -1.02332], gyro=[-0.21, 0.07, -0.28]
[17:47:41.384] RX[COM10]  01
[17:47:41.385] RX[COM10]  66 00 00 00 38 16 00 01 49 00 03 56 ff 9c 1d ff db 00 07 00 2f 0a
[17:47:41.386] PACKET[COM10] sensors: status=0b0110011000000000, uptime=14358, filtered_accel=[0.01316, 0.03416, -1.02284], gyro=[-2.59, 0.49, 3.29]
[17:47:41.510] RX[COM10]  01
[17:47:41.511] RX[COM10]  66 00 00 00 38 7a 00 01 31 00 03 62 ff 9b f8 ff d5 00 14 00 26 0a
[17:47:41.512] PACKET[COM10] sensors: status=0b0110011000000000, uptime=14458, filtered_accel=[0.0122, 0.03464, -1.02432], gyro=[-3.01, 1.4, 2.66]
[17:47:41.637] RX[COM10]  01
[17:47:41.638] RX[COM10]  66 00 00 00 38 de 00 01 49 00 03 56 ff 9b f8 ff d6 00 15 00 27 0a
[17:47:41.640] PACKET[COM10] sensors: status=0b0110011000000000, uptime=14558, filtered_accel=[0.01316, 0.03416, -1.02432], gyro=[-2.94, 1.47, 2.73]
[17:47:41.700] RX[COM10]  01
[17:47:41.702] RX[COM10]  6e 00 00 00 39 42 00 01 49 00 03 56 ff 9c 11 ff d5 00 15 00 27 0a
[17:47:41.703] PACKET[COM10] sensors: status=0b0110111000000000, uptime=14658, filtered_accel=[0.01316, 0.03416, -1.02332], gyro=[-3.01, 1.47, 2.73]
[17:47:41.824] RX[COM10]  01
[17:47:41.825] RX[COM10]  6e 00 00 00 39 a6 00 01 3d 00 03 56 ff 9b ec ff d5 00 15 00 27 0a
[17:47:41.826] PACKET[COM10] sensors: status=0b0110111000000000, uptime=14758, filtered_accel=[0.01268, 0.03416, -1.0248], gyro=[-3.01, 1.47, 2.73]
[17:47:41.887] RX[COM10]  01
[17:47:41.887] RX[COM10]  6e 00 00 00 3a 0a 00 01 49 00 03 56 ff 9b f8 ff d5 00 15 00 27 0a
[17:47:41.888] PACKET[COM10] sensors: status=0b0110111000000000, uptime=14858, filtered_accel=[0.01316, 0.03416, -1.02432], gyro=[-3.01, 1.47, 2.73]
[17:47:41.999] RX[COM10]  01
[17:47:41.999] RX[COM10]  6e 00 00 00 3a 6e 00 01 49 00 03 62 ff 9c 04 ff d5 00 15 00 27 0a
[17:47:42.000] PACKET[COM10] sensors: status=0b0110111000000000, uptime=14958, filtered_accel=[0.01316, 0.03464, -1.02384], gyro=[-3.01, 1.47, 2.73]
[17:47:42.121] RX[COM10]  01
[17:47:42.122] RX[COM10]  6e 00 00 00 3a e6 00 01 56 00 03 56 ff 9c 04 ff fc ff fa 00 04 0a
[17:47:42.123] PACKET[COM10] sensors: status=0b0110111000000000, uptime=15078, filtered_accel=[0.01368, 0.03416, -1.02384], gyro=[-0.28, -0.42, 0.28]
[17:47:42.182] RX[COM10]  02
[17:47:42.184] RX[COM10]  6e 00 00 00 3b 18 00 00 00 00 00 00 00 00 00 00 00 00 00 00 00 00 00 00 00 00 00 00 00 00 00 00 00 00 00 00 00 00 00 00 00 00 00 00 00 00 00 00 00 00 00 00 00 00 00 00 43 74 07 a4 13 e0 0a ff 6f 00 00 00 3b 18 0a
[17:47:42.186] PACKET[COM10] state: status=0b0110111000000000, uptime=15128, orientation=[0.0, 0.0, 0.0, 0.0], position=[0.0, 0.0, 0.0], velocity=[0.0, 0.0, 0.0], latitude=0.0, longitude=0.0, gps_altitude=0.0, barometric_altitude=244.029846, witness_battery_voltage=5.088
[17:47:42.187] PACKET[COM10] heartbeat: status=0b0110111100000000, uptime=15128
[17:47:42.307] RX[COM10]  01
[17:47:42.308] RX[COM10]  6f 00 00 00 3b 9b 00 01 49 00 03 4a ff 9b ec ff fd 00 01 ff fd 0a
[17:47:42.310] PACKET[COM10] sensors: status=0b0110111100000000, uptime=15259, filtered_accel=[0.01316, 0.03368, -1.0248], gyro=[-0.21, 0.07, -0.21]
[17:47:42.423] RX[COM10]  01
[17:47:42.423] RX[COM10]  6f 00 00 00 3b fe 00 01 62 00 03 56 ff 9b f8 ff d6 00 13 00 28 0a
[17:47:42.425] PACKET[COM10] sensors: status=0b0110111100000000, uptime=15358, filtered_accel=[0.01416, 0.03416, -1.02432], gyro=[-2.94, 1.33, 2.8]
[17:47:42.481] RX[COM10]  01
[17:47:42.482] RX[COM10]  6f 00 00 00 3c 62 00 01 56 00 03 62 ff 9b ec ff d5 00 14 00 26 0a
[17:47:42.483] PACKET[COM10] sensors: status=0b0110111100000000, uptime=15458, filtered_accel=[0.01368, 0.03464, -1.0248], gyro=[-3.01, 1.4, 2.66]
[17:47:42.608] RX[COM10]  01
[17:47:42.608] RX[COM10]  6f 00 00 00 3c c6 00 01 3d 00 03 56 ff 9b f8 ff d5 00 15 00 26 0a
[17:47:42.610] PACKET[COM10] sensors: status=0b0110111100000000, uptime=15558, filtered_accel=[0.01268, 0.03416, -1.02432], gyro=[-3.01, 1.47, 2.66]
[17:47:42.732] RX[COM10]  01
[17:47:42.733] RX[COM10]  6f 00 00 00 3d 2a 00 01 56 00 03 62 ff 9b f8 ff d5 00 15 00 27 0a
[17:47:42.734] PACKET[COM10] sensors: status=0b0110111100000000, uptime=15658, filtered_accel=[0.01368, 0.03464, -1.02432], gyro=[-3.01, 1.47, 2.73]
[17:47:42.794] RX[COM10]  01
[17:47:42.798] RX[COM10]  67 00 00 00 3d 8e 00 01 49 00 03 56 ff 9b f8 ff d6 00 14 00 27 0a
[17:47:42.799] PACKET[COM10] sensors: status=0b0110011100000000, uptime=15758, filtered_accel=[0.01316, 0.03416, -1.02432], gyro=[-2.94, 1.4, 2.73]
[17:47:42.918] RX[COM10]  01
[17:47:42.919] RX[COM10]  67 00 00 00 3d f2 00 01 49 00 03 62 ff 9c 04 ff d5 00 15 00 27 0a
[17:47:42.920] PACKET[COM10] sensors: status=0b0110011100000000, uptime=15858, filtered_accel=[0.01316, 0.03464, -1.02384], gyro=[-3.01, 1.47, 2.73]
[17:47:42.982] RX[COM10]  01
[17:47:42.982] RX[COM10]  67 00 00 00 3e 56 00 01 49 00 03 56 ff 9c 04 ff d5 00 15 00 27 0a
[17:47:42.983] PACKET[COM10] sensors: status=0b0110011100000000, uptime=15958, filtered_accel=[0.01316, 0.03416, -1.02384], gyro=[-3.01, 1.47, 2.73]
[17:47:43.105] RX[COM10]  01
[17:47:43.106] RX[COM10]  6f 00 00 00 3e cf 00 01 49 00 03 56 ff 9c 1d ff fd ff fb 00 02 0a
[17:47:43.107] PACKET[COM10] sensors: status=0b0110111100000000, uptime=16079, filtered_accel=[0.01316, 0.03416, -1.02284], gyro=[-0.21, -0.35, 0.14]
[17:47:43.169] RX[COM10]  02
[17:47:43.170] RX[COM10]  67 00 00 00 3f 00 00 00 00 00 00 00 00 00 00 00 00 00 00 00 00 00 00 00 00 00 00 00 00 00 00 00 00 00 00 00 00 00 00 00 00 00 00 00 00 00 00 00 00 00 00 00 00 00 00 00 43 74 74 8c 13 f8 0a ff 66 00 00 00 3f 00 0a
[17:47:43.172] PACKET[COM10] state: status=0b0110011100000000, uptime=16128, orientation=[0.0, 0.0, 0.0, 0.0], position=[0.0, 0.0, 0.0], velocity=[0.0, 0.0, 0.0], latitude=0.0, longitude=0.0, gps_altitude=0.0, barometric_altitude=244.455261, witness_battery_voltage=5.112
[17:47:43.173] PACKET[COM10] heartbeat: status=0b0110011000000000, uptime=16128
[17:47:43.282] RX[COM10]  01
[17:47:43.283] RX[COM10]  6e 00 00 00 3f 83 00 01 3d 00 03 62 ff 9c 11 ff fc 00 01 ff fd 0a
[17:47:43.284] PACKET[COM10] sensors: status=0b0110111000000000, uptime=16259, filtered_accel=[0.01268, 0.03464, -1.02332], gyro=[-0.28, 0.07, -0.21]
[17:47:43.404] RX[COM10]  01
[17:47:43.405] RX[COM10]  6e 00 00 00 3f e6 00 01 56 00 03 4a ff 9b ec ff d6 00 13 00 28 0a
[17:47:43.406] PACKET[COM10] sensors: status=0b0110111000000000, uptime=16358, filtered_accel=[0.01368, 0.03368, -1.0248], gyro=[-2.94, 1.33, 2.8]
[17:47:43.529] RX[COM10]  01
[17:47:43.531] RX[COM10]  66 00 00 00 40 4a 00 01 3d 00 03 62 ff 9c 04 ff d5 00 14 00 27 0a
[17:47:43.535] PACKET[COM10] sensors: status=0b0110011000000000, uptime=16458, filtered_accel=[0.01268, 0.03464, -1.02384], gyro=[-3.01, 1.4, 2.73]
[17:47:43.605] RX[COM10]  01
[17:47:43.606] RX[COM10]  66 00 00 00 40 ae 00 01 56 00 03 6e ff 9b f8 ff d5 00 15 00 26 0a
[17:47:43.608] PACKET[COM10] sensors: status=0b0110011000000000, uptime=16558, filtered_accel=[0.01368, 0.03512, -1.02432], gyro=[-3.01, 1.47, 2.66]
[17:47:43.731] RX[COM10]  01
[17:47:43.732] RX[COM10]  66 00 00 00 41 12 00 01 56 00 03 3e ff 9b ec ff d6 00 15 00 27 0a
[17:47:43.733] PACKET[COM10] sensors: status=0b0110011000000000, uptime=16658, filtered_accel=[0.01368, 0.0332, -1.0248], gyro=[-2.94, 1.47, 2.73]
[17:47:43.794] RX[COM10]  01
[17:47:43.795] RX[COM10]  6e 00 00 00 41 76 00 01 3d 00 03 62 ff 9b f8 ff d5 00 14 00 27 0a
[17:47:43.797] PACKET[COM10] sensors: status=0b0110111000000000, uptime=16758, filtered_accel=[0.01268, 0.03464, -1.02432], gyro=[-3.01, 1.4, 2.73]
[17:47:43.917] RX[COM10]  01
[17:47:43.918] RX[COM10]  6e 00 00 00 41 da 00 01 3d 00 03 56 ff 9b f8 ff d6 00 15 00 26 0a
[17:47:43.919] PACKET[COM10] sensors: status=0b0110111000000000, uptime=16858, filtered_accel=[0.01268, 0.03416, -1.02432], gyro=[-2.94, 1.47, 2.66]
[17:47:43.978] RX[COM10]  01
[17:47:43.978] RX[COM10]  6e 00 00 00 42 3e 00 01 3d 00 03 56 ff 9b f8 ff d5 00 15 00 26 0a
[17:47:43.980] PACKET[COM10] sensors: status=0b0110111000000000, uptime=16958, filtered_accel=[0.01268, 0.03416, -1.02432], gyro=[-3.01, 1.47, 2.66]
[17:47:44.102] RX[COM10]  01
[17:47:44.105] RX[COM10]  6e 00 00 00 42 b6 00 01 31 00 03 6e ff 9c 1d ff fc ff fd 00 01 0a
[17:47:44.106] PACKET[COM10] sensors: status=0b0110111000000000, uptime=17078, filtered_accel=[0.0122, 0.03512, -1.02284], gyro=[-0.28, -0.21, 0.07]
[17:47:44.165] RX[COM10]  02
[17:47:44.166] RX[COM10]  6e 00 00 00 42 e8 00 00 00 00 00 00 00 00 00 00 00 00 00 00 00 00 00 00 00 00 00 00 00 00 00 00 00 00 00 00 00 00 00 00 00 00 00 00 00 00 00 00 00 00 00 00 00 00 00 00 43 74 8a de 13 e0 0a ff 6f 00 00 00 42 e8 0a
[17:47:44.167] PACKET[COM10] state: status=0b0110111000000000, uptime=17128, orientation=[0.0, 0.0, 0.0, 0.0], position=[0.0, 0.0, 0.0], velocity=[0.0, 0.0, 0.0], latitude=0.0, longitude=0.0, gps_altitude=0.0, barometric_altitude=244.54245, witness_battery_voltage=5.088
[17:47:44.168] PACKET[COM10] heartbeat: status=0b0110111100000000, uptime=17128
[17:47:44.321] RX[COM10]  01
[17:47:44.323] RX[COM10]  6f 00 00 00 43 6a 00 01 3d 00 03 56 ff 9c 29 ff fc 00 02 ff fd 0a
[17:47:44.325] PACKET[COM10] sensors: status=0b0110111100000000, uptime=17258, filtered_accel=[0.01268, 0.03416, -1.02236], gyro=[-0.28, 0.14, -0.21]
[17:47:44.379] RX[COM10]  01
[17:47:44.380] RX[COM10]  67 00 00 00 43 ce 00 01 49 00 03 62 ff 9c 04 ff d8 00 11 00 2a 0a
[17:47:44.381] PACKET[COM10] sensors: status=0b0110011100000000, uptime=17358, filtered_accel=[0.01316, 0.03464, -1.02384], gyro=[-2.8, 1.19, 2.94]
[17:47:44.487] RX[COM10]  01
[17:47:44.488] RX[COM10]  6f 00 00 00 44 32 00 01 31 00 03 62 ff 9b f8 ff d5 00 15 00 27 0a
[17:47:44.489] PACKET[COM10] sensors: status=0b0110111100000000, uptime=17458, filtered_accel=[0.0122, 0.03464, -1.02432], gyro=[-3.01, 1.47, 2.73]
[17:47:44.595] RX[COM10]  01
[17:47:44.596] RX[COM10]  6f 00 00 00 44 96 00 01 31 00 03 56 ff 9b f8 ff d6 00 15 00 27 0a
[17:47:44.597] PACKET[COM10] sensors: status=0b0110111100000000, uptime=17558, filtered_accel=[0.0122, 0.03416, -1.02432], gyro=[-2.94, 1.47, 2.73]
[17:47:44.715] RX[COM10]  01
[17:47:44.716] RX[COM10]  6f 00 00 00 44 fa 00 01 49 00 03 56 ff 9b ec ff d5 00 15 00 27 0a
[17:47:44.717] PACKET[COM10] sensors: status=0b0110111100000000, uptime=17658, filtered_accel=[0.01316, 0.03416, -1.0248], gyro=[-3.01, 1.47, 2.73]
[17:47:44.779] RX[COM10]  01
[17:47:44.780] RX[COM10]  6f 00 00 00 45 5e 00 01 56 00 03 4a ff 9b f8 ff d5 00 15 00 27 0a
[17:47:44.782] PACKET[COM10] sensors: status=0b0110111100000000, uptime=17758, filtered_accel=[0.01368, 0.03368, -1.02432], gyro=[-3.01, 1.47, 2.73]
[17:47:44.893] RX[COM10]  01
[17:47:44.894] RX[COM10]  67 00 00 00 45 c2 00 01 49 00 03 56 ff 9b f8 ff d5 00 15 00 27 0a
[17:47:44.894] PACKET[COM10] sensors: status=0b0110011100000000, uptime=17858, filtered_accel=[0.01316, 0.03416, -1.02432], gyro=[-3.01, 1.47, 2.73]
[17:47:45.004] RX[COM10]  01
[17:47:45.004] RX[COM10]  67 00 00 00 46 26 00 01 3d 00 03 56 ff 9b f8 ff d5 00 14 00 27 0a
[17:47:45.005] PACKET[COM10] sensors: status=0b0110011100000000, uptime=17958, filtered_accel=[0.01268, 0.03416, -1.02432], gyro=[-3.01, 1.4, 2.73]
[17:47:45.128] RX[COM10]  01
[17:47:45.128] RX[COM10]  6f 00 00 00 46 9f 00 01 49 00 03 56 ff 9c 1d ff fc ff ff 00 00 0a
[17:47:45.130] PACKET[COM10] sensors: status=0b0110111100000000, uptime=18079, filtered_accel=[0.01316, 0.03416, -1.02284], gyro=[-0.28, -0.07, 0.0]
[17:47:45.191] RX[COM10]  02
[17:47:45.192] RX[COM10]  67 00 00 00 46 d0 00 00 00 00 00 00 00 00 00 00 00 00 00 00 00 00 00 00 00 00 00 00 00 00 00 00 00 00 00 00 00 00 00 00 00 00 00 00 00 00 00 00 00 00 00 00 00 00 00 00 43 74 cb ce 13 f0 0a ff 66 00 00 00 46 d0 0a
[17:47:45.194] PACKET[COM10] state: status=0b0110011100000000, uptime=18128, orientation=[0.0, 0.0, 0.0, 0.0], position=[0.0, 0.0, 0.0], velocity=[0.0, 0.0, 0.0], latitude=0.0, longitude=0.0, gps_altitude=0.0, barometric_altitude=244.796112, witness_battery_voltage=5.104
[17:47:45.195] PACKET[COM10] heartbeat: status=0b0110011000000000, uptime=18128
[17:47:45.315] RX[COM10]  01
[17:47:45.318] RX[COM10]  6e 00 00 00 47 53 00 01 3d 00 03 62 ff 9c 11 ff fc 00 01 ff fd 0a
[17:47:45.319] PACKET[COM10] sensors: status=0b0110111000000000, uptime=18259, filtered_accel=[0.01268, 0.03464, -1.02332], gyro=[-0.28, 0.07, -0.21]
[17:47:45.376] RX[COM10]  01
[17:47:45.377] RX[COM10]  6e 00 00 00 47 b6 00 01 56 00 03 56 ff 9b ec ff d7 00 0f 00 2b 0a
[17:47:45.378] PACKET[COM10] sensors: status=0b0110111000000000, uptime=18358, filtered_accel=[0.01368, 0.03416, -1.0248], gyro=[-2.87, 1.05, 3.01]
[17:47:45.503] RX[COM10]  01
[17:47:45.505] RX[COM10]  6e 00 00 00 48 1a 00 01 49 00 03 4a ff 9c 04 ff d5 00 15 00 26 0a
[17:47:45.506] PACKET[COM10] sensors: status=0b0110111000000000, uptime=18458, filtered_accel=[0.01316, 0.03368, -1.02384], gyro=[-3.01, 1.47, 2.66]
[17:47:45.626] RX[COM10]  01
[17:47:45.628] RX[COM10]  66 00 00 00 48 7e 00 01 56 00 03 56 ff 9c 04 ff d5 00 14 00 27 0a
[17:47:45.629] PACKET[COM10] sensors: status=0b0110011000000000, uptime=18558, filtered_accel=[0.01368, 0.03416, -1.02384], gyro=[-3.01, 1.4, 2.73]
[17:47:45.689] RX[COM10]  01
[17:47:45.691] RX[COM10]  66 00 00 00 48 e2 00 01 31 00 03 56 ff 9b e0 ff d6 00 15 00 27 0a
[17:47:45.692] PACKET[COM10] sensors: status=0b0110011000000000, uptime=18658, filtered_accel=[0.0122, 0.03416, -1.02528], gyro=[-2.94, 1.47, 2.73]
[17:47:45.814] RX[COM10]  01
[17:47:45.815] RX[COM10]  6e 00 00 00 49 46 00 01 49 00 03 4a ff 9b f8 ff d5 00 14 00 27 0a
[17:47:45.816] PACKET[COM10] sensors: status=0b0110111000000000, uptime=18758, filtered_accel=[0.01316, 0.03368, -1.02432], gyro=[-3.01, 1.4, 2.73]
[17:47:45.878] RX[COM10]  01
[17:47:45.878] RX[COM10]  6e 00 00 00 49 aa 00 01 3d 00 03 56 ff 9c 04 ff d5 00 15 00 27 0a
[17:47:45.879] PACKET[COM10] sensors: status=0b0110111000000000, uptime=18858, filtered_accel=[0.01268, 0.03416, -1.02384], gyro=[-3.01, 1.47, 2.73]
[17:47:45.992] RX[COM10]  01
[17:47:45.993] RX[COM10]  6e 00 00 00 4a 0e 00 01 56 00 03 4a ff 9b f8 ff d5 00 16 00 27 0a
[17:47:45.995] PACKET[COM10] sensors: status=0b0110111000000000, uptime=18958, filtered_accel=[0.01368, 0.03368, -1.02432], gyro=[-3.01, 1.54, 2.73]
[17:47:46.103] RX[COM10]  01
[17:47:46.103] RX[COM10]  6e 00 00 00 4a 86 00 01 49 00 03 6e ff 9c 11 ff fc 00 00 ff fe 0a
[17:47:46.105] PACKET[COM10] sensors: status=0b0110111000000000, uptime=19078, filtered_accel=[0.01316, 0.03512, -1.02332], gyro=[-0.28, 0.0, -0.14]
[17:47:46.160] RX[COM10]  02
[17:47:46.164] RX[COM10]  6e 00 00 00 4a b8 00 00 00 00 00 00 00 00 00 00 00 00 00 00 00 00 00 00 00 00 00 00 00 00 00 00 00 00 00 00 00 00 00 00 00 00 00 00 00 00 00 00 00 00 00 00 00 00 00 00 43 74 8a de 13 ec 0a ff 6f 00 00 00 4a b8 0a
[17:47:46.165] PACKET[COM10] state: status=0b0110111000000000, uptime=19128, orientation=[0.0, 0.0, 0.0, 0.0], position=[0.0, 0.0, 0.0], velocity=[0.0, 0.0, 0.0], latitude=0.0, longitude=0.0, gps_altitude=0.0, barometric_altitude=244.54245, witness_battery_voltage=5.1
[17:47:46.166] PACKET[COM10] heartbeat: status=0b0110111100000000, uptime=19128
[17:47:46.283] RX[COM10]  01
[17:47:46.285] RX[COM10]  6f 00 00 00 4b 3a 00 01 56 00 03 56 ff 9c 04 ff fc 00 02 ff fd 0a
[17:47:46.286] PACKET[COM10] sensors: status=0b0110111100000000, uptime=19258, filtered_accel=[0.01368, 0.03416, -1.02384], gyro=[-0.28, 0.14, -0.21]
[17:47:46.408] RX[COM10]  01
[17:47:46.411] RX[COM10]  67 00 00 00 4b 9e 00 01 56 00 03 6e ff 9c 04 ff d8 00 0f 00 2c 0a
[17:47:46.412] PACKET[COM10] sensors: status=0b0110011100000000, uptime=19358, filtered_accel=[0.01368, 0.03512, -1.02384], gyro=[-2.8, 1.05, 3.08]
[17:47:46.521] RX[COM10]  01
[17:47:46.522] RX[COM10]  6f 00 00 00 4c 02 00 01 56 00 03 6e ff 9b f8 ff d6 00 15 00 26 0a
[17:47:46.523] PACKET[COM10] sensors: status=0b0110111100000000, uptime=19458, filtered_accel=[0.01368, 0.03512, -1.02432], gyro=[-2.94, 1.47, 2.66]
[17:47:46.581] RX[COM10]  01
[17:47:46.582] RX[COM10]  6f 00 00 00 4c 66 00 01 56 00 03 4a ff 9b ec ff d5 00 15 00 27 0a
[17:47:46.583] PACKET[COM10] sensors: status=0b0110111100000000, uptime=19558, filtered_accel=[0.01368, 0.03368, -1.0248], gyro=[-3.01, 1.47, 2.73]
[17:47:46.706] RX[COM10]  01
[17:47:46.707] RX[COM10]  6f 00 00 00 4c ca 00 01 62 00 03 62 ff 9b ec ff d5 00 15 00 27 0a
[17:47:46.708] PACKET[COM10] sensors: status=0b0110111100000000, uptime=19658, filtered_accel=[0.01416, 0.03464, -1.0248], gyro=[-3.01, 1.47, 2.73]
[17:47:46.815] RX[COM10]  01
[17:47:46.816] RX[COM10]  6f 00 00 00 4d 2e 00 01 3d 00 03 56 ff 9b f8 ff d5 00 14 00 27 0a
[17:47:46.817] PACKET[COM10] sensors: status=0b0110111100000000, uptime=19758, filtered_accel=[0.01268, 0.03416, -1.02432], gyro=[-3.01, 1.4, 2.73]
[17:47:46.885] RX[COM10]  01
[17:47:46.886] RX[COM10]  67 00 00 00 4d 92 00 01 49 00 03 62 ff 9b f8 ff d5 00 15 00 27 0a
[17:47:46.888] PACKET[COM10] sensors: status=0b0110011100000000, uptime=19858, filtered_accel=[0.01316, 0.03464, -1.02432], gyro=[-3.01, 1.47, 2.73]
[17:47:47.001] RX[COM10]  01
[17:47:47.002] RX[COM10]  67 00 00 00 4d f6 00 01 56 00 03 4a ff 9c 04 ff d5 00 15 00 27 0a
[17:47:47.004] PACKET[COM10] sensors: status=0b0110011100000000, uptime=19958, filtered_accel=[0.01368, 0.03368, -1.02384], gyro=[-3.01, 1.47, 2.73]
[17:47:47.111] RX[COM10]  01
[17:47:47.113] RX[COM10]  6f 00 00 00 4e 6f 00 01 49 00 03 56 ff 9c 04 ff fd 00 01 ff fd 0a
[17:47:47.115] PACKET[COM10] sensors: status=0b0110111100000000, uptime=20079, filtered_accel=[0.01316, 0.03416, -1.02384], gyro=[-0.21, 0.07, -0.21]
[17:47:47.192] RX[COM10]  02
[17:47:47.194] RX[COM10]  67 00 00 00 4e a0 00 00 00 00 00 00 00 00 00 00 00 00 00 00 00 00 00 00 00 00 00 00 00 00 00 00 00 00 00 00 00 00 00 00 00 00 00 00 00 00 00 00 00 00 00 00 00 00 00 00 43 74 49 41 13 ec 0a ff 66 00 00 00 4e a0 0a
[17:47:47.201] PACKET[COM10] state: status=0b0110011100000000, uptime=20128, orientation=[0.0, 0.0, 0.0, 0.0], position=[0.0, 0.0, 0.0], velocity=[0.0, 0.0, 0.0], latitude=0.0, longitude=0.0, gps_altitude=0.0, barometric_altitude=244.286148, witness_battery_voltage=5.1
[17:47:47.205] PACKET[COM10] heartbeat: status=0b0110011000000000, uptime=20128
[17:47:47.291] RX[COM10]  01
[17:47:47.293] RX[COM10]  6e 00 00 00 4f 23 00 01 49 00 03 56 ff 9c 29 ff fd 00 02 ff fe 0a
[17:47:47.297] PACKET[COM10] sensors: status=0b0110111000000000, uptime=20259, filtered_accel=[0.01316, 0.03416, -1.02236], gyro=[-0.21, 0.14, -0.14]
[17:47:47.419] RX[COM10]  01
[17:47:47.420] RX[COM10]  6e 00 00 00 4f 86 00 01 49 00 03 56 ff 9c 04 ff d9 00 0d 00 2c 0a
[17:47:47.423] PACKET[COM10] sensors: status=0b0110111000000000, uptime=20358, filtered_accel=[0.01316, 0.03416, -1.02384], gyro=[-2.73, 0.91, 3.08]
[17:47:47.476] RX[COM10]  01
[17:47:47.477] RX[COM10]  6e 00 00 00 4f ea 00 01 56 00 03 62 ff 9b f8 ff d5 00 14 00 27 0a
[17:47:47.479] PACKET[COM10] sensors: status=0b0110111000000000, uptime=20458, filtered_accel=[0.01368, 0.03464, -1.02432], gyro=[-3.01, 1.4, 2.73]
[17:47:47.583] RX[COM10]  01
[17:47:47.585] RX[COM10]  66 00 00 00 50 4e 00 01 62 00 03 62 ff 9b e0 ff d5 00 14 00 27 0a
[17:47:47.587] PACKET[COM10] sensors: status=0b0110011000000000, uptime=20558, filtered_accel=[0.01416, 0.03464, -1.02528], gyro=[-3.01, 1.4, 2.73]
[17:47:47.704] RX[COM10]  01
[17:47:47.705] RX[COM10]  66 00 00 00 50 b2 00 01 49 00 03 56 ff 9b f8 ff d4 00 15 00 26 0a
[17:47:47.707] PACKET[COM10] sensors: status=0b0110011000000000, uptime=20658, filtered_accel=[0.01316, 0.03416, -1.02432], gyro=[-3.08, 1.47, 2.66]
[17:47:47.819] RX[COM10]  01
[17:47:47.819] RX[COM10]  66 00 00 00 51 16 00 01 49 00 03 6e ff 9b f8 ff d5 00 15 00 27 0a
[17:47:47.820] PACKET[COM10] sensors: status=0b0110011000000000, uptime=20758, filtered_accel=[0.01316, 0.03512, -1.02432], gyro=[-3.01, 1.47, 2.73]
[17:47:47.875] RX[COM10]  01
[17:47:47.876] RX[COM10]  6e 00 00 00 51 7a 00 01 62 00 03 56 ff 9c 1d ff d5 00 15 00 27 0a
[17:47:47.877] PACKET[COM10] sensors: status=0b0110111000000000, uptime=20858, filtered_accel=[0.01416, 0.03416, -1.02284], gyro=[-3.01, 1.47, 2.73]
[17:47:47.983] RX[COM10]  01
[17:47:47.984] RX[COM10]  6e 00 00 00 51 de 00 01 62 00 03 4a ff 9c 11 ff d6 00 15 00 27 0a
[17:47:47.986] PACKET[COM10] sensors: status=0b0110111000000000, uptime=20958, filtered_accel=[0.01416, 0.03368, -1.02332], gyro=[-2.94, 1.47, 2.73]
[17:47:48.095] RX[COM10]  01
[17:47:48.096] RX[COM10]  6e 00 00 00 52 56 00 01 3d 00 03 56 ff 9b ec ff fc 00 01 ff fd 0a
[17:47:48.098] PACKET[COM10] sensors: status=0b0110111000000000, uptime=21078, filtered_accel=[0.01268, 0.03416, -1.0248], gyro=[-0.28, 0.07, -0.21]
[17:47:48.148] RX[COM10]  02
[17:47:48.149] RX[COM10]  6e 00 00 00 52 88 00 00 00 00 00 00 00 00 00 00 00 00 00 00 00 00 00 00 00 00 00 00 00 00 00 00 00 00 00 00 00 00 00 00 00 00 00 00 00 00 00 00 00 00 00 00 00 00 00 00 43 74 5e e6 13 f0 0a ff 6f 00 00 00 52 88 0a
[17:47:48.151] PACKET[COM10] state: status=0b0110111000000000, uptime=21128, orientation=[0.0, 0.0, 0.0, 0.0], position=[0.0, 0.0, 0.0], velocity=[0.0, 0.0, 0.0], latitude=0.0, longitude=0.0, gps_altitude=0.0, barometric_altitude=244.370697, witness_battery_voltage=5.104
[17:47:48.153] PACKET[COM10] heartbeat: status=0b0110111100000000, uptime=21128
[17:47:48.333] RX[COM10]  01
[17:47:48.337] RX[COM10]  6f 00 00 00 53 0a 00 01 56 00 03 62 ff 9b f8 ff fc 00 02 ff fd 0a
[17:47:48.339] PACKET[COM10] sensors: status=0b0110111100000000, uptime=21258, filtered_accel=[0.01368, 0.03464, -1.02432], gyro=[-0.28, 0.14, -0.21]
[17:47:48.392] RX[COM10]  01
[17:47:48.393] RX[COM10]  67 00 00 00 53 6e 00 01 3d 00 03 56 ff 9c 04 ff d9 00 0c 00 2d 0a
[17:47:48.401] PACKET[COM10] sensors: status=0b0110011100000000, uptime=21358, filtered_accel=[0.01268, 0.03416, -1.02384], gyro=[-2.73, 0.84, 3.15]
[17:47:48.517] RX[COM10]  01
[17:47:48.518] RX[COM10]  67 00 00 00 53 d2 00 01 56 00 03 56 ff 9b f8 ff d6 00 15 00 27 0a
[17:47:48.521] PACKET[COM10] sensors: status=0b0110011100000000, uptime=21458, filtered_accel=[0.01368, 0.03416, -1.02432], gyro=[-2.94, 1.47, 2.73]
[17:47:48.579] RX[COM10]  01
[17:47:48.582] RX[COM10]  6f 00 00 00 54 36 00 01 49 00 03 56 ff 9c 04 ff d5 00 15 00 27 0a
[17:47:48.584] PACKET[COM10] sensors: status=0b0110111100000000, uptime=21558, filtered_accel=[0.01316, 0.03416, -1.02384], gyro=[-3.01, 1.47, 2.73]
[17:47:48.704] RX[COM10]  01
[17:47:48.707] RX[COM10]  6f 00 00 00 54 9a 00 01 3d 00 03 56 ff 9c 1d ff d5 00 15 00 27 0a
[17:47:48.708] PACKET[COM10] sensors: status=0b0110111100000000, uptime=21658, filtered_accel=[0.01268, 0.03416, -1.02284], gyro=[-3.01, 1.47, 2.73]
[17:47:48.761] TX[COM10] USB Mass Storage:  05 00 00 00 00 00 00 68 68 0a
[17:47:48.761] RX[COM10]  05
[17:47:48.761] RX[COM10]  00 00 00 00 00 00 68 68 0a
[17:47:48.762] PACKET[COM10] command: status=0b0000000000000000, uptime=0, command_value=26728
[17:47:48.875] RX[COM10]  01
[17:47:48.877] RX[COM10]  6f 00 00 00 55 30 00 01 62 00 03 4a ff 9c 1d ff fd ff fa 00 05 0a
[17:47:48.878] PACKET[COM10] sensors: status=0b0110111100000000, uptime=21808, filtered_accel=[0.01416, 0.03368, -1.02284], gyro=[-0.21, -0.42, 0.35]
[17:47:48.939] RX[COM10]  01
[17:47:48.940] RX[COM10]  67 00 00 00 55 94 00 01 62 00 03 62 ff 9c 04 ff d5 00 15 00 28 0a
[17:47:48.941] PACKET[COM10] sensors: status=0b0110011100000000, uptime=21908, filtered_accel=[0.01416, 0.03464, -1.02384], gyro=[-3.01, 1.47, 2.8]
[17:47:49.118] RX[COM10]  01
[17:47:49.118] RX[COM10]  6f 00 00 00 56 3e 00 01 31 00 03 56 ff 9c 29 ff fc 00 01 ff fe 0a
[17:47:49.119] PACKET[COM10] sensors: status=0b0110111100000000, uptime=22078, filtered_accel=[0.0122, 0.03416, -1.02236], gyro=[-0.28, 0.07, -0.14]
[17:47:49.177] RX[COM10]  02
[17:47:49.177] RX[COM10]  67 00 00 00 56 70 00 00 00 00 00 00 00 00 00 00 00 00 00 00 00 00 00 00 00 00 00 00 00 00 00 00 00 00 00 00 00 00 00 00 00 00 00 00 00 00 00 00 00 00 00 00 00 00 00 00 43 74 e2 20 13 f0 0a ff 66 00 00 00 56 70 0a
[17:47:49.178] PACKET[COM10] state: status=0b0110011100000000, uptime=22128, orientation=[0.0, 0.0, 0.0, 0.0], position=[0.0, 0.0, 0.0], velocity=[0.0, 0.0, 0.0], latitude=0.0, longitude=0.0, gps_altitude=0.0, barometric_altitude=244.883301, witness_battery_voltage=5.104
[17:47:49.179] PACKET[COM10] heartbeat: status=0b0110011000000000, uptime=22128
[17:47:49.306] RX[COM10]  01
[17:47:49.307] RX[COM10]  6e 00 00 00 56 f3 00 01 62 00 03 62 ff 9c 1d ff fd 00 02 ff fd 0a
[17:47:49.309] PACKET[COM10] sensors: status=0b0110111000000000, uptime=22259, filtered_accel=[0.01416, 0.03464, -1.02284], gyro=[-0.21, 0.14, -0.21]
[17:47:49.429] RX[COM10]  01
[17:47:49.430] RX[COM10]  6e 00 00 00 57 56 00 01 56 00 03 62 ff 9c 04 ff da 00 0b 00 2e 0a
[17:47:49.431] PACKET[COM10] sensors: status=0b0110111000000000, uptime=22358, filtered_accel=[0.01368, 0.03464, -1.02384], gyro=[-2.66, 0.77, 3.22]
[17:47:49.492] RX[COM10]  01
[17:47:49.494] RX[COM10]  6e 00 00 00 57 ba 00 01 56 00 03 56 ff 9b f8 ff d6 00 14 00 26 0a
[17:47:49.495] PACKET[COM10] sensors: status=0b0110111000000000, uptime=22458, filtered_accel=[0.01368, 0.03416, -1.02432], gyro=[-2.94, 1.4, 2.66]
[17:47:49.617] RX[COM10]  01
[17:47:49.619] RX[COM10]  6e 00 00 00 58 1e 00 01 56 00 03 56 ff 9b e0 ff d5 00 14 00 27 0a
[17:47:49.620] PACKET[COM10] sensors: status=0b0110111000000000, uptime=22558, filtered_accel=[0.01368, 0.03416, -1.02528], gyro=[-3.01, 1.4, 2.73]
[17:47:49.681] RX[COM10]  01
[17:47:49.683] RX[COM10]  66 00 00 00 58 82 00 01 3d 00 03 4a ff 9c 04 ff d5 00 14 00 27 0a
[17:47:49.686] PACKET[COM10] sensors: status=0b0110011000000000, uptime=22658, filtered_accel=[0.01268, 0.03368, -1.02384], gyro=[-3.01, 1.4, 2.73]
[17:47:49.806] RX[COM10]  01
[17:47:49.806] RX[COM10]  66 00 00 00 58 e6 00 01 49 00 03 56 ff 9b e0 ff d5 00 14 00 27 0a
[17:47:49.807] PACKET[COM10] sensors: status=0b0110011000000000, uptime=22758, filtered_accel=[0.01316, 0.03416, -1.02528], gyro=[-3.01, 1.4, 2.73]
[17:47:49.930] RX[COM10]  01
[17:47:49.931] RX[COM10]  66 00 00 00 59 4a 00 01 49 00 03 4a ff 9b f8 ff d5 00 15 00 27 0a
[17:47:49.932] PACKET[COM10] sensors: status=0b0110011000000000, uptime=22858, filtered_accel=[0.01316, 0.03368, -1.02432], gyro=[-3.01, 1.47, 2.73]
[17:47:49.993] RX[COM10]  01
[17:47:49.994] RX[COM10]  6e 00 00 00 59 ae 00 01 56 00 03 56 ff 9c 04 ff d5 00 15 00 28 0a
[17:47:49.995] PACKET[COM10] sensors: status=0b0110111000000000, uptime=22958, filtered_accel=[0.01368, 0.03416, -1.02384], gyro=[-3.01, 1.47, 2.8]
[17:47:50.099] RX[COM10]  01
[17:47:50.100] RX[COM10]  6e 00 00 00 5a 27 00 01 49 00 03 62 ff 9c 11 ff fc 00 02 ff fd 0a
[17:47:50.101] PACKET[COM10] sensors: status=0b0110111000000000, uptime=23079, filtered_accel=[0.01316, 0.03464, -1.02332], gyro=[-0.28, 0.14, -0.21]
[17:47:50.152] RX[COM10]  02
[17:47:50.152] RX[COM10]  6e 00 00 00 5a 58 00 00 00 00 00 00 00 00 00 00 00 00 00 00 00 00 00 00 00 00 00 00 00 00 00 00 00 00 00 00 00 00 00 00 00 00 00 00 00 00 00 00 00 00 00 00 00 00 00 00 43 74 74 8c 13 f0 0a ff 6f 00 00 00 5a 58 0a
[17:47:50.153] PACKET[COM10] state: status=0b0110111000000000, uptime=23128, orientation=[0.0, 0.0, 0.0, 0.0], position=[0.0, 0.0, 0.0], velocity=[0.0, 0.0, 0.0], latitude=0.0, longitude=0.0, gps_altitude=0.0, barometric_altitude=244.455261, witness_battery_voltage=5.104
[17:47:50.154] PACKET[COM10] heartbeat: status=0b0110111100000000, uptime=23128
[17:47:50.316] RX[COM10]  01
[17:47:50.317] RX[COM10]  6f 00 00 00 5a db 00 01 49 00 03 62 ff 9c 1d ff fc 00 02 ff fd 0a
[17:47:50.318] PACKET[COM10] sensors: status=0b0110111100000000, uptime=23259, filtered_accel=[0.01316, 0.03464, -1.02284], gyro=[-0.28, 0.14, -0.21]
[17:47:50.424] RX[COM10]  01
[17:47:50.425] RX[COM10]  67 00 00 00 5b 3e 00 01 3d 00 03 56 ff 9c 04 ff db 00 0a 00 2f 0a
[17:47:50.426] PACKET[COM10] sensors: status=0b0110011100000000, uptime=23358, filtered_accel=[0.01268, 0.03416, -1.02384], gyro=[-2.59, 0.7, 3.29]
[17:47:50.480] RX[COM10]  01
[17:47:50.480] RX[COM10]  67 00 00 00 5b a2 00 01 56 00 03 56 ff 9b ec ff d6 00 14 00 27 0a
[17:47:50.482] PACKET[COM10] sensors: status=0b0110011100000000, uptime=23458, filtered_accel=[0.01368, 0.03416, -1.0248], gyro=[-2.94, 1.4, 2.73]
[17:47:50.587] RX[COM10]  01
[17:47:50.588] RX[COM10]  67 00 00 00 5c 06 00 01 49 00 03 56 ff 9b d4 ff d6 00 15 00 27 0a
[17:47:50.589] PACKET[COM10] sensors: status=0b0110011100000000, uptime=23558, filtered_accel=[0.01316, 0.03416, -1.02576], gyro=[-2.94, 1.47, 2.73]
[17:47:50.694] RX[COM10]  01
[17:47:50.694] RX[COM10]  6f 00 00 00 5c 6a 00 01 49 00 03 62 ff 9b ec ff d5 00 14 00 26 0a
[17:47:50.695] PACKET[COM10] sensors: status=0b0110111100000000, uptime=23658, filtered_accel=[0.01316, 0.03464, -1.0248], gyro=[-3.01, 1.4, 2.66]
[17:47:50.798] RX[COM10]  01
[17:47:50.799] RX[COM10]  6f 00 00 00 5c ce 00 01 49 00 03 56 ff 9b ec ff d4 00 15 00 27 0a
[17:47:50.802] PACKET[COM10] sensors: status=0b0110111100000000, uptime=23758, filtered_accel=[0.01316, 0.03416, -1.0248], gyro=[-3.08, 1.47, 2.73]
[17:47:50.915] RX[COM10]  01
[17:47:50.917] RX[COM10]  6f 00 00 00 5d 32 00 01 56 00 03 56 ff 9b d4 ff d5 00 16 00 27 0a
[17:47:50.918] PACKET[COM10] sensors: status=0b0110111100000000, uptime=23858, filtered_accel=[0.01368, 0.03416, -1.02576], gyro=[-3.01, 1.54, 2.73]
[17:47:51.024] RX[COM10]  01
[17:47:51.024] RX[COM10]  6f 00 00 00 5d 96 00 01 56 00 03 56 ff 9b f8 ff d5 00 15 00 28 0a
[17:47:51.025] PACKET[COM10] sensors: status=0b0110111100000000, uptime=23958, filtered_accel=[0.01368, 0.03416, -1.02432], gyro=[-3.01, 1.47, 2.8]
[17:47:51.129] RX[COM10]  01
[17:47:51.129] RX[COM10]  6f 00 00 00 5e 0e 00 01 49 00 03 62 ff 9c 04 ff fc ff f6 00 08 0a
[17:47:51.130] PACKET[COM10] sensors: status=0b0110111100000000, uptime=24078, filtered_accel=[0.01316, 0.03464, -1.02384], gyro=[-0.28, -0.7, 0.56]
[17:47:51.188] RX[COM10]  02
[17:47:51.188] RX[COM10]  67 00 00 00 5e 40 00 00 00 00 00 00 00 00 00 00 00 00 00 00 00 00 00 00 00 00 00 00 00 00 00 00 00 00 00 00 00 00 00 00 00 00 00 00 00 00 00 00 00 00 00 00 00 00 00 00 43 74 a0 83 13 f8 0a ff 66 00 00 00 5e 40 0a
[17:47:51.190] PACKET[COM10] state: status=0b0110011100000000, uptime=24128, orientation=[0.0, 0.0, 0.0, 0.0], position=[0.0, 0.0, 0.0], velocity=[0.0, 0.0, 0.0], latitude=0.0, longitude=0.0, gps_altitude=0.0, barometric_altitude=244.626999, witness_battery_voltage=5.112
[17:47:51.191] PACKET[COM10] heartbeat: status=0b0110011000000000, uptime=24128
[17:47:51.314] RX[COM10]  01
[17:47:51.316] RX[COM10]  6e 00 00 00 5e c2 00 01 56 00 03 4a ff 9c 4e ff fd 00 01 ff fd 0a
[17:47:51.317] PACKET[COM10] sensors: status=0b0110111000000000, uptime=24258, filtered_accel=[0.01368, 0.03368, -1.02088], gyro=[-0.21, 0.07, -0.21]
[17:47:51.377] RX[COM10]  01
[17:47:51.378] RX[COM10]  6e 00 00 00 5f 26 00 01 56 00 03 56 ff 9c
[17:47:51.378] RX[COM10]  1d
[17:47:51.379] RX[COM10]  ff db 00 08 00 2f 0a
[17:47:51.380] PACKET[COM10] sensors: status=0b0110111000000000, uptime=24358, filtered_accel=[0.01368, 0.03416, -1.02284], gyro=[-2.59, 0.56, 3.29]
[17:47:51.503] RX[COM10]  01
[17:47:51.505] RX[COM10]  6e 00 00 00 5f 8a 00 01 56 00 03 62 ff 9c 04 ff d5 00 14 00 26 0a
[17:47:51.507] PACKET[COM10] sensors: status=0b0110111000000000, uptime=24458, filtered_accel=[0.01368, 0.03464, -1.02384], gyro=[-3.01, 1.4, 2.66]
[17:47:51.629] RX[COM10]  01
[17:47:51.630] RX[COM10]  6e 00 00 00 5f ee 00 01 56 00 03 3e ff 9c 04 ff d5 00 15 00 26 0a
[17:47:51.631] PACKET[COM10] sensors: status=0b0110111000000000, uptime=24558, filtered_accel=[0.01368, 0.0332, -1.02384], gyro=[-3.01, 1.47, 2.66]
[17:47:51.692] RX[COM10]  01
[17:47:51.693] RX[COM10]  66 00 00 00 60 52 00 01 49 00 03 4a ff 9b e0 ff d6 00 15 00 26 0a
[17:47:51.695] PACKET[COM10] sensors: status=0b0110011000000000, uptime=24658, filtered_accel=[0.01316, 0.03368, -1.02528], gyro=[-2.94, 1.47, 2.66]
[17:47:51.817] RX[COM10]  01
[17:47:51.818] RX[COM10]  66 00 00 00 60 b6 00 01 56 00 03 4a ff 9c 04 ff d5 00 15 00 27 0a
[17:47:51.819] PACKET[COM10] sensors: status=0b0110011000000000, uptime=24758, filtered_accel=[0.01368, 0.03368, -1.02384], gyro=[-3.01, 1.47, 2.73]
[17:47:51.878] RX[COM10]  01
[17:47:51.879] RX[COM10]  66 00 00 00 61 1a 00 01 62 00 03 4a ff 9b f8 ff d5 00 15 00 27 0a
[17:47:51.880] PACKET[COM10] sensors: status=0b0110011000000000, uptime=24858, filtered_accel=[0.01416, 0.03368, -1.02432], gyro=[-3.01, 1.47, 2.73]
[17:47:51.998] RX[COM10]  01
[17:47:51.998] RX[COM10]  6e 00 00 00 61 7e 00 01 49 00 03 62 ff 9c 04 ff d5 00 14 00 27 0a
[17:47:51.999] PACKET[COM10] sensors: status=0b0110111000000000, uptime=24958, filtered_accel=[0.01316, 0.03464, -1.02384], gyro=[-3.01, 1.4, 2.73]
[17:47:52.120] RX[COM10]  01
[17:47:52.120] RX[COM10]  6e 00 00 00 61 f7 00 01 49 00 03 56 ff 9c 11 ff fb ff f8 00 06 0a
[17:47:52.121] PACKET[COM10] sensors: status=0b0110111000000000, uptime=25079, filtered_accel=[0.01316, 0.03416, -1.02332], gyro=[-0.35, -0.56, 0.42]
[17:47:52.178] RX[COM10]  02
[17:47:52.179] RX[COM10]  6e 00 00 00 62 28 00 00 00 00 00 00 00 00 00 00 00 00 00 00 00 00 00 00 00 00 00 00 00 00 00 00 00 00 00 00 00 00 00 00 00 00 00 00 00 00 00 00 00 00 00 00 00 00 00 00 43 74 8a de 13 f0 0a ff 6f 00 00 00 62 28 0a
[17:47:52.180] PACKET[COM10] state: status=0b0110111000000000, uptime=25128, orientation=[0.0, 0.0, 0.0, 0.0], position=[0.0, 0.0, 0.0], velocity=[0.0, 0.0, 0.0], latitude=0.0, longitude=0.0, gps_altitude=0.0, barometric_altitude=244.54245, witness_battery_voltage=5.104
[17:47:52.181] PACKET[COM10] heartbeat: status=0b0110111100000000, uptime=25128
[17:47:52.302] RX[COM10]  01
[17:47:52.306] RX[COM10]  6f 00 00 00 62 ab 00 01 49 00 03 4a ff 9b f8 ff fd 00 01 ff fd 0a
[17:47:52.308] PACKET[COM10] sensors: status=0b0110111100000000, uptime=25259, filtered_accel=[0.01316, 0.03368, -1.02432], gyro=[-0.21, 0.07, -0.21]
[17:47:52.428] RX[COM10]  01
[17:47:52.428] RX[COM10]  67 00 00 00 63 0e 00 01 56 00 03 56 ff 9c 04 ff db 00 07 00 2f 0a
[17:47:52.429] PACKET[COM10] sensors: status=0b0110011100000000, uptime=25358, filtered_accel=[0.01368, 0.03416, -1.02384], gyro=[-2.59, 0.49, 3.29]
[17:47:52.489] RX[COM10]  01
[17:47:52.490] RX[COM10]  67 00 00 00 63 72 00 01 56 00 03 62 ff 9c 11 ff d5 00 16 00 26 0a
[17:47:52.491] PACKET[COM10] sensors: status=0b0110011100000000, uptime=25458, filtered_accel=[0.01368, 0.03464, -1.02332], gyro=[-3.01, 1.54, 2.66]
[17:47:52.602] RX[COM10]  01
[17:47:52.603] RX[COM10]  67 00 00 00 63 d6 00 01 62 00 03 56 ff 9c 04 ff d5 00 15 00 27 0a
[17:47:52.604] PACKET[COM10] sensors: status=0b0110011100000000, uptime=25558, filtered_accel=[0.01416, 0.03416, -1.02384], gyro=[-3.01, 1.47, 2.73]
[17:47:52.728] RX[COM10]  01
[17:47:52.728] RX[COM10]  6f 00 00 00 64 3a 00 01 49 00 03 4a ff 9b e0 ff d6 00 15 00 27 0a
[17:47:52.729] PACKET[COM10] sensors: status=0b0110111100000000, uptime=25658, filtered_accel=[0.01316, 0.03368, -1.02528], gyro=[-2.94, 1.47, 2.73]
[17:47:52.792] RX[COM10]  01
[17:47:52.793] RX[COM10]  6f 00 00 00 64 9e 00 01 49 00 03 4a ff 9b f8 ff d5 00 15 00 28 0a
[17:47:52.794] PACKET[COM10] sensors: status=0b0110111100000000, uptime=25758, filtered_accel=[0.01316, 0.03368, -1.02432], gyro=[-3.01, 1.47, 2.8]
[17:47:52.917] RX[COM10]  01
[17:47:52.918] RX[COM10]  6f 00 00 00 65 02 00 01 49 00 03 4a ff 9b f8 ff d5 00 15 00 27 0a
[17:47:52.919] PACKET[COM10] sensors: status=0b0110111100000000, uptime=25858, filtered_accel=[0.01316, 0.03368, -1.02432], gyro=[-3.01, 1.47, 2.73]
[17:47:52.980] RX[COM10]  01
[17:47:52.980] RX[COM10]  6f 00 00 00 65 66 00 01 49 00 03 56 ff 9b ec ff d4 00 15 00 27 0a
[17:47:52.981] PACKET[COM10] sensors: status=0b0110111100000000, uptime=25958, filtered_accel=[0.01316, 0.03416, -1.0248], gyro=[-3.08, 1.47, 2.73]
[17:47:53.153] RX[COM10]  01
[17:47:53.154] RX[COM10]  6f 00 00 00 65 de 00 01 49 00 03 62 ff 9c 1d ff fc ff f9 00 04 0a
[17:47:53.155] PACKET[COM10] sensors: status=0b0110111100000000, uptime=26078, filtered_accel=[0.01316, 0.03464, -1.02284], gyro=[-0.28, -0.49, 0.28]
[17:47:53.155] RX[COM10]  02
[17:47:53.155] RX[COM10]  6f 00 00 00 66 10 00 00 00 00 00 00 00 00 00 00 00 00 00 00 00 00 00 00 00 00 00 00 00 00 00 00 00 00 00 00 00 00 00 00 00 00 00 00 00 00 00 00 00 00 00 00 00 00 00 00 43 74 74 8c 13 f0 0a ff 6e 00 00 00 66 10 0a
[17:47:53.156] PACKET[COM10] state: status=0b0110111100000000, uptime=26128, orientation=[0.0, 0.0, 0.0, 0.0], position=[0.0, 0.0, 0.0], velocity=[0.0, 0.0, 0.0], latitude=0.0, longitude=0.0, gps_altitude=0.0, barometric_altitude=244.455261, witness_battery_voltage=5.104
[17:47:53.157] PACKET[COM10] heartbeat: status=0b0110111000000000, uptime=26128
[17:47:53.280] RX[COM10]  01
[17:47:53.282] RX[COM10]  6e 00 00 00 66 92 00 01 3d 00 03 56 ff 9c 1d ff fd 00 01 ff fd 0a
[17:47:53.284] PACKET[COM10] sensors: status=0b0110111000000000, uptime=26258, filtered_accel=[0.01268, 0.03416, -1.02284], gyro=[-0.21, 0.07, -0.21]
[17:47:53.406] RX[COM10]  01
[17:47:53.408] RX[COM10]  6e 00 00 00 66 f6 00 01 49 00 03 56 ff 9c 04 ff d5 00 13 00 28 0a
[17:47:53.410] PACKET[COM10] sensors: status=0b0110111000000000, uptime=26358, filtered_accel=[0.01316, 0.03416, -1.02384], gyro=[-3.01, 1.33, 2.8]
[17:47:53.519] RX[COM10]  01
[17:47:53.520] RX[COM10]  6e 00 00 00 67 5a 00 01 49 00 03 56 ff 9b e0 ff d6 00 15 00 26 0a
[17:47:53.521] PACKET[COM10] sensors: status=0b0110111000000000, uptime=26458, filtered_accel=[0.01316, 0.03416, -1.02528], gyro=[-2.94, 1.47, 2.66]
[17:47:53.579] RX[COM10]  01
[17:47:53.580] RX[COM10]  6e 00 00 00 67 be 00 01 49 00 03 56 ff 9b ec ff d5 00 15 00 26 0a
[17:47:53.582] PACKET[COM10] sensors: status=0b0110111000000000, uptime=26558, filtered_accel=[0.01316, 0.03416, -1.0248], gyro=[-3.01, 1.47, 2.66]
[17:47:53.690] RX[COM10]  01
[17:47:53.691] RX[COM10]  6e 00 00 00 68 22 00 01 3d 00 03 3e ff 9b e0 ff d5 00 15 00 27 0a
[17:47:53.692] PACKET[COM10] sensors: status=0b0110111000000000, uptime=26658, filtered_accel=[0.01268, 0.0332, -1.02528], gyro=[-3.01, 1.47, 2.73]
[17:47:53.798] RX[COM10]  01
[17:47:53.801] RX[COM10]  66 00 00 00 68 86 00 01 49 00 03 62 ff 9b e0 ff d5 00 15 00 27 0a
[17:47:53.805] PACKET[COM10] sensors: status=0b0110011000000000, uptime=26758, filtered_accel=[0.01316, 0.03464, -1.02528], gyro=[-3.01, 1.47, 2.73]
[17:47:53.924] RX[COM10]  01
[17:47:53.925] RX[COM10]  66 00 00 00 68 ea 00 01 49 00 03 4a ff 9b e0 ff d5 00 15 00 27 0a
[17:47:53.926] PACKET[COM10] sensors: status=0b0110011000000000, uptime=26858, filtered_accel=[0.01316, 0.03368, -1.02528], gyro=[-3.01, 1.47, 2.73]
[17:47:53.985] RX[COM10]  01
[17:47:53.987] RX[COM10]  66 00 00 00 69 4e 00 01 31 00 03 31 ff 9c 1d ff d4 00 16 00 27 0a
[17:47:53.988] PACKET[COM10] sensors: status=0b0110011000000000, uptime=26958, filtered_accel=[0.0122, 0.03268, -1.02284], gyro=[-3.08, 1.54, 2.73]
[17:47:54.110] RX[COM10]  01
[17:47:54.111] RX[COM10]  6e 00 00 00 69 c7 00 01 56 00 03 62 ff 9c 1d ff fc ff fa 00 03 0a
[17:47:54.112] PACKET[COM10] sensors: status=0b0110111000000000, uptime=27079, filtered_accel=[0.01368, 0.03464, -1.02284], gyro=[-0.28, -0.42, 0.21]
[17:47:54.173] RX[COM10]  02
[17:47:54.175] RX[COM10]  66 00 00 00 69 f8 00 00 00 00 00 00 00 00 00 00 00 00 00 00 00 00 00 00 00 00 00 00 00 00 00 00 00 00 00 00 00 00 00 00 00 00 00 00 00 00 00 00 00 00 00 00 00 00 00 00 43 74 5e e6 13 f0 0a ff 67 00 00 00 69 f8 0a
[17:47:54.176] PACKET[COM10] state: status=0b0110011000000000, uptime=27128, orientation=[0.0, 0.0, 0.0, 0.0], position=[0.0, 0.0, 0.0], velocity=[0.0, 0.0, 0.0], latitude=0.0, longitude=0.0, gps_altitude=0.0, barometric_altitude=244.370697, witness_battery_voltage=5.104
[17:47:54.177] PACKET[COM10] heartbeat: status=0b0110011100000000, uptime=27128
[17:47:54.287] RX[COM10]  01
[17:47:54.287] RX[COM10]  6f 00 00 00 6a 7b 00 01 49 00 03 62 ff 9c 35 ff fc 00 02 ff fd 0a
[17:47:54.289] PACKET[COM10] sensors: status=0b0110111100000000, uptime=27259, filtered_accel=[0.01316, 0.03464, -1.02188], gyro=[-0.28, 0.14, -0.21]
[17:47:54.398] RX[COM10]  01
[17:47:54.399] RX[COM10]  6f 00 00 00 6a de 00 01 62 00 03 62 ff 9c 04 ff d7 00 12 00 29 0a
[17:47:54.400] PACKET[COM10] sensors: status=0b0110111100000000, uptime=27358, filtered_accel=[0.01416, 0.03464, -1.02384], gyro=[-2.87, 1.26, 2.87]
[17:47:54.504] RX[COM10]  01
[17:47:54.504] RX[COM10]  67 00 00 00 6b 42 00 01 62 00 03 62 ff 9b e0 ff d6 00 14 00 28 0a
[17:47:54.505] PACKET[COM10] sensors: status=0b0110011100000000, uptime=27458, filtered_accel=[0.01416, 0.03464, -1.02528], gyro=[-2.94, 1.4, 2.8]
[17:47:54.616] RX[COM10]  01
[17:47:54.616] RX[COM10]  67 00 00 00 6b a6 00 01 49 00 03 4a ff 9c 1d ff d5 00 16 00 27 0a
[17:47:54.617] PACKET[COM10] sensors: status=0b0110011100000000, uptime=27558, filtered_accel=[0.01316, 0.03368, -1.02284], gyro=[-3.01, 1.54, 2.73]
[17:47:54.722] RX[COM10]  01
[17:47:54.723] RX[COM10]  67 00 00 00 6c 0a 00 01 3d 00 03 3e ff 9b c7 ff d5 00 15 00 27 0a
[17:47:54.724] PACKET[COM10] sensors: status=0b0110011100000000, uptime=27658, filtered_accel=[0.01268, 0.0332, -1.02628], gyro=[-3.01, 1.47, 2.73]
[17:47:54.783] RX[COM10]  01
[17:47:54.784] RX[COM10]  6f 00 00 00 6c 6e 00 01 56 00 03 56 ff 9b ec ff d5 00 15 00 27 0a
[17:47:54.785] PACKET[COM10] sensors: status=0b0110111100000000, uptime=27758, filtered_accel=[0.01368, 0.03416, -1.0248], gyro=[-3.01, 1.47, 2.73]
[17:47:54.898] RX[COM10]  01
[17:47:54.899] RX[COM10]  6f 00 00 00 6c d2 00 01 49 00 03 4a ff 9b ec ff d5 00 15 00 27 0a
[17:47:54.900] PACKET[COM10] sensors: status=0b0110111100000000, uptime=27858, filtered_accel=[0.01316, 0.03368, -1.0248], gyro=[-3.01, 1.47, 2.73]
[17:47:55.015] RX[COM10]  01
[17:47:55.016] RX[COM10]  6f 00 00 00 6d 36 00 01 49 00 03 56 ff 9b f8 ff d4 00 15 00 28 0a
[17:47:55.018] PACKET[COM10] sensors: status=0b0110111100000000, uptime=27958, filtered_accel=[0.01316, 0.03416, -1.02432], gyro=[-3.08, 1.47, 2.8]
[17:47:55.132] RX[COM10]  01
[17:47:55.133] RX[COM10]  6f 00 00 00 6d ae 00 01 56 00 03 56 ff 9c 11 ff fc ff fd 00 01 0a
[17:47:55.134] PACKET[COM10] sensors: status=0b0110111100000000, uptime=28078, filtered_accel=[0.01368, 0.03416, -1.02332], gyro=[-0.28, -0.21, 0.07]
[17:47:55.189] RX[COM10]  02
[17:47:55.190] RX[COM10]  6f 00 00 00 6d e0 00 00 00 00 00 00 00 00 00 00 00 00 00 00 00 00 00 00 00 00 00 00 00 00 00 00 00 00 00 00 00 00 00 00 00 00 00 00 00 00 00 00 00 00 00 00 00 00 00 00 43 74 8a de 13 f0 0a
[17:47:55.191] PACKET[COM10] state: status=0b0110111100000000, uptime=28128, orientation=[0.0, 0.0, 0.0, 0.0], position=[0.0, 0.0, 0.0], velocity=[0.0, 0.0, 0.0], latitude=0.0, longitude=0.0, gps_altitude=0.0, barometric_altitude=244.54245, witness_battery_voltage=5.104
[17:47:55.191] RX[COM10]  ff 6e 00 00 00 6d e0 0a
[17:47:55.192] PACKET[COM10] heartbeat: status=0b0110111000000000, uptime=28128
[17:47:55.313] RX[COM10]  01
[17:47:55.314] RX[COM10]  6e 00 00 00 6e 62 00 01 3d 00 03 56 ff 9c 1d ff fc 00 01 ff fd 0a
[17:47:55.316] PACKET[COM10] sensors: status=0b0110111000000000, uptime=28258, filtered_accel=[0.01268, 0.03416, -1.02284], gyro=[-0.28, 0.07, -0.21]
[17:47:55.422] RX[COM10]  01
[17:47:55.423] RX[COM10]  66 00 00 00 6e c6 00 01 56 00 03 4a ff 9b ec ff d7 00 12 00 29 0a
[17:47:55.424] PACKET[COM10] sensors: status=0b0110011000000000, uptime=28358, filtered_accel=[0.01368, 0.03368, -1.0248], gyro=[-2.87, 1.26, 2.87]
[17:47:55.487] RX[COM10]  01
[17:47:55.487] RX[COM10]  6e 00 00 00 6f 2a 00 01 49 00 03 62 ff 9b f8 ff d6 00 15 00 27 0a
[17:47:55.488] PACKET[COM10] sensors: status=0b0110111000000000, uptime=28458, filtered_accel=[0.01316, 0.03464, -1.02432], gyro=[-2.94, 1.47, 2.73]
[17:47:55.596] RX[COM10]  01
[17:47:55.598] RX[COM10]  6e 00 00 00 6f 8e 00 01 49 00 03 4a ff 9c 04 ff d5 00 15 00 27 0a
[17:47:55.600] PACKET[COM10] sensors: status=0b0110111000000000, uptime=28558, filtered_accel=[0.01316, 0.03368, -1.02384], gyro=[-3.01, 1.47, 2.73]
[17:47:55.708] RX[COM10]  01
[17:47:55.711] RX[COM10]  6e 00 00 00 6f f2 00 01 49 00 03 62 ff 9b e0 ff d6 00 15 00 26 0a
[17:47:55.713] PACKET[COM10] sensors: status=0b0110111000000000, uptime=28658, filtered_accel=[0.01316, 0.03464, -1.02528], gyro=[-2.94, 1.47, 2.66]
[17:47:55.817] RX[COM10]  01
[17:47:55.818] RX[COM10]  6e 00 00 00 70 56 00 01 49 00 03 4a ff 9b ec ff d6 00 15 00 27 0a
[17:47:55.819] PACKET[COM10] sensors: status=0b0110111000000000, uptime=28758, filtered_accel=[0.01316, 0.03368, -1.0248], gyro=[-2.94, 1.47, 2.73]
[17:47:55.878] RX[COM10]  01
[17:47:55.879] RX[COM10]  66 00 00 00 70 ba 00 01 56 00 03 7b ff 9c 04 ff d5 00 15 00 27 0a
[17:47:55.881] PACKET[COM10] sensors: status=0b0110011000000000, uptime=28858, filtered_accel=[0.01368, 0.03564, -1.02384], gyro=[-3.01, 1.47, 2.73]
[17:47:55.988] RX[COM10]  01
[17:47:55.989] RX[COM10]  66 00 00 00 71 1e 00 01 62 00 03 56 ff 9b f8 ff d4 00 15 00 26 0a
[17:47:55.991] PACKET[COM10] sensors: status=0b0110011000000000, uptime=28958, filtered_accel=[0.01416, 0.03416, -1.02432], gyro=[-3.08, 1.47, 2.66]
[17:47:56.113] RX[COM10]  01
[17:47:56.115] RX[COM10]  6e 00 00 00 71 97 00 01 56 00 03 62 ff 9b f8 ff fd ff fd 00 00 0a
[17:47:56.117] PACKET[COM10] sensors: status=0b0110111000000000, uptime=29079, filtered_accel=[0.01368, 0.03464, -1.02432], gyro=[-0.21, -0.21, 0.0]
[17:47:56.175] RX[COM10]  02
[17:47:56.177] RX[COM10]  66 00 00 00 71 c8 00 00 00 00 00 00 00 00 00 00 00 00 00 00 00 00 00 00 00 00 00 00 00 00 00 00 00 00 00 00 00 00 00 00 00 00 00 00 00 00 00 00 00 00 00 00 00 00 00 00 43 74 b6 28 13 f8 0a ff 67 00 00 00 71 c8 0a
[17:47:56.180] PACKET[COM10] state: status=0b0110011000000000, uptime=29128, orientation=[0.0, 0.0, 0.0, 0.0], position=[0.0, 0.0, 0.0], velocity=[0.0, 0.0, 0.0], latitude=0.0, longitude=0.0, gps_altitude=0.0, barometric_altitude=244.711548, witness_battery_voltage=5.112
[17:47:56.185] PACKET[COM10] heartbeat: status=0b0110011100000000, uptime=29128
[17:47:56.301] RX[COM10]  01
[17:47:56.304] RX[COM10]  6f 00 00 00 72 4b 00 01 49 00 03 56 ff 9c 1d ff fc 00 01 ff fd 0a
[17:47:56.307] PACKET[COM10] sensors: status=0b0110111100000000, uptime=29259, filtered_accel=[0.01316, 0.03416, -1.02284], gyro=[-0.28, 0.07, -0.21]
[17:47:56.427] RX[COM10]  01
[17:47:56.428] RX[COM10]  6f 00 00 00 72 ae 00 01 49 00 03 62 ff 9c 04 ff d7 00 10 00 2a 0a
[17:47:56.430] PACKET[COM10] sensors: status=0b0110111100000000, uptime=29358, filtered_accel=[0.01316, 0.03464, -1.02384], gyro=[-2.87, 1.12, 2.94]
[17:47:56.490] RX[COM10]  01
[17:47:56.491] RX[COM10]  67 00 00 00 73 12 00 01 3d 00 03 56 ff 9b f8 ff d6 00 14 00 27 0a
[17:47:56.494] PACKET[COM10] sensors: status=0b0110011100000000, uptime=29458, filtered_accel=[0.01268, 0.03416, -1.02432], gyro=[-2.94, 1.4, 2.73]
[17:47:56.616] RX[COM10]  01
[17:47:56.617] RX[COM10]  67 00 00 00 73 76 00 01 56 00 03 62 ff 9b f8 ff d5 00 15 00 27 0a
[17:47:56.619] PACKET[COM10] sensors: status=0b0110011100000000, uptime=29558, filtered_accel=[0.01368, 0.03464, -1.02432], gyro=[-3.01, 1.47, 2.73]
[17:47:56.678] RX[COM10]  01
[17:47:56.679] RX[COM10]  67 00 00 00 73 da 00 01 62 00 03 62 ff 9b e0 ff d5 00 15 00 27 0a
[17:47:56.682] PACKET[COM10] sensors: status=0b0110011100000000, uptime=29658, filtered_accel=[0.01416, 0.03464, -1.02528], gyro=[-3.01, 1.47, 2.73]
[17:47:56.806] RX[COM10]  01
[17:47:56.808] RX[COM10]  6f 00 00 00 74 3e 00 01 49 00 03 6e ff 9b c7 ff d5 00 15 00 27 0a
[17:47:56.812] PACKET[COM10] sensors: status=0b0110111100000000, uptime=29758, filtered_accel=[0.01316, 0.03512, -1.02628], gyro=[-3.01, 1.47, 2.73]
[17:47:56.921] RX[COM10]  01
[17:47:56.922] RX[COM10]  6f 00 00 00 74 a2 00 01 56 00 03 4a ff 9b f8 ff d5 00 16 00 28 0a
[17:47:56.944] PACKET[COM10] sensors: status=0b0110111100000000, uptime=29858, filtered_accel=[0.01368, 0.03368, -1.02432], gyro=[-3.01, 1.54, 2.8]
[17:47:56.997] RX[COM10]  01
[17:47:57.003] RX[COM10]  6f 00 00 00 75 06 00 01 31 00 03 6e ff 9b ec ff d5 00 15 00 27 0a
[17:47:57.005] PACKET[COM10] sensors: status=0b0110111100000000, uptime=29958, filtered_accel=[0.0122, 0.03512, -1.0248], gyro=[-3.01, 1.47, 2.73]
[17:47:57.136] RX[COM10]  01
[17:47:57.137] RX[COM10]  6f 00 00 00 75 7e 00 01 56 00 03 62 ff 9c 11 ff fc ff ff ff ff 0a
[17:47:57.140] PACKET[COM10] sensors: status=0b0110111100000000, uptime=30078, filtered_accel=[0.01368, 0.03464, -1.02332], gyro=[-0.28, -0.07, -0.07]
[17:47:57.192] RX[COM10]  02
[17:47:57.202] RX[COM10]  6f 00 00 00 75 b0 00 00 00 00 00 00 00 00 00 00 00 00 00 00 00 00 00 00 00 00 00 00 00 00 00 00 00 00 00 00 00 00 00 00 00 00 00 00 00 00 00 00 00 00 00 00 00 00 00 00 43 74 a0 83 13 f0 0a ff 6e 00 00 00 75 b0 0a
[17:47:57.214] PACKET[COM10] state: status=0b0110111100000000, uptime=30128, orientation=[0.0, 0.0, 0.0, 0.0], position=[0.0, 0.0, 0.0], velocity=[0.0, 0.0, 0.0], latitude=0.0, longitude=0.0, gps_altitude=0.0, barometric_altitude=244.626999, witness_battery_voltage=5.104
[17:47:57.218] PACKET[COM10] heartbeat: status=0b0110111000000000, uptime=30128
[17:47:57.302] RX[COM10]  01
[17:47:57.304] RX[COM10]  6e 00 00 00 76 33 00 01 56 00 03 56 ff 9c 11 ff fd 00 02 ff fd 0a
[17:47:57.308] PACKET[COM10] sensors: status=0b0110111000000000, uptime=30259, filtered_accel=[0.01368, 0.03416, -1.02332], gyro=[-0.21, 0.14, -0.21]
[17:47:57.419] RX[COM10]  01
[17:47:57.420] RX[COM10]  66 00 00 00 76 96 00 01 56 00 03 62 ff 9b ec ff d8 00 0f 00 2b 0a
[17:47:57.421] PACKET[COM10] sensors: status=0b0110011000000000, uptime=30358, filtered_accel=[0.01368, 0.03464, -1.0248], gyro=[-2.8, 1.05, 3.01]
[17:47:57.476] RX[COM10]  01
[17:47:57.477] RX[COM10]  6e 00 00 00 76 fa 00 01 49 00 03 56 ff 9b ec ff d6 00 14 00 27 0a
[17:47:57.480] PACKET[COM10] sensors: status=0b0110111000000000, uptime=30458, filtered_accel=[0.01316, 0.03416, -1.0248], gyro=[-2.94, 1.4, 2.73]
[17:47:57.601] RX[COM10]  01
[17:47:57.602] RX[COM10]  6e 00 00 00 77 5e 00 01 56 00 03 56 ff 9b ec ff d5 00 15 00 27 0a
[17:47:57.603] PACKET[COM10] sensors: status=0b0110111000000000, uptime=30558, filtered_accel=[0.01368, 0.03416, -1.0248], gyro=[-3.01, 1.47, 2.73]
[17:47:57.726] RX[COM10]  01
[17:47:57.727] RX[COM10]  6e 00 00 00 77 c2 00 01 56 00 03 4a ff 9c 11 ff d5 00 15 00 27 0a
[17:47:57.728] PACKET[COM10] sensors: status=0b0110111000000000, uptime=30658, filtered_accel=[0.01368, 0.03368, -1.02332], gyro=[-3.01, 1.47, 2.73]
[17:47:57.790] RX[COM10]  01
[17:47:57.792] RX[COM10]  6e 00 00 00 78 26 00 01 3d 00 03 3e ff 9b f8 ff d5 00 15 00 27 0a
[17:47:57.795] PACKET[COM10] sensors: status=0b0110111000000000, uptime=30758, filtered_accel=[0.01268, 0.0332, -1.02432], gyro=[-3.01, 1.47, 2.73]
[17:47:57.915] RX[COM10]  01
[17:47:57.916] RX[COM10]  66 00 00 00 78 8a 00 01 49 00 03 56 ff 9c 04 ff d5 00 15 00 27 0a
[17:47:57.918] PACKET[COM10] sensors: status=0b0110011000000000, uptime=30858, filtered_accel=[0.01316, 0.03416, -1.02384], gyro=[-3.01, 1.47, 2.73]
[17:47:57.977] RX[COM10]  01
[17:47:57.978] RX[COM10]  66 00 00 00 78 ee 00 01 56 00 03 4a ff 9b f8 ff d5 00 15 00 27 0a
[17:47:57.981] PACKET[COM10] sensors: status=0b0110011000000000, uptime=30958, filtered_accel=[0.01368, 0.03368, -1.02432], gyro=[-3.01, 1.47, 2.73]
[17:47:58.194] RX[COM10]  01
[17:47:58.195] RX[COM10]  6e 00 00 00 79 67 00 01 56 00 03 56 ff 9c 1d ff fd 00 01 ff fd 0a
[17:47:58.204] PACKET[COM10] sensors: status=0b0110111000000000, uptime=31079, filtered_accel=[0.01368, 0.03416, -1.02284], gyro=[-0.21, 0.07, -0.21]
[17:47:58.206] RX[COM10]  02
[17:47:58.207] RX[COM10]  66 00 00 00 79 98 00 00 00 00 00 00 00 00 00 00 00 00 00 00 00 00 00 00 00 00 00 00 00 00 00 00 00 00 00 00 00 00 00 00 00 00 00 00 00 00 00 00 00 00 00 00 00 00 00 00 43 74 cb ce 13 ec 0a ff 67 00 00 00 79 98 0a
[17:47:58.232] PACKET[COM10] state: status=0b0110011000000000, uptime=31128, orientation=[0.0, 0.0, 0.0, 0.0], position=[0.0, 0.0, 0.0], velocity=[0.0, 0.0, 0.0], latitude=0.0, longitude=0.0, gps_altitude=0.0, barometric_altitude=244.796112, witness_battery_voltage=5.1
[17:47:58.234] PACKET[COM10] heartbeat: status=0b0110011100000000, uptime=31128
[17:47:58.289] RX[COM10]  01
[17:47:58.291] RX[COM10]  6f 00 00 00 7a 1b 00 01 49 00 03 56 ff 9c 04 ff fd 00 02 ff fd 0a
[17:47:58.294] PACKET[COM10] sensors: status=0b0110111100000000, uptime=31259, filtered_accel=[0.01316, 0.03416, -1.02384], gyro=[-0.21, 0.14, -0.21]
[17:47:58.399] RX[COM10]  01
[17:47:58.403] RX[COM10]  6f 00 00 00 7a 7e 00 01 3d 00 03 56 ff 9b ec ff d8 00 0e 00 2d 0a
[17:47:58.405] PACKET[COM10] sensors: status=0b0110111100000000, uptime=31358, filtered_accel=[0.01268, 0.03416, -1.0248], gyro=[-2.8, 0.98, 3.15]
[17:47:58.523] RX[COM10]  01
[17:47:58.524] RX[COM10]  6f 00 00 00 7a e2 00 01 31 00 03 4a ff 9b e0 ff d5 00 15 00 26 0a
[17:47:58.526] PACKET[COM10] sensors: status=0b0110111100000000, uptime=31458, filtered_accel=[0.0122, 0.03368, -1.02528], gyro=[-3.01, 1.47, 2.66]
[17:47:58.586] RX[COM10]  01
[17:47:58.588] RX[COM10]  67 00 00 00 7b 46 00 01 56 00 03 56 ff 9b f8 ff d5 00 14 00 27 0a
[17:47:58.589] PACKET[COM10] sensors: status=0b0110011100000000, uptime=31558, filtered_accel=[0.01368, 0.03416, -1.02432], gyro=[-3.01, 1.4, 2.73]
[17:47:58.711] RX[COM10]  01
[17:47:58.712] RX[COM10]  67 00 00 00 7b aa 00 01 3d 00 03 4a ff 9b e0 ff d4 00 15 00 27 0a
[17:47:58.714] PACKET[COM10] sensors: status=0b0110011100000000, uptime=31658, filtered_accel=[0.01268, 0.03368, -1.02528], gyro=[-3.08, 1.47, 2.73]
[17:47:58.838] RX[COM10]  01
[17:47:58.841] RX[COM10]  67 00 00 00 7c 0e 00 01 56 00 03 4a ff 9b f8 ff d5 00 15 00 27 0a
[17:47:58.842] PACKET[COM10] sensors: status=0b0110011100000000, uptime=31758, filtered_accel=[0.01368, 0.03368, -1.02432], gyro=[-3.01, 1.47, 2.73]
[17:47:58.901] RX[COM10]  01
[17:47:58.904] RX[COM10]  6f 00 00 00 7c 72 00 01 49 00 03 56 ff 9b ec ff d5 00 15 00 27 0a
[17:47:58.906] PACKET[COM10] sensors: status=0b0110111100000000, uptime=31858, filtered_accel=[0.01316, 0.03416, -1.0248], gyro=[-3.01, 1.47, 2.73]
[17:47:59.025] RX[COM10]  01
[17:47:59.026] RX[COM10]  6f 00 00 00 7c d6 00 01 49 00 03 56 ff 9b e0 ff d5 00 15 00 28 0a
[17:47:59.027] PACKET[COM10] sensors: status=0b0110111100000000, uptime=31958, filtered_accel=[0.01316, 0.03416, -1.02528], gyro=[-3.01, 1.47, 2.8]
[17:47:59.135] RX[COM10]  01
[17:47:59.139] RX[COM10]  6f 00 00 00 7d 4e 00 01 49 00 03 62 ff 9c 04 ff fd 00 01 ff fd 0a
[17:47:59.141] PACKET[COM10] sensors: status=0b0110111100000000, uptime=32078, filtered_accel=[0.01316, 0.03464, -1.02384], gyro=[-0.21, 0.07, -0.21]
[17:47:59.196] RX[COM10]  02
[17:47:59.200] RX[COM10]  6f 00 00 00 7d 80 00 00 00 00 00 00 00 00 00 00 00 00 00 00 00 00 00 00 00 00 00 00 00 00 00 00 00 00 00 00 00 00 00 00 00 00 00 00 00 00 00 00 00 00 00 00 00 00 00 00 43 74 a0 83 13 f0 0a ff 6e 00 00 00 7d 80 0a
[17:47:59.203] PACKET[COM10] state: status=0b0110111100000000, uptime=32128, orientation=[0.0, 0.0, 0.0, 0.0], position=[0.0, 0.0, 0.0], velocity=[0.0, 0.0, 0.0], latitude=0.0, longitude=0.0, gps_altitude=0.0, barometric_altitude=244.626999, witness_battery_voltage=5.104
[17:47:59.207] PACKET[COM10] heartbeat: status=0b0110111000000000, uptime=32128
[17:47:59.328] RX[COM10]  01
[17:47:59.338] RX[COM10]  6e 00 00 00 7e 03 00 01 49 00 03 62 ff 9c 29 ff fc 00 01 ff fd 0a
[17:47:59.349] PACKET[COM10] sensors: status=0b0110111000000000, uptime=32259, filtered_accel=[0.01316, 0.03464, -1.02236], gyro=[-0.28, 0.07, -0.21]
[17:47:59.416] RX[COM10]  01
[17:47:59.425] RX[COM10]  66 00 00 00 7e 66 00 01 56 00 03 4a ff 9b e0 ff d9 00 0c 00 2e 0a
[17:47:59.428] PACKET[COM10] sensors: status=0b0110011000000000, uptime=32358, filtered_accel=[0.01368, 0.03368, -1.02528], gyro=[-2.73, 0.84, 3.22]
[17:47:59.479] RX[COM10]  01
[17:47:59.484] RX[COM10]  66 00 00 00 7e ca 00 01 49 00 03 56 ff 9b f8 ff d6 00 15 00 27 0a
[17:47:59.487] PACKET[COM10] sensors: status=0b0110011000000000, uptime=32458, filtered_accel=[0.01316, 0.03416, -1.02432], gyro=[-2.94, 1.47, 2.73]
[17:47:59.605] RX[COM10]  01
[17:47:59.608] RX[COM10]  6e 00 00 00 7f 2e 00 01 56 00 03 6e ff 9b ec ff d5 00 15 00 27 0a
[17:47:59.615] PACKET[COM10] sensors: status=0b0110111000000000, uptime=32558, filtered_accel=[0.01368, 0.03512, -1.0248], gyro=[-3.01, 1.47, 2.73]
[17:47:59.729] RX[COM10]  01
[17:47:59.733] RX[COM10]  6e 00 00 00 7f 92 00 01 49 00 03 56 ff 9b f8 ff d5 00 16 00 27 0a
[17:47:59.734] PACKET[COM10] sensors: status=0b0110111000000000, uptime=32658, filtered_accel=[0.01316, 0.03416, -1.02432], gyro=[-3.01, 1.54, 2.73]
[17:47:59.793] RX[COM10]  01
[17:47:59.794] RX[COM10]  6e 00 00 00 7f f6 00 01 62 00 03 56 ff 9c 04 ff d5 00 15 00 27 0a
[17:47:59.798] PACKET[COM10] sensors: status=0b0110111000000000, uptime=32758, filtered_accel=[0.01416, 0.03416, -1.02384], gyro=[-3.01, 1.47, 2.73]
[17:47:59.920] RX[COM10]  01
[17:47:59.921] RX[COM10]  6e 00 00 00 80 5a 00 01 56 00 03 56 ff 9b f8 ff d5 00 15 00 27 0a
[17:47:59.925] PACKET[COM10] sensors: status=0b0110111000000000, uptime=32858, filtered_accel=[0.01368, 0.03416, -1.02432], gyro=[-3.01, 1.47, 2.73]
[17:47:59.983] RX[COM10]  01
[17:47:59.985] RX[COM10]  66 00 00 00 80 be 00 01 56 00 03 56 ff 9c 04 ff d5 00 15 00 27 0a
[17:47:59.987] PACKET[COM10] sensors: status=0b0110011000000000, uptime=32958, filtered_accel=[0.01368, 0.03416, -1.02384], gyro=[-3.01, 1.47, 2.73]
[17:48:00.115] RX[COM10]  01
[17:48:00.118] RX[COM10]  6e 00 00 00 81 37 00 01 49 00 03 56 ff 9c 04 ff fc 00 01 ff fd 0a
[17:48:00.119] PACKET[COM10] sensors: status=0b0110111000000000, uptime=33079, filtered_accel=[0.01316, 0.03416, -1.02384], gyro=[-0.28, 0.07, -0.21]
[17:48:00.171] RX[COM10]  02
[17:48:00.172] RX[COM10]  66 00 00 00 81 68 00 00 00 00 00 00 00 00 00 00 00 00 00 00 00 00 00 00 00 00 00 00 00 00 00 00 00 00 00 00 00 00 00 00 00 00 00 00 00 00 00 00 00 00 00 00 00 00 00 00 43 74 74 8c 13 f0 0a ff 67 00 00 00 81 68 0a
[17:48:00.174] PACKET[COM10] state: status=0b0110011000000000, uptime=33128, orientation=[0.0, 0.0, 0.0, 0.0], position=[0.0, 0.0, 0.0], velocity=[0.0, 0.0, 0.0], latitude=0.0, longitude=0.0, gps_altitude=0.0, barometric_altitude=244.455261, witness_battery_voltage=5.104
[17:48:00.176] PACKET[COM10] heartbeat: status=0b0110011100000000, uptime=33128
[17:48:00.295] RX[COM10]  01
[17:48:00.297] RX[COM10]  6f 00 00 00 81 eb 00 01 49 00 03 56 ff 9c 04 ff fc 00 02 ff fd 0a
[17:48:00.299] PACKET[COM10] sensors: status=0b0110111100000000, uptime=33259, filtered_accel=[0.01316, 0.03416, -1.02384], gyro=[-0.28, 0.14, -0.21]
[17:48:00.422] RX[COM10]  01
[17:48:00.426] RX[COM10]  6f 00 00 00 82 4e 00 01 49 00 03 62 ff 9b f8 ff da 00 0c 00 2e 0a
[17:48:00.428] PACKET[COM10] sensors: status=0b0110111100000000, uptime=33358, filtered_accel=[0.01316, 0.03464, -1.02432], gyro=[-2.66, 0.84, 3.22]
[17:48:00.519] RX[COM10]  01
[17:48:00.520] RX[COM10]  6f 00 00 00 82 b2 00 01 49 00 03 56 ff 9b ec ff d5 00 15 00 27 0a
[17:48:00.528] PACKET[COM10] sensors: status=0b0110111100000000, uptime=33458, filtered_accel=[0.01316, 0.03416, -1.0248], gyro=[-3.01, 1.47, 2.73]
[17:48:00.636] RX[COM10]  01
[17:48:00.640] RX[COM10]  6f 00 00 00 83 16 00 01 49 00 03 56 ff 9b ec ff d5 00 14 00 27 0a
[17:48:00.644] PACKET[COM10] sensors: status=0b0110111100000000, uptime=33558, filtered_accel=[0.01316, 0.03416, -1.0248], gyro=[-3.01, 1.4, 2.73]
[17:48:00.704] RX[COM10]  01
[17:48:00.704] RX[COM10]  67 00 00 00 83 7a 00 01 49 00 03 56 ff 9b ec ff d5 00 15 00 27 0a
[17:48:00.706] PACKET[COM10] sensors: status=0b0110011100000000, uptime=33658, filtered_accel=[0.01316, 0.03416, -1.0248], gyro=[-3.01, 1.47, 2.73]
[17:48:00.809] RX[COM10]  01
[17:48:00.810] RX[COM10]  67 00 00 00 83 de 00 01 56 00 03 4a ff 9c 11 ff d6 00 15 00 27 0a
[17:48:00.811] PACKET[COM10] sensors: status=0b0110011100000000, uptime=33758, filtered_accel=[0.01368, 0.03368, -1.02332], gyro=[-2.94, 1.47, 2.73]
[17:48:00.918] RX[COM10]  01
[17:48:00.920] RX[COM10]  67 00 00 00 84 42 00 01 3d 00 03 56 ff 9b e0 ff d4 00 15 00 27 0a
[17:48:00.922] PACKET[COM10] sensors: status=0b0110011100000000, uptime=33858, filtered_accel=[0.01268, 0.03416, -1.02528], gyro=[-3.08, 1.47, 2.73]
[17:48:00.982] RX[COM10]  01
[17:48:00.984] RX[COM10]  6f 00 00 00 84 a6 00 01 56 00 03 4a ff 9b ec ff d5 00 15 00 27 0a
[17:48:00.986] PACKET[COM10] sensors: status=0b0110111100000000, uptime=33958, filtered_accel=[0.01368, 0.03368, -1.0248], gyro=[-3.01, 1.47, 2.73]
[17:48:01.106] RX[COM10]  01
[17:48:01.107] RX[COM10]  6f 00 00 00 85 1e 00 01 31 00 03 56 ff 9b e0 ff fd 00 01 ff fc 0a
[17:48:01.109] PACKET[COM10] sensors: status=0b0110111100000000, uptime=34078, filtered_accel=[0.0122, 0.03416, -1.02528], gyro=[-0.21, 0.07, -0.28]
[17:48:01.168] RX[COM10]  02
[17:48:01.169] RX[COM10]  6f 00 00 00 85 50 00 00 00 00 00 00 00 00 00 00 00 00 00 00 00 00 00 00 00 00 00 00 00 00 00 00 00 00 00 00 00 00 00 00 00 00 00 00 00 00 00 00 00 00 00 00 00 00 00 00 43 74 74 8c 13 f0 0a ff 6e 00 00 00 85 50 0a
[17:48:01.170] PACKET[COM10] state: status=0b0110111100000000, uptime=34128, orientation=[0.0, 0.0, 0.0, 0.0], position=[0.0, 0.0, 0.0], velocity=[0.0, 0.0, 0.0], latitude=0.0, longitude=0.0, gps_altitude=0.0, barometric_altitude=244.455261, witness_battery_voltage=5.104
[17:48:01.173] PACKET[COM10] heartbeat: status=0b0110111000000000, uptime=34128
[17:48:01.293] RX[COM10]  01
[17:48:01.296] RX[COM10]  6e 00 00 00 85 d2 00 01 49 00 03 4a ff 9c 11 ff fc 00 02 ff fd 0a
[17:48:01.299] PACKET[COM10] sensors: status=0b0110111000000000, uptime=34258, filtered_accel=[0.01316, 0.03368, -1.02332], gyro=[-0.28, 0.14, -0.21]
[17:48:01.407] RX[COM10]  01
[17:48:01.412] RX[COM10]  66 00 00 00 86 36 00 01 56 00 03 56 ff 9b f8 ff da 00 0a 00 2f 0a
[17:48:01.420] PACKET[COM10] sensors: status=0b0110011000000000, uptime=34358, filtered_accel=[0.01368, 0.03416, -1.02432], gyro=[-2.66, 0.7, 3.29]
[17:48:01.483] RX[COM10]  01
[17:48:01.485] RX[COM10]  66 00 00 00 86 9a 00 01 49 00 03 56 ff 9b ec ff d5 00 15 00 27 0a
[17:48:01.487] PACKET[COM10] sensors: status=0b0110011000000000, uptime=34458, filtered_accel=[0.01316, 0.03416, -1.0248], gyro=[-3.01, 1.47, 2.73]
[17:48:01.607] RX[COM10]  01
[17:48:01.609] RX[COM10]  6e 00 00 00 86 fe 00 01 56 00 03 56 ff 9b f8 ff d5 00 15 00 27 0a
[17:48:01.611] PACKET[COM10] sensors: status=0b0110111000000000, uptime=34558, filtered_accel=[0.01368, 0.03416, -1.02432], gyro=[-3.01, 1.47, 2.73]
[17:48:01.732] RX[COM10]  01
[17:48:01.740] RX[COM10]  6e 00 00 00 87 62 00 01 62 00 03 56 ff 9b d4 ff d5 00 15 00 27 0a
[17:48:01.746] PACKET[COM10] sensors: status=0b0110111000000000, uptime=34658, filtered_accel=[0.01416, 0.03416, -1.02576], gyro=[-3.01, 1.47, 2.73]
[17:48:01.811] RX[COM10]  01
[17:48:01.811] RX[COM10]  6e 00 00 00 87 c6 00 01 56 00 03 4a ff 9b f8 ff d5 00 15 00 27 0a
[17:48:01.815] PACKET[COM10] sensors: status=0b0110111000000000, uptime=34758, filtered_accel=[0.01368, 0.03368, -1.02432], gyro=[-3.01, 1.47, 2.73]
[17:48:01.936] RX[COM10]  01
[17:48:01.939] RX[COM10]  6e 00 00 00 88 2a 00 01 56 00 03 56 ff 9c 04 ff d5 00 15 00 27 0a
[17:48:01.942] PACKET[COM10] sensors: status=0b0110111000000000, uptime=34858, filtered_accel=[0.01368, 0.03416, -1.02384], gyro=[-3.01, 1.47, 2.73]
[17:48:02.005] RX[COM10]  01
[17:48:02.006] RX[COM10]  66 00 00 00 88 8e 00 01 49 00 03 62 ff 9b ec ff d5 00 16 00 27 0a
[17:48:02.011] PACKET[COM10] sensors: status=0b0110011000000000, uptime=34958, filtered_accel=[0.01316, 0.03464, -1.0248], gyro=[-3.01, 1.54, 2.73]
[17:48:02.139] RX[COM10]  01
[17:48:02.141] RX[COM10]  6e 00 00 00 89 07 00 01 56 00 03 62 ff 9c 04 ff fc ff f6 00 09 0a
[17:48:02.142] PACKET[COM10] sensors: status=0b0110111000000000, uptime=35079, filtered_accel=[0.01368, 0.03464, -1.02384], gyro=[-0.28, -0.7, 0.63]
[17:48:02.201] RX[COM10]  02
[17:48:02.202] RX[COM10]  66 00 00 00 89 38 00 00 00 00 00 00 00 00 00 00 00 00 00 00 00 00 00 00 00 00 00 00 00 00 00 00 00 00 00 00 00 00 00 00 00 00 00 00 00 00 00 00 00 00 00 00 00 00 00 00 43 74 8a de 13 e4 0a ff 67 00 00 00 89 38 0a
[17:48:02.205] PACKET[COM10] state: status=0b0110011000000000, uptime=35128, orientation=[0.0, 0.0, 0.0, 0.0], position=[0.0, 0.0, 0.0], velocity=[0.0, 0.0, 0.0], latitude=0.0, longitude=0.0, gps_altitude=0.0, barometric_altitude=244.54245, witness_battery_voltage=5.092
[17:48:02.208] PACKET[COM10] heartbeat: status=0b0110011100000000, uptime=35128
[17:48:02.326] RX[COM10]  01
[17:48:02.327] RX[COM10]  6f 00 00 00 89 bb 00 01 3d 00 03 4a ff 9c 11 ff fd 00 02 ff fd 0a
[17:48:02.332] PACKET[COM10] sensors: status=0b0110111100000000, uptime=35259, filtered_accel=[0.01268, 0.03368, -1.02332], gyro=[-0.21, 0.14, -0.21]
[17:48:02.389] RX[COM10]  01
[17:48:02.391] RX[COM10]  6f 00 00 00 8a 1e 00 01 49 00 03 4a ff 9b f8 ff db 00 08 00 2f 0a
[17:48:02.393] PACKET[COM10] sensors: status=0b0110111100000000, uptime=35358, filtered_accel=[0.01316, 0.03368, -1.02432], gyro=[-2.59, 0.56, 3.29]
[17:48:02.514] RX[COM10]  01
[17:48:02.515] RX[COM10]  6f 00 00 00 8a 82 00 01 56 00 03 56 ff 9b f8 ff d6 00 16 00 26 0a
[17:48:02.516] PACKET[COM10] sensors: status=0b0110111100000000, uptime=35458, filtered_accel=[0.01368, 0.03416, -1.02432], gyro=[-2.94, 1.54, 2.66]
[17:48:02.576] RX[COM10]  01
[17:48:02.578] RX[COM10]  6f 00 00 00 8a e6 00 01 49 00 03 56 ff 9c 04 ff d6 00 15 00 27 0a
[17:48:02.582] PACKET[COM10] sensors: status=0b0110111100000000, uptime=35558, filtered_accel=[0.01316, 0.03416, -1.02384], gyro=[-2.94, 1.47, 2.73]
[17:48:02.702] RX[COM10]  01
[17:48:02.703] RX[COM10]  67 00 00 00 8b 4a 00 01 56 00 03 56 ff 9b ec ff d5 00 14 00 26 0a
[17:48:02.706] PACKET[COM10] sensors: status=0b0110011100000000, uptime=35658, filtered_accel=[0.01368, 0.03416, -1.0248], gyro=[-3.01, 1.4, 2.66]
[17:48:02.827] RX[COM10]  01
[17:48:02.830] RX[COM10]  67 00 00 00 8b ae 00 01 49 00 03 56 ff 9b e0 ff d5 00 15 00 27 0a
[17:48:02.832] PACKET[COM10] sensors: status=0b0110011100000000, uptime=35758, filtered_accel=[0.01316, 0.03416, -1.02528], gyro=[-3.01, 1.47, 2.73]
[17:48:02.890] RX[COM10]  01
[17:48:02.891] RX[COM10]  67 00 00 00 8c 12 00 01 56 00 03 4a ff 9b f8 ff d5 00 15 00 27 0a
[17:48:02.896] PACKET[COM10] sensors: status=0b0110011100000000, uptime=35858, filtered_accel=[0.01368, 0.03368, -1.02432], gyro=[-3.01, 1.47, 2.73]
[17:48:03.015] RX[COM10]  01
[17:48:03.016] RX[COM10]  6f 00 00 00 8c 76 00 01 3d 00 03 56 ff 9b d4 ff d5 00 15 00 27 0a
[17:48:03.033] PACKET[COM10] sensors: status=0b0110111100000000, uptime=35958, filtered_accel=[0.01268, 0.03416, -1.02576], gyro=[-3.01, 1.47, 2.73]
[17:48:03.141] RX[COM10]  01
[17:48:03.142] RX[COM10]  6f 00 00 00 8c ee 00 01 56 00 03 62 ff 9c 1d ff fc ff f7 00 07 0a
[17:48:03.144] PACKET[COM10] sensors: status=0b0110111100000000, uptime=36078, filtered_accel=[0.01368, 0.03464, -1.02284], gyro=[-0.28, -0.63, 0.49]
[17:48:03.204] RX[COM10]  02
[17:48:03.206] RX[COM10]  6f 00 00 00 8d 20 00 00 00 00 00 00 00 00 00 00 00 00 00 00 00 00 00 00 00 00 00 00 00 00 00 00 00 00 00 00 00 00 00 00 00 00 00 00 00 00 00 00 00 00 00 00 00 00 00 00 43 74 e2 20 13 e0 0a ff 6e 00 00 00 8d 20 0a
[17:48:03.210] PACKET[COM10] state: status=0b0110111100000000, uptime=36128, orientation=[0.0, 0.0, 0.0, 0.0], position=[0.0, 0.0, 0.0], velocity=[0.0, 0.0, 0.0], latitude=0.0, longitude=0.0, gps_altitude=0.0, barometric_altitude=244.883301, witness_battery_voltage=5.088
[17:48:03.212] PACKET[COM10] heartbeat: status=0b0110111000000000, uptime=36128
[17:48:03.330] RX[COM10]  01
[17:48:03.332] RX[COM10]  6e 00 00 00 8d a2 00 01 56 00 03 56 ff 9c 11 ff fc 00 01 ff fd 0a
[17:48:03.335] PACKET[COM10] sensors: status=0b0110111000000000, uptime=36258, filtered_accel=[0.01368, 0.03416, -1.02332], gyro=[-0.28, 0.07, -0.21]
[17:48:03.393] RX[COM10]  01
[17:48:03.394] RX[COM10]  66 00 00 00 8e 06 00 01 62 00 03 56 ff 9c 04 ff dc 00 07 00 2f 0a
[17:48:03.396] PACKET[COM10] sensors: status=0b0110011000000000, uptime=36358, filtered_accel=[0.01416, 0.03416, -1.02384], gyro=[-2.52, 0.49, 3.29]
[17:48:03.512] RX[COM10]  01
[17:48:03.513] RX[COM10]  66 00 00 00 8e 6a 00 01 6e 00 03 7b ff 9b ec ff d5 00 15 00 27 0a
[17:48:03.521] PACKET[COM10] sensors: status=0b0110011000000000, uptime=36458, filtered_accel=[0.01464, 0.03564, -1.0248], gyro=[-3.01, 1.47, 2.73]
[17:48:03.581] RX[COM10]  01
[17:48:03.582] RX[COM10]  66 00 00 00 8e ce 00 01 6e 00 03 56 ff 9b e0 ff d5 00 15 00 27 0a
[17:48:03.585] PACKET[COM10] sensors: status=0b0110011000000000, uptime=36558, filtered_accel=[0.01464, 0.03416, -1.02528], gyro=[-3.01, 1.47, 2.73]
[17:48:03.707] RX[COM10]  01
[17:48:03.708] RX[COM10]  6e 00 00 00 8f 32 00 01 49 00 03 4a ff 9b e0 ff d5 00 15 00 27 0a
[17:48:03.710] PACKET[COM10] sensors: status=0b0110111000000000, uptime=36658, filtered_accel=[0.01316, 0.03368, -1.02528], gyro=[-3.01, 1.47, 2.73]
[17:48:03.820] RX[COM10]  01
[17:48:03.821] RX[COM10]  6e 00 00 00 8f 96 00 01 6e 00 03 56 ff 9b ec ff d5 00 14 00 27 0a
[17:48:03.822] PACKET[COM10] sensors: status=0b0110111000000000, uptime=36758, filtered_accel=[0.01464, 0.03416, -1.0248], gyro=[-3.01, 1.4, 2.73]
[17:48:03.879] RX[COM10]  01
[17:48:03.882] RX[COM10]  6e 00 00 00 8f fa 00 01 62 00 03 56 ff 9b ec ff d5 00 15 00 26 0a
[17:48:03.887] PACKET[COM10] sensors: status=0b0110111000000000, uptime=36858, filtered_accel=[0.01416, 0.03416, -1.0248], gyro=[-3.01, 1.47, 2.66]
[17:48:04.004] RX[COM10]  01
[17:48:04.005] RX[COM10]  6e 00 00 00 90 5e 00 01 31 00 03 4a ff 9b d4 ff d5 00 15 00 27 0a
[17:48:04.006] PACKET[COM10] sensors: status=0b0110111000000000, uptime=36958, filtered_accel=[0.0122, 0.03368, -1.02576], gyro=[-3.01, 1.47, 2.73]
[17:48:04.129] RX[COM10]  01
[17:48:04.131] RX[COM10]  6e 00 00 00 90 d7 00 01 56 00 03 56 ff 9c 04 ff fc ff f9 00 06 0a
[17:48:04.133] PACKET[COM10] sensors: status=0b0110111000000000, uptime=37079, filtered_accel=[0.01368, 0.03416, -1.02384], gyro=[-0.28, -0.49, 0.42]
[17:48:04.192] RX[COM10]  02
[17:48:04.193] RX[COM10]  6e 00 00 00 91 08 00 00 00 00 00 00 00 00 00 00 00 00 00 00 00 00 00 00 00 00 00 00 00 00 00 00 00 00 00 00 00 00 00 00 00 00 00 00 00 00 00 00 00 00 00 00 00 00 00 00 43 74 8a de 13 ec 0a ff 6f 00 00 00 91 08 0a
[17:48:04.196] PACKET[COM10] state: status=0b0110111000000000, uptime=37128, orientation=[0.0, 0.0, 0.0, 0.0], position=[0.0, 0.0, 0.0], velocity=[0.0, 0.0, 0.0], latitude=0.0, longitude=0.0, gps_altitude=0.0, barometric_altitude=244.54245, witness_battery_voltage=5.1
[17:48:04.200] PACKET[COM10] heartbeat: status=0b0110111100000000, uptime=37128
[17:48:04.317] RX[COM10]  01
[17:48:04.318] RX[COM10]  6f 00 00 00 91 8b 00 01 56 00 03 4a ff 9c 1d ff fc 00 01 ff fd 0a
[17:48:04.320] PACKET[COM10] sensors: status=0b0110111100000000, uptime=37259, filtered_accel=[0.01368, 0.03368, -1.02284], gyro=[-0.28, 0.07, -0.21]
[17:48:04.379] RX[COM10]  01
[17:48:04.382] RX[COM10]  6f 00 00 00 91 ee 00 01 62 00 03 62 ff 9b f8 ff dd 00 07 00 2f 0a
[17:48:04.385] PACKET[COM10] sensors: status=0b0110111100000000, uptime=37358, filtered_accel=[0.01416, 0.03464, -1.02432], gyro=[-2.45, 0.49, 3.29]
[17:48:04.503] RX[COM10]  01
[17:48:04.506] RX[COM10]  6f 00 00 00 92 52 00 01 49 00 03 56 ff 9b ec ff d5 00 14 00 27 0a
[17:48:04.507] PACKET[COM10] sensors: status=0b0110111100000000, uptime=37458, filtered_accel=[0.01316, 0.03416, -1.0248], gyro=[-3.01, 1.4, 2.73]
[17:48:04.627] RX[COM10]  01
[17:48:04.630] RX[COM10]  6f 00 00 00 92 b6 00 01 31 00 03 3e ff 9b ec ff d5 00 16 00 27 0a
[17:48:04.632] PACKET[COM10] sensors: status=0b0110111100000000, uptime=37558, filtered_accel=[0.0122, 0.0332, -1.0248], gyro=[-3.01, 1.54, 2.73]
[17:48:04.688] RX[COM10]  01
[17:48:04.689] RX[COM10]  6f 00 00 00 93 1a 00 01 49 00 03 56 ff 9b ec ff d5 00 15 00 27 0a
[17:48:04.692] PACKET[COM10] sensors: status=0b0110111100000000, uptime=37658, filtered_accel=[0.01316, 0.03416, -1.0248], gyro=[-3.01, 1.47, 2.73]
[17:48:04.815] RX[COM10]  01
[17:48:04.817] RX[COM10]  67 00 00 00 93 7e 00 01 56 00 03 62 ff 9b e0 ff d5 00 15 00 28 0a
[17:48:04.819] PACKET[COM10] sensors: status=0b0110011100000000, uptime=37758, filtered_accel=[0.01368, 0.03464, -1.02528], gyro=[-3.01, 1.47, 2.8]
[17:48:04.878] RX[COM10]  01
[17:48:04.880] RX[COM10]  67 00 00 00 93 e2 00 01 56 00 03 4a ff 9b f8 ff d5 00 15 00 26 0a
[17:48:04.881] PACKET[COM10] sensors: status=0b0110011100000000, uptime=37858, filtered_accel=[0.01368, 0.03368, -1.02432], gyro=[-3.01, 1.47, 2.66]
[17:48:05.003] RX[COM10]  01
[17:48:05.009] RX[COM10]  67 00 00 00 94 46 00 01 62 00 03 62 ff 9c 04 ff d6 00 15 00 27 0a
[17:48:05.012] PACKET[COM10] sensors: status=0b0110011100000000, uptime=37958, filtered_accel=[0.01416, 0.03464, -1.02384], gyro=[-2.94, 1.47, 2.73]
[17:48:05.116] RX[COM10]  01
[17:48:05.117] RX[COM10]  6f 00 00 00 94 be 00 01 3d 00 03 4a ff 9c 35 ff fc ff fb 00 04 0a
[17:48:05.119] PACKET[COM10] sensors: status=0b0110111100000000, uptime=38078, filtered_accel=[0.01268, 0.03368, -1.02188], gyro=[-0.28, -0.35, 0.28]
[17:48:05.174] RX[COM10]  02
[17:48:05.176] RX[COM10]  6f 00 00 00 94 f0 00 00 00 00 00 00 00 00 00 00 00 00 00 00 00 00 00 00 00 00 00 00 00 00 00 00 00 00 00 00 00 00 00 00 00 00 00 00 00 00 00 00 00 00 00 00 00 00 00 00 43 74 5e e6 13 ec 0a ff 6e 00 00 00 94 f0 0a
[17:48:05.179] PACKET[COM10] state: status=0b0110111100000000, uptime=38128, orientation=[0.0, 0.0, 0.0, 0.0], position=[0.0, 0.0, 0.0], velocity=[0.0, 0.0, 0.0], latitude=0.0, longitude=0.0, gps_altitude=0.0, barometric_altitude=244.370697, witness_battery_voltage=5.1
[17:48:05.181] PACKET[COM10] heartbeat: status=0b0110111000000000, uptime=38128
[17:48:05.314] RX[COM10]  01
[17:48:05.315] RX[COM10]  6e 00 00 00 95 72 00 01 56 00 03 56 ff 9c 1d ff fc 00 01 ff fd 0a
[17:48:05.318] PACKET[COM10] sensors: status=0b0110111000000000, uptime=38258, filtered_accel=[0.01368, 0.03416, -1.02284], gyro=[-0.28, 0.07, -0.21]
[17:48:05.395] RX[COM10]  01
[17:48:05.399] RX[COM10]  6e 00 00 00 95 d6 00 01 56 00 03 62 ff 9c 11 ff d6 00 12 00 29 0a
[17:48:05.410] PACKET[COM10] sensors: status=0b0110111000000000, uptime=38358, filtered_accel=[0.01368, 0.03464, -1.02332], gyro=[-2.94, 1.26, 2.87]
[17:48:05.533] RX[COM10]  01
[17:48:05.534] RX[COM10]  66 00 00 00 96 3a 00 01 49 00 03 4a ff 9b d4 ff d5 00 15 00 27 0a
[17:48:05.536] PACKET[COM10] sensors: status=0b0110011000000000, uptime=38458, filtered_accel=[0.01316, 0.03368, -1.02576], gyro=[-3.01, 1.47, 2.73]
[17:48:05.588] RX[COM10]  01
[17:48:05.590] RX[COM10]  66 00 00 00 96 9e 00 01 3d 00 03 56 ff 9b ec ff d6 00 15 00 27 0a
[17:48:05.592] PACKET[COM10] sensors: status=0b0110011000000000, uptime=38558, filtered_accel=[0.01268, 0.03416, -1.0248], gyro=[-2.94, 1.47, 2.73]
[17:48:05.696] RX[COM10]  01
[17:48:05.697] RX[COM10]  66 00 00 00 97 02 00 01 62 00 03 62 ff 9b c7 ff d5 00 15 00 27 0a
[17:48:05.699] PACKET[COM10] sensors: status=0b0110011000000000, uptime=38658, filtered_accel=[0.01416, 0.03464, -1.02628], gyro=[-3.01, 1.47, 2.73]
[17:48:05.802] RX[COM10]  01
[17:48:05.803] RX[COM10]  6e 00 00 00 97 66 00 01 49 00 03 4a ff 9c 1d ff d5 00 16 00 27 0a
[17:48:05.806] PACKET[COM10] sensors: status=0b0110111000000000, uptime=38758, filtered_accel=[0.01316, 0.03368, -1.02284], gyro=[-3.01, 1.54, 2.73]
[17:48:05.912] RX[COM10]  01
[17:48:05.913] RX[COM10]  6e 00 00 00 97 ca 00 01 56 00 03 62 ff 9b f8 ff d5 00 16 00 27 0a
[17:48:05.915] PACKET[COM10] sensors: status=0b0110111000000000, uptime=38858, filtered_accel=[0.01368, 0.03464, -1.02432], gyro=[-3.01, 1.54, 2.73]
[17:48:06.022] RX[COM10]  01
[17:48:06.023] RX[COM10]  6e 00 00 00 98 2e 00 01 62 00 03 4a ff 9b f8 ff d4 00 15 00 28 0a
[17:48:06.025] PACKET[COM10] sensors: status=0b0110111000000000, uptime=38958, filtered_accel=[0.01416, 0.03368, -1.02432], gyro=[-3.08, 1.47, 2.8]
[17:48:06.157] RX[COM10]  01
[17:48:06.158] RX[COM10]  6e 00 00 00 98 a7 00 01 56 00 03 56 ff 9c 04 ff fc ff fc 00 02 0a
[17:48:06.159] PACKET[COM10] sensors: status=0b0110111000000000, uptime=39079, filtered_accel=[0.01368, 0.03416, -1.02384], gyro=[-0.28, -0.28, 0.14]
[17:48:06.159] RX[COM10]  02
[17:48:06.159] RX[COM10]  6e 00 00 00 98 d8 00 00 00 00 00 00 00 00 00 00 00 00 00 00 00 00 00 00 00 00 00 00 00 00 00 00 00 00 00 00 00 00 00 00 00 00 00 00 00 00 00 00 00 00 00 00 00 00 00 00 43 74 5e e6 13 e4 0a ff 6f 00 00 00 98 d8 0a
[17:48:06.160] PACKET[COM10] state: status=0b0110111000000000, uptime=39128, orientation=[0.0, 0.0, 0.0, 0.0], position=[0.0, 0.0, 0.0], velocity=[0.0, 0.0, 0.0], latitude=0.0, longitude=0.0, gps_altitude=0.0, barometric_altitude=244.370697, witness_battery_voltage=5.092
[17:48:06.161] PACKET[COM10] heartbeat: status=0b0110111100000000, uptime=39128
[17:48:06.283] RX[COM10]  01
[17:48:06.284] RX[COM10]  6f 00 00 00 99 5b 00 01 49 00 03 56 ff 9c 29 ff fc 00 01 ff fd 0a
[17:48:06.286] PACKET[COM10] sensors: status=0b0110111100000000, uptime=39259, filtered_accel=[0.01316, 0.03416, -1.02236], gyro=[-0.28, 0.07, -0.21]
[17:48:06.408] RX[COM10]  01
[17:48:06.409] RX[COM10]  67 00 00 00 99 be 00 01 56 00 03 62 ff 9b ec ff d6 00 12 00 2a 0a
[17:48:06.410] PACKET[COM10] sensors: status=0b0110011100000000, uptime=39358, filtered_accel=[0.01368, 0.03464, -1.0248], gyro=[-2.94, 1.26, 2.94]
[17:48:06.512] RX[COM10]  01
[17:48:06.513] RX[COM10]  6f 00 00 00 9a 22 00 01 49 00 03 4a ff 9b e0 ff d6 00 14 00 27 0a
[17:48:06.514] PACKET[COM10] sensors: status=0b0110111100000000, uptime=39458, filtered_accel=[0.01316, 0.03368, -1.02528], gyro=[-2.94, 1.4, 2.73]
[17:48:06.621] RX[COM10]  01
[17:48:06.626] RX[COM10]  6f 00 00 00 9a 86 00 01 56 00 03 6e ff 9b ec ff d5 00 15 00 27 0a
[17:48:06.628] PACKET[COM10] sensors: status=0b0110111100000000, uptime=39558, filtered_accel=[0.01368, 0.03512, -1.0248], gyro=[-3.01, 1.47, 2.73]
[17:48:06.682] RX[COM10]  01
[17:48:06.682] RX[COM10]  6f 00 00 00 9a ea 00 01 3d 00 03 6e ff 9b f8 ff d5 00 15 00 26 0a
[17:48:06.683] PACKET[COM10] sensors: status=0b0110111100000000, uptime=39658, filtered_accel=[0.01268, 0.03512, -1.02432], gyro=[-3.01, 1.47, 2.66]
[17:48:06.801] RX[COM10]  01
[17:48:06.803] RX[COM10]  6f 00 00 00 9b 4e 00 01 49 00 03 62 ff 9b e0 ff d5 00 15 00 27 0a
[17:48:06.804] PACKET[COM10] sensors: status=0b0110111100000000, uptime=39758, filtered_accel=[0.01316, 0.03464, -1.02528], gyro=[-3.01, 1.47, 2.73]
[17:48:06.918] RX[COM10]  01
[17:48:06.919] RX[COM10]  67 00 00 00 9b b2 00 01 31 00 03 56 ff 9b e0 ff d5 00 14 00 27 0a
[17:48:06.920] PACKET[COM10] sensors: status=0b0110011100000000, uptime=39858, filtered_accel=[0.0122, 0.03416, -1.02528], gyro=[-3.01, 1.4, 2.73]
[17:48:06.975] RX[COM10]  01
[17:48:06.976] RX[COM10]  67 00 00 00 9c 16 00 01 49 00 03 6e ff 9b e0 ff d5 00 16 00 27 0a
[17:48:06.978] PACKET[COM10] sensors: status=0b0110011100000000, uptime=39958, filtered_accel=[0.01316, 0.03512, -1.02528], gyro=[-3.01, 1.54, 2.73]
[17:48:07.147] RX[COM10]  01
[17:48:07.148] RX[COM10]  6f 00 00 00 9c 8e 00 01 31 00 03 31 ff 9c 11 ff fc ff fd 00 00 0a
[17:48:07.149] PACKET[COM10] sensors: status=0b0110111100000000, uptime=40078, filtered_accel=[0.0122, 0.03268, -1.02332], gyro=[-0.28, -0.21, 0.0]
[17:48:07.149] RX[COM10]  02
[17:48:07.149] RX[COM10]  67 00 00 00 9c c0 00 00 00 00 00 00 00 00 00 00 00 00 00 00 00 00 00 00 00 00 00 00 00 00 00 00 00 00 00 00 00 00 00 00 00 00 00 00 00 00 00 00 00 00 00 00 00 00 00 00 43 74 74 8c 13 f0 0a ff 66 00 00 00 9c c0 0a
[17:48:07.150] PACKET[COM10] state: status=0b0110011100000000, uptime=40128, orientation=[0.0, 0.0, 0.0, 0.0], position=[0.0, 0.0, 0.0], velocity=[0.0, 0.0, 0.0], latitude=0.0, longitude=0.0, gps_altitude=0.0, barometric_altitude=244.455261, witness_battery_voltage=5.104
[17:48:07.151] PACKET[COM10] heartbeat: status=0b0110011000000000, uptime=40128
[17:48:07.325] RX[COM10]  01
[17:48:07.326] RX[COM10]  6e 00 00 00 9d 43 00 01 49 00 03 6e ff 9c 11 ff fc 00 01 ff fc 0a
[17:48:07.327] PACKET[COM10] sensors: status=0b0110111000000000, uptime=40259, filtered_accel=[0.01316, 0.03512, -1.02332], gyro=[-0.28, 0.07, -0.28]
[17:48:07.384] RX[COM10]  01
[17:48:07.384] RX[COM10]  6e 00 00 00 9d a6 00 01 49 00 03 56 ff 9b f8 ff d7 00 11 00 2a 0a
[17:48:07.386] PACKET[COM10] sensors: status=0b0110111000000000, uptime=40358, filtered_accel=[0.01316, 0.03416, -1.02432], gyro=[-2.87, 1.19, 2.94]
[17:48:07.510] RX[COM10]  01
[17:48:07.511] RX[COM10]  66 00 00 00 9e 0a 00 01 3d 00 03 4a ff 9b f8 ff d5 00 15 00 27 0a
[17:48:07.512] PACKET[COM10] sensors: status=0b0110011000000000, uptime=40458, filtered_accel=[0.01268, 0.03368, -1.02432], gyro=[-3.01, 1.47, 2.73]
[17:48:07.625] RX[COM10]  01
[17:48:07.626] RX[COM10]  66 00 00 00 9e 6e 00 01 49 00 03 62 ff 9b d4 ff d6 00 14 00 27 0a
[17:48:07.627] PACKET[COM10] sensors: status=0b0110011000000000, uptime=40558, filtered_accel=[0.01316, 0.03464, -1.02576], gyro=[-2.94, 1.4, 2.73]
[17:48:07.681] RX[COM10]  01
[17:48:07.682] RX[COM10]  66 00 00 00 9e d2 00 01 49 00 03 4a ff 9c 11 ff d5 00 15 00 26 0a
[17:48:07.683] PACKET[COM10] sensors: status=0b0110011000000000, uptime=40658, filtered_accel=[0.01316, 0.03368, -1.02332], gyro=[-3.01, 1.47, 2.66]
[17:48:07.808] RX[COM10]  01
[17:48:07.820] RX[COM10]  6e 00 00 00 9f 36 00 01 3d 00 03 62 ff 9b e0 ff d5 00 16 00 27 0a
[17:48:07.830] PACKET[COM10] sensors: status=0b0110111000000000, uptime=40758, filtered_accel=[0.01268, 0.03464, -1.02528], gyro=[-3.01, 1.54, 2.73]
[17:48:07.902] RX[COM10]  01
[17:48:07.904] RX[COM10]  6e 00 00 00 9f 9a 00 01 49 00 03 56 ff 9c 04 ff d5 00 15 00 27 0a
[17:48:07.905] PACKET[COM10] sensors: status=0b0110111000000000, uptime=40858, filtered_accel=[0.01316, 0.03416, -1.02384], gyro=[-3.01, 1.47, 2.73]
[17:48:08.023] RX[COM10]  01
[17:48:08.024] RX[COM10]  6e 00 00 00 9f fe 00 01 49 00 03 56 ff 9b f8 ff d5 00 15 00 27 0a
[17:48:08.025] PACKET[COM10] sensors: status=0b0110111000000000, uptime=40958, filtered_accel=[0.01316, 0.03416, -1.02432], gyro=[-3.01, 1.47, 2.73]
[17:48:08.132] RX[COM10]  01
[17:48:08.132] RX[COM10]  6e 00 00 00 a0 77 00 01 49 00 03 6e ff 9b f8 ff fc ff ff ff ff 0a
[17:48:08.133] PACKET[COM10] sensors: status=0b0110111000000000, uptime=41079, filtered_accel=[0.01316, 0.03512, -1.02432], gyro=[-0.28, -0.07, -0.07]
[17:48:08.187] RX[COM10]  02
[17:48:08.188] RX[COM10]  6e 00 00 00 a0 a8 00 00 00 00 00 00 00 00 00 00 00 00 00 00 00 00 00 00 00 00 00 00 00 00 00 00 00 00 00 00 00 00 00 00 00 00 00 00 00 00 00 00 00 00 00 00 00 00 00 00 43 74 a0 83 13 e4 0a ff 6f 00 00 00 a0 a8 0a
[17:48:08.189] PACKET[COM10] state: status=0b0110111000000000, uptime=41128, orientation=[0.0, 0.0, 0.0, 0.0], position=[0.0, 0.0, 0.0], velocity=[0.0, 0.0, 0.0], latitude=0.0, longitude=0.0, gps_altitude=0.0, barometric_altitude=244.626999, witness_battery_voltage=5.092
[17:48:08.190] PACKET[COM10] heartbeat: status=0b0110111100000000, uptime=41128
[17:48:08.294] RX[COM10]  01
[17:48:08.295] RX[COM10]  6f 00 00 00 a1 2b 00 01 56 00 03 56 ff 9c 1d ff fc 00 02 ff fc 0a
[17:48:08.299] PACKET[COM10] sensors: status=0b0110111100000000, uptime=41259, filtered_accel=[0.01368, 0.03416, -1.02284], gyro=[-0.28, 0.14, -0.28]
[17:48:08.401] RX[COM10]  01
[17:48:08.402] RX[COM10]  67 00 00 00 a1 8e 00 01 49 00 03 56 ff 9c 04 ff d8 00 0f 00 2b 0a
[17:48:08.403] PACKET[COM10] sensors: status=0b0110011100000000, uptime=41358, filtered_accel=[0.01316, 0.03416, -1.02384], gyro=[-2.8, 1.05, 3.01]
