[02:34:23.416] RX[COM9]  49
[02:34:23.417] BAD_PACKET[COM9] unknown packet ID 0x49; discarded 1 byte(s)
[02:34:23.417] RX[COM9]  20 28 32 35 38 29 20 73 6c 65 65 70 5f 67 70 69 6f 3a 20 43 6f 6e 66 69 67 75 72 65 20 74 6f 20 69 73 6f 6c 61 74 65 20 61 6c 6c 20 47 50 49 4f 20 70 69 6e 73 20 69 6e 20 73 6c 65 65 70 20 73 74 61 74 65 0d 0a
[02:34:23.417] BAD_PACKET[COM9] unknown packet ID 0x20; discarded 1 byte(s)
[02:34:23.417] BAD_PACKET[COM9] unknown packet ID 0x28; discarded 1 byte(s)
[02:34:23.418] BAD_PACKET[COM9] unknown packet ID 0x32; discarded 1 byte(s)
[02:34:23.418] BAD_PACKET[COM9] unknown packet ID 0x35; discarded 1 byte(s)
[02:34:23.420] BAD_PACKET[COM9] unknown packet ID 0x38; discarded 1 byte(s)
[02:34:23.421] BAD_PACKET[COM9] unknown packet ID 0x29; discarded 1 byte(s)
[02:34:23.421] BAD_PACKET[COM9] unknown packet ID 0x20; discarded 1 byte(s)
[02:34:23.421] BAD_PACKET[COM9] unknown packet ID 0x73; discarded 1 byte(s)
[02:34:23.421] BAD_PACKET[COM9] unknown packet ID 0x6c; discarded 1 byte(s)
[02:34:23.422] BAD_PACKET[COM9] unknown packet ID 0x65; discarded 1 byte(s)
[02:34:23.422] BAD_PACKET[COM9] unknown packet ID 0x65; discarded 1 byte(s)
[02:34:23.422] BAD_PACKET[COM9] unknown packet ID 0x70; discarded 1 byte(s)
[02:34:23.423] BAD_PACKET[COM9] unknown packet ID 0x5f; discarded 1 byte(s)
[02:34:23.423] BAD_PACKET[COM9] unknown packet ID 0x67; discarded 1 byte(s)
[02:34:23.423] BAD_PACKET[COM9] unknown packet ID 0x70; discarded 1 byte(s)
[02:34:23.423] BAD_PACKET[COM9] unknown packet ID 0x69; discarded 1 byte(s)
[02:34:23.424] BAD_PACKET[COM9] unknown packet ID 0x6f; discarded 1 byte(s)
[02:34:23.425] BAD_PACKET[COM9] unknown packet ID 0x3a; discarded 1 byte(s)
[02:34:23.425] BAD_PACKET[COM9] unknown packet ID 0x20; discarded 1 byte(s)
[02:34:23.426] BAD_PACKET[COM9] unknown packet ID 0x43; discarded 1 byte(s)
[02:34:23.426] BAD_PACKET[COM9] unknown packet ID 0x6f; discarded 1 byte(s)
[02:34:23.427] BAD_PACKET[COM9] unknown packet ID 0x6e; discarded 1 byte(s)
[02:34:23.427] BAD_PACKET[COM9] unknown packet ID 0x66; discarded 1 byte(s)
[02:34:23.427] BAD_PACKET[COM9] unknown packet ID 0x69; discarded 1 byte(s)
[02:34:23.428] BAD_PACKET[COM9] unknown packet ID 0x67; discarded 1 byte(s)
[02:34:23.428] BAD_PACKET[COM9] unknown packet ID 0x75; discarded 1 byte(s)
[02:34:23.428] BAD_PACKET[COM9] unknown packet ID 0x72; discarded 1 byte(s)
[02:34:23.428] BAD_PACKET[COM9] unknown packet ID 0x65; discarded 1 byte(s)
[02:34:23.429] BAD_PACKET[COM9] unknown packet ID 0x20; discarded 1 byte(s)
[02:34:23.429] BAD_PACKET[COM9] unknown packet ID 0x74; discarded 1 byte(s)
[02:34:23.429] BAD_PACKET[COM9] unknown packet ID 0x6f; discarded 1 byte(s)
[02:34:23.429] BAD_PACKET[COM9] unknown packet ID 0x20; discarded 1 byte(s)
[02:34:23.430] BAD_PACKET[COM9] unknown packet ID 0x69; discarded 1 byte(s)
[02:34:23.430] BAD_PACKET[COM9] unknown packet ID 0x73; discarded 1 byte(s)
[02:34:23.430] BAD_PACKET[COM9] unknown packet ID 0x6f; discarded 1 byte(s)
[02:34:23.431] BAD_PACKET[COM9] unknown packet ID 0x6c; discarded 1 byte(s)
[02:34:23.431] BAD_PACKET[COM9] unknown packet ID 0x61; discarded 1 byte(s)
[02:34:23.431] BAD_PACKET[COM9] unknown packet ID 0x74; discarded 1 byte(s)
[02:34:23.431] BAD_PACKET[COM9] unknown packet ID 0x65; discarded 1 byte(s)
[02:34:23.432] BAD_PACKET[COM9] unknown packet ID 0x20; discarded 1 byte(s)
[02:34:23.432] BAD_PACKET[COM9] unknown packet ID 0x61; discarded 1 byte(s)
[02:34:23.432] BAD_PACKET[COM9] unknown packet ID 0x6c; discarded 1 byte(s)
[02:34:23.432] BAD_PACKET[COM9] unknown packet ID 0x6c; discarded 1 byte(s)
[02:34:23.434] BAD_PACKET[COM9] unknown packet ID 0x20; discarded 1 byte(s)
[02:34:23.434] BAD_PACKET[COM9] unknown packet ID 0x47; discarded 1 byte(s)
[02:34:23.435] BAD_PACKET[COM9] unknown packet ID 0x50; discarded 1 byte(s)
[02:34:23.435] BAD_PACKET[COM9] unknown packet ID 0x49; discarded 1 byte(s)
[02:34:23.435] BAD_PACKET[COM9] unknown packet ID 0x4f; discarded 1 byte(s)
[02:34:23.436] BAD_PACKET[COM9] unknown packet ID 0x20; discarded 1 byte(s)
[02:34:23.436] BAD_PACKET[COM9] unknown packet ID 0x70; discarded 1 byte(s)
[02:34:23.436] BAD_PACKET[COM9] unknown packet ID 0x69; discarded 1 byte(s)
[02:34:23.437] BAD_PACKET[COM9] unknown packet ID 0x6e; discarded 1 byte(s)
[02:34:23.437] BAD_PACKET[COM9] unknown packet ID 0x73; discarded 1 byte(s)
[02:34:23.437] BAD_PACKET[COM9] unknown packet ID 0x20; discarded 1 byte(s)
[02:34:23.438] BAD_PACKET[COM9] unknown packet ID 0x69; discarded 1 byte(s)
[02:34:23.438] BAD_PACKET[COM9] unknown packet ID 0x6e; discarded 1 byte(s)
[02:34:23.438] BAD_PACKET[COM9] unknown packet ID 0x20; discarded 1 byte(s)
[02:34:23.438] BAD_PACKET[COM9] unknown packet ID 0x73; discarded 1 byte(s)
[02:34:23.439] BAD_PACKET[COM9] unknown packet ID 0x6c; discarded 1 byte(s)
[02:34:23.439] BAD_PACKET[COM9] unknown packet ID 0x65; discarded 1 byte(s)
[02:34:23.439] BAD_PACKET[COM9] unknown packet ID 0x65; discarded 1 byte(s)
[02:34:23.439] BAD_PACKET[COM9] unknown packet ID 0x70; discarded 1 byte(s)
[02:34:23.440] BAD_PACKET[COM9] unknown packet ID 0x20; discarded 1 byte(s)
[02:34:23.441] BAD_PACKET[COM9] unknown packet ID 0x73; discarded 1 byte(s)
[02:34:23.441] BAD_PACKET[COM9] unknown packet ID 0x74; discarded 1 byte(s)
[02:34:23.441] BAD_PACKET[COM9] unknown packet ID 0x61; discarded 1 byte(s)
[02:34:23.442] BAD_PACKET[COM9] unknown packet ID 0x74; discarded 1 byte(s)
[02:34:23.442] BAD_PACKET[COM9] unknown packet ID 0x65; discarded 1 byte(s)
[02:34:23.442] BAD_PACKET[COM9] unknown packet ID 0x0d; discarded 1 byte(s)
[02:34:23.443] BAD_PACKET[COM9] unknown packet ID 0x0a; discarded 1 byte(s)
[02:34:23.443] RX[COM9]  49
[02:34:23.443] BAD_PACKET[COM9] unknown packet ID 0x49; discarded 1 byte(s)
[02:34:23.443] RX[COM9]  20 28 32 36 34 29 20 73 6c 65 65 70 5f 67 70 69 6f 3a 20 45 6e 61 62 6c 65 20 61 75 74 6f 6d 61 74 69 63 20 73 77 69 74 63 68 69 6e 67 20 6f 66 20 47 50 49 4f 20 73 6c 65 65 70 20 63 6f 6e 66 69 67 75 72 61 74 69 6f 6e 0d 0a
[02:34:23.444] BAD_PACKET[COM9] unknown packet ID 0x20; discarded 1 byte(s)
[02:34:23.444] BAD_PACKET[COM9] unknown packet ID 0x28; discarded 1 byte(s)
[02:34:23.444] BAD_PACKET[COM9] unknown packet ID 0x32; discarded 1 byte(s)
[02:34:23.445] BAD_PACKET[COM9] unknown packet ID 0x36; discarded 1 byte(s)
[02:34:23.445] BAD_PACKET[COM9] unknown packet ID 0x34; discarded 1 byte(s)
[02:34:23.445] BAD_PACKET[COM9] unknown packet ID 0x29; discarded 1 byte(s)
[02:34:23.445] BAD_PACKET[COM9] unknown packet ID 0x20; discarded 1 byte(s)
[02:34:23.446] BAD_PACKET[COM9] unknown packet ID 0x73; discarded 1 byte(s)
[02:34:23.446] BAD_PACKET[COM9] unknown packet ID 0x6c; discarded 1 byte(s)
[02:34:23.446] BAD_PACKET[COM9] unknown packet ID 0x65; discarded 1 byte(s)
[02:34:23.447] BAD_PACKET[COM9] unknown packet ID 0x65; discarded 1 byte(s)
[02:34:23.447] BAD_PACKET[COM9] unknown packet ID 0x70; discarded 1 byte(s)
[02:34:23.448] BAD_PACKET[COM9] unknown packet ID 0x5f; discarded 1 byte(s)
[02:34:23.449] BAD_PACKET[COM9] unknown packet ID 0x67; discarded 1 byte(s)
[02:34:23.449] BAD_PACKET[COM9] unknown packet ID 0x70; discarded 1 byte(s)
[02:34:23.449] BAD_PACKET[COM9] unknown packet ID 0x69; discarded 1 byte(s)
[02:34:23.449] BAD_PACKET[COM9] unknown packet ID 0x6f; discarded 1 byte(s)
[02:34:23.450] BAD_PACKET[COM9] unknown packet ID 0x3a; discarded 1 byte(s)
[02:34:23.450] BAD_PACKET[COM9] unknown packet ID 0x20; discarded 1 byte(s)
[02:34:23.450] BAD_PACKET[COM9] unknown packet ID 0x45; discarded 1 byte(s)
[02:34:23.451] BAD_PACKET[COM9] unknown packet ID 0x6e; discarded 1 byte(s)
[02:34:23.451] BAD_PACKET[COM9] unknown packet ID 0x61; discarded 1 byte(s)
[02:34:23.451] BAD_PACKET[COM9] unknown packet ID 0x62; discarded 1 byte(s)
[02:34:23.452] BAD_PACKET[COM9] unknown packet ID 0x6c; discarded 1 byte(s)
[02:34:23.452] BAD_PACKET[COM9] unknown packet ID 0x65; discarded 1 byte(s)
[02:34:23.452] BAD_PACKET[COM9] unknown packet ID 0x20; discarded 1 byte(s)
[02:34:23.453] BAD_PACKET[COM9] unknown packet ID 0x61; discarded 1 byte(s)
[02:34:23.453] BAD_PACKET[COM9] unknown packet ID 0x75; discarded 1 byte(s)
[02:34:23.453] BAD_PACKET[COM9] unknown packet ID 0x74; discarded 1 byte(s)
[02:34:23.454] BAD_PACKET[COM9] unknown packet ID 0x6f; discarded 1 byte(s)
[02:34:23.454] BAD_PACKET[COM9] unknown packet ID 0x6d; discarded 1 byte(s)
[02:34:23.454] BAD_PACKET[COM9] unknown packet ID 0x61; discarded 1 byte(s)
[02:34:23.455] BAD_PACKET[COM9] unknown packet ID 0x74; discarded 1 byte(s)
[02:34:23.455] BAD_PACKET[COM9] unknown packet ID 0x69; discarded 1 byte(s)
[02:34:23.455] BAD_PACKET[COM9] unknown packet ID 0x63; discarded 1 byte(s)
[02:34:23.456] BAD_PACKET[COM9] unknown packet ID 0x20; discarded 1 byte(s)
[02:34:23.456] BAD_PACKET[COM9] unknown packet ID 0x73; discarded 1 byte(s)
[02:34:23.456] BAD_PACKET[COM9] unknown packet ID 0x77; discarded 1 byte(s)
[02:34:23.457] BAD_PACKET[COM9] unknown packet ID 0x69; discarded 1 byte(s)
[02:34:23.457] BAD_PACKET[COM9] unknown packet ID 0x74; discarded 1 byte(s)
[02:34:23.457] BAD_PACKET[COM9] unknown packet ID 0x63; discarded 1 byte(s)
[02:34:23.457] BAD_PACKET[COM9] unknown packet ID 0x68; discarded 1 byte(s)
[02:34:23.461] BAD_PACKET[COM9] unknown packet ID 0x69; discarded 1 byte(s)
[02:34:23.464] BAD_PACKET[COM9] unknown packet ID 0x6e; discarded 1 byte(s)
[02:34:23.466] BAD_PACKET[COM9] unknown packet ID 0x67; discarded 1 byte(s)
[02:34:23.468] BAD_PACKET[COM9] unknown packet ID 0x20; discarded 1 byte(s)
[02:34:23.470] BAD_PACKET[COM9] unknown packet ID 0x6f; discarded 1 byte(s)
[02:34:23.472] BAD_PACKET[COM9] unknown packet ID 0x66; discarded 1 byte(s)
[02:34:23.474] BAD_PACKET[COM9] unknown packet ID 0x20; discarded 1 byte(s)
[02:34:23.476] BAD_PACKET[COM9] unknown packet ID 0x47; discarded 1 byte(s)
[02:34:23.478] BAD_PACKET[COM9] unknown packet ID 0x50; discarded 1 byte(s)
[02:34:23.480] BAD_PACKET[COM9] unknown packet ID 0x49; discarded 1 byte(s)
[02:34:23.485] BAD_PACKET[COM9] unknown packet ID 0x4f; discarded 1 byte(s)
[02:34:23.487] BAD_PACKET[COM9] unknown packet ID 0x20; discarded 1 byte(s)
[02:34:23.488] BAD_PACKET[COM9] unknown packet ID 0x73; discarded 1 byte(s)
[02:34:23.490] BAD_PACKET[COM9] unknown packet ID 0x6c; discarded 1 byte(s)
[02:34:23.492] BAD_PACKET[COM9] unknown packet ID 0x65; discarded 1 byte(s)
[02:34:23.494] BAD_PACKET[COM9] unknown packet ID 0x65; discarded 1 byte(s)
[02:34:23.495] BAD_PACKET[COM9] unknown packet ID 0x70; discarded 1 byte(s)
[02:34:23.497] BAD_PACKET[COM9] unknown packet ID 0x20; discarded 1 byte(s)
[02:34:23.499] BAD_PACKET[COM9] unknown packet ID 0x63; discarded 1 byte(s)
[02:34:23.500] BAD_PACKET[COM9] unknown packet ID 0x6f; discarded 1 byte(s)
[02:34:23.502] BAD_PACKET[COM9] unknown packet ID 0x6e; discarded 1 byte(s)
[02:34:23.505] BAD_PACKET[COM9] unknown packet ID 0x66; discarded 1 byte(s)
[02:34:23.506] BAD_PACKET[COM9] unknown packet ID 0x69; discarded 1 byte(s)
[02:34:23.507] BAD_PACKET[COM9] unknown packet ID 0x67; discarded 1 byte(s)
[02:34:23.509] BAD_PACKET[COM9] unknown packet ID 0x75; discarded 1 byte(s)
[02:34:23.511] BAD_PACKET[COM9] unknown packet ID 0x72; discarded 1 byte(s)
[02:34:23.513] BAD_PACKET[COM9] unknown packet ID 0x61; discarded 1 byte(s)
[02:34:23.515] BAD_PACKET[COM9] unknown packet ID 0x74; discarded 1 byte(s)
[02:34:23.516] BAD_PACKET[COM9] unknown packet ID 0x69; discarded 1 byte(s)
[02:34:23.518] BAD_PACKET[COM9] unknown packet ID 0x6f; discarded 1 byte(s)
[02:34:23.520] BAD_PACKET[COM9] unknown packet ID 0x6e; discarded 1 byte(s)
[02:34:23.521] BAD_PACKET[COM9] unknown packet ID 0x0d; discarded 1 byte(s)
[02:34:23.521] BAD_PACKET[COM9] unknown packet ID 0x0a; discarded 1 byte(s)
[02:34:23.522] RX[COM9]  49
[02:34:23.522] BAD_PACKET[COM9] unknown packet ID 0x49; discarded 1 byte(s)
[02:34:23.522] RX[COM9]  20 28 32 37 31 29 20 6d 61 69 6e 5f 74 61 73 6b 3a 20 53 74 61 72 74 65 64 20 6f 6e 20 43 50 55 30 0d 0a
[02:34:23.523] BAD_PACKET[COM9] unknown packet ID 0x20; discarded 1 byte(s)
[02:34:23.523] BAD_PACKET[COM9] unknown packet ID 0x28; discarded 1 byte(s)
[02:34:23.523] BAD_PACKET[COM9] unknown packet ID 0x32; discarded 1 byte(s)
[02:34:23.523] BAD_PACKET[COM9] unknown packet ID 0x37; discarded 1 byte(s)
[02:34:23.524] BAD_PACKET[COM9] unknown packet ID 0x31; discarded 1 byte(s)
[02:34:23.524] BAD_PACKET[COM9] unknown packet ID 0x29; discarded 1 byte(s)
[02:34:23.524] BAD_PACKET[COM9] unknown packet ID 0x20; discarded 1 byte(s)
[02:34:23.525] BAD_PACKET[COM9] unknown packet ID 0x6d; discarded 1 byte(s)
[02:34:23.526] BAD_PACKET[COM9] unknown packet ID 0x61; discarded 1 byte(s)
[02:34:23.526] BAD_PACKET[COM9] unknown packet ID 0x69; discarded 1 byte(s)
[02:34:23.526] BAD_PACKET[COM9] unknown packet ID 0x6e; discarded 1 byte(s)
[02:34:23.526] BAD_PACKET[COM9] unknown packet ID 0x5f; discarded 1 byte(s)
[02:34:23.527] BAD_PACKET[COM9] unknown packet ID 0x74; discarded 1 byte(s)
[02:34:23.527] BAD_PACKET[COM9] unknown packet ID 0x61; discarded 1 byte(s)
[02:34:23.527] BAD_PACKET[COM9] unknown packet ID 0x73; discarded 1 byte(s)
[02:34:23.528] BAD_PACKET[COM9] unknown packet ID 0x6b; discarded 1 byte(s)
[02:34:23.528] BAD_PACKET[COM9] unknown packet ID 0x3a; discarded 1 byte(s)
[02:34:23.528] BAD_PACKET[COM9] unknown packet ID 0x20; discarded 1 byte(s)
[02:34:23.529] BAD_PACKET[COM9] unknown packet ID 0x53; discarded 1 byte(s)
[02:34:23.529] BAD_PACKET[COM9] unknown packet ID 0x74; discarded 1 byte(s)
[02:34:23.529] BAD_PACKET[COM9] unknown packet ID 0x61; discarded 1 byte(s)
[02:34:23.529] BAD_PACKET[COM9] unknown packet ID 0x72; discarded 1 byte(s)
[02:34:23.530] BAD_PACKET[COM9] unknown packet ID 0x74; discarded 1 byte(s)
[02:34:23.530] BAD_PACKET[COM9] unknown packet ID 0x65; discarded 1 byte(s)
[02:34:23.530] BAD_PACKET[COM9] unknown packet ID 0x64; discarded 1 byte(s)
[02:34:23.530] BAD_PACKET[COM9] unknown packet ID 0x20; discarded 1 byte(s)
[02:34:23.531] BAD_PACKET[COM9] unknown packet ID 0x6f; discarded 1 byte(s)
[02:34:23.531] BAD_PACKET[COM9] unknown packet ID 0x6e; discarded 1 byte(s)
[02:34:23.531] BAD_PACKET[COM9] unknown packet ID 0x20; discarded 1 byte(s)
[02:34:23.532] BAD_PACKET[COM9] unknown packet ID 0x43; discarded 1 byte(s)
[02:34:23.532] BAD_PACKET[COM9] unknown packet ID 0x50; discarded 1 byte(s)
[02:34:23.533] BAD_PACKET[COM9] unknown packet ID 0x55; discarded 1 byte(s)
[02:34:23.533] BAD_PACKET[COM9] unknown packet ID 0x30; discarded 1 byte(s)
[02:34:23.533] BAD_PACKET[COM9] unknown packet ID 0x0d; discarded 1 byte(s)
[02:34:23.533] BAD_PACKET[COM9] unknown packet ID 0x0a; discarded 1 byte(s)
[02:34:23.534] RX[COM9]  49
[02:34:23.534] BAD_PACKET[COM9] unknown packet ID 0x49; discarded 1 byte(s)
[02:34:23.534] RX[COM9]  20 28 32 37 31 29 20 6d 61 69 6e 5f 74 61 73 6b 3a 20 43 61 6c 6c 69 6e 67 20 61 70 70 5f 6d 61 69 6e 28 29 0d 0a
[02:34:23.535] BAD_PACKET[COM9] unknown packet ID 0x20; discarded 1 byte(s)
[02:34:23.535] BAD_PACKET[COM9] unknown packet ID 0x28; discarded 1 byte(s)
[02:34:23.535] BAD_PACKET[COM9] unknown packet ID 0x32; discarded 1 byte(s)
[02:34:23.535] BAD_PACKET[COM9] unknown packet ID 0x37; discarded 1 byte(s)
[02:34:23.536] BAD_PACKET[COM9] unknown packet ID 0x31; discarded 1 byte(s)
[02:34:23.536] BAD_PACKET[COM9] unknown packet ID 0x29; discarded 1 byte(s)
[02:34:23.536] BAD_PACKET[COM9] unknown packet ID 0x20; discarded 1 byte(s)
[02:34:23.536] BAD_PACKET[COM9] unknown packet ID 0x6d; discarded 1 byte(s)
[02:34:23.537] BAD_PACKET[COM9] unknown packet ID 0x61; discarded 1 byte(s)
[02:34:23.537] BAD_PACKET[COM9] unknown packet ID 0x69; discarded 1 byte(s)
[02:34:23.537] BAD_PACKET[COM9] unknown packet ID 0x6e; discarded 1 byte(s)
[02:34:23.538] BAD_PACKET[COM9] unknown packet ID 0x5f; discarded 1 byte(s)
[02:34:23.538] BAD_PACKET[COM9] unknown packet ID 0x74; discarded 1 byte(s)
[02:34:23.538] BAD_PACKET[COM9] unknown packet ID 0x61; discarded 1 byte(s)
[02:34:23.538] BAD_PACKET[COM9] unknown packet ID 0x73; discarded 1 byte(s)
[02:34:23.539] BAD_PACKET[COM9] unknown packet ID 0x6b; discarded 1 byte(s)
[02:34:23.539] BAD_PACKET[COM9] unknown packet ID 0x3a; discarded 1 byte(s)
[02:34:23.540] BAD_PACKET[COM9] unknown packet ID 0x20; discarded 1 byte(s)
[02:34:23.540] BAD_PACKET[COM9] unknown packet ID 0x43; discarded 1 byte(s)
[02:34:23.540] BAD_PACKET[COM9] unknown packet ID 0x61; discarded 1 byte(s)
[02:34:23.541] BAD_PACKET[COM9] unknown packet ID 0x6c; discarded 1 byte(s)
[02:34:23.542] BAD_PACKET[COM9] unknown packet ID 0x6c; discarded 1 byte(s)
[02:34:23.542] BAD_PACKET[COM9] unknown packet ID 0x69; discarded 1 byte(s)
[02:34:23.543] BAD_PACKET[COM9] unknown packet ID 0x6e; discarded 1 byte(s)
[02:34:23.543] BAD_PACKET[COM9] unknown packet ID 0x67; discarded 1 byte(s)
[02:34:23.543] BAD_PACKET[COM9] unknown packet ID 0x20; discarded 1 byte(s)
[02:34:23.544] BAD_PACKET[COM9] unknown packet ID 0x61; discarded 1 byte(s)
[02:34:23.544] BAD_PACKET[COM9] unknown packet ID 0x70; discarded 1 byte(s)
[02:34:23.544] BAD_PACKET[COM9] unknown packet ID 0x70; discarded 1 byte(s)
[02:34:23.544] BAD_PACKET[COM9] unknown packet ID 0x5f; discarded 1 byte(s)
[02:34:23.545] BAD_PACKET[COM9] unknown packet ID 0x6d; discarded 1 byte(s)
[02:34:23.545] BAD_PACKET[COM9] unknown packet ID 0x61; discarded 1 byte(s)
[02:34:23.545] BAD_PACKET[COM9] unknown packet ID 0x69; discarded 1 byte(s)
[02:34:23.546] BAD_PACKET[COM9] unknown packet ID 0x6e; discarded 1 byte(s)
[02:34:23.546] BAD_PACKET[COM9] unknown packet ID 0x28; discarded 1 byte(s)
[02:34:23.547] BAD_PACKET[COM9] unknown packet ID 0x29; discarded 1 byte(s)
[02:34:23.547] BAD_PACKET[COM9] unknown packet ID 0x0d; discarded 1 byte(s)
[02:34:23.547] BAD_PACKET[COM9] unknown packet ID 0x0a; discarded 1 byte(s)
[02:34:23.547] RX[COM9]  49
[02:34:23.548] BAD_PACKET[COM9] unknown packet ID 0x49; discarded 1 byte(s)
[02:34:23.548] RX[COM9]  20 28 32 38 31 29 20 72 61 30 31 3a 20 50 69 6e 73 3a 20 52 45 53 45 54 3d 31 32 20 42 55 53 59 3d 33 34 20 52 46 5f 45 4e 3d 33 20 43 53 3d 34 0d 0a
[02:34:23.548] BAD_PACKET[COM9] unknown packet ID 0x20; discarded 1 byte(s)
[02:34:23.548] BAD_PACKET[COM9] unknown packet ID 0x28; discarded 1 byte(s)
[02:34:23.549] BAD_PACKET[COM9] unknown packet ID 0x32; discarded 1 byte(s)
[02:34:23.549] BAD_PACKET[COM9] unknown packet ID 0x38; discarded 1 byte(s)
[02:34:23.549] BAD_PACKET[COM9] unknown packet ID 0x31; discarded 1 byte(s)
[02:34:23.550] BAD_PACKET[COM9] unknown packet ID 0x29; discarded 1 byte(s)
[02:34:23.550] BAD_PACKET[COM9] unknown packet ID 0x20; discarded 1 byte(s)
[02:34:23.550] BAD_PACKET[COM9] unknown packet ID 0x72; discarded 1 byte(s)
[02:34:23.550] BAD_PACKET[COM9] unknown packet ID 0x61; discarded 1 byte(s)
[02:34:23.551] BAD_PACKET[COM9] unknown packet ID 0x30; discarded 1 byte(s)
[02:34:23.551] BAD_PACKET[COM9] unknown packet ID 0x31; discarded 1 byte(s)
[02:34:23.551] BAD_PACKET[COM9] unknown packet ID 0x3a; discarded 1 byte(s)
[02:34:23.552] BAD_PACKET[COM9] unknown packet ID 0x20; discarded 1 byte(s)
[02:34:23.552] BAD_PACKET[COM9] unknown packet ID 0x50; discarded 1 byte(s)
[02:34:23.552] BAD_PACKET[COM9] unknown packet ID 0x69; discarded 1 byte(s)
[02:34:23.552] BAD_PACKET[COM9] unknown packet ID 0x6e; discarded 1 byte(s)
[02:34:23.553] BAD_PACKET[COM9] unknown packet ID 0x73; discarded 1 byte(s)
[02:34:23.553] BAD_PACKET[COM9] unknown packet ID 0x3a; discarded 1 byte(s)
[02:34:23.554] BAD_PACKET[COM9] unknown packet ID 0x20; discarded 1 byte(s)
[02:34:23.554] BAD_PACKET[COM9] unknown packet ID 0x52; discarded 1 byte(s)
[02:34:23.554] BAD_PACKET[COM9] unknown packet ID 0x45; discarded 1 byte(s)
[02:34:23.554] BAD_PACKET[COM9] unknown packet ID 0x53; discarded 1 byte(s)
[02:34:23.555] BAD_PACKET[COM9] unknown packet ID 0x45; discarded 1 byte(s)
[02:34:23.555] BAD_PACKET[COM9] unknown packet ID 0x54; discarded 1 byte(s)
[02:34:23.555] BAD_PACKET[COM9] unknown packet ID 0x3d; discarded 1 byte(s)
[02:34:23.556] BAD_PACKET[COM9] unknown packet ID 0x31; discarded 1 byte(s)
[02:34:23.556] BAD_PACKET[COM9] unknown packet ID 0x32; discarded 1 byte(s)
[02:34:23.556] BAD_PACKET[COM9] unknown packet ID 0x20; discarded 1 byte(s)
[02:34:23.556] BAD_PACKET[COM9] unknown packet ID 0x42; discarded 1 byte(s)
[02:34:23.557] BAD_PACKET[COM9] unknown packet ID 0x55; discarded 1 byte(s)
[02:34:23.557] BAD_PACKET[COM9] unknown packet ID 0x53; discarded 1 byte(s)
[02:34:23.557] BAD_PACKET[COM9] unknown packet ID 0x59; discarded 1 byte(s)
[02:34:23.558] BAD_PACKET[COM9] unknown packet ID 0x3d; discarded 1 byte(s)
[02:34:23.558] BAD_PACKET[COM9] unknown packet ID 0x33; discarded 1 byte(s)
[02:34:23.558] BAD_PACKET[COM9] unknown packet ID 0x34; discarded 1 byte(s)
[02:34:23.558] BAD_PACKET[COM9] unknown packet ID 0x20; discarded 1 byte(s)
[02:34:23.559] BAD_PACKET[COM9] unknown packet ID 0x52; discarded 1 byte(s)
[02:34:23.559] BAD_PACKET[COM9] unknown packet ID 0x46; discarded 1 byte(s)
[02:34:23.559] BAD_PACKET[COM9] unknown packet ID 0x5f; discarded 1 byte(s)
[02:34:23.560] BAD_PACKET[COM9] unknown packet ID 0x45; discarded 1 byte(s)
[02:34:23.560] BAD_PACKET[COM9] unknown packet ID 0x4e; discarded 1 byte(s)
[02:34:23.561] BAD_PACKET[COM9] unknown packet ID 0x3d; discarded 1 byte(s)
[02:34:23.562] BAD_PACKET[COM9] unknown packet ID 0x33; discarded 1 byte(s)
[02:34:23.562] BAD_PACKET[COM9] unknown packet ID 0x20; discarded 1 byte(s)
[02:34:23.562] BAD_PACKET[COM9] unknown packet ID 0x43; discarded 1 byte(s)
[02:34:23.562] BAD_PACKET[COM9] unknown packet ID 0x53; discarded 1 byte(s)
[02:34:23.563] BAD_PACKET[COM9] unknown packet ID 0x3d; discarded 1 byte(s)
[02:34:23.563] BAD_PACKET[COM9] unknown packet ID 0x34; discarded 1 byte(s)
[02:34:23.563] BAD_PACKET[COM9] unknown packet ID 0x0d; discarded 1 byte(s)
[02:34:23.564] BAD_PACKET[COM9] unknown packet ID 0x0a; discarded 1 byte(s)
[02:34:23.564] RX[COM9]  49
[02:34:23.564] BAD_PACKET[COM9] unknown packet ID 0x49; discarded 1 byte(s)
[02:34:23.564] RX[COM9]  20 28 33 30 31 29 20 72 61 30 31 3a 20 41 66 74 65 72 20 72 65 73 65 74 3a 20 52 45 53 45 54 3d 30 20 52 46 5f 45 4e 3d 30 20 42 55 53 59 3d 30 0d 0a
[02:34:23.565] BAD_PACKET[COM9] unknown packet ID 0x20; discarded 1 byte(s)
[02:34:23.565] BAD_PACKET[COM9] unknown packet ID 0x28; discarded 1 byte(s)
[02:34:23.565] BAD_PACKET[COM9] unknown packet ID 0x33; discarded 1 byte(s)
[02:34:23.565] BAD_PACKET[COM9] unknown packet ID 0x30; discarded 1 byte(s)
[02:34:23.566] BAD_PACKET[COM9] unknown packet ID 0x31; discarded 1 byte(s)
[02:34:23.566] BAD_PACKET[COM9] unknown packet ID 0x29; discarded 1 byte(s)
[02:34:23.566] BAD_PACKET[COM9] unknown packet ID 0x20; discarded 1 byte(s)
[02:34:23.567] BAD_PACKET[COM9] unknown packet ID 0x72; discarded 1 byte(s)
[02:34:23.567] BAD_PACKET[COM9] unknown packet ID 0x61; discarded 1 byte(s)
[02:34:23.568] BAD_PACKET[COM9] unknown packet ID 0x30; discarded 1 byte(s)
[02:34:23.568] BAD_PACKET[COM9] unknown packet ID 0x31; discarded 1 byte(s)
[02:34:23.568] BAD_PACKET[COM9] unknown packet ID 0x3a; discarded 1 byte(s)
[02:34:23.569] BAD_PACKET[COM9] unknown packet ID 0x20; discarded 1 byte(s)
[02:34:23.569] BAD_PACKET[COM9] unknown packet ID 0x41; discarded 1 byte(s)
[02:34:23.569] BAD_PACKET[COM9] unknown packet ID 0x66; discarded 1 byte(s)
[02:34:23.570] BAD_PACKET[COM9] unknown packet ID 0x74; discarded 1 byte(s)
[02:34:23.570] BAD_PACKET[COM9] unknown packet ID 0x65; discarded 1 byte(s)
[02:34:23.570] BAD_PACKET[COM9] unknown packet ID 0x72; discarded 1 byte(s)
[02:34:23.570] BAD_PACKET[COM9] unknown packet ID 0x20; discarded 1 byte(s)
[02:34:23.571] BAD_PACKET[COM9] unknown packet ID 0x72; discarded 1 byte(s)
[02:34:23.571] BAD_PACKET[COM9] unknown packet ID 0x65; discarded 1 byte(s)
[02:34:23.571] BAD_PACKET[COM9] unknown packet ID 0x73; discarded 1 byte(s)
[02:34:23.571] BAD_PACKET[COM9] unknown packet ID 0x65; discarded 1 byte(s)
[02:34:23.572] BAD_PACKET[COM9] unknown packet ID 0x74; discarded 1 byte(s)
[02:34:23.572] BAD_PACKET[COM9] unknown packet ID 0x3a; discarded 1 byte(s)
[02:34:23.573] BAD_PACKET[COM9] unknown packet ID 0x20; discarded 1 byte(s)
[02:34:23.573] BAD_PACKET[COM9] unknown packet ID 0x52; discarded 1 byte(s)
[02:34:23.573] BAD_PACKET[COM9] unknown packet ID 0x45; discarded 1 byte(s)
[02:34:23.574] BAD_PACKET[COM9] unknown packet ID 0x53; discarded 1 byte(s)
[02:34:23.574] BAD_PACKET[COM9] unknown packet ID 0x45; discarded 1 byte(s)
[02:34:23.574] BAD_PACKET[COM9] unknown packet ID 0x54; discarded 1 byte(s)
[02:34:23.574] BAD_PACKET[COM9] unknown packet ID 0x3d; discarded 1 byte(s)
[02:34:23.575] BAD_PACKET[COM9] unknown packet ID 0x30; discarded 1 byte(s)
[02:34:23.576] BAD_PACKET[COM9] unknown packet ID 0x20; discarded 1 byte(s)
[02:34:23.576] BAD_PACKET[COM9] unknown packet ID 0x52; discarded 1 byte(s)
[02:34:23.576] BAD_PACKET[COM9] unknown packet ID 0x46; discarded 1 byte(s)
[02:34:23.576] BAD_PACKET[COM9] unknown packet ID 0x5f; discarded 1 byte(s)
[02:34:23.577] BAD_PACKET[COM9] unknown packet ID 0x45; discarded 1 byte(s)
[02:34:23.577] BAD_PACKET[COM9] unknown packet ID 0x4e; discarded 1 byte(s)
[02:34:23.577] BAD_PACKET[COM9] unknown packet ID 0x3d; discarded 1 byte(s)
[02:34:23.578] BAD_PACKET[COM9] unknown packet ID 0x30; discarded 1 byte(s)
[02:34:23.578] BAD_PACKET[COM9] unknown packet ID 0x20; discarded 1 byte(s)
[02:34:23.578] BAD_PACKET[COM9] unknown packet ID 0x42; discarded 1 byte(s)
[02:34:23.578] BAD_PACKET[COM9] unknown packet ID 0x55; discarded 1 byte(s)
[02:34:23.579] BAD_PACKET[COM9] unknown packet ID 0x53; discarded 1 byte(s)
[02:34:23.579] BAD_PACKET[COM9] unknown packet ID 0x59; discarded 1 byte(s)
[02:34:23.579] BAD_PACKET[COM9] unknown packet ID 0x3d; discarded 1 byte(s)
[02:34:23.579] BAD_PACKET[COM9] unknown packet ID 0x30; discarded 1 byte(s)
[02:34:23.580] BAD_PACKET[COM9] unknown packet ID 0x0d; discarded 1 byte(s)
[02:34:23.580] BAD_PACKET[COM9] unknown packet ID 0x0a; discarded 1 byte(s)
[02:34:23.580] RX[COM9]  49
[02:34:23.581] BAD_PACKET[COM9] unknown packet ID 0x49; discarded 1 byte(s)
[02:34:23.581] RX[COM9]  20 28 33 30 31 29 20 61 70 65 72 74 75 72 65 3a 20 52 61 64 69 6f 20 69 6e 69 74 69 61 6c 69 7a 65 64 3b 20 74 72 61 6e 73 6d 69 74 20 70 6f 77 65 72 20 69 73 20 2d 32 20 64 42 6d 0d 0a
[02:34:23.581] BAD_PACKET[COM9] unknown packet ID 0x20; discarded 1 byte(s)
[02:34:23.582] BAD_PACKET[COM9] unknown packet ID 0x28; discarded 1 byte(s)
[02:34:23.583] BAD_PACKET[COM9] unknown packet ID 0x33; discarded 1 byte(s)
[02:34:23.583] BAD_PACKET[COM9] unknown packet ID 0x30; discarded 1 byte(s)
[02:34:23.583] BAD_PACKET[COM9] unknown packet ID 0x31; discarded 1 byte(s)
[02:34:23.583] BAD_PACKET[COM9] unknown packet ID 0x29; discarded 1 byte(s)
[02:34:23.584] BAD_PACKET[COM9] unknown packet ID 0x20; discarded 1 byte(s)
[02:34:23.584] BAD_PACKET[COM9] unknown packet ID 0x61; discarded 1 byte(s)
[02:34:23.584] BAD_PACKET[COM9] unknown packet ID 0x70; discarded 1 byte(s)
[02:34:23.584] BAD_PACKET[COM9] unknown packet ID 0x65; discarded 1 byte(s)
[02:34:23.585] BAD_PACKET[COM9] unknown packet ID 0x72; discarded 1 byte(s)
[02:34:23.585] BAD_PACKET[COM9] unknown packet ID 0x74; discarded 1 byte(s)
[02:34:23.585] BAD_PACKET[COM9] unknown packet ID 0x75; discarded 1 byte(s)
[02:34:23.586] BAD_PACKET[COM9] unknown packet ID 0x72; discarded 1 byte(s)
[02:34:23.586] BAD_PACKET[COM9] unknown packet ID 0x65; discarded 1 byte(s)
[02:34:23.586] BAD_PACKET[COM9] unknown packet ID 0x3a; discarded 1 byte(s)
[02:34:23.586] BAD_PACKET[COM9] unknown packet ID 0x20; discarded 1 byte(s)
[02:34:23.587] BAD_PACKET[COM9] unknown packet ID 0x52; discarded 1 byte(s)
[02:34:23.587] BAD_PACKET[COM9] unknown packet ID 0x61; discarded 1 byte(s)
[02:34:23.587] BAD_PACKET[COM9] unknown packet ID 0x64; discarded 1 byte(s)
[02:34:23.588] BAD_PACKET[COM9] unknown packet ID 0x69; discarded 1 byte(s)
[02:34:23.590] BAD_PACKET[COM9] unknown packet ID 0x6f; discarded 1 byte(s)
[02:34:23.590] BAD_PACKET[COM9] unknown packet ID 0x20; discarded 1 byte(s)
[02:34:23.590] BAD_PACKET[COM9] unknown packet ID 0x69; discarded 1 byte(s)
[02:34:23.591] BAD_PACKET[COM9] unknown packet ID 0x6e; discarded 1 byte(s)
[02:34:23.591] BAD_PACKET[COM9] unknown packet ID 0x69; discarded 1 byte(s)
[02:34:23.591] BAD_PACKET[COM9] unknown packet ID 0x74; discarded 1 byte(s)
[02:34:23.592] BAD_PACKET[COM9] unknown packet ID 0x69; discarded 1 byte(s)
[02:34:23.592] BAD_PACKET[COM9] unknown packet ID 0x61; discarded 1 byte(s)
[02:34:23.592] BAD_PACKET[COM9] unknown packet ID 0x6c; discarded 1 byte(s)
[02:34:23.593] BAD_PACKET[COM9] unknown packet ID 0x69; discarded 1 byte(s)
[02:34:23.593] BAD_PACKET[COM9] unknown packet ID 0x7a; discarded 1 byte(s)
[02:34:23.593] BAD_PACKET[COM9] unknown packet ID 0x65; discarded 1 byte(s)
[02:34:23.593] BAD_PACKET[COM9] unknown packet ID 0x64; discarded 1 byte(s)
[02:34:23.594] BAD_PACKET[COM9] unknown packet ID 0x3b; discarded 1 byte(s)
[02:34:23.594] BAD_PACKET[COM9] unknown packet ID 0x20; discarded 1 byte(s)
[02:34:23.594] BAD_PACKET[COM9] unknown packet ID 0x74; discarded 1 byte(s)
[02:34:23.594] BAD_PACKET[COM9] unknown packet ID 0x72; discarded 1 byte(s)
[02:34:23.595] BAD_PACKET[COM9] unknown packet ID 0x61; discarded 1 byte(s)
[02:34:23.595] BAD_PACKET[COM9] unknown packet ID 0x6e; discarded 1 byte(s)
[02:34:23.596] BAD_PACKET[COM9] unknown packet ID 0x73; discarded 1 byte(s)
[02:34:23.596] BAD_PACKET[COM9] unknown packet ID 0x6d; discarded 1 byte(s)
[02:34:23.596] BAD_PACKET[COM9] unknown packet ID 0x69; discarded 1 byte(s)
[02:34:23.597] BAD_PACKET[COM9] unknown packet ID 0x74; discarded 1 byte(s)
[02:34:23.597] BAD_PACKET[COM9] unknown packet ID 0x20; discarded 1 byte(s)
[02:34:23.597] BAD_PACKET[COM9] unknown packet ID 0x70; discarded 1 byte(s)
[02:34:23.598] BAD_PACKET[COM9] unknown packet ID 0x6f; discarded 1 byte(s)
[02:34:23.598] BAD_PACKET[COM9] unknown packet ID 0x77; discarded 1 byte(s)
[02:34:23.598] BAD_PACKET[COM9] unknown packet ID 0x65; discarded 1 byte(s)
[02:34:23.598] BAD_PACKET[COM9] unknown packet ID 0x72; discarded 1 byte(s)
[02:34:23.599] BAD_PACKET[COM9] unknown packet ID 0x20; discarded 1 byte(s)
[02:34:23.599] BAD_PACKET[COM9] unknown packet ID 0x69; discarded 1 byte(s)
[02:34:23.599] BAD_PACKET[COM9] unknown packet ID 0x73; discarded 1 byte(s)
[02:34:23.599] BAD_PACKET[COM9] unknown packet ID 0x20; discarded 1 byte(s)
[02:34:23.600] BAD_PACKET[COM9] unknown packet ID 0x2d; discarded 1 byte(s)
[02:34:23.600] BAD_PACKET[COM9] unknown packet ID 0x32; discarded 1 byte(s)
[02:34:23.600] BAD_PACKET[COM9] unknown packet ID 0x20; discarded 1 byte(s)
[02:34:23.601] BAD_PACKET[COM9] unknown packet ID 0x64; discarded 1 byte(s)
[02:34:23.601] BAD_PACKET[COM9] unknown packet ID 0x42; discarded 1 byte(s)
[02:34:23.601] BAD_PACKET[COM9] unknown packet ID 0x6d; discarded 1 byte(s)
[02:34:23.601] BAD_PACKET[COM9] unknown packet ID 0x0d; discarded 1 byte(s)
[02:34:23.602] BAD_PACKET[COM9] unknown packet ID 0x0a; discarded 1 byte(s)
[02:34:23.602] RX[COM9]  49
[02:34:23.603] BAD_PACKET[COM9] unknown packet ID 0x49; discarded 1 byte(s)
[02:34:23.603] RX[COM9]  20 28 33 30 31 29 20 61 70 65 72 74 75 72 65 3a 20 53 65 6e 64 69 6e 67 20 68 65 61 72 74 62 65 61 74 20 28 38 20 62 79 74 65 73 29 0d 0a
[02:34:23.604] BAD_PACKET[COM9] unknown packet ID 0x20; discarded 1 byte(s)
[02:34:23.604] BAD_PACKET[COM9] unknown packet ID 0x28; discarded 1 byte(s)
[02:34:23.604] BAD_PACKET[COM9] unknown packet ID 0x33; discarded 1 byte(s)
[02:34:23.604] BAD_PACKET[COM9] unknown packet ID 0x30; discarded 1 byte(s)
[02:34:23.605] BAD_PACKET[COM9] unknown packet ID 0x31; discarded 1 byte(s)
[02:34:23.605] BAD_PACKET[COM9] unknown packet ID 0x29; discarded 1 byte(s)
[02:34:23.605] BAD_PACKET[COM9] unknown packet ID 0x20; discarded 1 byte(s)
[02:34:23.606] BAD_PACKET[COM9] unknown packet ID 0x61; discarded 1 byte(s)
[02:34:23.606] BAD_PACKET[COM9] unknown packet ID 0x70; discarded 1 byte(s)
[02:34:23.606] BAD_PACKET[COM9] unknown packet ID 0x65; discarded 1 byte(s)
[02:34:23.606] BAD_PACKET[COM9] unknown packet ID 0x72; discarded 1 byte(s)
[02:34:23.607] BAD_PACKET[COM9] unknown packet ID 0x74; discarded 1 byte(s)
[02:34:23.607] BAD_PACKET[COM9] unknown packet ID 0x75; discarded 1 byte(s)
[02:34:23.607] BAD_PACKET[COM9] unknown packet ID 0x72; discarded 1 byte(s)
[02:34:23.608] BAD_PACKET[COM9] unknown packet ID 0x65; discarded 1 byte(s)
[02:34:23.608] BAD_PACKET[COM9] unknown packet ID 0x3a; discarded 1 byte(s)
[02:34:23.608] BAD_PACKET[COM9] unknown packet ID 0x20; discarded 1 byte(s)
[02:34:23.608] BAD_PACKET[COM9] unknown packet ID 0x53; discarded 1 byte(s)
[02:34:23.609] BAD_PACKET[COM9] unknown packet ID 0x65; discarded 1 byte(s)
[02:34:23.609] BAD_PACKET[COM9] unknown packet ID 0x6e; discarded 1 byte(s)
[02:34:23.609] BAD_PACKET[COM9] unknown packet ID 0x64; discarded 1 byte(s)
[02:34:23.610] BAD_PACKET[COM9] unknown packet ID 0x69; discarded 1 byte(s)
[02:34:23.610] BAD_PACKET[COM9] unknown packet ID 0x6e; discarded 1 byte(s)
[02:34:23.610] BAD_PACKET[COM9] unknown packet ID 0x67; discarded 1 byte(s)
[02:34:23.611] BAD_PACKET[COM9] unknown packet ID 0x20; discarded 1 byte(s)
[02:34:23.611] BAD_PACKET[COM9] unknown packet ID 0x68; discarded 1 byte(s)
[02:34:23.611] BAD_PACKET[COM9] unknown packet ID 0x65; discarded 1 byte(s)
[02:34:23.611] BAD_PACKET[COM9] unknown packet ID 0x61; discarded 1 byte(s)
[02:34:23.612] BAD_PACKET[COM9] unknown packet ID 0x72; discarded 1 byte(s)
[02:34:23.612] BAD_PACKET[COM9] unknown packet ID 0x74; discarded 1 byte(s)
[02:34:23.612] BAD_PACKET[COM9] unknown packet ID 0x62; discarded 1 byte(s)
[02:34:23.612] BAD_PACKET[COM9] unknown packet ID 0x65; discarded 1 byte(s)
[02:34:23.613] BAD_PACKET[COM9] unknown packet ID 0x61; discarded 1 byte(s)
[02:34:23.613] BAD_PACKET[COM9] unknown packet ID 0x74; discarded 1 byte(s)
[02:34:23.613] BAD_PACKET[COM9] unknown packet ID 0x20; discarded 1 byte(s)
[02:34:23.614] BAD_PACKET[COM9] unknown packet ID 0x28; discarded 1 byte(s)
[02:34:23.614] BAD_PACKET[COM9] unknown packet ID 0x38; discarded 1 byte(s)
[02:34:23.614] BAD_PACKET[COM9] unknown packet ID 0x20; discarded 1 byte(s)
[02:34:23.614] BAD_PACKET[COM9] unknown packet ID 0x62; discarded 1 byte(s)
[02:34:23.615] BAD_PACKET[COM9] unknown packet ID 0x79; discarded 1 byte(s)
[02:34:23.615] BAD_PACKET[COM9] unknown packet ID 0x74; discarded 1 byte(s)
[02:34:23.615] BAD_PACKET[COM9] unknown packet ID 0x65; discarded 1 byte(s)
[02:34:23.616] BAD_PACKET[COM9] unknown packet ID 0x73; discarded 1 byte(s)
[02:34:23.616] BAD_PACKET[COM9] unknown packet ID 0x29; discarded 1 byte(s)
[02:34:23.616] BAD_PACKET[COM9] unknown packet ID 0x0d; discarded 1 byte(s)
[02:34:23.616] BAD_PACKET[COM9] unknown packet ID 0x0a; discarded 1 byte(s)
[02:34:23.617] RX[COM9]  45
[02:34:23.617] BAD_PACKET[COM9] unknown packet ID 0x45; discarded 1 byte(s)
[02:34:23.618] RX[COM9]  20 42 4f 44 3a 20 42 72 6f 77 6e 6f 75 74 20 64 65 74 65 63 74 6f 72 20 77 61 73 20 74 72 69 67 67 65 72 65 64 0d 0a
[02:34:23.618] BAD_PACKET[COM9] unknown packet ID 0x20; discarded 1 byte(s)
[02:34:23.619] BAD_PACKET[COM9] unknown packet ID 0x42; discarded 1 byte(s)
[02:34:23.621] BAD_PACKET[COM9] unknown packet ID 0x4f; discarded 1 byte(s)
[02:34:23.623] BAD_PACKET[COM9] unknown packet ID 0x44; discarded 1 byte(s)
[02:34:23.624] BAD_PACKET[COM9] unknown packet ID 0x3a; discarded 1 byte(s)
[02:34:23.625] BAD_PACKET[COM9] unknown packet ID 0x20; discarded 1 byte(s)
[02:34:23.625] BAD_PACKET[COM9] unknown packet ID 0x42; discarded 1 byte(s)
[02:34:23.625] BAD_PACKET[COM9] unknown packet ID 0x72; discarded 1 byte(s)
[02:34:23.625] BAD_PACKET[COM9] unknown packet ID 0x6f; discarded 1 byte(s)
[02:34:23.626] BAD_PACKET[COM9] unknown packet ID 0x77; discarded 1 byte(s)
[02:34:23.628] BAD_PACKET[COM9] unknown packet ID 0x6e; discarded 1 byte(s)
[02:34:23.629] BAD_PACKET[COM9] unknown packet ID 0x6f; discarded 1 byte(s)
[02:34:23.631] BAD_PACKET[COM9] unknown packet ID 0x75; discarded 1 byte(s)
[02:34:23.631] BAD_PACKET[COM9] unknown packet ID 0x74; discarded 1 byte(s)
[02:34:23.632] BAD_PACKET[COM9] unknown packet ID 0x20; discarded 1 byte(s)
[02:34:23.632] BAD_PACKET[COM9] unknown packet ID 0x64; discarded 1 byte(s)
[02:34:23.632] BAD_PACKET[COM9] unknown packet ID 0x65; discarded 1 byte(s)
[02:34:23.633] BAD_PACKET[COM9] unknown packet ID 0x74; discarded 1 byte(s)
[02:34:23.633] BAD_PACKET[COM9] unknown packet ID 0x65; discarded 1 byte(s)
[02:34:23.633] BAD_PACKET[COM9] unknown packet ID 0x63; discarded 1 byte(s)
[02:34:23.633] BAD_PACKET[COM9] unknown packet ID 0x74; discarded 1 byte(s)
[02:34:23.634] BAD_PACKET[COM9] unknown packet ID 0x6f; discarded 1 byte(s)
[02:34:23.634] BAD_PACKET[COM9] unknown packet ID 0x72; discarded 1 byte(s)
[02:34:23.635] BAD_PACKET[COM9] unknown packet ID 0x20; discarded 1 byte(s)
[02:34:23.635] BAD_PACKET[COM9] unknown packet ID 0x77; discarded 1 byte(s)
[02:34:23.636] BAD_PACKET[COM9] unknown packet ID 0x61; discarded 1 byte(s)
[02:34:23.636] BAD_PACKET[COM9] unknown packet ID 0x73; discarded 1 byte(s)
[02:34:23.636] BAD_PACKET[COM9] unknown packet ID 0x20; discarded 1 byte(s)
[02:34:23.637] BAD_PACKET[COM9] unknown packet ID 0x74; discarded 1 byte(s)
[02:34:23.637] BAD_PACKET[COM9] unknown packet ID 0x72; discarded 1 byte(s)
[02:34:23.637] BAD_PACKET[COM9] unknown packet ID 0x69; discarded 1 byte(s)
[02:34:23.638] BAD_PACKET[COM9] unknown packet ID 0x67; discarded 1 byte(s)
[02:34:23.638] BAD_PACKET[COM9] unknown packet ID 0x67; discarded 1 byte(s)
[02:34:23.638] BAD_PACKET[COM9] unknown packet ID 0x65; discarded 1 byte(s)
[02:34:23.639] BAD_PACKET[COM9] unknown packet ID 0x72; discarded 1 byte(s)
[02:34:23.640] BAD_PACKET[COM9] unknown packet ID 0x65; discarded 1 byte(s)
[02:34:23.643] BAD_PACKET[COM9] unknown packet ID 0x64; discarded 1 byte(s)
[02:34:23.643] BAD_PACKET[COM9] unknown packet ID 0x0d; discarded 1 byte(s)
[02:34:23.643] BAD_PACKET[COM9] unknown packet ID 0x0a; discarded 1 byte(s)
[02:34:23.643] RX[COM9]  0d 0a
[02:34:23.644] BAD_PACKET[COM9] unknown packet ID 0x0d; discarded 1 byte(s)
[02:34:23.644] BAD_PACKET[COM9] unknown packet ID 0x0a; discarded 1 byte(s)
[02:34:23.644] RX[COM9]  0d
[02:34:23.645] BAD_PACKET[COM9] unknown packet ID 0x0d; discarded 1 byte(s)
[02:34:23.645] RX[COM9]  0a
[02:34:23.645] BAD_PACKET[COM9] unknown packet ID 0x0a; discarded 1 byte(s)
[02:34:23.645] RX[COM9]  45
[02:34:23.646] BAD_PACKET[COM9] unknown packet ID 0x45; discarded 1 byte(s)
[02:34:23.646] RX[COM9]  53 50 2d 52 4f 4d 3a 65 73 70 33 32 73 33 2d 32 30 32 31 30 33 32 37 0d 0a
[02:34:23.646] BAD_PACKET[COM9] unknown packet ID 0x53; discarded 1 byte(s)
[02:34:23.647] BAD_PACKET[COM9] unknown packet ID 0x50; discarded 1 byte(s)
[02:34:23.647] BAD_PACKET[COM9] unknown packet ID 0x2d; discarded 1 byte(s)
[02:34:23.647] BAD_PACKET[COM9] unknown packet ID 0x52; discarded 1 byte(s)
[02:34:23.647] BAD_PACKET[COM9] unknown packet ID 0x4f; discarded 1 byte(s)
[02:34:23.648] BAD_PACKET[COM9] unknown packet ID 0x4d; discarded 1 byte(s)
[02:34:23.652] BAD_PACKET[COM9] unknown packet ID 0x3a; discarded 1 byte(s)
[02:34:23.653] BAD_PACKET[COM9] unknown packet ID 0x65; discarded 1 byte(s)
[02:34:23.654] BAD_PACKET[COM9] unknown packet ID 0x73; discarded 1 byte(s)
[02:34:23.654] BAD_PACKET[COM9] unknown packet ID 0x70; discarded 1 byte(s)
[02:34:23.654] BAD_PACKET[COM9] unknown packet ID 0x33; discarded 1 byte(s)
[02:34:23.655] BAD_PACKET[COM9] unknown packet ID 0x32; discarded 1 byte(s)
[02:34:23.655] BAD_PACKET[COM9] unknown packet ID 0x73; discarded 1 byte(s)
[02:34:23.655] BAD_PACKET[COM9] unknown packet ID 0x33; discarded 1 byte(s)
[02:34:23.655] BAD_PACKET[COM9] unknown packet ID 0x2d; discarded 1 byte(s)
[02:34:23.656] BAD_PACKET[COM9] unknown packet ID 0x32; discarded 1 byte(s)
[02:34:23.656] BAD_PACKET[COM9] unknown packet ID 0x30; discarded 1 byte(s)
[02:34:23.656] BAD_PACKET[COM9] unknown packet ID 0x32; discarded 1 byte(s)
[02:34:23.657] BAD_PACKET[COM9] unknown packet ID 0x31; discarded 1 byte(s)
[02:34:23.657] BAD_PACKET[COM9] unknown packet ID 0x30; discarded 1 byte(s)
[02:34:23.657] BAD_PACKET[COM9] unknown packet ID 0x33; discarded 1 byte(s)
[02:34:23.657] BAD_PACKET[COM9] unknown packet ID 0x32; discarded 1 byte(s)
[02:34:23.658] BAD_PACKET[COM9] unknown packet ID 0x37; discarded 1 byte(s)
[02:34:23.658] BAD_PACKET[COM9] unknown packet ID 0x0d; discarded 1 byte(s)
[02:34:23.658] BAD_PACKET[COM9] unknown packet ID 0x0a; discarded 1 byte(s)
[02:34:23.659] RX[COM9]  42 75 69 6c 64 3a 4d 61 72 20 32 37 20 32 30 32 31 0d 0a
[02:34:23.659] BAD_PACKET[COM9] unknown packet ID 0x42; discarded 1 byte(s)
[02:34:23.659] BAD_PACKET[COM9] unknown packet ID 0x75; discarded 1 byte(s)
[02:34:23.659] BAD_PACKET[COM9] unknown packet ID 0x69; discarded 1 byte(s)
[02:34:23.660] BAD_PACKET[COM9] unknown packet ID 0x6c; discarded 1 byte(s)
[02:34:23.660] BAD_PACKET[COM9] unknown packet ID 0x64; discarded 1 byte(s)
[02:34:23.660] BAD_PACKET[COM9] unknown packet ID 0x3a; discarded 1 byte(s)
[02:34:23.660] BAD_PACKET[COM9] unknown packet ID 0x4d; discarded 1 byte(s)
[02:34:23.661] BAD_PACKET[COM9] unknown packet ID 0x61; discarded 1 byte(s)
[02:34:23.661] BAD_PACKET[COM9] unknown packet ID 0x72; discarded 1 byte(s)
[02:34:23.661] BAD_PACKET[COM9] unknown packet ID 0x20; discarded 1 byte(s)
[02:34:23.662] BAD_PACKET[COM9] unknown packet ID 0x32; discarded 1 byte(s)
[02:34:23.662] BAD_PACKET[COM9] unknown packet ID 0x37; discarded 1 byte(s)
[02:34:23.663] BAD_PACKET[COM9] unknown packet ID 0x20; discarded 1 byte(s)
[02:34:23.663] BAD_PACKET[COM9] unknown packet ID 0x32; discarded 1 byte(s)
[02:34:23.664] BAD_PACKET[COM9] unknown packet ID 0x30; discarded 1 byte(s)
[02:34:23.665] BAD_PACKET[COM9] unknown packet ID 0x32; discarded 1 byte(s)
[02:34:23.666] BAD_PACKET[COM9] unknown packet ID 0x31; discarded 1 byte(s)
[02:34:23.667] BAD_PACKET[COM9] unknown packet ID 0x0d; discarded 1 byte(s)
[02:34:23.667] BAD_PACKET[COM9] unknown packet ID 0x0a; discarded 1 byte(s)
[02:34:23.667] RX[COM9]  72
[02:34:23.668] BAD_PACKET[COM9] unknown packet ID 0x72; discarded 1 byte(s)
[02:34:23.668] RX[COM9]  73 74 3a 30 78 33 20 28 52 54 43 5f 53 57 5f 53 59 53 5f 52 53 54 29 2c 62 6f 6f 74 3a 30 78 38 20 28 53 50 49 5f 46 41 53 54 5f 46 4c 41 53 48 5f 42 4f 4f 54 29 0d 0a
[02:34:23.668] BAD_PACKET[COM9] unknown packet ID 0x73; discarded 1 byte(s)
[02:34:23.668] BAD_PACKET[COM9] unknown packet ID 0x74; discarded 1 byte(s)
[02:34:23.669] BAD_PACKET[COM9] unknown packet ID 0x3a; discarded 1 byte(s)
[02:34:23.669] BAD_PACKET[COM9] unknown packet ID 0x30; discarded 1 byte(s)
[02:34:23.669] BAD_PACKET[COM9] unknown packet ID 0x78; discarded 1 byte(s)
[02:34:23.669] BAD_PACKET[COM9] unknown packet ID 0x33; discarded 1 byte(s)
[02:34:23.670] BAD_PACKET[COM9] unknown packet ID 0x20; discarded 1 byte(s)
[02:34:23.670] BAD_PACKET[COM9] unknown packet ID 0x28; discarded 1 byte(s)
[02:34:23.670] BAD_PACKET[COM9] unknown packet ID 0x52; discarded 1 byte(s)
[02:34:23.671] BAD_PACKET[COM9] unknown packet ID 0x54; discarded 1 byte(s)
[02:34:23.671] BAD_PACKET[COM9] unknown packet ID 0x43; discarded 1 byte(s)
[02:34:23.671] BAD_PACKET[COM9] unknown packet ID 0x5f; discarded 1 byte(s)
[02:34:23.671] BAD_PACKET[COM9] unknown packet ID 0x53; discarded 1 byte(s)
[02:34:23.672] BAD_PACKET[COM9] unknown packet ID 0x57; discarded 1 byte(s)
[02:34:23.672] BAD_PACKET[COM9] unknown packet ID 0x5f; discarded 1 byte(s)
[02:34:23.672] BAD_PACKET[COM9] unknown packet ID 0x53; discarded 1 byte(s)
[02:34:23.673] BAD_PACKET[COM9] unknown packet ID 0x59; discarded 1 byte(s)
[02:34:23.673] BAD_PACKET[COM9] unknown packet ID 0x53; discarded 1 byte(s)
[02:34:23.673] BAD_PACKET[COM9] unknown packet ID 0x5f; discarded 1 byte(s)
[02:34:23.673] BAD_PACKET[COM9] unknown packet ID 0x52; discarded 1 byte(s)
[02:34:23.674] BAD_PACKET[COM9] unknown packet ID 0x53; discarded 1 byte(s)
[02:34:23.674] BAD_PACKET[COM9] unknown packet ID 0x54; discarded 1 byte(s)
[02:34:23.674] BAD_PACKET[COM9] unknown packet ID 0x29; discarded 1 byte(s)
[02:34:23.674] BAD_PACKET[COM9] unknown packet ID 0x2c; discarded 1 byte(s)
[02:34:23.675] BAD_PACKET[COM9] unknown packet ID 0x62; discarded 1 byte(s)
[02:34:23.675] BAD_PACKET[COM9] unknown packet ID 0x6f; discarded 1 byte(s)
[02:34:23.675] BAD_PACKET[COM9] unknown packet ID 0x6f; discarded 1 byte(s)
[02:34:23.676] BAD_PACKET[COM9] unknown packet ID 0x74; discarded 1 byte(s)
[02:34:23.676] BAD_PACKET[COM9] unknown packet ID 0x3a; discarded 1 byte(s)
[02:34:23.676] BAD_PACKET[COM9] unknown packet ID 0x30; discarded 1 byte(s)
[02:34:23.676] BAD_PACKET[COM9] unknown packet ID 0x78; discarded 1 byte(s)
[02:34:23.677] BAD_PACKET[COM9] unknown packet ID 0x38; discarded 1 byte(s)
[02:34:23.677] BAD_PACKET[COM9] unknown packet ID 0x20; discarded 1 byte(s)
[02:34:23.677] BAD_PACKET[COM9] unknown packet ID 0x28; discarded 1 byte(s)
[02:34:23.678] BAD_PACKET[COM9] unknown packet ID 0x53; discarded 1 byte(s)
[02:34:23.678] BAD_PACKET[COM9] unknown packet ID 0x50; discarded 1 byte(s)
[02:34:23.678] BAD_PACKET[COM9] unknown packet ID 0x49; discarded 1 byte(s)
[02:34:23.678] BAD_PACKET[COM9] unknown packet ID 0x5f; discarded 1 byte(s)
[02:34:23.679] BAD_PACKET[COM9] unknown packet ID 0x46; discarded 1 byte(s)
[02:34:23.679] BAD_PACKET[COM9] unknown packet ID 0x41; discarded 1 byte(s)
[02:34:23.680] BAD_PACKET[COM9] unknown packet ID 0x53; discarded 1 byte(s)
[02:34:23.680] BAD_PACKET[COM9] unknown packet ID 0x54; discarded 1 byte(s)
[02:34:23.681] BAD_PACKET[COM9] unknown packet ID 0x5f; discarded 1 byte(s)
[02:34:23.681] BAD_PACKET[COM9] unknown packet ID 0x46; discarded 1 byte(s)
[02:34:23.681] BAD_PACKET[COM9] unknown packet ID 0x4c; discarded 1 byte(s)
[02:34:23.682] BAD_PACKET[COM9] unknown packet ID 0x41; discarded 1 byte(s)
[02:34:23.682] BAD_PACKET[COM9] unknown packet ID 0x53; discarded 1 byte(s)
[02:34:23.682] BAD_PACKET[COM9] unknown packet ID 0x48; discarded 1 byte(s)
[02:34:23.682] BAD_PACKET[COM9] unknown packet ID 0x5f; discarded 1 byte(s)
[02:34:23.683] BAD_PACKET[COM9] unknown packet ID 0x42; discarded 1 byte(s)
[02:34:23.683] BAD_PACKET[COM9] unknown packet ID 0x4f; discarded 1 byte(s)
[02:34:23.683] BAD_PACKET[COM9] unknown packet ID 0x4f; discarded 1 byte(s)
[02:34:23.684] BAD_PACKET[COM9] unknown packet ID 0x54; discarded 1 byte(s)
[02:34:23.684] BAD_PACKET[COM9] unknown packet ID 0x29; discarded 1 byte(s)
[02:34:23.684] BAD_PACKET[COM9] unknown packet ID 0x0d; discarded 1 byte(s)
[02:34:23.684] BAD_PACKET[COM9] unknown packet ID 0x0a; discarded 1 byte(s)
[02:34:23.685] RX[COM9]  53 61 76 65 64 20 50 43 3a 30 78 34 30 33 37 36 38 37 38 0d 0a
[02:34:23.685] BAD_PACKET[COM9] unknown packet ID 0x53; discarded 1 byte(s)
[02:34:23.685] BAD_PACKET[COM9] unknown packet ID 0x61; discarded 1 byte(s)
[02:34:23.686] BAD_PACKET[COM9] unknown packet ID 0x76; discarded 1 byte(s)
[02:34:23.686] BAD_PACKET[COM9] unknown packet ID 0x65; discarded 1 byte(s)
[02:34:23.686] BAD_PACKET[COM9] unknown packet ID 0x64; discarded 1 byte(s)
[02:34:23.686] BAD_PACKET[COM9] unknown packet ID 0x20; discarded 1 byte(s)
[02:34:23.687] BAD_PACKET[COM9] unknown packet ID 0x50; discarded 1 byte(s)
[02:34:23.687] BAD_PACKET[COM9] unknown packet ID 0x43; discarded 1 byte(s)
[02:34:23.687] BAD_PACKET[COM9] unknown packet ID 0x3a; discarded 1 byte(s)
[02:34:23.687] BAD_PACKET[COM9] unknown packet ID 0x30; discarded 1 byte(s)
[02:34:23.688] BAD_PACKET[COM9] unknown packet ID 0x78; discarded 1 byte(s)
[02:34:23.688] BAD_PACKET[COM9] unknown packet ID 0x34; discarded 1 byte(s)
[02:34:23.688] BAD_PACKET[COM9] unknown packet ID 0x30; discarded 1 byte(s)
[02:34:23.689] BAD_PACKET[COM9] unknown packet ID 0x33; discarded 1 byte(s)
[02:34:23.689] BAD_PACKET[COM9] unknown packet ID 0x37; discarded 1 byte(s)
[02:34:23.689] BAD_PACKET[COM9] unknown packet ID 0x36; discarded 1 byte(s)
[02:34:23.689] BAD_PACKET[COM9] unknown packet ID 0x38; discarded 1 byte(s)
[02:34:23.690] BAD_PACKET[COM9] unknown packet ID 0x37; discarded 1 byte(s)
[02:34:23.690] BAD_PACKET[COM9] unknown packet ID 0x38; discarded 1 byte(s)
[02:34:23.690] BAD_PACKET[COM9] unknown packet ID 0x0d; discarded 1 byte(s)
[02:34:23.690] BAD_PACKET[COM9] unknown packet ID 0x0a; discarded 1 byte(s)
[02:34:23.691] RX[COM9]  53
[02:34:23.691] BAD_PACKET[COM9] unknown packet ID 0x53; discarded 1 byte(s)
[02:34:23.691] RX[COM9]  50 49 57 50 3a 30 78 65 65 0d 0a
[02:34:23.692] BAD_PACKET[COM9] unknown packet ID 0x50; discarded 1 byte(s)
[02:34:23.692] BAD_PACKET[COM9] unknown packet ID 0x49; discarded 1 byte(s)
[02:34:23.692] BAD_PACKET[COM9] unknown packet ID 0x57; discarded 1 byte(s)
[02:34:23.692] BAD_PACKET[COM9] unknown packet ID 0x50; discarded 1 byte(s)
[02:34:23.693] BAD_PACKET[COM9] unknown packet ID 0x3a; discarded 1 byte(s)
[02:34:23.693] BAD_PACKET[COM9] unknown packet ID 0x30; discarded 1 byte(s)
[02:34:23.693] BAD_PACKET[COM9] unknown packet ID 0x78; discarded 1 byte(s)
[02:34:23.693] BAD_PACKET[COM9] unknown packet ID 0x65; discarded 1 byte(s)
[02:34:23.694] BAD_PACKET[COM9] unknown packet ID 0x65; discarded 1 byte(s)
[02:34:23.694] BAD_PACKET[COM9] unknown packet ID 0x0d; discarded 1 byte(s)
[02:34:23.694] BAD_PACKET[COM9] unknown packet ID 0x0a; discarded 1 byte(s)
[02:34:23.695] RX[COM9]  6d
[02:34:23.695] BAD_PACKET[COM9] unknown packet ID 0x6d; discarded 1 byte(s)
[02:34:23.695] RX[COM9]  6f 64 65 3a 44 49 4f 2c 20 63 6c 6f 63 6b 20 64 69 76 3a 31 0d 0a
[02:34:23.695] BAD_PACKET[COM9] unknown packet ID 0x6f; discarded 1 byte(s)
[02:34:23.698] BAD_PACKET[COM9] unknown packet ID 0x64; discarded 1 byte(s)
[02:34:23.698] BAD_PACKET[COM9] unknown packet ID 0x65; discarded 1 byte(s)
[02:34:23.698] BAD_PACKET[COM9] unknown packet ID 0x3a; discarded 1 byte(s)
[02:34:23.698] BAD_PACKET[COM9] unknown packet ID 0x44; discarded 1 byte(s)
[02:34:23.699] BAD_PACKET[COM9] unknown packet ID 0x49; discarded 1 byte(s)
[02:34:23.699] BAD_PACKET[COM9] unknown packet ID 0x4f; discarded 1 byte(s)
[02:34:23.699] BAD_PACKET[COM9] unknown packet ID 0x2c; discarded 1 byte(s)
[02:34:23.700] BAD_PACKET[COM9] unknown packet ID 0x20; discarded 1 byte(s)
[02:34:23.700] BAD_PACKET[COM9] unknown packet ID 0x63; discarded 1 byte(s)
[02:34:23.700] BAD_PACKET[COM9] unknown packet ID 0x6c; discarded 1 byte(s)
[02:34:23.700] BAD_PACKET[COM9] unknown packet ID 0x6f; discarded 1 byte(s)
[02:34:23.701] BAD_PACKET[COM9] unknown packet ID 0x63; discarded 1 byte(s)
[02:34:23.701] BAD_PACKET[COM9] unknown packet ID 0x6b; discarded 1 byte(s)
[02:34:23.701] BAD_PACKET[COM9] unknown packet ID 0x20; discarded 1 byte(s)
[02:34:23.701] BAD_PACKET[COM9] unknown packet ID 0x64; discarded 1 byte(s)
[02:34:23.702] BAD_PACKET[COM9] unknown packet ID 0x69; discarded 1 byte(s)
[02:34:23.702] BAD_PACKET[COM9] unknown packet ID 0x76; discarded 1 byte(s)
[02:34:23.702] BAD_PACKET[COM9] unknown packet ID 0x3a; discarded 1 byte(s)
[02:34:23.703] BAD_PACKET[COM9] unknown packet ID 0x31; discarded 1 byte(s)
[02:34:23.703] BAD_PACKET[COM9] unknown packet ID 0x0d; discarded 1 byte(s)
[02:34:23.703] BAD_PACKET[COM9] unknown packet ID 0x0a; discarded 1 byte(s)
[02:34:23.703] RX[COM9]  6c
[02:34:23.704] BAD_PACKET[COM9] unknown packet ID 0x6c; discarded 1 byte(s)
[02:34:23.704] RX[COM9]  6f 61 64 3a 30 78 33 66 63 65 32 38 32 30 2c 6c 65 6e 3a 30 78 31 34 66 30 0d 0a
[02:34:23.704] BAD_PACKET[COM9] unknown packet ID 0x6f; discarded 1 byte(s)
[02:34:23.704] BAD_PACKET[COM9] unknown packet ID 0x61; discarded 1 byte(s)
[02:34:23.705] BAD_PACKET[COM9] unknown packet ID 0x64; discarded 1 byte(s)
[02:34:23.705] BAD_PACKET[COM9] unknown packet ID 0x3a; discarded 1 byte(s)
[02:34:23.705] BAD_PACKET[COM9] unknown packet ID 0x30; discarded 1 byte(s)
[02:34:23.706] BAD_PACKET[COM9] unknown packet ID 0x78; discarded 1 byte(s)
[02:34:23.706] BAD_PACKET[COM9] unknown packet ID 0x33; discarded 1 byte(s)
[02:34:23.706] BAD_PACKET[COM9] unknown packet ID 0x66; discarded 1 byte(s)
[02:34:23.706] BAD_PACKET[COM9] unknown packet ID 0x63; discarded 1 byte(s)
[02:34:23.707] BAD_PACKET[COM9] unknown packet ID 0x65; discarded 1 byte(s)
[02:34:23.707] BAD_PACKET[COM9] unknown packet ID 0x32; discarded 1 byte(s)
[02:34:23.707] BAD_PACKET[COM9] unknown packet ID 0x38; discarded 1 byte(s)
[02:34:23.707] BAD_PACKET[COM9] unknown packet ID 0x32; discarded 1 byte(s)
[02:34:23.708] BAD_PACKET[COM9] unknown packet ID 0x30; discarded 1 byte(s)
[02:34:23.708] BAD_PACKET[COM9] unknown packet ID 0x2c; discarded 1 byte(s)
[02:34:23.708] BAD_PACKET[COM9] unknown packet ID 0x6c; discarded 1 byte(s)
[02:34:23.709] BAD_PACKET[COM9] unknown packet ID 0x65; discarded 1 byte(s)
[02:34:23.709] BAD_PACKET[COM9] unknown packet ID 0x6e; discarded 1 byte(s)
[02:34:23.709] BAD_PACKET[COM9] unknown packet ID 0x3a; discarded 1 byte(s)
[02:34:23.710] BAD_PACKET[COM9] unknown packet ID 0x30; discarded 1 byte(s)
[02:34:23.710] BAD_PACKET[COM9] unknown packet ID 0x78; discarded 1 byte(s)
[02:34:23.711] BAD_PACKET[COM9] unknown packet ID 0x31; discarded 1 byte(s)
[02:34:23.711] BAD_PACKET[COM9] unknown packet ID 0x34; discarded 1 byte(s)
[02:34:23.711] BAD_PACKET[COM9] unknown packet ID 0x66; discarded 1 byte(s)
[02:34:23.711] BAD_PACKET[COM9] unknown packet ID 0x30; discarded 1 byte(s)
[02:34:23.712] BAD_PACKET[COM9] unknown packet ID 0x0d; discarded 1 byte(s)
[02:34:23.712] BAD_PACKET[COM9] unknown packet ID 0x0a; discarded 1 byte(s)
[02:34:23.712] RX[COM9]  6c
[02:34:23.713] BAD_PACKET[COM9] unknown packet ID 0x6c; discarded 1 byte(s)
[02:34:23.713] RX[COM9]  6f 61 64 3a 30 78 34 30 33 63 38 37 30 30 2c 6c 65 6e 3a 30 78 64 65 34 0d 0a
[02:34:23.713] BAD_PACKET[COM9] unknown packet ID 0x6f; discarded 1 byte(s)
[02:34:23.714] BAD_PACKET[COM9] unknown packet ID 0x61; discarded 1 byte(s)
[02:34:23.714] BAD_PACKET[COM9] unknown packet ID 0x64; discarded 1 byte(s)
[02:34:23.714] BAD_PACKET[COM9] unknown packet ID 0x3a; discarded 1 byte(s)
[02:34:23.714] BAD_PACKET[COM9] unknown packet ID 0x30; discarded 1 byte(s)
[02:34:23.715] BAD_PACKET[COM9] unknown packet ID 0x78; discarded 1 byte(s)
[02:34:23.715] BAD_PACKET[COM9] unknown packet ID 0x34; discarded 1 byte(s)
[02:34:23.715] BAD_PACKET[COM9] unknown packet ID 0x30; discarded 1 byte(s)
[02:34:23.715] BAD_PACKET[COM9] unknown packet ID 0x33; discarded 1 byte(s)
[02:34:23.716] BAD_PACKET[COM9] unknown packet ID 0x63; discarded 1 byte(s)
[02:34:23.716] BAD_PACKET[COM9] unknown packet ID 0x38; discarded 1 byte(s)
[02:34:23.716] BAD_PACKET[COM9] unknown packet ID 0x37; discarded 1 byte(s)
[02:34:23.717] BAD_PACKET[COM9] unknown packet ID 0x30; discarded 1 byte(s)
[02:34:23.717] BAD_PACKET[COM9] unknown packet ID 0x30; discarded 1 byte(s)
[02:34:23.717] BAD_PACKET[COM9] unknown packet ID 0x2c; discarded 1 byte(s)
[02:34:23.717] BAD_PACKET[COM9] unknown packet ID 0x6c; discarded 1 byte(s)
[02:34:23.718] BAD_PACKET[COM9] unknown packet ID 0x65; discarded 1 byte(s)
[02:34:23.718] BAD_PACKET[COM9] unknown packet ID 0x6e; discarded 1 byte(s)
[02:34:23.718] BAD_PACKET[COM9] unknown packet ID 0x3a; discarded 1 byte(s)
[02:34:23.719] BAD_PACKET[COM9] unknown packet ID 0x30; discarded 1 byte(s)
[02:34:23.719] BAD_PACKET[COM9] unknown packet ID 0x78; discarded 1 byte(s)
[02:34:23.719] BAD_PACKET[COM9] unknown packet ID 0x64; discarded 1 byte(s)
[02:34:23.719] BAD_PACKET[COM9] unknown packet ID 0x65; discarded 1 byte(s)
[02:34:23.720] BAD_PACKET[COM9] unknown packet ID 0x34; discarded 1 byte(s)
[02:34:23.720] BAD_PACKET[COM9] unknown packet ID 0x0d; discarded 1 byte(s)
[02:34:23.720] BAD_PACKET[COM9] unknown packet ID 0x0a; discarded 1 byte(s)
[02:34:23.720] RX[COM9]  6c
[02:34:23.721] BAD_PACKET[COM9] unknown packet ID 0x6c; discarded 1 byte(s)
[02:34:23.721] RX[COM9]  6f 61 64 3a 30 78 34 30 33 63 62 37 30 30 2c 6c 65 6e 3a 30 78 32 66 35 38 0d 0a
[02:34:23.721] BAD_PACKET[COM9] unknown packet ID 0x6f; discarded 1 byte(s)
[02:34:23.722] BAD_PACKET[COM9] unknown packet ID 0x61; discarded 1 byte(s)
[02:34:23.722] BAD_PACKET[COM9] unknown packet ID 0x64; discarded 1 byte(s)
[02:34:23.722] BAD_PACKET[COM9] unknown packet ID 0x3a; discarded 1 byte(s)
[02:34:23.723] BAD_PACKET[COM9] unknown packet ID 0x30; discarded 1 byte(s)
[02:34:23.723] BAD_PACKET[COM9] unknown packet ID 0x78; discarded 1 byte(s)
[02:34:23.723] BAD_PACKET[COM9] unknown packet ID 0x34; discarded 1 byte(s)
[02:34:23.724] BAD_PACKET[COM9] unknown packet ID 0x30; discarded 1 byte(s)
[02:34:23.724] BAD_PACKET[COM9] unknown packet ID 0x33; discarded 1 byte(s)
[02:34:23.725] BAD_PACKET[COM9] unknown packet ID 0x63; discarded 1 byte(s)
[02:34:23.725] BAD_PACKET[COM9] unknown packet ID 0x62; discarded 1 byte(s)
[02:34:23.725] BAD_PACKET[COM9] unknown packet ID 0x37; discarded 1 byte(s)
[02:34:23.725] BAD_PACKET[COM9] unknown packet ID 0x30; discarded 1 byte(s)
[02:34:23.726] BAD_PACKET[COM9] unknown packet ID 0x30; discarded 1 byte(s)
[02:34:23.726] BAD_PACKET[COM9] unknown packet ID 0x2c; discarded 1 byte(s)
[02:34:23.726] BAD_PACKET[COM9] unknown packet ID 0x6c; discarded 1 byte(s)
[02:34:23.727] BAD_PACKET[COM9] unknown packet ID 0x65; discarded 1 byte(s)
[02:34:23.727] BAD_PACKET[COM9] unknown packet ID 0x6e; discarded 1 byte(s)
[02:34:23.727] BAD_PACKET[COM9] unknown packet ID 0x3a; discarded 1 byte(s)
[02:34:23.727] BAD_PACKET[COM9] unknown packet ID 0x30; discarded 1 byte(s)
[02:34:23.728] BAD_PACKET[COM9] unknown packet ID 0x78; discarded 1 byte(s)
[02:34:23.728] BAD_PACKET[COM9] unknown packet ID 0x32; discarded 1 byte(s)
[02:34:23.728] BAD_PACKET[COM9] unknown packet ID 0x66; discarded 1 byte(s)
[02:34:23.728] BAD_PACKET[COM9] unknown packet ID 0x35; discarded 1 byte(s)
[02:34:23.729] BAD_PACKET[COM9] unknown packet ID 0x38; discarded 1 byte(s)
[02:34:23.729] BAD_PACKET[COM9] unknown packet ID 0x0d; discarded 1 byte(s)
[02:34:23.729] BAD_PACKET[COM9] unknown packet ID 0x0a; discarded 1 byte(s)
[02:34:23.730] ERROR[COM9] ClearCommError failed (PermissionError(13, 'The device does not recognize the command.', None, 22))
