[17:56:41.219] RX[TCP_prs2026hitl_7100]  c9 ff fc cf 00 59 06 ff da e0 ff d6 00 00 24 0a 01 7e 00 00 00 00 00 25 0a 02 7e 00 00 00 00 2d 00 00 00 00 00 00 00 00 00 00 00 00 00 00 00 00 00 00 00 00 00 00 00 00 00 00 00 00 00 00 00 00
[17:56:41.220] BAD_PACKET[TCP_prs2026hitl_7100] unknown packet ID 0xc9; discarded 1 byte(s)
[17:56:41.220] BAD_PACKET[TCP_prs2026hitl_7100] bad EOF for 0xff: expected 0x0a, got 0xda; resync=discard 1 byte
[17:56:41.221] BAD_PACKET[TCP_prs2026hitl_7100] bad EOF for 0xff: expected 0x0a, got 0x7e; resync=discard 1 byte
[17:56:41.221] BAD_PACKET[TCP_prs2026hitl_7100] unknown packet ID 0x00; discarded 1 byte(s)
[17:56:41.222] BAD_PACKET[TCP_prs2026hitl_7100] unknown packet ID 0x00; discarded 1 byte(s)
[17:56:41.222] BAD_PACKET[TCP_prs2026hitl_7100] unknown packet ID 0x00; discarded 1 byte(s)
[17:56:41.223] BAD_PACKET[TCP_prs2026hitl_7100] unknown packet ID 0x00; discarded 1 byte(s)
[17:56:41.223] BAD_PACKET[TCP_prs2026hitl_7100] unknown packet ID 0x25; discarded 1 byte(s)
[17:56:41.224] BAD_PACKET[TCP_prs2026hitl_7100] unknown packet ID 0x0a; discarded 1 byte(s)
[17:56:41.224] RX[TCP_prs2026hitl_7101]  00 00 00 00 00 00 00 00 00 0f 1f 25 00 00 00 94 0a 5e 43 5e
[17:56:41.224] BAD_PACKET[TCP_prs2026hitl_7101] unknown packet ID 0x00; discarded 1 byte(s)
[17:56:41.224] BAD_PACKET[TCP_prs2026hitl_7101] unknown packet ID 0x00; discarded 1 byte(s)
[17:56:41.225] BAD_PACKET[TCP_prs2026hitl_7101] unknown packet ID 0x00; discarded 1 byte(s)
[17:56:41.225] BAD_PACKET[TCP_prs2026hitl_7101] unknown packet ID 0x00; discarded 1 byte(s)
[17:56:41.225] BAD_PACKET[TCP_prs2026hitl_7101] unknown packet ID 0x00; discarded 1 byte(s)
[17:56:41.226] BAD_PACKET[TCP_prs2026hitl_7101] unknown packet ID 0x00; discarded 1 byte(s)
[17:56:41.226] BAD_PACKET[TCP_prs2026hitl_7101] unknown packet ID 0x00; discarded 1 byte(s)
[17:56:41.227] BAD_PACKET[TCP_prs2026hitl_7101] unknown packet ID 0x00; discarded 1 byte(s)
[17:56:41.227] BAD_PACKET[TCP_prs2026hitl_7101] unknown packet ID 0x00; discarded 1 byte(s)
[17:56:41.228] BAD_PACKET[TCP_prs2026hitl_7101] unknown packet ID 0x0f; discarded 1 byte(s)
[17:56:41.228] BAD_PACKET[TCP_prs2026hitl_7101] unknown packet ID 0x1f; discarded 1 byte(s)
[17:56:41.228] BAD_PACKET[TCP_prs2026hitl_7101] unknown packet ID 0x25; discarded 1 byte(s)
[17:56:41.228] BAD_PACKET[TCP_prs2026hitl_7101] unknown packet ID 0x00; discarded 1 byte(s)
[17:56:41.229] BAD_PACKET[TCP_prs2026hitl_7101] unknown packet ID 0x00; discarded 1 byte(s)
[17:56:41.229] BAD_PACKET[TCP_prs2026hitl_7101] unknown packet ID 0x00; discarded 1 byte(s)
[17:56:41.229] BAD_PACKET[TCP_prs2026hitl_7101] unknown packet ID 0x94; discarded 1 byte(s)
[17:56:41.230] BAD_PACKET[TCP_prs2026hitl_7101] unknown packet ID 0x0a; discarded 1 byte(s)
[17:56:41.230] BAD_PACKET[TCP_prs2026hitl_7101] unknown packet ID 0x5e; discarded 1 byte(s)
[17:56:41.230] BAD_PACKET[TCP_prs2026hitl_7101] unknown packet ID 0x43; discarded 1 byte(s)
[17:56:41.231] BAD_PACKET[TCP_prs2026hitl_7101] unknown packet ID 0x5e; discarded 1 byte(s)
[17:56:41.331] RX[TCP_prs2026hitl_7100]  00 00 00 00 00 00 00 00 00 00 00 00 00 00 00 00 00 00 43 53 85 9f 50 0a 00 00 00 00 2d 0a 01 77 00 00 00 00 91 ff fc db 00 58 f9 ff da c8 ff d5 00 00 24 0a 01 77 00 00 00 00 f5 ff fc cf 00 58 f9 ff da af 00 23 0a 00 24 0a 00 00 00 05 bd ff fc cf 00 59 06 ff da af ff d6 00 14 00 25 0a 00 00 00 06 21 ff fc e7 00 59 06 ff da bc 00 23 0a 00 24 0a 00 24 0a 01 77 00 00 00 07 4d ff fc cf 00 58 ed ff da 5a ff d7 00 00 24 0a 01 77 00 00 00 07 b1 ff fc cf 00 58 f9 ff da a3 00 23 0a 00 25 0a 00 00 00 00 00 00 00 00 00 00 00 00 00 00 00 00 00 00 00 00 00 00 00 00 00 00 00 00 00 00 00 00 00 00 00 00 00 00 00 00 00 00 00 00 00 00 00 00 00 00 43 53 2e 5d 50 0a 0a 01 7e 00 00 00 08 79 ff fc db 00 58 f9 ff da 8b ff d6 00 14 00 25 0a 01 7e 00 00 00 08 dd ff fc e7 00 58 e1 ff da 72 ff d6 00 18 00 22 0a 01 7e 00 00 00 09 41 ff fc c2 00 59 06 ff da c8 ff d5 00 00 24 0a 01 7e 00 00 00 09 a5 ff fc cf 00 58 f9 ff da ec ff d6 00 00 25 0a 01 76 00 00 00 0a 09 ff fc c2 00 58 e1 ff da bc ff d5 00 18 00 23 0a 01 76 00 00 00 0a 6d ff fc db 00 59 ff da a3 00 23 0a 5e 41 76 5e 01 76 00 00 00 0a 00 24 0a 00 25 0a 01 7e 00 00 00 0b 99 ff fc e7 00 59 ff da bc ff d6 00 18 00 22 0a 00 24 0a 02 7e 00 00 00 0b fd 00 00 00 00 00 00 00 00 00 00 00 00 00 00 00 00 00 00 00 00 00 00 00 00 00 00 00 00 00 00 00 00 00 00 00 00 00 00 00 00 00 00 00 00 00 00 00 00 00 00 43 53 2e 5d 50 0a 00 00 00 0b fd 0a 00 25 0a 01 77 00 00 00 0c c5 ff fc db 00 58 f9 ff da 8b ff d5 00 00 23 0a 01 77 00 00 00 0a 29 ff fc cf 00 00 23 0a 01 77 00 00 00 0a 00 25 0a 00 00 00 0a f1 ff fc cf 00 58 ed ff ff d7 00 14 00 25 0a 5e 43 5e 40 5e 40 5e 40 2d 5e 40 5e 40 5e 40 5e ff 08 08 5e 40 20 5e 5e 08 08 20 40 5e c8 40 09 ff fc 5e 41 23 76 5e 5e 41 d1 08 40 08 08 08 5e 7e 08 08 08 08 40 40 40 40 61 da 97 08 5e 29 5e 8d 20 08 5e 40 5e 40 20 5e 01 7f 00 00 03 ff 51 ff fc db 00 58 ed ff da 97 ff da 00 0f 00 29 0a
[17:56:41.334] BAD_PACKET[TCP_prs2026hitl_7100] bad EOF for 0x02: expected 0x0a, got 0x00; resync=offset 194
[17:56:41.342] PACKET[TCP_prs2026hitl_7100] sensors: status=32256, uptime=2169, filtered_accel=[-0.0322, 0.91108, -0.38356], gyro=[-2.94, 1.4, 2.59]
[17:56:41.347] PACKET[TCP_prs2026hitl_7100] sensors: status=32256, uptime=2269, filtered_accel=[-0.03172, 0.91012, -0.38456], gyro=[-2.94, 1.68, 2.38]
[17:56:41.349] BAD_PACKET[TCP_prs2026hitl_7100] bad EOF for 0x01: expected 0x0a, got 0x00; resync=offset 19
[17:56:41.357] PACKET[TCP_prs2026hitl_7100] sensors: status=30208, uptime=2569, filtered_accel=[-0.0332, 0.91012, -0.3816], gyro=[-3.01, 1.68, 2.45]
[17:56:41.359] BAD_PACKET[TCP_prs2026hitl_7100] bad EOF for 0x01: expected 0x0a, got 0x00; resync=offset 9
[17:56:41.362] PACKET[TCP_prs2026hitl_7100] sensors: status=32256, uptime=2969, filtered_accel=[-0.03172, 0.92156, -97.6794], gyro=[-752.64, 430.08, 609.98], sensor_trailing_u16=36
[17:56:41.364] BAD_PACKET[TCP_prs2026hitl_7100] bad EOF for 0x02: expected 0x0a, got 0x00; resync=offset 30
[17:56:41.367] PACKET[TCP_prs2026hitl_7100] sensors: status=30464, uptime=2601, filtered_accel=[-0.03268, 0.0014, 26.2294], gyro=[0.0, 0.7, 2.59]
[17:56:41.371] BAD_PACKET[TCP_prs2026hitl_7100] unknown packet ID 0x00; discarded 11 byte(s)
[17:56:41.375] PACKET[TCP_prs2026hitl_7100] heartbeat: status=65495, uptime=1310757
[17:56:41.379] BAD_PACKET[TCP_prs2026hitl_7100] unknown packet ID 0x5e; discarded 73 byte(s)
[17:56:41.384] PACKET[TCP_prs2026hitl_7100] sensors: status=32512, uptime=261969, filtered_accel=[-0.0322, 0.9106, -0.38308], gyro=[-2.66, 1.05, 2.87]
[17:56:41.386] RX[TCP_prs2026hitl_7101]  5e 43 5e 40 5e 40 5e 40 5e 40 5e 40 5e 40 5e 40 5e 43 5e
[17:56:41.387] BAD_PACKET[TCP_prs2026hitl_7101] unknown packet ID 0x5e; discarded 1 byte(s)
[17:56:41.387] BAD_PACKET[TCP_prs2026hitl_7101] unknown packet ID 0x43; discarded 1 byte(s)
[17:56:41.388] BAD_PACKET[TCP_prs2026hitl_7101] unknown packet ID 0x5e; discarded 1 byte(s)
[17:56:41.388] BAD_PACKET[TCP_prs2026hitl_7101] unknown packet ID 0x40; discarded 1 byte(s)
[17:56:41.388] BAD_PACKET[TCP_prs2026hitl_7101] unknown packet ID 0x5e; discarded 1 byte(s)
[17:56:41.389] BAD_PACKET[TCP_prs2026hitl_7101] unknown packet ID 0x40; discarded 1 byte(s)
[17:56:41.389] BAD_PACKET[TCP_prs2026hitl_7101] unknown packet ID 0x5e; discarded 1 byte(s)
[17:56:41.389] BAD_PACKET[TCP_prs2026hitl_7101] unknown packet ID 0x40; discarded 1 byte(s)
[17:56:41.390] BAD_PACKET[TCP_prs2026hitl_7101] unknown packet ID 0x5e; discarded 1 byte(s)
[17:56:41.390] BAD_PACKET[TCP_prs2026hitl_7101] unknown packet ID 0x40; discarded 1 byte(s)
[17:56:41.390] BAD_PACKET[TCP_prs2026hitl_7101] unknown packet ID 0x5e; discarded 1 byte(s)
[17:56:41.390] BAD_PACKET[TCP_prs2026hitl_7101] unknown packet ID 0x40; discarded 1 byte(s)
[17:56:41.391] BAD_PACKET[TCP_prs2026hitl_7101] unknown packet ID 0x5e; discarded 1 byte(s)
[17:56:41.391] BAD_PACKET[TCP_prs2026hitl_7101] unknown packet ID 0x40; discarded 1 byte(s)
[17:56:41.391] BAD_PACKET[TCP_prs2026hitl_7101] unknown packet ID 0x5e; discarded 1 byte(s)
[17:56:41.393] BAD_PACKET[TCP_prs2026hitl_7101] unknown packet ID 0x40; discarded 1 byte(s)
[17:56:41.393] BAD_PACKET[TCP_prs2026hitl_7101] unknown packet ID 0x5e; discarded 1 byte(s)
[17:56:41.394] BAD_PACKET[TCP_prs2026hitl_7101] unknown packet ID 0x43; discarded 1 byte(s)
[17:56:41.394] BAD_PACKET[TCP_prs2026hitl_7101] unknown packet ID 0x5e; discarded 1 byte(s)
[17:56:41.394] RX[TCP_prs2026hitl_7100]  01 7f 00 00 03 ff b5 ff fc cf 00 58 ed ff da 97 ff d6 00 16 00 22 0a 02 7f 00 00 03 ff b5 00 00 00 00 00 00 00 00 00 00 00 00 00 00 00 00 00 00 00 00 00 00 00 00 00 00 00 00 00 00 00 00 00 00 00 00 00 00 00 00 00 00 00 00 00 00 00 00 00 00 43 53 18 b7 13 44 0a ff 7e 00 00 03 ff b5 0a
[17:56:41.396] PACKET[TCP_prs2026hitl_7100] sensors: status=32512, uptime=262069, filtered_accel=[-0.03268, 0.9106, -0.38308], gyro=[-2.94, 1.54, 2.38]
[17:56:41.399] PACKET[TCP_prs2026hitl_7100] state: status=32512, uptime=262069, orientation=[0.0, 0.0, 0.0, 0.0], position=[0.0, 0.0, 0.0], velocity=[0.0, 0.0, 0.0], latitude=0.0, longitude=0.0, gps_altitude=0.0, barometric_altitude=211.096542, witness_battery_voltage=4.932
[17:56:41.401] PACKET[TCP_prs2026hitl_7100] heartbeat: status=32256, uptime=262069
[17:56:41.503] RX[TCP_prs2026hitl_7100]  01 7e 00 00 04 00 19 ff fc db 00 58 f9 ff da 8b ff d6 00 15 00 25 0a
[17:56:41.507] PACKET[TCP_prs2026hitl_7100] sensors: status=32256, uptime=262169, filtered_accel=[-0.0322, 0.91108, -0.38356], gyro=[-2.94, 1.47, 2.59]
[17:56:41.709] RX[TCP_prs2026hitl_7100]  01 76 00 00 04 00 7d ff fc c2 00 58 ed ff da a3 ff d6 00 16 00 23 0a
[17:56:41.715] PACKET[TCP_prs2026hitl_7100] sensors: status=30208, uptime=262269, filtered_accel=[-0.0332, 0.9106, -0.3826], gyro=[-2.94, 1.54, 2.45]
[17:56:41.766] RX[TCP_prs2026hitl_7100]  01 76 00 00 04 00 e1 ff fc db 00 59 06 ff da a3 ff d6 00 16 00 23 0a 01 76 00 00 04 01 45 ff fc db 00 58 f9 ff da af ff d7 00 16 00 25 0a
[17:56:41.781] PACKET[TCP_prs2026hitl_7100] sensors: status=30208, uptime=262369, filtered_accel=[-0.0322, 0.9116, -0.3826], gyro=[-2.94, 1.54, 2.45]
[17:56:41.789] PACKET[TCP_prs2026hitl_7100] sensors: status=30208, uptime=262469, filtered_accel=[-0.0322, 0.91108, -0.38212], gyro=[-2.87, 1.54, 2.59]
[17:56:41.890] RX[TCP_prs2026hitl_7100]  01 7e 00 00 04 01 a9 ff fc cf 00 59 12 ff da 7f ff d6 00 15 00 25 0a
[17:56:41.894] PACKET[TCP_prs2026hitl_7100] sensors: status=32256, uptime=262569, filtered_accel=[-0.03268, 0.91208, -0.38404], gyro=[-2.94, 1.47, 2.59]
[17:56:41.945] RX[TCP_prs2026hitl_7100]  01 7e 00 00 04 02 0d ff fc e7 00 59 06 ff da 7f ff d6 00 17 00 22 0a
[17:56:41.949] PACKET[TCP_prs2026hitl_7100] sensors: status=32256, uptime=262669, filtered_accel=[-0.03172, 0.9116, -0.38404], gyro=[-2.94, 1.61, 2.38]
[17:56:42.051] RX[TCP_prs2026hitl_7100]  01 7e 00 00 04 02 71 ff fc db 00 58 f9 ff da 97 ff d7 00 15 00 24 0a
[17:56:42.054] PACKET[TCP_prs2026hitl_7100] sensors: status=32256, uptime=262769, filtered_accel=[-0.0322, 0.91108, -0.38308], gyro=[-2.87, 1.47, 2.52]
[17:56:42.155] RX[TCP_prs2026hitl_7100]  01 7e 00 00 04 02 d5 ff fc e7 00 59 06 ff da 97 ff d6 00 16 00 22 0a
[17:56:42.159] PACKET[TCP_prs2026hitl_7100] sensors: status=32256, uptime=262869, filtered_accel=[-0.03172, 0.9116, -0.38308], gyro=[-2.94, 1.54, 2.38]
[17:56:42.159] RX[TCP_prs2026hitl_7101]  03 00 00 00 00 00 00 00 00 00 28 7b 55 00 00 00 13 90 0a
[17:56:42.161] PACKET[TCP_prs2026hitl_7101] camera: fc_status=0, fc_uptime=0, status=0, uptime=2653013, current_sense=[0.0, 0.0, 0.0], iris_battery_voltage=5.008
[17:56:42.212] RX[TCP_prs2026hitl_7100]  01 76 00 00 04 03 39 ff fc db 00 59 06 ff da 8b ff d5 00 17 00 22 0a
[17:56:42.215] PACKET[TCP_prs2026hitl_7100] sensors: status=30208, uptime=262969, filtered_accel=[-0.0322, 0.9116, -0.38356], gyro=[-3.01, 1.61, 2.38]
[17:56:42.316] RX[TCP_prs2026hitl_7100]  01 76 00 00 04 03 9d ff fc cf 00 59 06 ff da 97 ff d6 00 16 00 23 0a 02 76 00 00 04 03 9d 00 00 00 00 00 00 00 00 00 00 00 00 00 00 00 00 00 00 00 00 00 00 00 00 00 00 00 00 00 00 00 00 00 00
[17:56:42.320] PACKET[TCP_prs2026hitl_7100] sensors: status=30208, uptime=263069, filtered_accel=[-0.03268, 0.9116, -0.38308], gyro=[-2.94, 1.54, 2.45]
[17:56:42.422] RX[TCP_prs2026hitl_7100]  00 00 00 00 00 00 00 00 00 00 00 00 00 00 00 00 43 53 18 b7 13 50 0a ff 77 00 00 04 03 9d 0a
[17:56:42.425] PACKET[TCP_prs2026hitl_7100] state: status=30208, uptime=263069, orientation=[0.0, 0.0, 0.0, 0.0], position=[0.0, 0.0, 0.0], velocity=[0.0, 0.0, 0.0], latitude=0.0, longitude=0.0, gps_altitude=0.0, barometric_altitude=211.096542, witness_battery_voltage=4.944
[17:56:42.428] PACKET[TCP_prs2026hitl_7100] heartbeat: status=30464, uptime=263069
[17:56:42.479] RX[TCP_prs2026hitl_7100]  01 77 00 00 04 04 01 ff fc db 00 58 ed ff da 97 ff d7 00 15 00 25 0a
[17:56:42.482] PACKET[TCP_prs2026hitl_7100] sensors: status=30464, uptime=263169, filtered_accel=[-0.0322, 0.9106, -0.38308], gyro=[-2.87, 1.47, 2.59]
[17:56:42.584] RX[TCP_prs2026hitl_7100]  01 7f 00 00 04 04 65 ff fc db 00 59 06 ff da 97 ff d6 00 15 00 25 0a
[17:56:42.587] PACKET[TCP_prs2026hitl_7100] sensors: status=32512, uptime=263269, filtered_accel=[-0.0322, 0.9116, -0.38308], gyro=[-2.94, 1.47, 2.59]
[17:56:42.689] RX[TCP_prs2026hitl_7100]  01 7f 00 00 04 04 c9 ff fc db 00 58 f9 ff da a3 ff d5 00 18 00 22 0a
[17:56:42.693] PACKET[TCP_prs2026hitl_7100] sensors: status=32512, uptime=263369, filtered_accel=[-0.0322, 0.91108, -0.3826], gyro=[-3.01, 1.68, 2.38]
[17:56:42.743] RX[TCP_prs2026hitl_7100]  01 7f 00 00 04 05 2d ff fc cf 00 58 f9 ff da af ff d6 00 16 00 24 0a
[17:56:42.747] PACKET[TCP_prs2026hitl_7100] sensors: status=32512, uptime=263469, filtered_accel=[-0.03268, 0.91108, -0.38212], gyro=[-2.94, 1.54, 2.52]
[17:56:42.848] RX[TCP_prs2026hitl_7100]  01 7f 00 00 04 05 91 ff fc db 00 59 06 ff da 7f ff d7 00 15 00 24 0a
[17:56:42.851] PACKET[TCP_prs2026hitl_7100] sensors: status=32512, uptime=263569, filtered_accel=[-0.0322, 0.9116, -0.38404], gyro=[-2.87, 1.47, 2.52]
[17:56:42.952] RX[TCP_prs2026hitl_7100]  01 77 00 00 04 05 f5 ff fc c2 00 59 06 ff da 7f ff d6 00 17 00 23 0a
[17:56:42.955] PACKET[TCP_prs2026hitl_7100] sensors: status=30464, uptime=263669, filtered_accel=[-0.0332, 0.9116, -0.38404], gyro=[-2.94, 1.61, 2.45]
[17:56:43.056] RX[TCP_prs2026hitl_7100]  01 77 00 00 04 06 59 ff fc e7 00 58 f9 ff da 72 ff d6 00 17 00 23 0a
[17:56:43.059] PACKET[TCP_prs2026hitl_7100] sensors: status=30464, uptime=263769, filtered_accel=[-0.03172, 0.91108, -0.38456], gyro=[-2.94, 1.61, 2.45]
[17:56:43.110] RX[TCP_prs2026hitl_7100]  01 77 00 00 04 06 bd ff fc e7 00 59 06 ff da 97 ff d6 00 16 00 24 0a
[17:56:43.114] PACKET[TCP_prs2026hitl_7100] sensors: status=30464, uptime=263869, filtered_accel=[-0.03172, 0.9116, -0.38308], gyro=[-2.94, 1.54, 2.52]
[17:56:43.164] RX[TCP_prs2026hitl_7101]  03 00 00 00 00 00 00 00 00 00 28 7f 3d 00 00 00 13 90 0a
[17:56:43.167] PACKET[TCP_prs2026hitl_7101] camera: fc_status=0, fc_uptime=0, status=0, uptime=2654013, current_sense=[0.0, 0.0, 0.0], iris_battery_voltage=5.008
[17:56:43.218] RX[TCP_prs2026hitl_7100]  01 7f 00 00 04 07 21 ff fc db 00 58 f9 ff da 97 ff d8 00 13 00 26 0a
[17:56:43.222] PACKET[TCP_prs2026hitl_7100] sensors: status=32512, uptime=263969, filtered_accel=[-0.0322, 0.91108, -0.38308], gyro=[-2.8, 1.33, 2.66]
[17:56:43.324] RX[TCP_prs2026hitl_7100]  01 7f 00 00 04 07 85 ff fc db 00 58 f9 ff da 7f ff d6 00 17 00 22 0a 02 7f 00 00 04 07 85 00 00 00 00 00 00 00 00 00 00 00 00 00 00 00 00 00 00 00 00 00 00 00 00 00 00 00 00 00 00 00 00 00 00
[17:56:43.328] PACKET[TCP_prs2026hitl_7100] sensors: status=32512, uptime=264069, filtered_accel=[-0.0322, 0.91108, -0.38404], gyro=[-2.94, 1.61, 2.38]
[17:56:43.429] RX[TCP_prs2026hitl_7100]  00 00 00 00 00 00 00 00 00 00 00 00 00 00 00 00 43 53 44 02 13 48 0a ff 7e 00 00 04 07 85 0a
[17:56:43.436] PACKET[TCP_prs2026hitl_7100] state: status=32512, uptime=264069, orientation=[0.0, 0.0, 0.0, 0.0], position=[0.0, 0.0, 0.0], velocity=[0.0, 0.0, 0.0], latitude=0.0, longitude=0.0, gps_altitude=0.0, barometric_altitude=211.265656, witness_battery_voltage=4.936
[17:56:43.438] PACKET[TCP_prs2026hitl_7100] heartbeat: status=32256, uptime=264069
[17:56:43.490] RX[TCP_prs2026hitl_7100]  01 7e 00 00 04 07 e9 ff fc db 00 58 f9 ff da af ff d6 00 16 00 24 0a
[17:56:43.493] PACKET[TCP_prs2026hitl_7100] sensors: status=32256, uptime=264169, filtered_accel=[-0.0322, 0.91108, -0.38212], gyro=[-2.94, 1.54, 2.52]
[17:56:43.594] RX[TCP_prs2026hitl_7100]  01 7e 00 00 04 08 4d ff fc db 00 58 ed ff da a3 ff d7 00 15 00 25 0a
[17:56:43.598] PACKET[TCP_prs2026hitl_7100] sensors: status=32256, uptime=264269, filtered_accel=[-0.0322, 0.9106, -0.3826], gyro=[-2.87, 1.47, 2.59]
[17:56:43.650] RX[TCP_prs2026hitl_7100]  01 76 00 00 04 08 b1 ff fc e7 00 58 f9 ff da 8b ff d6 00 17 00 23 0a
[17:56:43.653] PACKET[TCP_prs2026hitl_7100] sensors: status=30208, uptime=264369, filtered_accel=[-0.03172, 0.91108, -0.38356], gyro=[-2.94, 1.61, 2.45]
[17:56:43.754] RX[TCP_prs2026hitl_7100]  01 76 00 00 04 09 15 ff fc db 00 58 f9 ff da 8b ff d6 00 16 00 23 0a
[17:56:43.759] PACKET[TCP_prs2026hitl_7100] sensors: status=30208, uptime=264469, filtered_accel=[-0.0322, 0.91108, -0.38356], gyro=[-2.94, 1.54, 2.45]
[17:56:43.860] RX[TCP_prs2026hitl_7100]  01 76 00 00 04 09 79 ff fc e7 00 58 f9 ff da 97 ff d6 00 16 00 24 0a
[17:56:43.864] PACKET[TCP_prs2026hitl_7100] sensors: status=30208, uptime=264569, filtered_accel=[-0.03172, 0.91108, -0.38308], gyro=[-2.94, 1.54, 2.52]
[17:56:43.914] RX[TCP_prs2026hitl_7100]  01 7e 00 00 04 09 dd ff fc cf 00 59 06 ff da 72 ff d7 00 13 00 25 0a
[17:56:43.918] PACKET[TCP_prs2026hitl_7100] sensors: status=32256, uptime=264669, filtered_accel=[-0.03268, 0.9116, -0.38456], gyro=[-2.87, 1.33, 2.59]
[17:56:44.019] RX[TCP_prs2026hitl_7100]  01 7e 00 00 04 0a 41 ff fc db 00 58 f9 ff da 8b ff d5 00 17 00 22 0a
[17:56:44.023] PACKET[TCP_prs2026hitl_7100] sensors: status=32256, uptime=264769, filtered_accel=[-0.0322, 0.91108, -0.38356], gyro=[-3.01, 1.61, 2.38]
[17:56:44.175] RX[TCP_prs2026hitl_7100]  01 7e 00 00 04 0a a5 ff fc db 00 58 f9 ff da 97 ff d7 00 15 00 24 0a
[17:56:44.179] PACKET[TCP_prs2026hitl_7100] sensors: status=32256, uptime=264869, filtered_accel=[-0.0322, 0.91108, -0.38308], gyro=[-2.87, 1.47, 2.52]
[17:56:44.179] RX[TCP_prs2026hitl_7101]  03 00 00 00 00 00 00 00 00 00 28 83 25 00 00 00 13 90 0a
[17:56:44.182] PACKET[TCP_prs2026hitl_7101] camera: fc_status=0, fc_uptime=0, status=0, uptime=2655013, current_sense=[0.0, 0.0, 0.0], iris_battery_voltage=5.008
[17:56:44.234] RX[TCP_prs2026hitl_7100]  01 7e 00 00 04 0b 09 ff fc f3 00 58 f9 ff da 97 ff d7 00 15 00 24 0a
[17:56:44.237] PACKET[TCP_prs2026hitl_7100] sensors: status=32256, uptime=264969, filtered_accel=[-0.03124, 0.91108, -0.38308], gyro=[-2.87, 1.47, 2.52]
[17:56:44.337] RX[TCP_prs2026hitl_7100]  01 76 00 00 04 0b 6d ff fc cf 00 58 f9 ff da 97 ff d6 00 17 00 23 0a 02 76 00 00 04 0b 6d 00 00 00 00 00 00 00 00 00 00 00 00 00 00 00 00 00 00 00 00 00 00 00 00 00 00 00 00 00 00 00 00 00 00
[17:56:44.341] PACKET[TCP_prs2026hitl_7100] sensors: status=30208, uptime=265069, filtered_accel=[-0.03268, 0.91108, -0.38308], gyro=[-2.94, 1.61, 2.45]
[17:56:44.443] RX[TCP_prs2026hitl_7100]  00 00 00 00 00 00 00 00 00 00 00 00 00 00 00 00 43 53 5a 54 13 48 0a ff 77 00 00 04 0b 6d 0a
[17:56:44.451] PACKET[TCP_prs2026hitl_7100] state: status=30208, uptime=265069, orientation=[0.0, 0.0, 0.0, 0.0], position=[0.0, 0.0, 0.0], velocity=[0.0, 0.0, 0.0], latitude=0.0, longitude=0.0, gps_altitude=0.0, barometric_altitude=211.352844, witness_battery_voltage=4.936
[17:56:44.459] PACKET[TCP_prs2026hitl_7100] heartbeat: status=30464, uptime=265069
[17:56:44.510] RX[TCP_prs2026hitl_7100]  01 77 00 00 04 0b d1 ff fc e7 00 59 06 ff da a3 ff d5 00 16 00 23 0a
[17:56:44.514] PACKET[TCP_prs2026hitl_7100] sensors: status=30464, uptime=265169, filtered_accel=[-0.03172, 0.9116, -0.3826], gyro=[-3.01, 1.54, 2.45]
[17:56:44.614] RX[TCP_prs2026hitl_7100]  01 77 00 00 04 0c 35 ff fc e7 00 59 06 ff da 72 ff d7 00 15 00 24 0a
[17:56:44.618] PACKET[TCP_prs2026hitl_7100] sensors: status=30464, uptime=265269, filtered_accel=[-0.03172, 0.9116, -0.38456], gyro=[-2.87, 1.47, 2.52]
[17:56:44.669] RX[TCP_prs2026hitl_7100]  01 7f 00 00 04 0c 99 ff fc c2 00 58 f9 ff da 8b ff d6 00 15 00 24 0a
[17:56:44.673] PACKET[TCP_prs2026hitl_7100] sensors: status=32512, uptime=265369, filtered_accel=[-0.0332, 0.91108, -0.38356], gyro=[-2.94, 1.47, 2.52]
[17:56:44.774] RX[TCP_prs2026hitl_7100]  01 7f 00 00 04 0c fd ff fc e7 00 58 f9 ff da a3 ff d5 00 18 00 22 0a
[17:56:44.777] PACKET[TCP_prs2026hitl_7100] sensors: status=32512, uptime=265469, filtered_accel=[-0.03172, 0.91108, -0.3826], gyro=[-3.01, 1.68, 2.38]
[17:56:44.828] RX[TCP_prs2026hitl_7100]  01 7f 00 00 04 0d 61 ff fc e7 00 59 06 ff da 7f ff d6 00 16 00 24 0a
[17:56:44.832] PACKET[TCP_prs2026hitl_7100] sensors: status=32512, uptime=265569, filtered_accel=[-0.03172, 0.9116, -0.38404], gyro=[-2.94, 1.54, 2.52]
[17:56:44.932] RX[TCP_prs2026hitl_7100]  01 7f 00 00 04 0d c5 ff fc db 00 59 06 ff da 97 ff d7 00 15 00 25 0a
[17:56:44.938] PACKET[TCP_prs2026hitl_7100] sensors: status=32512, uptime=265669, filtered_accel=[-0.0322, 0.9116, -0.38308], gyro=[-2.87, 1.47, 2.59]
[17:56:45.041] RX[TCP_prs2026hitl_7100]  01 77 00 00 04 0e 29 ff fc db 00 58 f9 ff da 8b ff d6 00 17 00 22 0a
[17:56:45.045] PACKET[TCP_prs2026hitl_7100] sensors: status=30464, uptime=265769, filtered_accel=[-0.0322, 0.91108, -0.38356], gyro=[-2.94, 1.61, 2.38]
[17:56:45.146] RX[TCP_prs2026hitl_7100]  01 77 00 00 04 0e 8d ff fc cf 00 59 06 ff da 97 ff d6 00 16 00 23 0a
[17:56:45.150] PACKET[TCP_prs2026hitl_7100] sensors: status=30464, uptime=265869, filtered_accel=[-0.03268, 0.9116, -0.38308], gyro=[-2.94, 1.54, 2.45]
[17:56:45.150] RX[TCP_prs2026hitl_7101]  03 00 00 00 00 00 00 00 00 00 28 87 0d 00 00 00 13 90 0a
[17:56:45.153] PACKET[TCP_prs2026hitl_7101] camera: fc_status=0, fc_uptime=0, status=0, uptime=2656013, current_sense=[0.0, 0.0, 0.0], iris_battery_voltage=5.008
[17:56:45.253] RX[TCP_prs2026hitl_7100]  01 77 00 00 04 0e f1 ff fc db 00 59 12 ff da a3 ff d6 00 15 00 24 0a
[17:56:45.256] PACKET[TCP_prs2026hitl_7100] sensors: status=30464, uptime=265969, filtered_accel=[-0.0322, 0.91208, -0.3826], gyro=[-2.94, 1.47, 2.52]
[17:56:45.357] RX[TCP_prs2026hitl_7100]  01 7f 00 00 04 0f 55 ff fc db 00 58 f9 ff da 97 ff d7 00 15 00 25 0a 02 7f 00 00 04 0f 55 00 00 00 00 00 00 00 00 00 00 00 00 00 00 00 00 00 00 00 00 00 00 00 00 00 00 00 00 00 00 00 00 00 00
[17:56:45.360] PACKET[TCP_prs2026hitl_7100] sensors: status=32512, uptime=266069, filtered_accel=[-0.0322, 0.91108, -0.38308], gyro=[-2.87, 1.47, 2.59]
[17:56:45.413] RX[TCP_prs2026hitl_7100]  00 00 00 00 00 00 00 00 00 00 00 00 00 00 00 00 43 53 5a 54 13 48 0a ff 7e 00 00 04 0f 55 0a
[17:56:45.416] PACKET[TCP_prs2026hitl_7100] state: status=32512, uptime=266069, orientation=[0.0, 0.0, 0.0, 0.0], position=[0.0, 0.0, 0.0], velocity=[0.0, 0.0, 0.0], latitude=0.0, longitude=0.0, gps_altitude=0.0, barometric_altitude=211.352844, witness_battery_voltage=4.936
[17:56:45.419] PACKET[TCP_prs2026hitl_7100] heartbeat: status=32256, uptime=266069
[17:56:45.522] RX[TCP_prs2026hitl_7100]  01 7e 00 00 04 0f b9 ff fc db 00 58 f9 ff da af ff d5 00 17 00 22 0a
[17:56:45.527] PACKET[TCP_prs2026hitl_7100] sensors: status=32256, uptime=266169, filtered_accel=[-0.0322, 0.91108, -0.38212], gyro=[-3.01, 1.61, 2.38]
[17:56:45.579] RX[TCP_prs2026hitl_7100]  01 7e 00 00 04 10 1d ff fc db 00 58 f9 ff da 8b ff d6 00 16 00 23 0a
[17:56:45.584] PACKET[TCP_prs2026hitl_7100] sensors: status=32256, uptime=266269, filtered_accel=[-0.0322, 0.91108, -0.38356], gyro=[-2.94, 1.54, 2.45]
[17:56:45.712] RX[TCP_prs2026hitl_7100]  01 7e 00 00 04 10 81 ff fc cf 00 59 12 ff da 97 ff d7 00 16 00 24 0a
[17:56:45.715] PACKET[TCP_prs2026hitl_7100] sensors: status=32256, uptime=266369, filtered_accel=[-0.03268, 0.91208, -0.38308], gyro=[-2.87, 1.54, 2.52]
[17:56:45.765] RX[TCP_prs2026hitl_7100]  01 76 00 00 04 10 e5 ff fc db 00 58 f9 ff da a3 ff d6 00 17 00 22 0a
[17:56:45.769] PACKET[TCP_prs2026hitl_7100] sensors: status=30208, uptime=266469, filtered_accel=[-0.0322, 0.91108, -0.3826], gyro=[-2.94, 1.61, 2.38]
[17:56:45.820] RX[TCP_prs2026hitl_7100]  01 76 00 00 04 11 49 ff fc f3 00 59 06 ff da a3 ff d7 00 16 00 24 0a
[17:56:45.823] PACKET[TCP_prs2026hitl_7100] sensors: status=30208, uptime=266569, filtered_accel=[-0.03124, 0.9116, -0.3826], gyro=[-2.87, 1.54, 2.52]
[17:56:45.924] RX[TCP_prs2026hitl_7100]  01 76 00 00 04 11 ad ff fc db 00 58 f9 ff da 8b ff d6 00 15 00 24 0a
[17:56:45.927] PACKET[TCP_prs2026hitl_7100] sensors: status=30208, uptime=266669, filtered_accel=[-0.0322, 0.91108, -0.38356], gyro=[-2.94, 1.47, 2.52]
[17:56:46.028] RX[TCP_prs2026hitl_7100]  01 7e 00 00 04 12 11 ff fc db 00 58 f9 ff da 97 ff d6 00 15 00 25 0a
[17:56:46.032] PACKET[TCP_prs2026hitl_7100] sensors: status=32256, uptime=266769, filtered_accel=[-0.0322, 0.91108, -0.38308], gyro=[-2.94, 1.47, 2.59]
[17:56:46.133] RX[TCP_prs2026hitl_7100]  01 7e 00 00 04 12 75 ff fc e7 00 58 f9 ff da 97 ff d6 00 17 00 22 0a
[17:56:46.137] PACKET[TCP_prs2026hitl_7100] sensors: status=32256, uptime=266869, filtered_accel=[-0.03172, 0.91108, -0.38308], gyro=[-2.94, 1.61, 2.38]
[17:56:46.187] RX[TCP_prs2026hitl_7101]  03 00 00 00 00 00 00 00 00 00 28 8a f5 00 00 00 13 90 0a
[17:56:46.190] PACKET[TCP_prs2026hitl_7101] camera: fc_status=0, fc_uptime=0, status=0, uptime=2657013, current_sense=[0.0, 0.0, 0.0], iris_battery_voltage=5.008
[17:56:46.240] RX[TCP_prs2026hitl_7100]  01 7e 00 00 04 12 d9 ff fc db 00 59 06 ff da 97 ff d6 00 17 00 22 0a
[17:56:46.244] PACKET[TCP_prs2026hitl_7100] sensors: status=32256, uptime=266969, filtered_accel=[-0.0322, 0.9116, -0.38308], gyro=[-2.94, 1.61, 2.38]
[17:56:46.344] RX[TCP_prs2026hitl_7100]  01 7e 00 00 04 13 3d ff fc cf 00 59 06 ff da 7f ff d7 00 14 00 25 0a 02 7e 00 00 04 13 3d 00 00 00 00 00 00 00 00 00 00 00 00 00 00 00 00 00 00 00 00 00 00 00 00 00 00 00 00 00 00 00 00 00 00
[17:56:46.347] PACKET[TCP_prs2026hitl_7100] sensors: status=32256, uptime=267069, filtered_accel=[-0.03268, 0.9116, -0.38404], gyro=[-2.87, 1.4, 2.59]
[17:56:46.398] RX[TCP_prs2026hitl_7100]  00 00 00 00 00 00 00 00 00 00 00 00 00 00 00 00 43 53 18 b7 13 3c 0a ff 7f 00 00 04 13 3d 0a
[17:56:46.401] PACKET[TCP_prs2026hitl_7100] state: status=32256, uptime=267069, orientation=[0.0, 0.0, 0.0, 0.0], position=[0.0, 0.0, 0.0], velocity=[0.0, 0.0, 0.0], latitude=0.0, longitude=0.0, gps_altitude=0.0, barometric_altitude=211.096542, witness_battery_voltage=4.924
[17:56:46.403] PACKET[TCP_prs2026hitl_7100] heartbeat: status=32512, uptime=267069
[17:56:46.504] RX[TCP_prs2026hitl_7100]  01 77 00 00 04 13 a1 ff fc e7 00 59 06 ff da 97 ff d6 00 17 00 22 0a
[17:56:46.508] PACKET[TCP_prs2026hitl_7100] sensors: status=30464, uptime=267169, filtered_accel=[-0.03172, 0.9116, -0.38308], gyro=[-2.94, 1.61, 2.38]
[17:56:46.558] RX[TCP_prs2026hitl_7100]  01 77 00 00 04 14 05 ff fc cf 00 58 f9 ff da a3 ff d6 00 16 00 22 0a
[17:56:46.561] PACKET[TCP_prs2026hitl_7100] sensors: status=30464, uptime=267269, filtered_accel=[-0.03268, 0.91108, -0.3826], gyro=[-2.94, 1.54, 2.38]
[17:56:46.662] RX[TCP_prs2026hitl_7100]  01 77 00 00 04 14 69 ff fc e7 00 59 06 ff da 8b ff d6 00 15 00 25 0a
[17:56:46.667] PACKET[TCP_prs2026hitl_7100] sensors: status=30464, uptime=267369, filtered_accel=[-0.03172, 0.9116, -0.38356], gyro=[-2.94, 1.47, 2.59]
[17:56:46.717] RX[TCP_prs2026hitl_7100]  01 7f 00 00 04 14 cd ff fc f3 00 59 4f ff db bc ff d4 00 15 00 25 0a
[17:56:46.722] PACKET[TCP_prs2026hitl_7100] sensors: status=32512, uptime=267469, filtered_accel=[-0.03124, 0.91452, -0.37136], gyro=[-3.08, 1.47, 2.59]
[17:56:46.822] RX[TCP_prs2026hitl_7100]  01 7f 00 00 04 15 31 ff fc cf 00 58 f9 ff da 97 ff d7 00 17 00 21 0a
[17:56:46.826] PACKET[TCP_prs2026hitl_7100] sensors: status=32512, uptime=267569, filtered_accel=[-0.03268, 0.91108, -0.38308], gyro=[-2.87, 1.61, 2.31]
[17:56:46.926] RX[TCP_prs2026hitl_7100]  01 7f 00 00 04 15 95 ff fc aa 00 58 bc ff da a3 ff d7 00 14 00 24 0a
[17:56:46.932] PACKET[TCP_prs2026hitl_7100] sensors: status=32512, uptime=267669, filtered_accel=[-0.03416, 0.90864, -0.3826], gyro=[-2.87, 1.4, 2.52]
[17:56:47.034] RX[TCP_prs2026hitl_7100]  01 7f 00 00 04 15 f9 ff fc db 00 59 12 ff da 5a ff d6 00 16 00 24 0a
[17:56:47.039] PACKET[TCP_prs2026hitl_7100] sensors: status=32512, uptime=267769, filtered_accel=[-0.0322, 0.91208, -0.38552], gyro=[-2.94, 1.54, 2.52]
[17:56:47.141] RX[TCP_prs2026hitl_7100]  01 77 00 00 04 16 5d ff fc e7 00 59 06 ff da 97 ff d5 00 18 00 22 0a
[17:56:47.145] PACKET[TCP_prs2026hitl_7100] sensors: status=30464, uptime=267869, filtered_accel=[-0.03172, 0.9116, -0.38308], gyro=[-3.01, 1.68, 2.38]
[17:56:47.145] RX[TCP_prs2026hitl_7101]  03 00 00 00 00 00 00 00 00 00 28 8e dd 00 00 00 13 90 0a
[17:56:47.149] PACKET[TCP_prs2026hitl_7101] camera: fc_status=0, fc_uptime=0, status=0, uptime=2658013, current_sense=[0.0, 0.0, 0.0], iris_battery_voltage=5.008
[17:56:47.251] RX[TCP_prs2026hitl_7100]  01 77 00 00 04 16 c1 ff fc cf 00 58 f9 ff da 97 ff d7 00 17 00 24 0a
[17:56:47.254] PACKET[TCP_prs2026hitl_7100] sensors: status=30464, uptime=267969, filtered_accel=[-0.03268, 0.91108, -0.38308], gyro=[-2.87, 1.61, 2.52]
[17:56:47.355] RX[TCP_prs2026hitl_7100]  01 77 00 00 04 17 25 ff fc e7 00 58 f9 ff da 8b ff d7 00 15 00 25 0a 02 77 00 00 04 17 25 00 00 00 00 00 00 00 00 00 00 00 00 00 00 00 00 00 00 00 00 00 00 00 00 00 00 00 00 00 00 00 00 00 00
[17:56:47.358] PACKET[TCP_prs2026hitl_7100] sensors: status=30464, uptime=268069, filtered_accel=[-0.03172, 0.91108, -0.38356], gyro=[-2.87, 1.47, 2.59]
[17:56:47.409] RX[TCP_prs2026hitl_7100]  00 00 00 00 00 00 00 00 00 00 00 00 00 00 00 00 43 53 18 b7 13 50 0a ff 76 00 00 04 17 25 0a
[17:56:47.413] PACKET[TCP_prs2026hitl_7100] state: status=30464, uptime=268069, orientation=[0.0, 0.0, 0.0, 0.0], position=[0.0, 0.0, 0.0], velocity=[0.0, 0.0, 0.0], latitude=0.0, longitude=0.0, gps_altitude=0.0, barometric_altitude=211.096542, witness_battery_voltage=4.944
[17:56:47.416] PACKET[TCP_prs2026hitl_7100] heartbeat: status=30208, uptime=268069
[17:56:47.518] RX[TCP_prs2026hitl_7100]  01 7e 00 00 04 17 89 ff fc db 00 58 f9 ff da a3 ff d5 00 15 00 25 0a
[17:56:47.521] PACKET[TCP_prs2026hitl_7100] sensors: status=32256, uptime=268169, filtered_accel=[-0.0322, 0.91108, -0.3826], gyro=[-3.01, 1.47, 2.59]
[17:56:47.572] RX[TCP_prs2026hitl_7100]  01 7e 00 00 04 17 ed ff fc cf 00 58 f9 ff da a3 ff d5 00 18 00 22 0a
[17:56:47.577] PACKET[TCP_prs2026hitl_7100] sensors: status=32256, uptime=268269, filtered_accel=[-0.03268, 0.91108, -0.3826], gyro=[-3.01, 1.68, 2.38]
[17:56:47.678] RX[TCP_prs2026hitl_7100]  01 7e 00 00 04 18 51 ff fc c2 00 58 ed ff da 5a ff d7 00 16 00 24 0a
[17:56:47.681] PACKET[TCP_prs2026hitl_7100] sensors: status=32256, uptime=268369, filtered_accel=[-0.0332, 0.9106, -0.38552], gyro=[-2.87, 1.54, 2.52]
[17:56:47.782] RX[TCP_prs2026hitl_7100]  01 7e 00 00 04 18 b5 ff fd 0c 00 58 e1 ff da 66 ff d5 00 15 00 25 0a
[17:56:47.787] PACKET[TCP_prs2026hitl_7100] sensors: status=32256, uptime=268469, filtered_accel=[-0.03024, 0.91012, -0.38504], gyro=[-3.01, 1.47, 2.59]
[17:56:47.838] RX[TCP_prs2026hitl_7100]  01 76 00 00 04 19 19 ff fc 92 00 58 73 ff da f9 ff d4 00 18 00 23 0a
[17:56:47.846] PACKET[TCP_prs2026hitl_7100] sensors: status=30208, uptime=268569, filtered_accel=[-0.03512, 0.90572, -0.37916], gyro=[-3.08, 1.68, 2.45]
[17:56:47.948] RX[TCP_prs2026hitl_7100]  01 76 00 00 04 19 7d ff fc db 00 59 4f ff da 5a ff d6 00 16 00 25 0a
[17:56:47.951] PACKET[TCP_prs2026hitl_7100] sensors: status=30208, uptime=268669, filtered_accel=[-0.0322, 0.91452, -0.38552], gyro=[-2.94, 1.54, 2.59]
[17:56:48.052] RX[TCP_prs2026hitl_7100]  01 76 00 00 04 19 e1 ff fc e7 00 58 f9 ff da 7f ff d8 00 15 00 24 0a
[17:56:48.056] PACKET[TCP_prs2026hitl_7100] sensors: status=30208, uptime=268769, filtered_accel=[-0.03172, 0.91108, -0.38404], gyro=[-2.8, 1.47, 2.52]
[17:56:48.106] RX[TCP_prs2026hitl_7100]  01 7e 00 00 04 1a 45 ff fc cf 00 58 f9 ff da 97 ff d6 00 15 00 24 0a
[17:56:48.110] PACKET[TCP_prs2026hitl_7100] sensors: status=32256, uptime=268869, filtered_accel=[-0.03268, 0.91108, -0.38308], gyro=[-2.94, 1.47, 2.52]
[17:56:48.160] RX[TCP_prs2026hitl_7101]  03 00 00 00 00 00 00 00 00 00 28 92 c5 00 00 00 13 90 0a
[17:56:48.163] PACKET[TCP_prs2026hitl_7101] camera: fc_status=0, fc_uptime=0, status=0, uptime=2659013, current_sense=[0.0, 0.0, 0.0], iris_battery_voltage=5.008
[17:56:48.214] RX[TCP_prs2026hitl_7100]  01 7e 00 00 04 1a a9 ff fc cf 00 59 06 ff da 8b ff d7 00 18 00 22 0a
[17:56:48.217] PACKET[TCP_prs2026hitl_7100] sensors: status=32256, uptime=268969, filtered_accel=[-0.03268, 0.9116, -0.38356], gyro=[-2.87, 1.68, 2.38]
[17:56:48.318] RX[TCP_prs2026hitl_7100]  01 7e 00 00 04 1b 0d ff fc f3 00 59 06 ff da a3 ff d6 00 17 00 24 0a 02 7e 00 00 04 1b 0d 00 00 00 00 00 00 00 00 00 00 00 00 00 00 00 00 00 00 00 00 00 00 00 00 00 00 00 00 00 00 00 00 00 00
[17:56:48.322] PACKET[TCP_prs2026hitl_7100] sensors: status=32256, uptime=269069, filtered_accel=[-0.03124, 0.9116, -0.3826], gyro=[-2.94, 1.61, 2.52]
[17:56:48.423] RX[TCP_prs2026hitl_7100]  00 00 00 00 00 00 00 00 00 00 00 00 00 00 00 00 43 53 44 02 13 50 0a ff 7f 00 00 04 1b 0d 0a
[17:56:48.426] PACKET[TCP_prs2026hitl_7100] state: status=32256, uptime=269069, orientation=[0.0, 0.0, 0.0, 0.0], position=[0.0, 0.0, 0.0], velocity=[0.0, 0.0, 0.0], latitude=0.0, longitude=0.0, gps_altitude=0.0, barometric_altitude=211.265656, witness_battery_voltage=4.944
[17:56:48.428] PACKET[TCP_prs2026hitl_7100] heartbeat: status=32512, uptime=269069
[17:56:48.479] RX[TCP_prs2026hitl_7100]  01 7f 00 00 04 1b 71 ff fc ff 00 59 06 ff da 97 ff d6 00 16 00 24 0a
[17:56:48.484] PACKET[TCP_prs2026hitl_7100] sensors: status=32512, uptime=269169, filtered_accel=[-0.03076, 0.9116, -0.38308], gyro=[-2.94, 1.54, 2.52]
[17:56:48.585] RX[TCP_prs2026hitl_7100]  01 77 00 00 04 1b d5 ff fc b6 00 58 ed ff da 72 ff d5 00 18 00 22 0a
[17:56:48.589] PACKET[TCP_prs2026hitl_7100] sensors: status=30464, uptime=269269, filtered_accel=[-0.03368, 0.9106, -0.38456], gyro=[-3.01, 1.68, 2.38]
[17:56:48.690] RX[TCP_prs2026hitl_7100]  01 77 00 00 04 1c 39 ff fc e7 00 58 f9 ff da 97 ff d6 00 16 00 23 0a
[17:56:48.694] PACKET[TCP_prs2026hitl_7100] sensors: status=30464, uptime=269369, filtered_accel=[-0.03172, 0.91108, -0.38308], gyro=[-2.94, 1.54, 2.45]
[17:56:48.795] RX[TCP_prs2026hitl_7100]  01 77 00 00 04 1c 9d ff fc db 00 59 06 ff da 7f ff d6 00 15 00 25 0a
[17:56:48.799] PACKET[TCP_prs2026hitl_7100] sensors: status=30464, uptime=269469, filtered_accel=[-0.0322, 0.9116, -0.38404], gyro=[-2.94, 1.47, 2.59]
[17:56:48.850] RX[TCP_prs2026hitl_7100]  01 7f 00 00 04 1d 01 ff fc e7 00 58 f9 ff da 97 ff d6 00 15 00 25 0a
[17:56:48.853] PACKET[TCP_prs2026hitl_7100] sensors: status=32512, uptime=269569, filtered_accel=[-0.03172, 0.91108, -0.38308], gyro=[-2.94, 1.47, 2.59]
[17:56:48.954] RX[TCP_prs2026hitl_7100]  01 7f 00 00 04 1d 65 ff fc e7 00 59 06 ff da 97 ff d6 00 17 00 23 0a
[17:56:48.958] PACKET[TCP_prs2026hitl_7100] sensors: status=32512, uptime=269669, filtered_accel=[-0.03172, 0.9116, -0.38308], gyro=[-2.94, 1.61, 2.45]
[17:56:49.110] RX[TCP_prs2026hitl_7100]  01 7f 00 00 04 1d c9 ff fc db 00 59 06 ff da 97 ff d6 00 15 00 24 0a
[17:56:49.113] PACKET[TCP_prs2026hitl_7100] sensors: status=32512, uptime=269769, filtered_accel=[-0.0322, 0.9116, -0.38308], gyro=[-2.94, 1.47, 2.52]
[17:56:49.163] RX[TCP_prs2026hitl_7101]  03 00 00 00 00 00 00 00 00 00 28 96 ad 00 00 00 13 90 0a
[17:56:49.167] PACKET[TCP_prs2026hitl_7101] camera: fc_status=0, fc_uptime=0, status=0, uptime=2660013, current_sense=[0.0, 0.0, 0.0], iris_battery_voltage=5.008
[17:56:49.168] RX[TCP_prs2026hitl_7100]  01 7f 00 00 04 1e 2d ff fc db 00 58 f9 ff da a3 ff d7 00 15 00 25 0a
[17:56:49.170] PACKET[TCP_prs2026hitl_7100] sensors: status=32512, uptime=269869, filtered_accel=[-0.0322, 0.91108, -0.3826], gyro=[-2.87, 1.47, 2.59]
[17:56:49.271] RX[TCP_prs2026hitl_7100]  01 77 00 00 04 1e 91 ff fc e7 00 59 06 ff da af ff d5 00 18 00 22 0a
[17:56:49.275] PACKET[TCP_prs2026hitl_7100] sensors: status=30464, uptime=269969, filtered_accel=[-0.03172, 0.9116, -0.38212], gyro=[-3.01, 1.68, 2.38]
[17:56:49.326] RX[TCP_prs2026hitl_7100]  01 77 00 00 04 1e f5 ff fc e7 00 59 06 ff da 97 ff d6 00 16 00 24 0a 02 77 00 00 04 1e f5 00 00 00 00 00 00 00 00 00 00 00 00 00 00 00 00 00 00 00 00 00 00 00 00 00 00 00 00 00 00 00 00 00 00 00 00 00 00 00 00 00 00 00 00 00 00 00 00 00 00 43 53 44 02 13 48 0a ff 76 00 00 04 1e f5 0a
[17:56:49.329] PACKET[TCP_prs2026hitl_7100] sensors: status=30464, uptime=270069, filtered_accel=[-0.03172, 0.9116, -0.38308], gyro=[-2.94, 1.54, 2.52]
[17:56:49.332] PACKET[TCP_prs2026hitl_7100] state: status=30464, uptime=270069, orientation=[0.0, 0.0, 0.0, 0.0], position=[0.0, 0.0, 0.0], velocity=[0.0, 0.0, 0.0], latitude=0.0, longitude=0.0, gps_altitude=0.0, barometric_altitude=211.265656, witness_battery_voltage=4.936
[17:56:49.334] PACKET[TCP_prs2026hitl_7100] heartbeat: status=30208, uptime=270069
[17:56:49.435] RX[TCP_prs2026hitl_7100]  01 76 00 00 04 1f 59 ff fc db 00 58 f9 ff da 97 ff d6 00 15 00 25 0a
[17:56:49.438] PACKET[TCP_prs2026hitl_7100] sensors: status=30208, uptime=270169, filtered_accel=[-0.0322, 0.91108, -0.38308], gyro=[-2.94, 1.47, 2.59]
[17:56:49.540] RX[TCP_prs2026hitl_7100]  01 7e 00 00 04 1f bd ff fc e7 00 59 06 ff da 8b ff d6 00 16 00 24 0a
[17:56:49.544] PACKET[TCP_prs2026hitl_7100] sensors: status=32256, uptime=270269, filtered_accel=[-0.03172, 0.9116, -0.38356], gyro=[-2.94, 1.54, 2.52]
[17:56:49.645] RX[TCP_prs2026hitl_7100]  01 7e 00 00 04 20 21 ff fc cf 00 59 06 ff da 97 ff d6 00 17 00 22 0a
[17:56:49.649] PACKET[TCP_prs2026hitl_7100] sensors: status=32256, uptime=270369, filtered_accel=[-0.03268, 0.9116, -0.38308], gyro=[-2.94, 1.61, 2.38]
[17:56:49.750] RX[TCP_prs2026hitl_7100]  01 7e 00 00 04 20 85 ff fc db 00 58 f9 ff da a3 ff d7 00 15 00 24 0a
[17:56:49.753] PACKET[TCP_prs2026hitl_7100] sensors: status=32256, uptime=270469, filtered_accel=[-0.0322, 0.91108, -0.3826], gyro=[-2.87, 1.47, 2.52]
[17:56:49.804] RX[TCP_prs2026hitl_7100]  01 7e 00 00 04 20 e9 ff fc db 00 58 ed ff da 8b ff d6 00 16 00 24 0a
[17:56:49.811] PACKET[TCP_prs2026hitl_7100] sensors: status=32256, uptime=270569, filtered_accel=[-0.0322, 0.9106, -0.38356], gyro=[-2.94, 1.54, 2.52]
[17:56:49.912] RX[TCP_prs2026hitl_7100]  01 76 00 00 04 21 4d ff fc db 00 58 f9 ff da 8b ff d5 00 17 00 22 0a
[17:56:49.917] PACKET[TCP_prs2026hitl_7100] sensors: status=30208, uptime=270669, filtered_accel=[-0.0322, 0.91108, -0.38356], gyro=[-3.01, 1.61, 2.38]
[17:56:50.018] RX[TCP_prs2026hitl_7100]  01 76 00 00 04 21 b1 ff fc cf 00 59 06 ff da 7f ff d6 00 16 00 24 0a
[17:56:50.022] PACKET[TCP_prs2026hitl_7100] sensors: status=30208, uptime=270769, filtered_accel=[-0.03268, 0.9116, -0.38404], gyro=[-2.94, 1.54, 2.52]
[17:56:50.123] RX[TCP_prs2026hitl_7100]  01 76 00 00 04 22 15 ff fc e7 00 59 06 ff da 97 ff d6 00 15 00 24 0a
[17:56:50.137] PACKET[TCP_prs2026hitl_7100] sensors: status=30208, uptime=270869, filtered_accel=[-0.03172, 0.9116, -0.38308], gyro=[-2.94, 1.47, 2.52]
[17:56:50.187] RX[TCP_prs2026hitl_7101]  03 00 00 00 00 00 00 00 00 00 28 9a 95 00 00 00 13 94 0a
[17:56:50.197] PACKET[TCP_prs2026hitl_7101] camera: fc_status=0, fc_uptime=0, status=0, uptime=2661013, current_sense=[0.0, 0.0, 0.0], iris_battery_voltage=5.012
[17:56:50.247] RX[TCP_prs2026hitl_7100]  01 7e 00 00 04 22 79 ff fc cf 00 59 06 ff da 97 ff d6 00 16 00 24 0a
[17:56:50.250] PACKET[TCP_prs2026hitl_7100] sensors: status=32256, uptime=270969, filtered_accel=[-0.03268, 0.9116, -0.38308], gyro=[-2.94, 1.54, 2.52]
[17:56:50.351] RX[TCP_prs2026hitl_7100]  01 7e 00 00 04 22 dd ff fc cf 00 58 f9 ff da a3 ff d5 00 17 00 22 0a 02 7e 00 00 04 22 dd 00 00 00 00 00 00 00 00 00 00 00 00 00 00 00 00 00 00 00 00 00 00 00 00 00 00 00 00 00 00 00 00 00 00
[17:56:50.354] PACKET[TCP_prs2026hitl_7100] sensors: status=32256, uptime=271069, filtered_accel=[-0.03268, 0.91108, -0.3826], gyro=[-3.01, 1.61, 2.38]
[17:56:50.405] RX[TCP_prs2026hitl_7100]  00 00 00 00 00 00 00 00 00 00 00 00 00 00 00 00 43 53 2e 5d 13 48 0a ff 7f 00 00 04 22 dd 0a
[17:56:50.409] PACKET[TCP_prs2026hitl_7100] state: status=32256, uptime=271069, orientation=[0.0, 0.0, 0.0, 0.0], position=[0.0, 0.0, 0.0], velocity=[0.0, 0.0, 0.0], latitude=0.0, longitude=0.0, gps_altitude=0.0, barometric_altitude=211.181107, witness_battery_voltage=4.936
[17:56:50.411] PACKET[TCP_prs2026hitl_7100] heartbeat: status=32512, uptime=271069
[17:56:50.512] RX[TCP_prs2026hitl_7100]  01 7f 00 00 04 23 41 ff fc db 00 59 06 ff da bc ff d6 00 15 00 25 0a
[17:56:50.515] PACKET[TCP_prs2026hitl_7100] sensors: status=32512, uptime=271169, filtered_accel=[-0.0322, 0.9116, -0.3816], gyro=[-2.94, 1.47, 2.59]
[17:56:50.566] RX[TCP_prs2026hitl_7100]  01 7f 00 00 04 23 a5 ff fc cf 00 58 f9 ff da 97 ff d7 00 15 00 25 0a
[17:56:50.569] PACKET[TCP_prs2026hitl_7100] sensors: status=32512, uptime=271269, filtered_accel=[-0.03268, 0.91108, -0.38308], gyro=[-2.87, 1.47, 2.59]
[17:56:50.671] RX[TCP_prs2026hitl_7100]  01 77 00 00 04 24 09 ff fc f3 00 58 f9 ff da a3 ff d6 00 18 00 22 0a
[17:56:50.675] PACKET[TCP_prs2026hitl_7100] sensors: status=30464, uptime=271369, filtered_accel=[-0.03124, 0.91108, -0.3826], gyro=[-2.94, 1.68, 2.38]
[17:56:50.726] RX[TCP_prs2026hitl_7100]  01 77 00 00 04 24 6d ff fc cf 00 58 f9 ff da 97 ff d6 00 16 00 24 0a
[17:56:50.730] PACKET[TCP_prs2026hitl_7100] sensors: status=30464, uptime=271469, filtered_accel=[-0.03268, 0.91108, -0.38308], gyro=[-2.94, 1.54, 2.52]
[17:56:50.831] RX[TCP_prs2026hitl_7100]  01 77 00 00 04 24 d1 ff fc c2 00 59 06 ff da 97 ff d6 00 15 00 24 0a
[17:56:50.835] PACKET[TCP_prs2026hitl_7100] sensors: status=30464, uptime=271569, filtered_accel=[-0.0332, 0.9116, -0.38308], gyro=[-2.94, 1.47, 2.52]
[17:56:50.937] RX[TCP_prs2026hitl_7100]  01 7f 00 00 04 25 35 ff fc db 00 58 f9 ff da bc ff d6 00 15 00 24 0a
[17:56:50.941] PACKET[TCP_prs2026hitl_7100] sensors: status=32512, uptime=271669, filtered_accel=[-0.0322, 0.91108, -0.3816], gyro=[-2.94, 1.47, 2.52]
[17:56:51.042] RX[TCP_prs2026hitl_7100]  01 7f 00 00 04 25 99 ff fc db 00 58 f9 ff da 8b ff d5 00 19 00 20 0a
[17:56:51.046] PACKET[TCP_prs2026hitl_7100] sensors: status=32512, uptime=271769, filtered_accel=[-0.0322, 0.91108, -0.38356], gyro=[-3.01, 1.75, 2.24]
[17:56:51.146] RX[TCP_prs2026hitl_7100]  01 7f 00 00 04 25 fd ff fc b6 00 58 e1 ff da 8b ff d5 00 15 00 25 0a
[17:56:51.150] PACKET[TCP_prs2026hitl_7100] sensors: status=32512, uptime=271869, filtered_accel=[-0.03368, 0.91012, -0.38356], gyro=[-3.01, 1.47, 2.59]
[17:56:51.150] RX[TCP_prs2026hitl_7101]  03 00 00 00 00 00 00 00 00 00 28 9e 7d 00 00 00 13 90 0a
[17:56:51.152] PACKET[TCP_prs2026hitl_7101] camera: fc_status=0, fc_uptime=0, status=0, uptime=2662013, current_sense=[0.0, 0.0, 0.0], iris_battery_voltage=5.008
[17:56:51.256] RX[TCP_prs2026hitl_7100]  01 7f 00 00 04 26 61 ff fc e7 00 58 f9 ff da 72 ff d7 00 15 00 25 0a
[17:56:51.259] PACKET[TCP_prs2026hitl_7100] sensors: status=32512, uptime=271969, filtered_accel=[-0.03172, 0.91108, -0.38456], gyro=[-2.87, 1.47, 2.59]
