[23:25:36.726] RX[TCP_prs2026hitl_7100]  01 6e 00 00 08 5f a1 00 02 00 00 54 af ff d0 ad ff ea 00 08 00 0a 01 6e 00 00 08 60 05 00 02 19 00 54 c8 ff d0 a1 ff eb 00 00 00 0a 01 66 00 00 08 60 69 00 02 00 00 54 af ff d0 d2 ff ee 00 09 00 10 0a 01 66 00 00 08 60 cd 00 02 25 00 54 e0 ff d0 58 ff ec 00 08 00 0a 02 66 00 00 08 61 00 00 00 00 00 00 00 00 00 00 00 00 00 00 00 00 00 00 00 00 00 00 00 00 00 00 00 00 00 00 00 00 00 00 00 00 00 00 00 00 00 00 00 00 00 00 00 00 00 00 43 67 6c 6e 48 0a ff 67 00 00 08 61 0a 01 6f 00 00 08 61 95 00 02 00 00 54 bc ff d0 ad ff fc 00 02 ff fe 0a 01 6f 00 00 08 61 f9 00 02 0a 0a 01 6f 00 00 08 62 5d 00 02 19 00 54 c8 ff d0 95 ff ea 00 0b 00 0a 01 67 00 00 08 62 c1 00 02 31 00 54 f9 ff d1 27 ff ea 00 08 00 0a 01 67 00 00 08 63 25 00 02 0a 00 54 c8 ff d0 7d ff eb 00 0a 00 10 0a 01 67 00 00 08 63 89 00 01 dc 00 54 a3 ff d0 c6 ff dd 00 10 00 21 0a 01 6f 00 00 08 63 ed 00 02 00 00 54 d4 ff d0 70 ff d9 00 1d 00 0f 0a 01 6f 00 00 08 64 51 00 02 0a 00 54 bc ff d0 95 ff dd 00 00 1e 0a 01 6f 00 00 08 64 b5 00 02 0a 00 54 bc ff d0 95 ff df 00 0c 00 24 0a 2c 48 0a ff 6e 00 00 08 64 fb 0a 01 6e 00 00 08 65 7d 00 02 19 00 54 d4 ff d0 95 ff fc 00 01 ff fe 0a 01 66 00 00 08 65 e1 00 02 00 00 54 af ff d0 ad ff d9 00 00 22 0a 01 66 00 00 08 66 45 00 02 19 00 54 c8 ff d0 89 ff da 00 00 22 0a 01 6e 00 00 08 66 a9 00 02 0a 00 54 c8 ff d0 a1 ff da 00 00 20 0a 01 6e 00 00 08 67 0a 00 02 0a 00 54 c8 ff d0 95 ff db 00 00 20 0a 01 6e 00 00 08 67 71 00 02 0a 00 54 bc ff d0 89 ff dd 00 0a 00 23 0a 01 6e 00 00 08 67 d5 00 02 25 00 54 e0 ff d0 0f ff d9 00 1b 00 0a 01 66 00 00 08 68 39 00 02 19 00 54 c8 ff d0 70 ff dc 00 00 1e 0a 01 66 00 00 08 68 9d 00 02 19 00 54 bc ff d0 7d ff dc 00 00 21 0a 02 66 00 00 08 68 e3 00 00 00 00 00 00 00 00 00 00 00 00 00 00 00 00 00 00 00 00 00 00 00 00 00 00 00 00 00 00 00 00 00 00 00 00 00 00 00 00 00 00 00 00 00 00 00 00 00 00 43 66 ff 87 50 0a ff 67 00 00 08 68 e3 0a 01 6f 00 00 08 69 65 00 02 00 00 54 bc ff d0 95 ff fd 00 02 ff fe 0a 5e 41 6e 5e 40 5e 01 6f 00 00 08 69 c9 00 02 0a 00 54 c8 ff d0 95 ff d9 00 00 24 0a 40 5e 01 6f 00 00 08 6a 2d 00 02 0a 00 54 c8 ff d0 95 ff da 00 00 23 0a 48 01 6f 00 00 08 6a 91 00 02 19 00 54 c8 ff d0 95 ff db 00 00 22 0a 01 67 00 00 08 6a f5 00 02 00 00 54 bc ff d0 7d ff db 00 00 1f 0a 5f a1 5e 01 67 00 00 08 6b 59 00 02 00 00 54 d4 ff d0 89 ff dd 00 0c 00 24 0a 40 5e 01 67 00 00 08 6b bd 00 02 00 00 54 bc ff d0 70 ff db 00 19 00 0a 01 6f 00 00 08 6c 21 00 02 00 00 54 bc ff d0 a1 ff de 00 0e 00 20 0a 42 5e 0a 0a 5e 5e 5e 57 20 28 35 35 33 37 32 34 29 20 73 65 72 69 61 6c 5f 63 6f 6d 6d 61 6e 64 3a 20 75 6e 6b 6e 6f 77 6e 20 63 6f 6d 6d 61 6e 64 3a 20 d0 ba 5e 41 4e 5e 40 5e 40 5e 48 5f a1 5e 40 5e 42 5e 0d 0a 40 5e 5e 6f 08 0d 0a 5e 41 41 5e 5e 40 5e 40 5e 40 5e 40 43 67 08 20 08 08 20 08 20 08 08 20 08 08 20 08 08 20 08 08 20 08 08 20 08 08 20 08 08 20 08 08 20 08 08 20 08 08 20 08 08 20 08 57 20 28 35 35 33 37 32 34 29 20 73 65 72 69 61 6c 5f 63 6f 6d 6d 61 6e 64 3a 20 75 6e 6b 6e 6f 77 6e 20 63 6f 6d 6d 61 6e 64 3a 20 5e 5e 5e 40 5e 5e 4f 08 0d 0a 08 20 08 08 20 08 08 20 08 08 20 08 08 20 08 08 20 08 08 20 08 08 20 08 08 20 08 08 20 08 08 20 08 08 20 01 6f 00 00 08 6c 85 00 02 25 00 54 bc ff d0 95 ff db 00 11 00 20 0a 02 6f 00 00 08 6c cb 00 00 00 00 00 00 00 00 00 00 00 00 00 00 00 00 00 00 00 00 00 00 00 00 00 00 00 00 00 00 00 00 00 00 00 00 00 00 00 00 00 00 00 00 00 00 00 00 00 00 43 67 15 2c 13 40 0a 08 08 20 08 08 20 08 08 20 08 08 20 08 08 20 08 08 20 08 08 20 08 08 20 08 08 20 08 08 20 08 08 20 08 08 20 08 08 20 08 08 20 08 08 20 08 08 20 08 08 20 08 08 20 08 08 20 08 08 20 08 08 20 08 08 20 08 08 20 08 08 20 08 08 20 08 08 20 08 08 20 08 08 20 08 08 20 08 08 20 08 08 20 08 08 20 08 2c 48 0d 0a 57 20 28 35 35 33 37 33 34 29 20 73 65 72 69 61 6c 5f 63 6f 6d 6d 61 6e 64 3a 20 75 6e 6b 6e 6f 77 6e 20 63 6f 6d 6d 61 6e 64 3a 20 5e 41 41 5e 5e 40 5e 40 5e 40 5e 40 43 47 08 20 08 08 20 08 20 08 08 20 08
[23:25:36.732] BAD_PACKET[TCP_prs2026hitl_7100] bad EOF for 0x01: expected 0x0a, got 0x00; resync=offset 19
[23:25:36.737] PACKET[TCP_prs2026hitl_7100] sensors: status=26112, uptime=548969, filtered_accel=[0.02048, 0.86716, -0.48312], gyro=[-1.26, 0.63, 1.12]
[23:25:36.743] BAD_PACKET[TCP_prs2026hitl_7100] bad EOF for 0x01: expected 0x0a, got 0x00; resync=offset 66
[23:25:36.749] PACKET[TCP_prs2026hitl_7100] sensors: status=28416, uptime=549269, filtered_accel=[0.02048, 0.86768, -0.4846], gyro=[-0.28, 0.14, -0.14]
[23:25:36.754] BAD_PACKET[TCP_prs2026hitl_7100] bad EOF for 0x01: expected 0x0a, got 0xff; resync=offset 30
[23:25:36.759] PACKET[TCP_prs2026hitl_7100] sensors: status=26368, uptime=549669, filtered_accel=[0.02088, 0.86816, -0.48652], gyro=[-1.47, 0.7, 1.12]
[23:25:36.763] PACKET[TCP_prs2026hitl_7100] sensors: status=26368, uptime=549769, filtered_accel=[0.01904, 0.86668, -0.4836], gyro=[-2.45, 1.12, 2.31]
[23:25:36.767] PACKET[TCP_prs2026hitl_7100] sensors: status=28416, uptime=549869, filtered_accel=[0.02048, 0.86864, -0.48704], gyro=[-2.73, 2.03, 1.05]
[23:25:36.771] BAD_PACKET[TCP_prs2026hitl_7100] bad EOF for 0x01: expected 0x0a, got 0x00; resync=offset 23
[23:25:36.775] PACKET[TCP_prs2026hitl_7100] heartbeat: status=28160, uptime=550139
[23:25:36.780] PACKET[TCP_prs2026hitl_7100] sensors: status=28160, uptime=550269, filtered_accel=[0.02148, 0.86864, -0.48556], gyro=[-0.28, 0.07, -0.14]
[23:25:36.784] BAD_PACKET[TCP_prs2026hitl_7100] bad EOF for 0x01: expected 0x0a, got 0x00; resync=offset 63
[23:25:36.792] PACKET[TCP_prs2026hitl_7100] sensors: status=28160, uptime=550769, filtered_accel=[0.02088, 0.86768, -0.48604], gyro=[-2.45, 0.7, 2.45]
[23:25:36.797] BAD_PACKET[TCP_prs2026hitl_7100] bad EOF for 0x01: expected 0x0a, got 0x00; resync=offset 104
[23:25:36.798] PACKET[TCP_prs2026hitl_7100] heartbeat: status=26368, uptime=551139
[23:25:36.799] PACKET[TCP_prs2026hitl_7100] sensors: status=28416, uptime=551269, filtered_accel=[0.02048, 0.86768, -0.48556], gyro=[-0.21, 0.14, -0.14]
[23:25:36.799] BAD_PACKET[TCP_prs2026hitl_7100] unknown packet ID 0x5e; discarded 83 byte(s)
[23:25:36.800] PACKET[TCP_prs2026hitl_7100] state: status=0, uptime=1421672400, orientation=[4.2511281492146584e+37, 0.0, -0.0, 0.0], position=[2251937252638720.0, 0.0, -18521974784.0], velocity=[0.0, 0.0, 6.044634862680669e+23], latitude=706.0736, longitude=13.1072, gps_altitude=6493965385728.0, barometric_altitude=6.334674580715088e+29, witness_battery_voltage=6.4
[23:25:36.800] PACKET[TCP_prs2026hitl_7100] sensors: status=28416, uptime=551969, filtered_accel=[0.02048, 0.86768, -0.48508], gyro=[-2.38, 0.98, 2.24]
[23:25:36.801] BAD_PACKET[TCP_prs2026hitl_7100] unknown packet ID 0x42; discarded 222 byte(s)
[23:25:36.802] PACKET[TCP_prs2026hitl_7100] sensors: status=28416, uptime=552069, filtered_accel=[0.02196, 0.86768, -0.48556], gyro=[-2.59, 1.19, 2.24]
[23:25:36.802] PACKET[TCP_prs2026hitl_7100] state: status=28416, uptime=552139, orientation=[0.0, 0.0, 0.0, 0.0], position=[0.0, 0.0, 0.0], velocity=[0.0, 0.0, 0.0], latitude=0.0, longitude=0.0, gps_altitude=0.0, barometric_altitude=231.082703, witness_battery_voltage=4.928
[23:25:36.803] BAD_PACKET[TCP_prs2026hitl_7100] unknown packet ID 0x08; discarded 1 byte(s)
[23:25:36.804] BAD_PACKET[TCP_prs2026hitl_7100] unknown packet ID 0x08; discarded 1 byte(s)
[23:25:36.804] BAD_PACKET[TCP_prs2026hitl_7100] unknown packet ID 0x20; discarded 1 byte(s)
[23:25:36.805] BAD_PACKET[TCP_prs2026hitl_7100] unknown packet ID 0x08; discarded 1 byte(s)
[23:25:36.806] BAD_PACKET[TCP_prs2026hitl_7100] unknown packet ID 0x08; discarded 1 byte(s)
[23:25:36.806] BAD_PACKET[TCP_prs2026hitl_7100] unknown packet ID 0x20; discarded 1 byte(s)
[23:25:36.807] BAD_PACKET[TCP_prs2026hitl_7100] unknown packet ID 0x08; discarded 1 byte(s)
[23:25:36.807] BAD_PACKET[TCP_prs2026hitl_7100] unknown packet ID 0x08; discarded 1 byte(s)
[23:25:36.808] BAD_PACKET[TCP_prs2026hitl_7100] unknown packet ID 0x20; discarded 1 byte(s)
[23:25:36.809] BAD_PACKET[TCP_prs2026hitl_7100] unknown packet ID 0x08; discarded 1 byte(s)
[23:25:36.809] BAD_PACKET[TCP_prs2026hitl_7100] unknown packet ID 0x08; discarded 1 byte(s)
[23:25:36.809] BAD_PACKET[TCP_prs2026hitl_7100] unknown packet ID 0x20; discarded 1 byte(s)
[23:25:36.810] BAD_PACKET[TCP_prs2026hitl_7100] unknown packet ID 0x08; discarded 1 byte(s)
[23:25:36.811] BAD_PACKET[TCP_prs2026hitl_7100] unknown packet ID 0x08; discarded 1 byte(s)
[23:25:36.811] BAD_PACKET[TCP_prs2026hitl_7100] unknown packet ID 0x20; discarded 1 byte(s)
[23:25:36.811] BAD_PACKET[TCP_prs2026hitl_7100] unknown packet ID 0x08; discarded 1 byte(s)
[23:25:36.812] BAD_PACKET[TCP_prs2026hitl_7100] unknown packet ID 0x08; discarded 1 byte(s)
[23:25:36.812] BAD_PACKET[TCP_prs2026hitl_7100] unknown packet ID 0x20; discarded 1 byte(s)
[23:25:36.812] BAD_PACKET[TCP_prs2026hitl_7100] unknown packet ID 0x08; discarded 1 byte(s)
[23:25:36.813] BAD_PACKET[TCP_prs2026hitl_7100] unknown packet ID 0x08; discarded 1 byte(s)
[23:25:36.813] BAD_PACKET[TCP_prs2026hitl_7100] unknown packet ID 0x20; discarded 1 byte(s)
[23:25:36.813] BAD_PACKET[TCP_prs2026hitl_7100] unknown packet ID 0x08; discarded 1 byte(s)
[23:25:36.813] BAD_PACKET[TCP_prs2026hitl_7100] unknown packet ID 0x08; discarded 1 byte(s)
[23:25:36.814] BAD_PACKET[TCP_prs2026hitl_7100] unknown packet ID 0x20; discarded 1 byte(s)
[23:25:36.814] BAD_PACKET[TCP_prs2026hitl_7100] unknown packet ID 0x08; discarded 1 byte(s)
[23:25:36.814] BAD_PACKET[TCP_prs2026hitl_7100] unknown packet ID 0x08; discarded 1 byte(s)
[23:25:36.815] BAD_PACKET[TCP_prs2026hitl_7100] unknown packet ID 0x20; discarded 1 byte(s)
[23:25:36.815] BAD_PACKET[TCP_prs2026hitl_7100] unknown packet ID 0x08; discarded 1 byte(s)
[23:25:36.815] BAD_PACKET[TCP_prs2026hitl_7100] unknown packet ID 0x08; discarded 1 byte(s)
[23:25:36.816] BAD_PACKET[TCP_prs2026hitl_7100] unknown packet ID 0x20; discarded 1 byte(s)
[23:25:36.816] BAD_PACKET[TCP_prs2026hitl_7100] unknown packet ID 0x08; discarded 1 byte(s)
[23:25:36.816] BAD_PACKET[TCP_prs2026hitl_7100] unknown packet ID 0x08; discarded 1 byte(s)
[23:25:36.816] BAD_PACKET[TCP_prs2026hitl_7100] unknown packet ID 0x20; discarded 1 byte(s)
[23:25:36.817] BAD_PACKET[TCP_prs2026hitl_7100] unknown packet ID 0x08; discarded 1 byte(s)
[23:25:36.817] BAD_PACKET[TCP_prs2026hitl_7100] unknown packet ID 0x08; discarded 1 byte(s)
[23:25:36.817] BAD_PACKET[TCP_prs2026hitl_7100] unknown packet ID 0x20; discarded 1 byte(s)
[23:25:36.818] BAD_PACKET[TCP_prs2026hitl_7100] unknown packet ID 0x08; discarded 1 byte(s)
[23:25:36.818] BAD_PACKET[TCP_prs2026hitl_7100] unknown packet ID 0x08; discarded 1 byte(s)
[23:25:36.818] BAD_PACKET[TCP_prs2026hitl_7100] unknown packet ID 0x20; discarded 1 byte(s)
[23:25:36.819] BAD_PACKET[TCP_prs2026hitl_7100] unknown packet ID 0x08; discarded 1 byte(s)
[23:25:36.819] BAD_PACKET[TCP_prs2026hitl_7100] unknown packet ID 0x08; discarded 1 byte(s)
[23:25:36.819] BAD_PACKET[TCP_prs2026hitl_7100] unknown packet ID 0x20; discarded 1 byte(s)
[23:25:36.820] BAD_PACKET[TCP_prs2026hitl_7100] unknown packet ID 0x08; discarded 1 byte(s)
[23:25:36.820] BAD_PACKET[TCP_prs2026hitl_7100] unknown packet ID 0x08; discarded 1 byte(s)
[23:25:36.820] BAD_PACKET[TCP_prs2026hitl_7100] unknown packet ID 0x20; discarded 1 byte(s)
[23:25:36.821] BAD_PACKET[TCP_prs2026hitl_7100] unknown packet ID 0x08; discarded 1 byte(s)
[23:25:36.821] BAD_PACKET[TCP_prs2026hitl_7100] unknown packet ID 0x08; discarded 1 byte(s)
[23:25:36.821] BAD_PACKET[TCP_prs2026hitl_7100] unknown packet ID 0x20; discarded 1 byte(s)
[23:25:36.822] BAD_PACKET[TCP_prs2026hitl_7100] unknown packet ID 0x08; discarded 1 byte(s)
[23:25:36.822] BAD_PACKET[TCP_prs2026hitl_7100] unknown packet ID 0x08; discarded 1 byte(s)
[23:25:36.822] BAD_PACKET[TCP_prs2026hitl_7100] unknown packet ID 0x20; discarded 1 byte(s)
[23:25:36.822] BAD_PACKET[TCP_prs2026hitl_7100] unknown packet ID 0x08; discarded 1 byte(s)
[23:25:36.823] BAD_PACKET[TCP_prs2026hitl_7100] unknown packet ID 0x08; discarded 1 byte(s)
[23:25:36.823] BAD_PACKET[TCP_prs2026hitl_7100] unknown packet ID 0x20; discarded 1 byte(s)
[23:25:36.823] BAD_PACKET[TCP_prs2026hitl_7100] unknown packet ID 0x08; discarded 1 byte(s)
[23:25:36.824] BAD_PACKET[TCP_prs2026hitl_7100] unknown packet ID 0x08; discarded 1 byte(s)
[23:25:36.824] BAD_PACKET[TCP_prs2026hitl_7100] unknown packet ID 0x20; discarded 1 byte(s)
[23:25:36.824] BAD_PACKET[TCP_prs2026hitl_7100] unknown packet ID 0x08; discarded 1 byte(s)
[23:25:36.824] BAD_PACKET[TCP_prs2026hitl_7100] unknown packet ID 0x08; discarded 1 byte(s)
[23:25:36.825] BAD_PACKET[TCP_prs2026hitl_7100] unknown packet ID 0x20; discarded 1 byte(s)
[23:25:36.825] BAD_PACKET[TCP_prs2026hitl_7100] unknown packet ID 0x08; discarded 1 byte(s)
[23:25:36.825] BAD_PACKET[TCP_prs2026hitl_7100] unknown packet ID 0x08; discarded 1 byte(s)
[23:25:36.826] BAD_PACKET[TCP_prs2026hitl_7100] unknown packet ID 0x20; discarded 1 byte(s)
[23:25:36.826] BAD_PACKET[TCP_prs2026hitl_7100] unknown packet ID 0x08; discarded 1 byte(s)
[23:25:36.826] BAD_PACKET[TCP_prs2026hitl_7100] unknown packet ID 0x08; discarded 1 byte(s)
[23:25:36.827] BAD_PACKET[TCP_prs2026hitl_7100] unknown packet ID 0x20; discarded 1 byte(s)
[23:25:36.827] BAD_PACKET[TCP_prs2026hitl_7100] unknown packet ID 0x08; discarded 1 byte(s)
[23:25:36.827] BAD_PACKET[TCP_prs2026hitl_7100] unknown packet ID 0x08; discarded 1 byte(s)
[23:25:36.828] BAD_PACKET[TCP_prs2026hitl_7100] unknown packet ID 0x20; discarded 1 byte(s)
[23:25:36.828] BAD_PACKET[TCP_prs2026hitl_7100] unknown packet ID 0x08; discarded 1 byte(s)
[23:25:36.828] BAD_PACKET[TCP_prs2026hitl_7100] unknown packet ID 0x08; discarded 1 byte(s)
[23:25:36.829] BAD_PACKET[TCP_prs2026hitl_7100] unknown packet ID 0x20; discarded 1 byte(s)
[23:25:36.829] BAD_PACKET[TCP_prs2026hitl_7100] unknown packet ID 0x08; discarded 1 byte(s)
[23:25:36.829] BAD_PACKET[TCP_prs2026hitl_7100] unknown packet ID 0x08; discarded 1 byte(s)
[23:25:36.830] BAD_PACKET[TCP_prs2026hitl_7100] unknown packet ID 0x20; discarded 1 byte(s)
[23:25:36.830] BAD_PACKET[TCP_prs2026hitl_7100] unknown packet ID 0x08; discarded 1 byte(s)
[23:25:36.830] BAD_PACKET[TCP_prs2026hitl_7100] unknown packet ID 0x08; discarded 1 byte(s)
[23:25:36.830] BAD_PACKET[TCP_prs2026hitl_7100] unknown packet ID 0x20; discarded 1 byte(s)
[23:25:36.831] BAD_PACKET[TCP_prs2026hitl_7100] unknown packet ID 0x08; discarded 1 byte(s)
[23:25:36.831] BAD_PACKET[TCP_prs2026hitl_7100] unknown packet ID 0x08; discarded 1 byte(s)
[23:25:36.831] BAD_PACKET[TCP_prs2026hitl_7100] unknown packet ID 0x20; discarded 1 byte(s)
[23:25:36.832] BAD_PACKET[TCP_prs2026hitl_7100] unknown packet ID 0x08; discarded 1 byte(s)
[23:25:36.832] BAD_PACKET[TCP_prs2026hitl_7100] unknown packet ID 0x08; discarded 1 byte(s)
[23:25:36.832] BAD_PACKET[TCP_prs2026hitl_7100] unknown packet ID 0x20; discarded 1 byte(s)
[23:25:36.832] BAD_PACKET[TCP_prs2026hitl_7100] unknown packet ID 0x08; discarded 1 byte(s)
[23:25:36.833] BAD_PACKET[TCP_prs2026hitl_7100] unknown packet ID 0x08; discarded 1 byte(s)
[23:25:36.833] BAD_PACKET[TCP_prs2026hitl_7100] unknown packet ID 0x20; discarded 1 byte(s)
[23:25:36.833] BAD_PACKET[TCP_prs2026hitl_7100] unknown packet ID 0x08; discarded 1 byte(s)
[23:25:36.834] BAD_PACKET[TCP_prs2026hitl_7100] unknown packet ID 0x08; discarded 1 byte(s)
[23:25:36.834] BAD_PACKET[TCP_prs2026hitl_7100] unknown packet ID 0x20; discarded 1 byte(s)
[23:25:36.834] BAD_PACKET[TCP_prs2026hitl_7100] unknown packet ID 0x08; discarded 1 byte(s)
[23:25:36.834] BAD_PACKET[TCP_prs2026hitl_7100] unknown packet ID 0x08; discarded 1 byte(s)
[23:25:36.835] BAD_PACKET[TCP_prs2026hitl_7100] unknown packet ID 0x20; discarded 1 byte(s)
[23:25:36.835] BAD_PACKET[TCP_prs2026hitl_7100] unknown packet ID 0x08; discarded 1 byte(s)
[23:25:36.836] BAD_PACKET[TCP_prs2026hitl_7100] unknown packet ID 0x08; discarded 1 byte(s)
[23:25:36.836] BAD_PACKET[TCP_prs2026hitl_7100] unknown packet ID 0x20; discarded 1 byte(s)
[23:25:36.836] BAD_PACKET[TCP_prs2026hitl_7100] unknown packet ID 0x08; discarded 1 byte(s)
[23:25:36.837] BAD_PACKET[TCP_prs2026hitl_7100] unknown packet ID 0x2c; discarded 1 byte(s)
[23:25:36.837] BAD_PACKET[TCP_prs2026hitl_7100] unknown packet ID 0x48; discarded 1 byte(s)
[23:25:36.837] BAD_PACKET[TCP_prs2026hitl_7100] unknown packet ID 0x0d; discarded 1 byte(s)
[23:25:36.838] BAD_PACKET[TCP_prs2026hitl_7100] unknown packet ID 0x0a; discarded 1 byte(s)
[23:25:36.838] BAD_PACKET[TCP_prs2026hitl_7100] unknown packet ID 0x57; discarded 1 byte(s)
[23:25:36.838] BAD_PACKET[TCP_prs2026hitl_7100] unknown packet ID 0x20; discarded 1 byte(s)
[23:25:36.839] BAD_PACKET[TCP_prs2026hitl_7100] unknown packet ID 0x28; discarded 1 byte(s)
[23:25:36.839] BAD_PACKET[TCP_prs2026hitl_7100] unknown packet ID 0x35; discarded 1 byte(s)
[23:25:36.839] BAD_PACKET[TCP_prs2026hitl_7100] unknown packet ID 0x35; discarded 1 byte(s)
[23:25:36.840] BAD_PACKET[TCP_prs2026hitl_7100] unknown packet ID 0x33; discarded 1 byte(s)
[23:25:36.840] BAD_PACKET[TCP_prs2026hitl_7100] unknown packet ID 0x37; discarded 1 byte(s)
[23:25:36.840] BAD_PACKET[TCP_prs2026hitl_7100] unknown packet ID 0x33; discarded 1 byte(s)
[23:25:36.840] BAD_PACKET[TCP_prs2026hitl_7100] unknown packet ID 0x34; discarded 1 byte(s)
[23:25:36.841] BAD_PACKET[TCP_prs2026hitl_7100] unknown packet ID 0x29; discarded 1 byte(s)
[23:25:36.841] BAD_PACKET[TCP_prs2026hitl_7100] unknown packet ID 0x20; discarded 1 byte(s)
[23:25:36.841] BAD_PACKET[TCP_prs2026hitl_7100] unknown packet ID 0x73; discarded 1 byte(s)
[23:25:36.842] BAD_PACKET[TCP_prs2026hitl_7100] unknown packet ID 0x65; discarded 1 byte(s)
[23:25:36.842] BAD_PACKET[TCP_prs2026hitl_7100] unknown packet ID 0x72; discarded 1 byte(s)
[23:25:36.842] BAD_PACKET[TCP_prs2026hitl_7100] unknown packet ID 0x69; discarded 1 byte(s)
[23:25:36.843] BAD_PACKET[TCP_prs2026hitl_7100] unknown packet ID 0x61; discarded 1 byte(s)
[23:25:36.843] BAD_PACKET[TCP_prs2026hitl_7100] unknown packet ID 0x6c; discarded 1 byte(s)
[23:25:36.843] BAD_PACKET[TCP_prs2026hitl_7100] unknown packet ID 0x5f; discarded 1 byte(s)
[23:25:36.844] BAD_PACKET[TCP_prs2026hitl_7100] unknown packet ID 0x63; discarded 1 byte(s)
[23:25:36.845] BAD_PACKET[TCP_prs2026hitl_7100] unknown packet ID 0x6f; discarded 1 byte(s)
[23:25:36.845] BAD_PACKET[TCP_prs2026hitl_7100] unknown packet ID 0x6d; discarded 1 byte(s)
[23:25:36.845] BAD_PACKET[TCP_prs2026hitl_7100] unknown packet ID 0x6d; discarded 1 byte(s)
[23:25:36.846] BAD_PACKET[TCP_prs2026hitl_7100] unknown packet ID 0x61; discarded 1 byte(s)
[23:25:36.846] BAD_PACKET[TCP_prs2026hitl_7100] unknown packet ID 0x6e; discarded 1 byte(s)
[23:25:36.847] BAD_PACKET[TCP_prs2026hitl_7100] unknown packet ID 0x64; discarded 1 byte(s)
[23:25:36.847] BAD_PACKET[TCP_prs2026hitl_7100] unknown packet ID 0x3a; discarded 1 byte(s)
[23:25:36.847] BAD_PACKET[TCP_prs2026hitl_7100] unknown packet ID 0x20; discarded 1 byte(s)
[23:25:36.848] BAD_PACKET[TCP_prs2026hitl_7100] unknown packet ID 0x75; discarded 1 byte(s)
[23:25:36.848] BAD_PACKET[TCP_prs2026hitl_7100] unknown packet ID 0x6e; discarded 1 byte(s)
[23:25:36.848] BAD_PACKET[TCP_prs2026hitl_7100] unknown packet ID 0x6b; discarded 1 byte(s)
[23:25:36.849] BAD_PACKET[TCP_prs2026hitl_7100] unknown packet ID 0x6e; discarded 1 byte(s)
[23:25:36.849] BAD_PACKET[TCP_prs2026hitl_7100] unknown packet ID 0x6f; discarded 1 byte(s)
[23:25:36.849] BAD_PACKET[TCP_prs2026hitl_7100] unknown packet ID 0x77; discarded 1 byte(s)
[23:25:36.849] BAD_PACKET[TCP_prs2026hitl_7100] unknown packet ID 0x6e; discarded 1 byte(s)
[23:25:36.850] BAD_PACKET[TCP_prs2026hitl_7100] unknown packet ID 0x20; discarded 1 byte(s)
[23:25:36.850] BAD_PACKET[TCP_prs2026hitl_7100] unknown packet ID 0x63; discarded 1 byte(s)
[23:25:36.850] BAD_PACKET[TCP_prs2026hitl_7100] unknown packet ID 0x6f; discarded 1 byte(s)
[23:25:36.851] BAD_PACKET[TCP_prs2026hitl_7100] unknown packet ID 0x6d; discarded 1 byte(s)
[23:25:36.851] BAD_PACKET[TCP_prs2026hitl_7100] unknown packet ID 0x6d; discarded 1 byte(s)
[23:25:36.851] BAD_PACKET[TCP_prs2026hitl_7100] unknown packet ID 0x61; discarded 1 byte(s)
[23:25:36.852] BAD_PACKET[TCP_prs2026hitl_7100] unknown packet ID 0x6e; discarded 1 byte(s)
[23:25:36.852] BAD_PACKET[TCP_prs2026hitl_7100] unknown packet ID 0x64; discarded 1 byte(s)
[23:25:36.853] BAD_PACKET[TCP_prs2026hitl_7100] unknown packet ID 0x3a; discarded 1 byte(s)
[23:25:36.853] BAD_PACKET[TCP_prs2026hitl_7100] unknown packet ID 0x20; discarded 1 byte(s)
[23:25:36.853] BAD_PACKET[TCP_prs2026hitl_7100] unknown packet ID 0x5e; discarded 1 byte(s)
[23:25:36.854] BAD_PACKET[TCP_prs2026hitl_7100] unknown packet ID 0x41; discarded 1 byte(s)
[23:25:36.854] BAD_PACKET[TCP_prs2026hitl_7100] unknown packet ID 0x41; discarded 1 byte(s)
[23:25:36.854] BAD_PACKET[TCP_prs2026hitl_7100] unknown packet ID 0x5e; discarded 1 byte(s)
[23:25:36.855] BAD_PACKET[TCP_prs2026hitl_7100] unknown packet ID 0x5e; discarded 1 byte(s)
[23:25:36.855] BAD_PACKET[TCP_prs2026hitl_7100] unknown packet ID 0x40; discarded 1 byte(s)
[23:25:36.855] BAD_PACKET[TCP_prs2026hitl_7100] unknown packet ID 0x5e; discarded 1 byte(s)
[23:25:36.856] BAD_PACKET[TCP_prs2026hitl_7100] unknown packet ID 0x40; discarded 1 byte(s)
[23:25:36.856] BAD_PACKET[TCP_prs2026hitl_7100] unknown packet ID 0x5e; discarded 1 byte(s)
[23:25:36.856] BAD_PACKET[TCP_prs2026hitl_7100] unknown packet ID 0x40; discarded 1 byte(s)
[23:25:36.856] BAD_PACKET[TCP_prs2026hitl_7100] unknown packet ID 0x5e; discarded 1 byte(s)
[23:25:36.857] BAD_PACKET[TCP_prs2026hitl_7100] unknown packet ID 0x40; discarded 1 byte(s)
[23:25:36.857] BAD_PACKET[TCP_prs2026hitl_7100] unknown packet ID 0x43; discarded 1 byte(s)
[23:25:36.857] BAD_PACKET[TCP_prs2026hitl_7100] unknown packet ID 0x47; discarded 1 byte(s)
[23:25:36.858] BAD_PACKET[TCP_prs2026hitl_7100] unknown packet ID 0x08; discarded 1 byte(s)
[23:25:36.858] BAD_PACKET[TCP_prs2026hitl_7100] unknown packet ID 0x20; discarded 1 byte(s)
[23:25:36.858] BAD_PACKET[TCP_prs2026hitl_7100] unknown packet ID 0x08; discarded 1 byte(s)
[23:25:36.858] BAD_PACKET[TCP_prs2026hitl_7100] unknown packet ID 0x08; discarded 1 byte(s)
[23:25:36.859] BAD_PACKET[TCP_prs2026hitl_7100] unknown packet ID 0x20; discarded 1 byte(s)
[23:25:36.859] BAD_PACKET[TCP_prs2026hitl_7100] unknown packet ID 0x08; discarded 1 byte(s)
[23:25:36.859] BAD_PACKET[TCP_prs2026hitl_7100] unknown packet ID 0x20; discarded 1 byte(s)
[23:25:36.860] BAD_PACKET[TCP_prs2026hitl_7100] unknown packet ID 0x08; discarded 1 byte(s)
[23:25:36.860] BAD_PACKET[TCP_prs2026hitl_7100] unknown packet ID 0x08; discarded 1 byte(s)
[23:25:36.861] BAD_PACKET[TCP_prs2026hitl_7100] unknown packet ID 0x20; discarded 1 byte(s)
[23:25:36.861] BAD_PACKET[TCP_prs2026hitl_7100] unknown packet ID 0x08; discarded 1 byte(s)
[23:25:36.861] RX[TCP_prs2026hitl_7100]  08 20 08 08 20 08 08 20 08 08 20 08 08 20 08 08 20 08 08 20 08 08 20 08 08 20 08 08 20 08 08 20 08 08 20 08 08 20 08 08 20 08 08 20 08 08 20 08 08 20 08 08 20 08 08 20 08 08 20 08 08 20 08 08 20 08 08 20 08 08 20 08 08 20 08 08 20 08 08 20 08 08 20 08 08 20 08 08 20 08 08 20 08 08 20 08 08 20 08 08 20 08 08 20 08 08 20 08 08 20 08 08 20 08 08 20 08 08 20 08 08 20 08 08 20 08 08 20 08 08 20 08 08 20 08 08 20 08 08 20 08 08 20 08 08 20 08 08 20 08 08 20 08 08 20 08 08 20 08 08 20 08 2c 48 0d 0a ff 6e 5e 40 5e 40 5e 48 64 fb 0d 0a 5e 41 6e 5e 40 5e 40 5e 48 65 7d 5e 40 5e 42 5e 59 5e 40 54 d4 ff d0 95 ff fc 5e 40 5e 41 ff fe 0d 0a 5e 41 66 5e 40 5e 40 5e 48 65 e1 5e 40 5e 42 5e 40 5e 40 54 af ff d0 ad ff d9 5e 40 5e 40 22 0d 0a 5e 41 66 5e 40 5e 40 5e 48 66 45 5e 40 5e 42 5e 59 5e 40 54 c8 ff d0 89 ff 52 0d 0a 5e 41 66 5e 40 5e 40 5e 48 66 45 5e 40 5e 42 5e 59 5e 40 54 c8 ff d0 89 ff da 5e 40 5e 40 22 0d 0a 5e 41 6e 5e 40 5e 40 5e 48 66 a9 5e 40 5e 57 20 28 35 35 33 37 33 34 29 20 73 65 72 69 61 6c 5f 63 6f 6d 6d 61 6e 64 3a 20 75 6e 6b 6e 6f 77 6e 20 63 6f 6d 6d 61 6e 64 3a 20 ff 4e 5e 40 5e 40 5e 48 44 fb 0d 0a 57 20 28 35 35 33 37 33 34 29 20 73 65 72 69 61 6c 5f 63 6f 6d 6d 61 6e 64 3a 20 75 6e 6b 6e 6f 77 6e 20 63 6f 6d 6d 61 6e 64 3a 20 5e 41 4e 5e 40 5e 40 5e 48 45 7d 5e 40 5e 42 5e 59 5e 40 54 d4 ff d0 95 ff fc 5e 40 5e 41 ff fe 0d 0a 57 20 28 35 35 33 37 34 34 29 20 73 65 72 69 61 6c 5f 63 6f 6d 6d 61 6e 64 3a 20 75 6e 6b 6e 6f 77 6e 20 63 6f 6d 6d 61 6e 64 3a 20 5e 41 46 5e 40 5e 40 5e 48 45 e1 5e 40 5e 42 5e 40 5e 40 54 af ff d0 ad ff d9 5e 40 5e 40 22 0d 0a 57 20 28 35 35 33 37 34 34 29 20 73 65 72 69 61 6c 5f 63 6f 6d 6d 61 6e 64 3a 20 75 6e 6b 6e 6f 77 6e 20 63 6f 6d 6d 61 6e 64 3a 20 5e 41 46 5e 40 5e 40 5e 48 46 45 5e 40 5e 42 5e 59 5e 40 54 c8 ff d0 89 ff 52 0d 0a 57 20 28 35 35 33 37 34 34 29 20 73 65 72 69 61 6c 5f 63 6f 6d 6d 61 6e 64 3a 20 75 6e 6b 6e 6f 77 6e 20 63 6f 6d 6d 61 6e 64 3a 20 5e 41 46 5e 40 5e 40 5e 48 46 45 5e 40 5e 42 5e 59 5e 40 54 c8 ff d0 89 ff da 5e 40 5e 40 22 0d 0a 42 0d 0a 5e 40 54 c8 ff d0 a1 ff da 5e 40 5e 40 20 0d 0a 5e 41 6e 5e 40 5e 40 5e 48 67 0d 0a 5e 40 5e 42 0d 0a 5e 40 54 c8 ff d0 95 ff db 5e 40 5e 52 0d 0a 5e 40 54 c8 ff d0 95 ff db 5e 40 5e 40 20 0d 0a 5e 41 6e 5e 40 5e 40 5e 48 67 71 5e 40 5e 42 0d 0a 5e 40 54 bc 40 40 5e 40 54 c8 59 5e 40 21 57 20 28 35 35 33 37 34 34 29 20 73 65 72 69 61 6c 5f 63 6f 6d 6d 61 6e 64 3a 20 75 6e
[23:25:36.864] BAD_PACKET[TCP_prs2026hitl_7100] unknown packet ID 0x08; discarded 724 byte(s)
[23:25:36.867] PACKET[TCP_prs2026hitl_7100] heartbeat: status=56158, uptime=1079923213
[23:25:36.870] BAD_PACKET[TCP_prs2026hitl_7100] unknown packet ID 0x5e; discarded 1 byte(s)
[23:25:36.872] BAD_PACKET[TCP_prs2026hitl_7100] unknown packet ID 0x40; discarded 1 byte(s)
[23:25:36.875] BAD_PACKET[TCP_prs2026hitl_7100] unknown packet ID 0x54; discarded 1 byte(s)
[23:25:36.877] BAD_PACKET[TCP_prs2026hitl_7100] unknown packet ID 0xc8; discarded 1 byte(s)
[23:25:36.879] BAD_PACKET[TCP_prs2026hitl_7100] bad EOF for 0xff: expected 0x0a, got 0x5e; resync=discard 1 byte
[23:25:36.881] BAD_PACKET[TCP_prs2026hitl_7100] unknown packet ID 0x20; discarded 1 byte(s)
[23:25:36.883] BAD_PACKET[TCP_prs2026hitl_7100] unknown packet ID 0x0d; discarded 1 byte(s)
[23:25:36.886] BAD_PACKET[TCP_prs2026hitl_7100] unknown packet ID 0x0a; discarded 1 byte(s)
[23:25:36.888] BAD_PACKET[TCP_prs2026hitl_7100] unknown packet ID 0x5e; discarded 1 byte(s)
[23:25:36.891] BAD_PACKET[TCP_prs2026hitl_7100] unknown packet ID 0x41; discarded 1 byte(s)
[23:25:36.894] BAD_PACKET[TCP_prs2026hitl_7100] unknown packet ID 0x6e; discarded 1 byte(s)
[23:25:36.897] BAD_PACKET[TCP_prs2026hitl_7100] unknown packet ID 0x5e; discarded 1 byte(s)
[23:25:36.898] BAD_PACKET[TCP_prs2026hitl_7100] unknown packet ID 0x40; discarded 1 byte(s)
[23:25:36.898] BAD_PACKET[TCP_prs2026hitl_7100] unknown packet ID 0x5e; discarded 1 byte(s)
[23:25:36.899] BAD_PACKET[TCP_prs2026hitl_7100] unknown packet ID 0x40; discarded 1 byte(s)
[23:25:36.899] BAD_PACKET[TCP_prs2026hitl_7100] unknown packet ID 0x5e; discarded 1 byte(s)
[23:25:36.899] BAD_PACKET[TCP_prs2026hitl_7100] unknown packet ID 0x48; discarded 1 byte(s)
[23:25:36.899] BAD_PACKET[TCP_prs2026hitl_7100] unknown packet ID 0x67; discarded 1 byte(s)
[23:25:36.902] BAD_PACKET[TCP_prs2026hitl_7100] unknown packet ID 0x71; discarded 1 byte(s)
[23:25:36.902] BAD_PACKET[TCP_prs2026hitl_7100] unknown packet ID 0x5e; discarded 1 byte(s)
[23:25:36.902] BAD_PACKET[TCP_prs2026hitl_7100] unknown packet ID 0x40; discarded 1 byte(s)
[23:25:36.903] BAD_PACKET[TCP_prs2026hitl_7100] unknown packet ID 0x5e; discarded 1 byte(s)
[23:25:36.903] BAD_PACKET[TCP_prs2026hitl_7100] unknown packet ID 0x42; discarded 1 byte(s)
[23:25:36.903] BAD_PACKET[TCP_prs2026hitl_7100] unknown packet ID 0x0d; discarded 1 byte(s)
[23:25:36.904] BAD_PACKET[TCP_prs2026hitl_7100] unknown packet ID 0x0a; discarded 1 byte(s)
[23:25:36.904] BAD_PACKET[TCP_prs2026hitl_7100] unknown packet ID 0x5e; discarded 1 byte(s)
[23:25:36.904] BAD_PACKET[TCP_prs2026hitl_7100] unknown packet ID 0x40; discarded 1 byte(s)
[23:25:36.905] BAD_PACKET[TCP_prs2026hitl_7100] unknown packet ID 0x54; discarded 1 byte(s)
[23:25:36.905] BAD_PACKET[TCP_prs2026hitl_7100] unknown packet ID 0xbc; discarded 1 byte(s)
[23:25:36.905] BAD_PACKET[TCP_prs2026hitl_7100] unknown packet ID 0x40; discarded 1 byte(s)
[23:25:36.906] BAD_PACKET[TCP_prs2026hitl_7100] unknown packet ID 0x40; discarded 1 byte(s)
[23:25:36.906] BAD_PACKET[TCP_prs2026hitl_7100] unknown packet ID 0x5e; discarded 1 byte(s)
[23:25:36.906] BAD_PACKET[TCP_prs2026hitl_7100] unknown packet ID 0x40; discarded 1 byte(s)
[23:25:36.906] BAD_PACKET[TCP_prs2026hitl_7100] unknown packet ID 0x54; discarded 1 byte(s)
[23:25:36.907] BAD_PACKET[TCP_prs2026hitl_7100] unknown packet ID 0xc8; discarded 1 byte(s)
[23:25:36.907] BAD_PACKET[TCP_prs2026hitl_7100] unknown packet ID 0x59; discarded 1 byte(s)
[23:25:36.907] BAD_PACKET[TCP_prs2026hitl_7100] unknown packet ID 0x5e; discarded 1 byte(s)
[23:25:36.908] BAD_PACKET[TCP_prs2026hitl_7100] unknown packet ID 0x40; discarded 1 byte(s)
[23:25:36.908] BAD_PACKET[TCP_prs2026hitl_7100] unknown packet ID 0x21; discarded 1 byte(s)
[23:25:36.908] BAD_PACKET[TCP_prs2026hitl_7100] unknown packet ID 0x57; discarded 1 byte(s)
[23:25:36.909] BAD_PACKET[TCP_prs2026hitl_7100] unknown packet ID 0x20; discarded 1 byte(s)
[23:25:36.909] BAD_PACKET[TCP_prs2026hitl_7100] unknown packet ID 0x28; discarded 1 byte(s)
[23:25:36.909] BAD_PACKET[TCP_prs2026hitl_7100] unknown packet ID 0x35; discarded 1 byte(s)
[23:25:36.909] BAD_PACKET[TCP_prs2026hitl_7100] unknown packet ID 0x35; discarded 1 byte(s)
[23:25:36.910] BAD_PACKET[TCP_prs2026hitl_7100] unknown packet ID 0x33; discarded 1 byte(s)
[23:25:36.910] BAD_PACKET[TCP_prs2026hitl_7100] unknown packet ID 0x37; discarded 1 byte(s)
[23:25:36.911] BAD_PACKET[TCP_prs2026hitl_7100] unknown packet ID 0x34; discarded 1 byte(s)
[23:25:36.911] BAD_PACKET[TCP_prs2026hitl_7100] unknown packet ID 0x34; discarded 1 byte(s)
[23:25:36.911] BAD_PACKET[TCP_prs2026hitl_7100] unknown packet ID 0x29; discarded 1 byte(s)
[23:25:36.912] BAD_PACKET[TCP_prs2026hitl_7100] unknown packet ID 0x20; discarded 1 byte(s)
[23:25:36.912] BAD_PACKET[TCP_prs2026hitl_7100] unknown packet ID 0x73; discarded 1 byte(s)
[23:25:36.912] BAD_PACKET[TCP_prs2026hitl_7100] unknown packet ID 0x65; discarded 1 byte(s)
[23:25:36.912] BAD_PACKET[TCP_prs2026hitl_7100] unknown packet ID 0x72; discarded 1 byte(s)
[23:25:36.913] BAD_PACKET[TCP_prs2026hitl_7100] unknown packet ID 0x69; discarded 1 byte(s)
[23:25:36.913] BAD_PACKET[TCP_prs2026hitl_7100] unknown packet ID 0x61; discarded 1 byte(s)
[23:25:36.913] BAD_PACKET[TCP_prs2026hitl_7100] unknown packet ID 0x6c; discarded 1 byte(s)
[23:25:36.914] BAD_PACKET[TCP_prs2026hitl_7100] unknown packet ID 0x5f; discarded 1 byte(s)
[23:25:36.914] BAD_PACKET[TCP_prs2026hitl_7100] unknown packet ID 0x63; discarded 1 byte(s)
[23:25:36.914] BAD_PACKET[TCP_prs2026hitl_7100] unknown packet ID 0x6f; discarded 1 byte(s)
[23:25:36.914] BAD_PACKET[TCP_prs2026hitl_7100] unknown packet ID 0x6d; discarded 1 byte(s)
[23:25:36.915] BAD_PACKET[TCP_prs2026hitl_7100] unknown packet ID 0x6d; discarded 1 byte(s)
[23:25:36.915] BAD_PACKET[TCP_prs2026hitl_7100] unknown packet ID 0x61; discarded 1 byte(s)
[23:25:36.915] BAD_PACKET[TCP_prs2026hitl_7100] unknown packet ID 0x6e; discarded 1 byte(s)
[23:25:36.916] BAD_PACKET[TCP_prs2026hitl_7100] unknown packet ID 0x64; discarded 1 byte(s)
[23:25:36.916] BAD_PACKET[TCP_prs2026hitl_7100] unknown packet ID 0x3a; discarded 1 byte(s)
[23:25:36.916] BAD_PACKET[TCP_prs2026hitl_7100] unknown packet ID 0x20; discarded 1 byte(s)
[23:25:36.917] BAD_PACKET[TCP_prs2026hitl_7100] unknown packet ID 0x75; discarded 1 byte(s)
[23:25:36.917] BAD_PACKET[TCP_prs2026hitl_7100] unknown packet ID 0x6e; discarded 1 byte(s)
[23:25:36.917] RX[TCP_prs2026hitl_7100]  6b 6e 6f 77 6e 20 63 6f 6d 6d 61 6e 64 3a 20 5e 41 4e 5e 40 5e 40 5e 48 46 a9 5e 40 5e 42 0d 0a 57 20 28 35 35 33 37 34 34 29 20 73 65 72 69 61 6c 5f 63 6f 6d 6d 61 6e 64 3a 20 75 6e 6b 6e 6f 77 6e 20 63 6f 6d 6d 61 6e 64 3a 20 5e 40 54 c8 ff d0 a1 ff da 5e 40 5e 40 0d 0a 57 20 28 35 35 33 37 35 34 29 20 73 65 72 69 61 6c 5f 63 6f 6d 6d 61 6e 64 3a 20 75 6e 6b 6e 6f 77 6e 20 63 6f 6d 6d 61 6e 64 3a 20 5e 41 4e 5e 40 5e 40 5e 48 47 0d 0a 57 20 28 35 35 33 37 35 34 29 20 73 65 72 69 61 6c 5f 63 6f 6d 6d 61 6e 64 3a 20 75 6e 6b 6e 6f 77 6e 20 63 6f 6d 6d 61 6e 64 3a 20 5e 40 5e 42 0d 0a 57 20 28 35 35 33 37 35 34 29 20 73 65 72 69 61 6c 5f 63 6f 6d 6d 61 6e 64 3a 20 75 6e 6b 6e 6f 77 6e 20 63 6f 6d 6d 61 6e 64 3a 20 5e 40 54 c8 ff d0 95 ff db 5e 40 5e 52 0d 0a 57 20 28 35 35 33 37 35 34 29 20 73 65 72 69 61 6c 5f 63 6f 6d 6d 61 6e 64 3a 20 75 6e 6b 6e 6f 77 6e 20 63 6f 6d 6d 61 6e 64 3a 20 5e 40 54 c8 ff d0 95 ff db 5e 40 5e 40 0d 0a 57 20 28 35 35 33 37 35 34 29 20 73 65 72 69 61 6c 5f 63 6f 6d 6d 61 6e 64 3a 20 75 6e 6b 6e 6f 77 6e 20 63 6f 6d 6d 61 6e 64 3a 20 5e 41 4e 5e 40 5e 40 5e 48 47 51 5e 40 5e 42 0d 0a 0d 0a 5e 5e 40 5e 0d 0a 5e 54 5e 40 23 0d 0a 5e 40 57 20 28 35 35 33 37 35 34 29 20 73 65 72 69 61 6c 5f 63 6f 6d 6d 61 6e 64 3a 20 75 6e 6b 6e 6f 77 6e 20 63 6f 6d 6d 61 6e 64 3a 20 5e 40 54 bc 40 40 5e 40 54 c8 59 5e 40 21 0d 0a 57 20 28 35 35 33 37 35 34 29 20 73 65 72 69 61 6c 5f 63 6f 6d 6d 61 6e 64 3a 20 75 6e 6b 6e 6f 77 6e 20 63 6f 6d 6d 61 6e 64 3a 20 5e 5e 40 5e 0d 0a 57 20 28 35 35 33 37 36 34 29 20 73 65 72 69 61 6c 5f 63 6f 6d 6d 61 6e 64 3a 20 75 6e 6b 6e 6f 77 6e 20 63 6f 6d 6d 61 6e 64 3a 20 5e 54 5e 40 23 0d 0a 01 6f 00 00 08 72 c5 00 02 00 00 54 af ff d0 ad ff f3 ff fa 00 12 0a
[23:25:36.919] BAD_PACKET[TCP_prs2026hitl_7100] unknown packet ID 0x6b; discarded 83 byte(s)
[23:25:36.921] PACKET[TCP_prs2026hitl_7100] heartbeat: status=55902, uptime=1079918605
[23:25:36.923] BAD_PACKET[TCP_prs2026hitl_7100] unknown packet ID 0x57; discarded 157 byte(s)
[23:25:36.925] PACKET[TCP_prs2026hitl_7100] heartbeat: status=56158, uptime=1079923213
[23:25:36.927] BAD_PACKET[TCP_prs2026hitl_7100] unknown packet ID 0x57; discarded 51 byte(s)
[23:25:36.928] PACKET[TCP_prs2026hitl_7100] heartbeat: status=56158, uptime=1079918605
[23:25:36.929] BAD_PACKET[TCP_prs2026hitl_7100] unknown packet ID 0x57; discarded 239 byte(s)
[23:25:36.930] PACKET[TCP_prs2026hitl_7100] sensors: status=28416, uptime=553669, filtered_accel=[0.02048, 0.86716, -0.4846], gyro=[-0.91, -0.42, 1.26]
[23:25:36.931] RX[TCP_prs2026hitl_7100]  01 67 00 00 08 73 29 00 02 19 00 54 d4 ff d0 7d ff f0 00 05 00 0a 0a
[23:25:36.933] PACKET[TCP_prs2026hitl_7100] sensors: status=26368, uptime=553769, filtered_accel=[0.02148, 0.86864, -0.48652], gyro=[-1.12, 0.35, 0.7]
[23:25:36.994] RX[TCP_prs2026hitl_7100]  01 67 00 00 08 73 8d 00 02 00 00 54 d4 ff d0 95 ff ee 00 0a 00 08 0a
[23:25:36.997] PACKET[TCP_prs2026hitl_7100] sensors: status=26368, uptime=553869, filtered_accel=[0.02048, 0.86864, -0.48556], gyro=[-1.26, 0.7, 0.56]
[23:25:37.057] RX[TCP_prs2026hitl_7100]  01 67 00 00 08 73 f1 00 02 19 00 54 e0 ff d0 c6 ff ef 00 07 00 0c 0a
[23:25:37.060] PACKET[TCP_prs2026hitl_7100] sensors: status=26368, uptime=553969, filtered_accel=[0.02148, 0.86912, -0.4836], gyro=[-1.19, 0.49, 0.84]
[23:25:37.183] RX[TCP_prs2026hitl_7100]  01 6f 00 00 08 74 55 00 02 0d 00 54 c8 ff d0 a1 ff ef 00 08 00 0c 0a
[23:25:37.184] PACKET[TCP_prs2026hitl_7100] sensors: status=28416, uptime=554069, filtered_accel=[0.021, 0.86816, -0.48508], gyro=[-1.19, 0.56, 0.84]
[23:25:37.244] RX[TCP_prs2026hitl_7100]  02 6f 00 00 08 74 9b 00 00 00 00 00 00 00 00 00 00 00 00 00 00 00 00 00 00 00 00 00 00 00 00 00 00 00 00 00 00 00 00 00 00 00 00 00 00 00 00 00 00 00 00 00 00 00 00 00 00 43 67 56 1c 13 40 0a
[23:25:37.246] PACKET[TCP_prs2026hitl_7100] state: status=28416, uptime=554139, orientation=[0.0, 0.0, 0.0, 0.0], position=[0.0, 0.0, 0.0], velocity=[0.0, 0.0, 0.0], latitude=0.0, longitude=0.0, gps_altitude=0.0, barometric_altitude=231.336365, witness_battery_voltage=4.928
[23:25:37.306] RX[TCP_prs2026hitl_7100]  ff 6e 00 00 08 74 9b 0a
[23:25:37.308] PACKET[TCP_prs2026hitl_7100] heartbeat: status=28160, uptime=554139
[23:25:37.369] RX[TCP_prs2026hitl_7100]  01 6e 00 00 08 75 1d 00 02 00 00 54 e0 ff d0 ad ff fc 00 01 ff fe 0a
[23:25:37.371] PACKET[TCP_prs2026hitl_7100] sensors: status=28160, uptime=554269, filtered_accel=[0.02048, 0.86912, -0.4846], gyro=[-0.28, 0.07, -0.14]
[23:25:37.495] RX[TCP_prs2026hitl_7100]  01 6e 00 00 08 75 81 00 01 f4 00 54 d4 ff d0 ad ff eb 00 09 00 0e 0a
[23:25:37.496] PACKET[TCP_prs2026hitl_7100] sensors: status=28160, uptime=554369, filtered_accel=[0.02, 0.86864, -0.4846], gyro=[-1.47, 0.63, 0.98]
[23:25:37.558] RX[TCP_prs2026hitl_7100]  01 66 00 00 08 75 e5 00 02 25 00 54 c8 ff d0 a1 ff ed 00 08 00 0d 0a
[23:25:37.561] PACKET[TCP_prs2026hitl_7100] sensors: status=26112, uptime=554469, filtered_accel=[0.02196, 0.86816, -0.48508], gyro=[-1.33, 0.56, 0.91]
[23:25:37.684] RX[TCP_prs2026hitl_7100]  01 66 00 00 08 76 49 00 02 00 00 54 af ff d0 89 ff ed 00 08 00 0d 0a
[23:25:37.685] PACKET[TCP_prs2026hitl_7100] sensors: status=26112, uptime=554569, filtered_accel=[0.02048, 0.86716, -0.48604], gyro=[-1.33, 0.56, 0.91]
[23:25:37.746] RX[TCP_prs2026hitl_7100]  01 66 00 00 08 76 ad 00 02 19 00 54 d4 ff d0 a1 ff ee 00 08 00 0c 0a
[23:25:37.748] PACKET[TCP_prs2026hitl_7100] sensors: status=26112, uptime=554669, filtered_accel=[0.02148, 0.86864, -0.48508], gyro=[-1.26, 0.56, 0.84]
[23:25:37.871] RX[TCP_prs2026hitl_7100]  01 6e 00 00 08 77 11 00 02 0d 00 54 c8 ff d0 a1 ff ee 00 08 00 0b 0a
[23:25:37.873] PACKET[TCP_prs2026hitl_7100] sensors: status=28160, uptime=554769, filtered_accel=[0.021, 0.86816, -0.48508], gyro=[-1.26, 0.56, 0.77]
[23:25:37.998] RX[TCP_prs2026hitl_7100]  01 6e 00 00 08 77 75 00 02 0d 00 54 d4 ff d0 a1 ff ef 00 09 00 0a 0a
[23:25:38.001] PACKET[TCP_prs2026hitl_7100] sensors: status=28160, uptime=554869, filtered_accel=[0.021, 0.86864, -0.48508], gyro=[-1.19, 0.63, 0.7]
[23:25:38.060] RX[TCP_prs2026hitl_7100]  01 6e 00 00 08 77 d9 00 02 0d 00 54 d4 ff d0 ad ff ef 00 08 00 0a 0a
[23:25:38.061] PACKET[TCP_prs2026hitl_7100] sensors: status=28160, uptime=554969, filtered_accel=[0.021, 0.86864, -0.4846], gyro=[-1.19, 0.56, 0.7]
[23:25:38.186] RX[TCP_prs2026hitl_7100]  01 6e 00 00 08 78 3d 00 02 00 00 54 c8 ff d0 a1 ff ee 00 09 00 0a 0a
[23:25:38.188] PACKET[TCP_prs2026hitl_7100] sensors: status=28160, uptime=555069, filtered_accel=[0.02048, 0.86816, -0.48508], gyro=[-1.26, 0.63, 0.7]
[23:25:38.249] RX[TCP_prs2026hitl_7100]  02 6e 00 00 08 78 83 00 00 00 00 00 00 00 00 00 00 00 00 00 00 00 00 00 00 00 00 00 00 00 00 00 00 00 00 00 00 00 00 00 00 00 00 00 00 00 00 00 00 00 00 00 00 00 00 00 00 43 67 ad 5e 13 3c 0a
[23:25:38.250] PACKET[TCP_prs2026hitl_7100] state: status=28160, uptime=555139, orientation=[0.0, 0.0, 0.0, 0.0], position=[0.0, 0.0, 0.0], velocity=[0.0, 0.0, 0.0], latitude=0.0, longitude=0.0, gps_altitude=0.0, barometric_altitude=231.677216, witness_battery_voltage=4.924
[23:25:38.313] RX[TCP_prs2026hitl_7100]  ff 6f 00 00 08 78 83 0a
[23:25:38.316] PACKET[TCP_prs2026hitl_7100] heartbeat: status=28416, uptime=555139
[23:25:38.377] RX[TCP_prs2026hitl_7100]  01 6f 00 00 08 79 05 00 02 0d 00 54 c8 ff d0 a1 ff fd 00 02 ff fe 0a
[23:25:38.378] PACKET[TCP_prs2026hitl_7100] sensors: status=28416, uptime=555269, filtered_accel=[0.021, 0.86816, -0.48508], gyro=[-0.21, 0.14, -0.14]
[23:25:38.439] RX[TCP_prs2026hitl_7100]  01 67 00 00 08 79 69 00 02 0d 00 54 bc ff d0 a1 ff eb 00 09 00 0f 0a
[23:25:38.441] PACKET[TCP_prs2026hitl_7100] sensors: status=26368, uptime=555369, filtered_accel=[0.021, 0.86768, -0.48508], gyro=[-1.47, 0.63, 1.05]
[23:25:38.566] RX[TCP_prs2026hitl_7100]  01 6f 00 00 08 79 cd 00 02 0d 00 54 d4 ff d0 95 ff ed 00 08 00 0e 0a
[23:25:38.567] PACKET[TCP_prs2026hitl_7100] sensors: status=28416, uptime=555469, filtered_accel=[0.021, 0.86864, -0.48556], gyro=[-1.33, 0.56, 0.98]
[23:25:38.679] RX[TCP_prs2026hitl_7100]  01 6f 00 00 08 7a 31 00 02 0d 00 54 bc ff d0 95 ff e3 00 0d 00 19 0a
[23:25:38.680] PACKET[TCP_prs2026hitl_7100] sensors: status=28416, uptime=555569, filtered_accel=[0.021, 0.86768, -0.48556], gyro=[-2.03, 0.91, 1.75]
[23:25:38.737] RX[TCP_prs2026hitl_7100]  01 6f 00 00 08 7a 95 00 02 19 00 54 d4 ff d0 89 ff e3 00 0a 00 1b 0a
[23:25:38.739] PACKET[TCP_prs2026hitl_7100] sensors: status=28416, uptime=555669, filtered_accel=[0.02148, 0.86864, -0.48604], gyro=[-2.03, 0.7, 1.89]
[23:25:38.864] RX[TCP_prs2026hitl_7100]  01 6f 00 00 08 7a f9 00 02 00 00 54 bc ff d0 95 ff e4 00 0a 00 18 0a
[23:25:38.865] PACKET[TCP_prs2026hitl_7100] sensors: status=28416, uptime=555769, filtered_accel=[0.02048, 0.86768, -0.48556], gyro=[-1.96, 0.7, 1.68]
[23:25:38.990] RX[TCP_prs2026hitl_7100]  01 67 00 00 08 7b 5d 00 02 00 00 54 d4 ff d0 95 ff ef 00 09 00 09 0a
[23:25:38.998] PACKET[TCP_prs2026hitl_7100] sensors: status=26368, uptime=555869, filtered_accel=[0.02048, 0.86864, -0.48556], gyro=[-1.19, 0.63, 0.63]
[23:25:39.052] RX[TCP_prs2026hitl_7100]  01 67 00 00 08 7b c1 00 02 0d 00 54 c8 ff d0 ba ff ef 00 07 00 0b 0a
[23:25:39.054] PACKET[TCP_prs2026hitl_7100] sensors: status=26368, uptime=555969, filtered_accel=[0.021, 0.86816, -0.48408], gyro=[-1.19, 0.49, 0.77]
[23:25:39.178] RX[TCP_prs2026hitl_7100]  01 6f 00 00 08 7c 25 00 02 0d 00 54 bc ff d0 95 ff ee 00 07 00 0c 0a
[23:25:39.180] PACKET[TCP_prs2026hitl_7100] sensors: status=28416, uptime=556069, filtered_accel=[0.021, 0.86768, -0.48556], gyro=[-1.26, 0.49, 0.84]
[23:25:39.241] RX[TCP_prs2026hitl_7100]  02 67 00 00 08 7c 6b 00 00 00 00 00 00 00 00 00 00 00 00 00 00 00 00 00 00 00 00 00 00 00 00 00 00 00 00 00 00 00 00 00 00 00 00 00 00 00 00 00 00 00 00 00 00 00 00 00 00 43 67 40 77 13 3c 0a
[23:25:39.242] PACKET[TCP_prs2026hitl_7100] state: status=26368, uptime=556139, orientation=[0.0, 0.0, 0.0, 0.0], position=[0.0, 0.0, 0.0], velocity=[0.0, 0.0, 0.0], latitude=0.0, longitude=0.0, gps_altitude=0.0, barometric_altitude=231.251816, witness_battery_voltage=4.924
[23:25:39.305] RX[TCP_prs2026hitl_7100]  ff 66 00 00 08 7c 6b 0a
[23:25:39.306] PACKET[TCP_prs2026hitl_7100] heartbeat: status=26112, uptime=556139
[23:25:39.369] RX[TCP_prs2026hitl_7100]  01 6e 00 00 08 7c ed 00 02 0d 00 54 c8 ff d0 95 ff fd 00 01 ff fe 0a
[23:25:39.371] PACKET[TCP_prs2026hitl_7100] sensors: status=28160, uptime=556269, filtered_accel=[0.021, 0.86816, -0.48556], gyro=[-0.21, 0.07, -0.14]
[23:25:39.496] RX[TCP_prs2026hitl_7100]  01 6e 00 00 08 7d 51 00 02 19 00 54 c8 ff d0 95 ff eb 00 08 00 0f 0a
[23:25:39.497] PACKET[TCP_prs2026hitl_7100] sensors: status=28160, uptime=556369, filtered_accel=[0.02148, 0.86816, -0.48556], gyro=[-1.47, 0.56, 1.05]
[23:25:39.559] RX[TCP_prs2026hitl_7100]  01 66 00 00 08 7d b5 00 02 0d 00 54 e0 ff d0 ba ff ed 00 09 00 0b 0a
[23:25:39.560] PACKET[TCP_prs2026hitl_7100] sensors: status=26112, uptime=556469, filtered_accel=[0.021, 0.86912, -0.48408], gyro=[-1.33, 0.63, 0.77]
[23:25:39.681] RX[TCP_prs2026hitl_7100]  01 66 00 00 08 7e 19 00 02 0d 00 54 bc ff d0 a1 ff ee 00 07 00 0d 0a
[23:25:39.682] PACKET[TCP_prs2026hitl_7100] sensors: status=26112, uptime=556569, filtered_accel=[0.021, 0.86768, -0.48508], gyro=[-1.26, 0.49, 0.91]
[23:25:39.745] RX[TCP_prs2026hitl_7100]  01 66 00 00 08 7e 7d 00 02 19 00 54 d4 ff d0 ba ff ee 00 07 00 0c 0a
[23:25:39.746] PACKET[TCP_prs2026hitl_7100] sensors: status=26112, uptime=556669, filtered_accel=[0.02148, 0.86864, -0.48408], gyro=[-1.26, 0.49, 0.84]
[23:25:39.858] RX[TCP_prs2026hitl_7100]  01 6e 00 00 08 7e e1 00 02 19 00 54 bc ff d0 ad ff ee 00 07 00 0c 0a
[23:25:39.859] PACKET[TCP_prs2026hitl_7100] sensors: status=28160, uptime=556769, filtered_accel=[0.02148, 0.86768, -0.4846], gyro=[-1.26, 0.49, 0.84]
[23:25:39.968] RX[TCP_prs2026hitl_7100]  01 6e 00 00 08 7f 45 00 02 00 00 54 bc ff d0 a1 ff ee 00 08 00 0b 0a
[23:25:39.969] PACKET[TCP_prs2026hitl_7100] sensors: status=28160, uptime=556869, filtered_accel=[0.02048, 0.86768, -0.48508], gyro=[-1.26, 0.56, 0.77]
[23:25:40.090] RX[TCP_prs2026hitl_7100]  01 6e 00 00 08 7f a9 00 02 19 00 54 c8 ff d0 89 ff f0 00 07 00 0b 0a
[23:25:40.094] PACKET[TCP_prs2026hitl_7100] sensors: status=28160, uptime=556969, filtered_accel=[0.02148, 0.86816, -0.48604], gyro=[-1.12, 0.49, 0.77]
[23:25:40.152] RX[TCP_prs2026hitl_7100]  01 6e 00 00 08 80 0d 00 02 25 00 54 d4 ff d0 95 ff ef 00 08 00 0b 0a
[23:25:40.154] PACKET[TCP_prs2026hitl_7100] sensors: status=28160, uptime=557069, filtered_accel=[0.02196, 0.86864, -0.48556], gyro=[-1.19, 0.56, 0.77]
[23:25:40.214] RX[TCP_prs2026hitl_7100]  02 6e 00 00 08 80 53 00 00 00 00 00 00 00 00 00 00 00 00 00 00 00 00 00 00 00 00 00 00 00 00 00 00 00 00 00 00 00 00 00 00 00 00 00 00 00 00 00 00 00 00 00 00 00 00 00 00 43 67 6c 6e 13 3c 0a
[23:25:40.218] PACKET[TCP_prs2026hitl_7100] state: status=28160, uptime=557139, orientation=[0.0, 0.0, 0.0, 0.0], position=[0.0, 0.0, 0.0], velocity=[0.0, 0.0, 0.0], latitude=0.0, longitude=0.0, gps_altitude=0.0, barometric_altitude=231.423553, witness_battery_voltage=4.924
[23:25:40.277] RX[TCP_prs2026hitl_7100]  ff 6f 00 00 08 80 53 0a
[23:25:40.278] PACKET[TCP_prs2026hitl_7100] heartbeat: status=28416, uptime=557139
[23:25:40.340] RX[TCP_prs2026hitl_7100]  01 6f 00 00 08 80 d5 00 02 00 00 54 c8 ff d0 a1 ff fd 00 02 ff fe 0a
[23:25:40.341] PACKET[TCP_prs2026hitl_7100] sensors: status=28416, uptime=557269, filtered_accel=[0.02048, 0.86816, -0.48508], gyro=[-0.21, 0.14, -0.14]
[23:25:40.467] RX[TCP_prs2026hitl_7100]  01 67 00 00 08 81 39 00 02 25 00 54 c8 ff d0 a1 ff eb 00 08 00 0f 0a
[23:25:40.469] PACKET[TCP_prs2026hitl_7100] sensors: status=26368, uptime=557369, filtered_accel=[0.02196, 0.86816, -0.48508], gyro=[-1.47, 0.56, 1.05]
[23:25:40.594] RX[TCP_prs2026hitl_7100]  01 6f 00 00 08 81 9d 00 02 00 00 54 ec ff d0 95 ff ec 00 09 00 0c 0a
[23:25:40.596] PACKET[TCP_prs2026hitl_7100] sensors: status=28416, uptime=557469, filtered_accel=[0.02048, 0.8696, -0.48556], gyro=[-1.4, 0.63, 0.84]
[23:25:40.658] RX[TCP_prs2026hitl_7100]  01 6f 00 00 08 82 01 00 02 19 00 54 c8 ff d0 7d ff ed 00 08 00 0d 0a
[23:25:40.659] PACKET[TCP_prs2026hitl_7100] sensors: status=28416, uptime=557569, filtered_accel=[0.02148, 0.86816, -0.48652], gyro=[-1.33, 0.56, 0.91]
[23:25:40.781] RX[TCP_prs2026hitl_7100]  01 6f 00 00 08 82 65 00 02 0d 00 54 c8 ff d0 89 ff ee 00 08 00 0c 0a
[23:25:40.783] PACKET[TCP_prs2026hitl_7100] sensors: status=28416, uptime=557669, filtered_accel=[0.021, 0.86816, -0.48604], gyro=[-1.26, 0.56, 0.84]
[23:25:40.844] RX[TCP_prs2026hitl_7100]  01 6f 00 00 08 82 c9 00 02 19 00 54 c8 ff d0 a1 ff ee 00 08 00 0c 0a
[23:25:40.845] PACKET[TCP_prs2026hitl_7100] sensors: status=28416, uptime=557769, filtered_accel=[0.02148, 0.86816, -0.48508], gyro=[-1.26, 0.56, 0.84]
[23:25:40.958] RX[TCP_prs2026hitl_7100]  01 67 00 00 08 83 2d 00 02 0d 00 54 c8 ff d0 95 ff ee 00 07 00 0c 0a
[23:25:40.959] PACKET[TCP_prs2026hitl_7100] sensors: status=26368, uptime=557869, filtered_accel=[0.021, 0.86816, -0.48556], gyro=[-1.26, 0.49, 0.84]
[23:25:41.066] RX[TCP_prs2026hitl_7100]  01 67 00 00 08 83 91 00 02 25 00 54 d4 ff d0 a1 ff f0 00 07 00 0b 0a
[23:25:41.067] PACKET[TCP_prs2026hitl_7100] sensors: status=26368, uptime=557969, filtered_accel=[0.02196, 0.86864, -0.48508], gyro=[-1.12, 0.49, 0.77]
[23:25:41.178] RX[TCP_prs2026hitl_7100]  01 67 00 00 08 83 f5 00 02 0d 00 54 c8 ff d0 95 ff ef 00 06 00 0c 0a
[23:25:41.179] PACKET[TCP_prs2026hitl_7100] sensors: status=26368, uptime=558069, filtered_accel=[0.021, 0.86816, -0.48556], gyro=[-1.19, 0.42, 0.84]
[23:25:41.238] RX[TCP_prs2026hitl_7100]  02 67 00 00 08 84 3b 00 00 00 00 00 00 00 00 00 00 00 00 00 00 00 00 00 00 00 00 00 00 00 00 00 00 00 00 00 00 00 00 00 00 00 00 00 00 00 00 00 00 00 00 00 00 00 00 00 00 43 67 97 b9 13 28 0a
[23:25:41.239] PACKET[TCP_prs2026hitl_7100] state: status=26368, uptime=558139, orientation=[0.0, 0.0, 0.0, 0.0], position=[0.0, 0.0, 0.0], velocity=[0.0, 0.0, 0.0], latitude=0.0, longitude=0.0, gps_altitude=0.0, barometric_altitude=231.592667, witness_battery_voltage=4.904
[23:25:41.301] RX[TCP_prs2026hitl_7100]  ff 66 00 00 08 84 3b 0a
[23:25:41.302] PACKET[TCP_prs2026hitl_7100] heartbeat: status=26112, uptime=558139
[23:25:41.365] RX[TCP_prs2026hitl_7100]  01 6e 00 00 08 84 bd 00 02 00 00 54 c8 ff d0 ad ff fd 00 02 ff fe 0a
[23:25:41.369] PACKET[TCP_prs2026hitl_7100] sensors: status=28160, uptime=558269, filtered_accel=[0.02048, 0.86816, -0.4846], gyro=[-0.21, 0.14, -0.14]
[23:25:41.491] RX[TCP_prs2026hitl_7100]  01 6e 00 00 08 85 21 00 02 0d 00 54 bc ff d0 95 ff eb 00 09 00 0d 0a
[23:25:41.493] PACKET[TCP_prs2026hitl_7100] sensors: status=28160, uptime=558369, filtered_accel=[0.021, 0.86768, -0.48556], gyro=[-1.47, 0.63, 0.91]
[23:25:41.554] RX[TCP_prs2026hitl_7100]  01 6e 00 00 08 85 85 00 02 19 00 54 d4 ff d0 89 ff ed 00 09 00 0d 0a
[23:25:41.556] PACKET[TCP_prs2026hitl_7100] sensors: status=28160, uptime=558469, filtered_accel=[0.02148, 0.86864, -0.48604], gyro=[-1.33, 0.63, 0.91]
[23:25:41.679] RX[TCP_prs2026hitl_7100]  01 66 00 00 08 85 e9 00 02 19 00 54 d4 ff d0 95 ff ef 00 08 00 0c 0a
[23:25:41.681] PACKET[TCP_prs2026hitl_7100] sensors: status=26112, uptime=558569, filtered_accel=[0.02148, 0.86864, -0.48556], gyro=[-1.19, 0.56, 0.84]
[23:25:41.743] RX[TCP_prs2026hitl_7100]  01 66 00 00 08 86 4d 00 02 19 00 54 c8 ff d0 7d ff ee 00 07 00 0d 0a
[23:25:41.745] PACKET[TCP_prs2026hitl_7100] sensors: status=26112, uptime=558669, filtered_accel=[0.02148, 0.86816, -0.48652], gyro=[-1.26, 0.49, 0.91]
[23:25:41.868] RX[TCP_prs2026hitl_7100]  01 66 00 00 08 86 b1 00 02 19 00 54 c8 ff d0 95 ff ee 00 07 00 0c 0a
[23:25:41.870] PACKET[TCP_prs2026hitl_7100] sensors: status=26112, uptime=558769, filtered_accel=[0.02148, 0.86816, -0.48556], gyro=[-1.26, 0.49, 0.84]
[23:25:41.994] RX[TCP_prs2026hitl_7100]  01 6e 00 00 08 87 15 00 02 19 00 54 c8 ff d0 7d ff ee 00 16 ff fc 0a
[23:25:41.995] PACKET[TCP_prs2026hitl_7100] sensors: status=28160, uptime=558869, filtered_accel=[0.02148, 0.86816, -0.48652], gyro=[-1.26, 1.54, -0.28]
[23:25:42.056] RX[TCP_prs2026hitl_7100]  01 6e 00 00 08 87 79 00 02 19 00 54 bc ff d0 ad ff ef 00 07 00 0b 0a
[23:25:42.058] PACKET[TCP_prs2026hitl_7100] sensors: status=28160, uptime=558969, filtered_accel=[0.02148, 0.86768, -0.4846], gyro=[-1.19, 0.49, 0.77]
[23:25:42.181] RX[TCP_prs2026hitl_7100]  01 6e 00 00 08 87 dd 00 02 0d 00 54 bc ff d0 ad ff ee 00 07 00 0b 0a
[23:25:42.182] PACKET[TCP_prs2026hitl_7100] sensors: status=28160, uptime=559069, filtered_accel=[0.021, 0.86768, -0.4846], gyro=[-1.26, 0.49, 0.77]
[23:25:42.244] RX[TCP_prs2026hitl_7100]  02 6e 00 00 08 88 23 00 00 00 00 00 00 00 00 00 00 00 00 00 00 00 00 00 00 00 00 00 00 00 00 00 00 00 00 00 00 00 00 00 00 00 00 00 00 00 00 00 00 00 00 00 00 00 00 00 00 43 67 6c 6e 13 34 0a
[23:25:42.245] PACKET[TCP_prs2026hitl_7100] state: status=28160, uptime=559139, orientation=[0.0, 0.0, 0.0, 0.0], position=[0.0, 0.0, 0.0], velocity=[0.0, 0.0, 0.0], latitude=0.0, longitude=0.0, gps_altitude=0.0, barometric_altitude=231.423553, witness_battery_voltage=4.916
[23:25:42.307] RX[TCP_prs2026hitl_7100]  ff 6f 00 00 08 88 23 0a
[23:25:42.309] PACKET[TCP_prs2026hitl_7100] heartbeat: status=28416, uptime=559139
[23:25:42.370] RX[TCP_prs2026hitl_7100]  01 6f 00 00 08 88 a5 00 02 19 00 54 e0 ff d0 ad ff fd 00 02 ff fe 0a
[23:25:42.371] PACKET[TCP_prs2026hitl_7100] sensors: status=28416, uptime=559269, filtered_accel=[0.02148, 0.86912, -0.4846], gyro=[-0.21, 0.14, -0.14]
[23:25:42.482] RX[TCP_prs2026hitl_7100]  01 67 00 00 08 89 09 00 02 25 00 54 e0 ff d0 89 ff eb 00 09 00 0f 0a
[23:25:42.482] PACKET[TCP_prs2026hitl_7100] sensors: status=26368, uptime=559369, filtered_accel=[0.02196, 0.86912, -0.48604], gyro=[-1.47, 0.63, 1.05]
[23:25:42.541] RX[TCP_prs2026hitl_7100]  01 67 00 00 08 89 6d 00 02 0d 00 54 d4 ff d0 89 ff ec 00 09 00 0e 0a
[23:25:42.543] PACKET[TCP_prs2026hitl_7100] sensors: status=26368, uptime=559469, filtered_accel=[0.021, 0.86864, -0.48604], gyro=[-1.4, 0.63, 0.98]
[23:25:42.666] RX[TCP_prs2026hitl_7100]  01 6f 00 00 08 89 d1 00 02 19 00 54 d4 ff d0 89 ff ed 00 08 00 0e 0a
[23:25:42.669] PACKET[TCP_prs2026hitl_7100] sensors: status=28416, uptime=559569, filtered_accel=[0.02148, 0.86864, -0.48604], gyro=[-1.33, 0.56, 0.98]
[23:25:42.791] RX[TCP_prs2026hitl_7100]  01 6f 00 00 08 8a 35 00 02 25 00 54 d4 ff d0 95 ff ee 00 08 00 0d 0a
[23:25:42.792] PACKET[TCP_prs2026hitl_7100] sensors: status=28416, uptime=559669, filtered_accel=[0.02196, 0.86864, -0.48556], gyro=[-1.26, 0.56, 0.91]
[23:25:42.853] RX[TCP_prs2026hitl_7100]  01 6f 00 00 08 8a 99 00 02 00 00 54 d4 ff d0 89 ff ee 00 07 00 0d 0a
[23:25:42.855] PACKET[TCP_prs2026hitl_7100] sensors: status=28416, uptime=559769, filtered_accel=[0.02048, 0.86864, -0.48604], gyro=[-1.26, 0.49, 0.91]
[23:25:42.980] RX[TCP_prs2026hitl_7100]  01 6f 00 00 08 8a fd 00 02 19 00 54 d4 ff d0 89 ff ec 00 13 ff ff 0a
[23:25:42.981] PACKET[TCP_prs2026hitl_7100] sensors: status=28416, uptime=559869, filtered_accel=[0.02148, 0.86864, -0.48604], gyro=[-1.4, 1.33, -0.07]
[23:25:43.042] RX[TCP_prs2026hitl_7100]  01 67 00 00 08 8b 61 00 02 0d 00 54 c8 ff d0 89 ff ee 00 07 00 0b 0a
[23:25:43.045] PACKET[TCP_prs2026hitl_7100] sensors: status=26368, uptime=559969, filtered_accel=[0.021, 0.86816, -0.48604], gyro=[-1.26, 0.49, 0.77]
[23:25:43.168] RX[TCP_prs2026hitl_7100]  01 67 00 00 08 8b c5 00 02 00 00 54 d4 ff d0 a1 ff e4 00 0c 00 17 0a
[23:25:43.169] PACKET[TCP_prs2026hitl_7100] sensors: status=26368, uptime=560069, filtered_accel=[0.02048, 0.86864, -0.48508], gyro=[-1.96, 0.84, 1.61]
[23:25:43.225] RX[TCP_prs2026hitl_7100]  02 67 00 00 08 8c 0b 00 00 00 00 00 00 00 00 00 00 00 00 00 00 00 00 00 00 00 00 00 00 00 00 00 00 00 00 00 00 00 00 00 00 00 00 00 00 00 00 00 00 00 00 00 00 00 00 00 00 43 66 e9 35 13 50 0a
[23:25:43.226] PACKET[TCP_prs2026hitl_7100] state: status=26368, uptime=560139, orientation=[0.0, 0.0, 0.0, 0.0], position=[0.0, 0.0, 0.0], velocity=[0.0, 0.0, 0.0], latitude=0.0, longitude=0.0, gps_altitude=0.0, barometric_altitude=230.910965, witness_battery_voltage=4.944
[23:25:43.278] RX[TCP_prs2026hitl_7100]  ff 66 00 00 08 8c 0b 0a
[23:25:43.281] PACKET[TCP_prs2026hitl_7100] heartbeat: status=26112, uptime=560139
[23:25:43.386] RX[TCP_prs2026hitl_7100]  01 6e 00 00 08 8c 8d 00 02 0d 00 54 c8 ff d0 ad ff fd 00 02 ff fd 0a
[23:25:43.387] PACKET[TCP_prs2026hitl_7100] sensors: status=28160, uptime=560269, filtered_accel=[0.021, 0.86816, -0.4846], gyro=[-0.21, 0.14, -0.21]
[23:25:43.443] RX[TCP_prs2026hitl_7100]  01 6e 00 00 08 8c f1 00 02 0d 00 54 c8 ff d0 ad ff de 00 10 00 1e 0a
[23:25:43.444] PACKET[TCP_prs2026hitl_7100] sensors: status=28160, uptime=560369, filtered_accel=[0.021, 0.86816, -0.4846], gyro=[-2.38, 1.12, 2.1]
[23:25:43.562] RX[TCP_prs2026hitl_7100]  01 6e 00 00 08 8d 55 00 02 00 00 54 e0 ff d0 89 ff e0 00 0e 00 1a 0a
[23:25:43.563] PACKET[TCP_prs2026hitl_7100] sensors: status=28160, uptime=560469, filtered_accel=[0.02048, 0.86912, -0.48604], gyro=[-2.24, 0.98, 1.82]
[23:25:43.687] RX[TCP_prs2026hitl_7100]  01 6e 00 00 08 8d b9 00 02 0d 00 54 c8 ff d0 95 ff e4 00 08 00 1c 0a
[23:25:43.689] PACKET[TCP_prs2026hitl_7100] sensors: status=28160, uptime=560569, filtered_accel=[0.021, 0.86816, -0.48556], gyro=[-1.96, 0.56, 1.96]
[23:25:43.750] RX[TCP_prs2026hitl_7100]  01 66 00 00 08 8e 1d 00 02 0d 00 54 d4 ff d0 7d ff e2 00 0e 00 16 0a
[23:25:43.751] PACKET[TCP_prs2026hitl_7100] sensors: status=26112, uptime=560669, filtered_accel=[0.021, 0.86864, -0.48652], gyro=[-2.1, 0.98, 1.54]
[23:25:43.868] RX[TCP_prs2026hitl_7100]  01 66 00 00 08 8e 81 00 02 0d 00 54 bc ff d0 c6 ff e2 00 0e 00 13 0a
[23:25:43.870] PACKET[TCP_prs2026hitl_7100] sensors: status=26112, uptime=560769, filtered_accel=[0.021, 0.86768, -0.4836], gyro=[-2.1, 0.98, 1.33]
[23:25:43.986] RX[TCP_prs2026hitl_7100]  01 66 00 00 08 8e e5 00 02 0d 00 54 c8 ff d0 a1 ff e4 00 16 00 0b 0a
[23:25:43.987] PACKET[TCP_prs2026hitl_7100] sensors: status=26112, uptime=560869, filtered_accel=[0.021, 0.86816, -0.48508], gyro=[-1.96, 1.54, 0.77]
[23:25:44.088] RX[TCP_prs2026hitl_7100]  01 6e 00 00 08 8f 49 00 02 0d 00 54 bc ff d0 89 ff e7 00 0b 00 14 0a
[23:25:44.089] PACKET[TCP_prs2026hitl_7100] sensors: status=28160, uptime=560969, filtered_accel=[0.021, 0.86768, -0.48604], gyro=[-1.75, 0.77, 1.4]
[23:25:44.142] RX[TCP_prs2026hitl_7100]  01 6e 00 00 08 8f ad 00 02 00 00 54 bc ff d0 89 ff e5 00 09 00 17 0a
[23:25:44.143] PACKET[TCP_prs2026hitl_7100] sensors: status=28160, uptime=561069, filtered_accel=[0.02048, 0.86768, -0.48604], gyro=[-1.89, 0.63, 1.61]
[23:25:44.248] RX[TCP_prs2026hitl_7100]  02 6e 00 00 08 8f f3 00 00 00 00 00 00 00 00 00 00 00 00 00 00 00 00 00 00 00 00 00 00 00 00 00 00 00 00 00 00 00 00 00 00 00 00 00 00 00 00 00 00 00 00 00 00 00 00 00 00 43 67 2a d2 13 40 0a
[23:25:44.251] PACKET[TCP_prs2026hitl_7100] state: status=28160, uptime=561139, orientation=[0.0, 0.0, 0.0, 0.0], position=[0.0, 0.0, 0.0], velocity=[0.0, 0.0, 0.0], latitude=0.0, longitude=0.0, gps_altitude=0.0, barometric_altitude=231.167267, witness_battery_voltage=4.928
[23:25:44.306] RX[TCP_prs2026hitl_7100]  ff 6f 00 00 08 8f f3 0a
[23:25:44.307] PACKET[TCP_prs2026hitl_7100] heartbeat: status=28416, uptime=561139
[23:25:44.361] RX[TCP_prs2026hitl_7100]  01 6f 00 00 08 90 75 00 02 00 00 54 bc ff d0 a1 ff fc 00 02 ff fe 0a
[23:25:44.362] PACKET[TCP_prs2026hitl_7100] sensors: status=28416, uptime=561269, filtered_accel=[0.02048, 0.86768, -0.48508], gyro=[-0.28, 0.14, -0.14]
[23:25:44.483] RX[TCP_prs2026hitl_7100]  01 67 00 00 08 90 d9 00 02 0d 00 54 d4 ff d0 95 ff dc 00 12 00 1d 0a
[23:25:44.484] PACKET[TCP_prs2026hitl_7100] sensors: status=26368, uptime=561369, filtered_accel=[0.021, 0.86864, -0.48556], gyro=[-2.52, 1.26, 2.03]
[23:25:44.544] RX[TCP_prs2026hitl_7100]  01 67 00 00 08 91 3d 00 02 0d 00 54 c8 ff d0 ad ff ed 00 08 00 0e 0a
[23:25:44.545] PACKET[TCP_prs2026hitl_7100] sensors: status=26368, uptime=561469, filtered_accel=[0.021, 0.86816, -0.4846], gyro=[-1.33, 0.56, 0.98]
[23:25:44.653] RX[TCP_prs2026hitl_7100]  01 6f 00 00 08 91 a1 00 02 0d 00 54 d4 ff d0 64 ff ee 00 09 00 0b 0a
[23:25:44.655] PACKET[TCP_prs2026hitl_7100] sensors: status=28416, uptime=561569, filtered_accel=[0.021, 0.86864, -0.48752], gyro=[-1.26, 0.63, 0.77]
[23:25:44.779] RX[TCP_prs2026hitl_7100]  01 6f 00 00 08 92 05 00 02 0d 00 54 c8 ff d0 a1 ff ee 00 08 00 0c 0a
[23:25:44.781] PACKET[TCP_prs2026hitl_7100] sensors: status=28416, uptime=561669, filtered_accel=[0.021, 0.86816, -0.48508], gyro=[-1.26, 0.56, 0.84]
[23:25:44.890] RX[TCP_prs2026hitl_7100]  01 6f 00 00 08 92 69 00 02 19 00 54 c8 ff d0 95 ff ed 00 08 00 0c 0a
[23:25:44.892] PACKET[TCP_prs2026hitl_7100] sensors: status=28416, uptime=561769, filtered_accel=[0.02148, 0.86816, -0.48556], gyro=[-1.33, 0.56, 0.84]
[23:25:44.952] RX[TCP_prs2026hitl_7100]  01 6f 00 00 08 92 cd 00 02 0d 00 54 d4 ff d0 a1 ff ed 00 0f 00 05 0a
[23:25:44.953] PACKET[TCP_prs2026hitl_7100] sensors: status=28416, uptime=561869, filtered_accel=[0.021, 0.86864, -0.48508], gyro=[-1.33, 1.05, 0.35]
[23:25:45.077] RX[TCP_prs2026hitl_7100]  01 6f 00 00 08 93 31 00 02 0d 00 54 c8 ff d0 95 ff f0 00 08 00 0b 0a
[23:25:45.079] PACKET[TCP_prs2026hitl_7100] sensors: status=28416, uptime=561969, filtered_accel=[0.021, 0.86816, -0.48556], gyro=[-1.12, 0.56, 0.77]
[23:25:45.139] RX[TCP_prs2026hitl_7100]  01 67 00 00 08 93 95 00 02 0d 00 54 c8 ff d0 ad ff ef 00 07 00 0c 0a
[23:25:45.140] PACKET[TCP_prs2026hitl_7100] sensors: status=26368, uptime=562069, filtered_accel=[0.021, 0.86816, -0.4846], gyro=[-1.19, 0.49, 0.84]
[23:25:45.245] RX[TCP_prs2026hitl_7100]  02 67 00 00 08 93 db 00 00 00 00 00 00 00 00 00 00 00 00 00 00 00 00 00 00 00 00 00 00 00 00 00 00 00 00 00 00 00 00 00 00 00 00 00 00 00 00 00 00 00 00 00 00 00 00 00 00 43 67 56 1c 13 3c 0a
[23:25:45.246] PACKET[TCP_prs2026hitl_7100] state: status=26368, uptime=562139, orientation=[0.0, 0.0, 0.0, 0.0], position=[0.0, 0.0, 0.0], velocity=[0.0, 0.0, 0.0], latitude=0.0, longitude=0.0, gps_altitude=0.0, barometric_altitude=231.336365, witness_battery_voltage=4.924
[23:25:45.297] RX[TCP_prs2026hitl_7100]  ff 66 00 00 08 93 db 0a
[23:25:45.299] PACKET[TCP_prs2026hitl_7100] heartbeat: status=26112, uptime=562139
[23:25:45.362] RX[TCP_prs2026hitl_7100]  01 6e 00 00 08 94 5d 00 02 19 00 54 c8 ff d0 ad ff fd 00 02 ff fd 0a
[23:25:45.363] PACKET[TCP_prs2026hitl_7100] sensors: status=28160, uptime=562269, filtered_accel=[0.02148, 0.86816, -0.4846], gyro=[-0.21, 0.14, -0.21]
[23:25:45.486] RX[TCP_prs2026hitl_7100]  01 6e 00 00 08 94 c1 00 02 19 00 54 c8 ff d0 ad ff eb 00 09 00 0e 0a
[23:25:45.487] PACKET[TCP_prs2026hitl_7100] sensors: status=28160, uptime=562369, filtered_accel=[0.02148, 0.86816, -0.4846], gyro=[-1.47, 0.63, 0.98]
[23:25:45.549] RX[TCP_prs2026hitl_7100]  01 6e 00 00 08 95 25 00 02 25 00 54 e0 ff d0 a1 ff ed 00 07 00 0e 0a
[23:25:45.551] PACKET[TCP_prs2026hitl_7100] sensors: status=28160, uptime=562469, filtered_accel=[0.02196, 0.86912, -0.48508], gyro=[-1.33, 0.49, 0.98]
[23:25:45.657] RX[TCP_prs2026hitl_7100]  01 6e 00 00 08 95 89 00 02 0d 00 54 d4 ff d0 64 ff ee 00 08 00 0d 0a
[23:25:45.659] PACKET[TCP_prs2026hitl_7100] sensors: status=28160, uptime=562569, filtered_accel=[0.021, 0.86864, -0.48752], gyro=[-1.26, 0.56, 0.91]
[23:25:45.767] RX[TCP_prs2026hitl_7100]  01 66 00 00 08 95 ed 00 02 25 00 54 d4 ff d0 95 ff ed 00 08 00 0d 0a
[23:25:45.769] PACKET[TCP_prs2026hitl_7100] sensors: status=26112, uptime=562669, filtered_accel=[0.02196, 0.86864, -0.48556], gyro=[-1.33, 0.56, 0.91]
[23:25:45.874] RX[TCP_prs2026hitl_7100]  01 66 00 00 08 96 51 00 02 0d 00 54 d4 ff d0 c6 ff ed 00 08 00 0d 0a
[23:25:45.875] PACKET[TCP_prs2026hitl_7100] sensors: status=26112, uptime=562769, filtered_accel=[0.021, 0.86864, -0.4836], gyro=[-1.33, 0.56, 0.91]
[23:25:45.980] RX[TCP_prs2026hitl_7100]  01 66 00 00 08 96 b5 00 02 0d 00 54 bc ff d0 a1 ff ed 00 0d 00 07 0a
[23:25:45.981] PACKET[TCP_prs2026hitl_7100] sensors: status=26112, uptime=562869, filtered_accel=[0.021, 0.86768, -0.48508], gyro=[-1.33, 0.91, 0.49]
[23:25:46.086] RX[TCP_prs2026hitl_7100]  01 6e 00 00 08 97 19 00 02 19 00 54 d4 ff d0 95 ff ee 00 08 00 0b 0a
[23:25:46.087] PACKET[TCP_prs2026hitl_7100] sensors: status=28160, uptime=562969, filtered_accel=[0.02148, 0.86864, -0.48556], gyro=[-1.26, 0.56, 0.77]
[23:25:46.141] RX[TCP_prs2026hitl_7100]  01 6e 00 00 08 97 7d 00 02 19 00 54 bc ff d0 95 ff ed 00 07 00 0d 0a
[23:25:46.142] PACKET[TCP_prs2026hitl_7100] sensors: status=28160, uptime=563069, filtered_accel=[0.02148, 0.86768, -0.48556], gyro=[-1.33, 0.49, 0.91]
[23:25:46.266] RX[TCP_prs2026hitl_7100]  02 6e 00 00 08 97 c3 00 00 00 00 00 00 00 00 00 00 00 00 00 00 00 00 00 00 00 00 00 00 00 00 00 00 00 00 00 00 00 00 00 00 00 00 00 00 00 00 00 00 00 00 00 00 00 00 00 00 43 67 6c 6e 13 40 0a
[23:25:46.267] PACKET[TCP_prs2026hitl_7100] state: status=28160, uptime=563139, orientation=[0.0, 0.0, 0.0, 0.0], position=[0.0, 0.0, 0.0], velocity=[0.0, 0.0, 0.0], latitude=0.0, longitude=0.0, gps_altitude=0.0, barometric_altitude=231.423553, witness_battery_voltage=4.928
[23:25:46.268] RX[TCP_prs2026hitl_7100]  ff 6f 00 00 08 97 c3 0a
[23:25:46.271] PACKET[TCP_prs2026hitl_7100] heartbeat: status=28416, uptime=563139
[23:25:46.391] RX[TCP_prs2026hitl_7100]  01 6f 00 00 08 98 45 00 02 00 00 54 d4 ff d0 ad ff fd 00 01 ff fe 0a
[23:25:46.393] PACKET[TCP_prs2026hitl_7100] sensors: status=28416, uptime=563269, filtered_accel=[0.02048, 0.86864, -0.4846], gyro=[-0.21, 0.07, -0.14]
[23:25:46.454] RX[TCP_prs2026hitl_7100]  01 67 00 00 08 98 a9 00 02 0d 00 54 d4 ff d0 95 ff eb 00 09 00 0e 0a
[23:25:46.457] PACKET[TCP_prs2026hitl_7100] sensors: status=26368, uptime=563369, filtered_accel=[0.021, 0.86864, -0.48556], gyro=[-1.47, 0.63, 0.98]
[23:25:46.579] RX[TCP_prs2026hitl_7100]  01 67 00 00 08 99 0d 00 02 19 00 54 bc ff d0 89 ff ee 00 07 00 0d 0a
[23:25:46.581] PACKET[TCP_prs2026hitl_7100] sensors: status=26368, uptime=563469, filtered_accel=[0.02148, 0.86768, -0.48604], gyro=[-1.26, 0.49, 0.91]
[23:25:46.643] RX[TCP_prs2026hitl_7100]  01 67 00 00 08 99 71 00 02 19 00 54 c8 ff d0 ba ff ed 00 08 00 0c 0a
[23:25:46.645] PACKET[TCP_prs2026hitl_7100] sensors: status=26368, uptime=563569, filtered_accel=[0.02148, 0.86816, -0.48408], gyro=[-1.33, 0.56, 0.84]
[23:25:46.755] RX[TCP_prs2026hitl_7100]  01 6f 00 00 08 99 d5 00 02 0d 00 54 a3 ff d0 a1 ff e3 00 0b 00 19 0a
[23:25:46.756] PACKET[TCP_prs2026hitl_7100] sensors: status=28416, uptime=563669, filtered_accel=[0.021, 0.86668, -0.48508], gyro=[-2.03, 0.77, 1.75]
[23:25:46.870] RX[TCP_prs2026hitl_7100]  01 6f 00 00 08 9a 39 00 02 25 00 54 d4 ff d0 27 ff e3 00 0d 00 17 0a
[23:25:46.871] PACKET[TCP_prs2026hitl_7100] sensors: status=28416, uptime=563769, filtered_accel=[0.02196, 0.86864, -0.48996], gyro=[-2.03, 0.91, 1.61]
[23:25:46.976] RX[TCP_prs2026hitl_7100]  01 6f 00 00 08 9a 9d 00 02 19 00 54 e0 ff d0 95 ff e1 00 11 00 11 0a
[23:25:46.977] PACKET[TCP_prs2026hitl_7100] sensors: status=28416, uptime=563869, filtered_accel=[0.02148, 0.86912, -0.48556], gyro=[-2.17, 1.19, 1.19]
[23:25:47.082] RX[TCP_prs2026hitl_7100]  01 6f 00 00 08 9b 01 00 02 0d 00 54 d4 ff d0 95 ff e7 00 0b 00 14 0a
[23:25:47.083] PACKET[TCP_prs2026hitl_7100] sensors: status=28416, uptime=563969, filtered_accel=[0.021, 0.86864, -0.48556], gyro=[-1.75, 0.77, 1.4]
[23:25:47.138] RX[TCP_prs2026hitl_7100]  01 67 00 00 08 9b 65 00 02 00 00 54 bc ff d0 c6 ff e5 00 0e 00 11 0a
[23:25:47.139] PACKET[TCP_prs2026hitl_7100] sensors: status=26368, uptime=564069, filtered_accel=[0.02048, 0.86768, -0.4836], gyro=[-1.89, 0.98, 1.19]
[23:25:47.245] RX[TCP_prs2026hitl_7100]  02 6f 00 00 08 9b ab 00 00 00 00 00 00 00 00 00 00 00 00 00 00 00 00 00 00 00 00 00 00 00 00 00 00 00 00 00 00 00 00 00 00 00 00 00 00 00 00 00 00 00 00 00 00 00 00 00 00 43 66 ff 87 13 40 0a
[23:25:47.246] PACKET[TCP_prs2026hitl_7100] state: status=28416, uptime=564139, orientation=[0.0, 0.0, 0.0, 0.0], position=[0.0, 0.0, 0.0], velocity=[0.0, 0.0, 0.0], latitude=0.0, longitude=0.0, gps_altitude=0.0, barometric_altitude=230.998154, witness_battery_voltage=4.928
[23:25:47.301] RX[TCP_prs2026hitl_7100]  ff 6e 00 00 08 9b ab 0a
[23:25:47.302] PACKET[TCP_prs2026hitl_7100] heartbeat: status=28160, uptime=564139
[23:25:47.357] RX[TCP_prs2026hitl_7100]  01 6e 00 00 08 9c 2d 00 02 0d 00 54 d4 ff d0 95 ff fd 00 01 ff fe 0a
[23:25:47.358] PACKET[TCP_prs2026hitl_7100] sensors: status=28160, uptime=564269, filtered_accel=[0.021, 0.86864, -0.48556], gyro=[-0.21, 0.07, -0.14]
[23:25:47.465] RX[TCP_prs2026hitl_7100]  01 6e 00 00 08 9c 91 00 02 19 00 54 bc ff d0 7d ff de 00 0f 00 1f 0a
[23:25:47.466] PACKET[TCP_prs2026hitl_7100] sensors: status=28160, uptime=564369, filtered_accel=[0.02148, 0.86768, -0.48652], gyro=[-2.38, 1.05, 2.17]
[23:25:47.576] RX[TCP_prs2026hitl_7100]  01 6e 00 00 08 9c f5 00 02 0d 00 54 c8 ff d0 a1 ff e1 00 0b 00 1d 0a
[23:25:47.577] PACKET[TCP_prs2026hitl_7100] sensors: status=28160, uptime=564469, filtered_accel=[0.021, 0.86816, -0.48508], gyro=[-2.17, 0.77, 2.03]
[23:25:47.688] RX[TCP_prs2026hitl_7100]  01 6e 00 00 08 9d 59 00 01 f4 00 54 bc ff d0 a1 ff e2 00 0b 00 1b 0a
[23:25:47.690] PACKET[TCP_prs2026hitl_7100] sensors: status=28160, uptime=564569, filtered_accel=[0.02, 0.86768, -0.48508], gyro=[-2.1, 0.77, 1.89]
[23:25:47.751] RX[TCP_prs2026hitl_7100]  01 6e 00 00 08 9d bd 00 01 f4 00 54 bc ff d0 95 ff e5 00 09 00 1b 0a
[23:25:47.753] PACKET[TCP_prs2026hitl_7100] sensors: status=28160, uptime=564669, filtered_accel=[0.02, 0.86768, -0.48556], gyro=[-1.89, 0.63, 1.89]
[23:25:47.877] RX[TCP_prs2026hitl_7100]  01 66 00 00 08 9e 21 00 02 25 00 54 ec ff d0 89 ff e3 00 0c 00 17 0a
[23:25:47.879] PACKET[TCP_prs2026hitl_7100] sensors: status=26112, uptime=564769, filtered_accel=[0.02196, 0.8696, -0.48604], gyro=[-2.03, 0.84, 1.61]
[23:25:47.980] RX[TCP_prs2026hitl_7100]  01 66 00 00 08 9e 85 00 02 19 00 54 d4 ff d0 89 ff e5 00 0e 00 10 0a
[23:25:47.981] PACKET[TCP_prs2026hitl_7100] sensors: status=26112, uptime=564869, filtered_accel=[0.02148, 0.86864, -0.48604], gyro=[-1.89, 0.98, 1.12]
[23:25:48.085] RX[TCP_prs2026hitl_7100]  01 66 00 00 08 9e e9 00 02 0d 00 54 e0 ff d0 89 ff e6 00 0a 00 14 0a
[23:25:48.086] PACKET[TCP_prs2026hitl_7100] sensors: status=26112, uptime=564969, filtered_accel=[0.021, 0.86912, -0.48604], gyro=[-1.82, 0.7, 1.4]
[23:25:48.144] RX[TCP_prs2026hitl_7100]  01 6e 00 00 08 9f 4d 00 02 0d 00 54 c8 ff d0 ad ff e8 00 09 00 11 0a
[23:25:48.145] PACKET[TCP_prs2026hitl_7100] sensors: status=28160, uptime=565069, filtered_accel=[0.021, 0.86816, -0.4846], gyro=[-1.68, 0.63, 1.19]
[23:25:48.249] RX[TCP_prs2026hitl_7100]  02 66 00 00 08 9f 93 00 00 00 00 00 00 00 00 00 00 00 00 00 00 00 00 00 00 00 00 00 00 00 00 00 00 00 00 00 00 00 00 00 00 00 00 00 00 00 00 00 00 00 00 00 00 00 00 00 00 43 66 ff 87 13 44 0a
[23:25:48.250] PACKET[TCP_prs2026hitl_7100] state: status=26112, uptime=565139, orientation=[0.0, 0.0, 0.0, 0.0], position=[0.0, 0.0, 0.0], velocity=[0.0, 0.0, 0.0], latitude=0.0, longitude=0.0, gps_altitude=0.0, barometric_altitude=230.998154, witness_battery_voltage=4.932
[23:25:48.302] RX[TCP_prs2026hitl_7100]  ff 67 00 00 08 9f 93 0a
[23:25:48.303] PACKET[TCP_prs2026hitl_7100] heartbeat: status=26368, uptime=565139
[23:25:48.357] RX[TCP_prs2026hitl_7100]  01 6f 00 00 08 a0 15 00 02 0d 00 54 c8 ff d0 a1 ff fc 00 01 ff fe 0a
[23:25:48.359] PACKET[TCP_prs2026hitl_7100] sensors: status=28416, uptime=565269, filtered_accel=[0.021, 0.86816, -0.48508], gyro=[-0.28, 0.07, -0.14]
[23:25:48.461] RX[TCP_prs2026hitl_7100]  01 6f 00 00 08 a0 79 00 02 19 00 54 c8 ff d0 95 ff de 00 10 00 1d 0a
[23:25:48.462] PACKET[TCP_prs2026hitl_7100] sensors: status=28416, uptime=565369, filtered_accel=[0.02148, 0.86816, -0.48556], gyro=[-2.38, 1.12, 2.03]
[23:25:48.586] RX[TCP_prs2026hitl_7100]  01 67 00 00 08 a0 dd 00 02 19 00 54 c8 ff d0 89 ff e0 00 0e 00 1a 0a
[23:25:48.588] PACKET[TCP_prs2026hitl_7100] sensors: status=26368, uptime=565469, filtered_accel=[0.02148, 0.86816, -0.48604], gyro=[-2.24, 0.98, 1.82]
[23:25:48.640] RX[TCP_prs2026hitl_7100]  01 67 00 00 08 a1 41 00 02 0d 00 54 d4 ff d0 a1 ff e2 00 0c 00 1a 0a
[23:25:48.642] PACKET[TCP_prs2026hitl_7100] sensors: status=26368, uptime=565569, filtered_accel=[0.021, 0.86864, -0.48508], gyro=[-2.1, 0.84, 1.82]
[23:25:48.758] RX[TCP_prs2026hitl_7100]  01 67 00 00 08 a1 a5 00 02 0d 00 54 d4 ff d0 ad ff e4 00 0b 00 1a 0a
[23:25:48.759] PACKET[TCP_prs2026hitl_7100] sensors: status=26368, uptime=565669, filtered_accel=[0.021, 0.86864, -0.4846], gyro=[-1.96, 0.77, 1.82]
[23:25:48.883] RX[TCP_prs2026hitl_7100]  01 6f 00 00 08 a2 09 00 02 19 00 54 d4 ff d0 89 ff e3 00 0d 00 16 0a
[23:25:48.886] PACKET[TCP_prs2026hitl_7100] sensors: status=28416, uptime=565769, filtered_accel=[0.02148, 0.86864, -0.48604], gyro=[-2.03, 0.91, 1.54]
[23:25:49.009] RX[TCP_prs2026hitl_7100]  01 6f 00 00 08 a2 6d 00 02 19 00 54 d4 ff d0 f7 ff e6 00 0d 00 14 0a
[23:25:49.011] PACKET[TCP_prs2026hitl_7100] sensors: status=28416, uptime=565869, filtered_accel=[0.02148, 0.86864, -0.48164], gyro=[-1.82, 0.91, 1.4]
[23:25:49.072] RX[TCP_prs2026hitl_7100]  01 6f 00 00 08 a2 d1 00 02 00 00 54 c8 ff d0 58 ff e8 00 0a 00 12 0a
[23:25:49.073] PACKET[TCP_prs2026hitl_7100] sensors: status=28416, uptime=565969, filtered_accel=[0.02048, 0.86816, -0.488], gyro=[-1.68, 0.7, 1.26]
[23:25:49.185] RX[TCP_prs2026hitl_7100]  01 6f 00 00 08 a3 35 00 02 0d 00 54 e0 ff d0 7d ff e6 00 0d 00 14 0a
[23:25:49.186] PACKET[TCP_prs2026hitl_7100] sensors: status=28416, uptime=566069, filtered_accel=[0.021, 0.86912, -0.48652], gyro=[-1.82, 0.91, 1.4]
[23:25:49.244] RX[TCP_prs2026hitl_7100]  02 6f 00 00 08 a3 7b 00 00 00 00 00 00 00 00 00 00 00 00 00 00 00 00 00 00 00 00 00 00 00 00 00 00 00 00 00 00 00 00 00 00 00 00 00 00 00 00 00 00 00 00 00 00 00 00 00 00 43 67 40 77 13 40 0a
[23:25:49.245] PACKET[TCP_prs2026hitl_7100] state: status=28416, uptime=566139, orientation=[0.0, 0.0, 0.0, 0.0], position=[0.0, 0.0, 0.0], velocity=[0.0, 0.0, 0.0], latitude=0.0, longitude=0.0, gps_altitude=0.0, barometric_altitude=231.251816, witness_battery_voltage=4.928
[23:25:49.306] RX[TCP_prs2026hitl_7100]  ff 6e 00 00 08 a3 7b 0a
[23:25:49.308] PACKET[TCP_prs2026hitl_7100] heartbeat: status=28160, uptime=566139
[23:25:49.369] RX[TCP_prs2026hitl_7100]  01 6e 00 00 08 a3 fd 00 02 00 00 54 c8 ff d0 a1 ff fb 00 02 ff fe 0a
[23:25:49.371] PACKET[TCP_prs2026hitl_7100] sensors: status=28160, uptime=566269, filtered_accel=[0.02048, 0.86816, -0.48508], gyro=[-0.35, 0.14, -0.14]
[23:25:49.496] RX[TCP_prs2026hitl_7100]  01 66 00 00 08 a4 61 00 02 0d 00 54 bc ff d0 95 ff dd 00 10 00 1d 0a
[23:25:49.498] PACKET[TCP_prs2026hitl_7100] sensors: status=26112, uptime=566369, filtered_accel=[0.021, 0.86768, -0.48556], gyro=[-2.45, 1.12, 2.03]
[23:25:49.560] RX[TCP_prs2026hitl_7100]  01 6e 00 00 08 a4 c5 00 02 00 00 54 c8 ff d0 ad ff e0 00 0f 00 19 0a
[23:25:49.562] PACKET[TCP_prs2026hitl_7100] sensors: status=28160, uptime=566469, filtered_accel=[0.02048, 0.86816, -0.4846], gyro=[-2.24, 1.05, 1.75]
[23:25:49.684] RX[TCP_prs2026hitl_7100]  01 6e 00 00 08 a5 29 00 02 00 00 54 c8 ff d0 a1 ff e2 00 0d 00 1a 0a
[23:25:49.686] PACKET[TCP_prs2026hitl_7100] sensors: status=28160, uptime=566569, filtered_accel=[0.02048, 0.86816, -0.48508], gyro=[-2.1, 0.91, 1.82]
[23:25:49.745] RX[TCP_prs2026hitl_7100]  01 6e 00 00 08 a5 8d 00 02 25 00 54 c8 ff d0 95 ff e4 00 0b 00 1a 0a
[23:25:49.746] PACKET[TCP_prs2026hitl_7100] sensors: status=28160, uptime=566669, filtered_accel=[0.02196, 0.86816, -0.48556], gyro=[-1.96, 0.77, 1.82]
[23:25:49.870] RX[TCP_prs2026hitl_7100]  01 6e 00 00 08 a5 f1 00 02 0d 00 54 c8 ff d0 89 ff e3 00 0d 00 17 0a
[23:25:49.878] PACKET[TCP_prs2026hitl_7100] sensors: status=28160, uptime=566769, filtered_accel=[0.021, 0.86816, -0.48604], gyro=[-2.03, 0.91, 1.61]
[23:25:49.995] RX[TCP_prs2026hitl_7100]  01 66 00 00 08 a6 55 00 02 19 00 54 e0 ff d0 a1 ff e5 00 0a 00 18 0a
[23:25:49.995] PACKET[TCP_prs2026hitl_7100] sensors: status=26112, uptime=566869, filtered_accel=[0.02148, 0.86912, -0.48508], gyro=[-1.89, 0.7, 1.68]
[23:25:50.057] RX[TCP_prs2026hitl_7100]  01 66 00 00 08 a6 b9 00 02 19 00 54 d4 ff d0 a1 ff e7 00 0a 00 16 0a
[23:25:50.059] PACKET[TCP_prs2026hitl_7100] sensors: status=26112, uptime=566969, filtered_accel=[0.02148, 0.86864, -0.48508], gyro=[-1.75, 0.7, 1.54]
[23:25:50.170] RX[TCP_prs2026hitl_7100]  01 66 00 00 08 a7 1d 00 02 0d 00 54 bc ff d0 a1 ff e5 00 09 00 1a 0a
[23:25:50.170] PACKET[TCP_prs2026hitl_7100] sensors: status=26112, uptime=567069, filtered_accel=[0.021, 0.86768, -0.48508], gyro=[-1.89, 0.63, 1.82]
[23:25:50.229] RX[TCP_prs2026hitl_7100]  02 66 00 00 08 a7 63 00 00 00 00 00 00 00 00 00 00 00 00 00 00 00 00 00 00 00 00 00 00 00 00 00 00 00 00 00 00 00 00 00 00 00 00 00 00 00 00 00 00 00 00 00 00 00 00 00 00 43 67 15 2c 13 50 0a
[23:25:50.231] PACKET[TCP_prs2026hitl_7100] state: status=26112, uptime=567139, orientation=[0.0, 0.0, 0.0, 0.0], position=[0.0, 0.0, 0.0], velocity=[0.0, 0.0, 0.0], latitude=0.0, longitude=0.0, gps_altitude=0.0, barometric_altitude=231.082703, witness_battery_voltage=4.944
[23:25:50.292] RX[TCP_prs2026hitl_7100]  ff 67 00 00 08 a7 63 0a
[23:25:50.293] PACKET[TCP_prs2026hitl_7100] heartbeat: status=26368, uptime=567139
[23:25:50.355] RX[TCP_prs2026hitl_7100]  01 6f 00 00 08 a7 e5 00 02 0d 00 54 d4 ff d0 95 ff fd 00 02 ff fe 0a
[23:25:50.359] PACKET[TCP_prs2026hitl_7100] sensors: status=28416, uptime=567269, filtered_accel=[0.021, 0.86864, -0.48556], gyro=[-0.21, 0.14, -0.14]
[23:25:50.481] RX[TCP_prs2026hitl_7100]  01 6f 00 00 08 a8 49 00 02 19 00 54 c8 ff d0 95 ff de 00 0f 00 1e 0a
[23:25:50.483] PACKET[TCP_prs2026hitl_7100] sensors: status=28416, uptime=567369, filtered_accel=[0.02148, 0.86816, -0.48556], gyro=[-2.38, 1.05, 2.1]
[23:25:50.543] RX[TCP_prs2026hitl_7100]  01 6f 00 00 08 a8 ad 00 02 0d 00 54 bc ff d0 89 ff e0 00 0e 00 1b 0a
[23:25:50.544] PACKET[TCP_prs2026hitl_7100] sensors: status=28416, uptime=567469, filtered_accel=[0.021, 0.86768, -0.48604], gyro=[-2.24, 0.98, 1.89]
[23:25:50.668] RX[TCP_prs2026hitl_7100]  01 67 00 00 08 a9 11 00 02 0d 00 54 c8 ff d0 89 ff e3 00 0c 00 19 0a
[23:25:50.669] PACKET[TCP_prs2026hitl_7100] sensors: status=26368, uptime=567569, filtered_accel=[0.021, 0.86816, -0.48604], gyro=[-2.03, 0.84, 1.75]
[23:25:50.792] RX[TCP_prs2026hitl_7100]  01 67 00 00 08 a9 75 00 02 00 00 54 bc ff d0 ad ff e2 00 0b 00 1b 0a
[23:25:50.794] PACKET[TCP_prs2026hitl_7100] sensors: status=26368, uptime=567669, filtered_accel=[0.02048, 0.86768, -0.4846], gyro=[-2.1, 0.77, 1.89]
[23:25:50.855] RX[TCP_prs2026hitl_7100]  01 67 00 00 08 a9 d9 00 02 19 00 54 c8 ff d0 95 ff e2 00 0d 00 17 0a
[23:25:50.858] PACKET[TCP_prs2026hitl_7100] sensors: status=26368, uptime=567769, filtered_accel=[0.02148, 0.86816, -0.48556], gyro=[-2.1, 0.91, 1.61]
[23:25:50.980] RX[TCP_prs2026hitl_7100]  01 6f 00 00 08 aa 3d 00 02 19 00 54 bc ff d0 a1 ff e4 00 0d 00 15 0a
[23:25:50.981] PACKET[TCP_prs2026hitl_7100] sensors: status=28416, uptime=567869, filtered_accel=[0.02148, 0.86768, -0.48508], gyro=[-1.96, 0.91, 1.47]
[23:25:51.043] RX[TCP_prs2026hitl_7100]  01 6f 00 00 08 aa a1 00 02 0d 00 54 d4 ff d0 ad ff e6 00 0a 00 15 0a
[23:25:51.049] PACKET[TCP_prs2026hitl_7100] sensors: status=28416, uptime=567969, filtered_accel=[0.021, 0.86864, -0.4846], gyro=[-1.82, 0.7, 1.47]
[23:25:51.168] RX[TCP_prs2026hitl_7100]  01 6f 00 00 08 ab 05 00 02 19 00 54 c8 ff d0 a1 ff e6 00 0a 00 16 0a
[23:25:51.169] PACKET[TCP_prs2026hitl_7100] sensors: status=28416, uptime=568069, filtered_accel=[0.02148, 0.86816, -0.48508], gyro=[-1.82, 0.7, 1.54]
[23:25:51.231] RX[TCP_prs2026hitl_7100]  02 6f 00 00 08 ab 4b 00 00 00 00 00 00 00 00 00 00 00 00 00 00 00 00 00 00 00 00 00 00 00 00 00 00 00 00 00 00 00 00 00 00 00 00 00 00 00 00 00 00 00 00 00 00 00 00 00 00 43 67 40 77 13 40 0a
[23:25:51.233] PACKET[TCP_prs2026hitl_7100] state: status=28416, uptime=568139, orientation=[0.0, 0.0, 0.0, 0.0], position=[0.0, 0.0, 0.0], velocity=[0.0, 0.0, 0.0], latitude=0.0, longitude=0.0, gps_altitude=0.0, barometric_altitude=231.251816, witness_battery_voltage=4.928
[23:25:51.292] RX[TCP_prs2026hitl_7100]  ff 6e 00 00 08 ab 4b 0a
[23:25:51.295] PACKET[TCP_prs2026hitl_7100] heartbeat: status=28160, uptime=568139
[23:25:51.355] RX[TCP_prs2026hitl_7100]  01 6e 00 00 08 ab cd 00 02 0d 00 54 c8 ff d0 ad ff fc 00 02 ff fe 0a
[23:25:51.359] PACKET[TCP_prs2026hitl_7100] sensors: status=28160, uptime=568269, filtered_accel=[0.021, 0.86816, -0.4846], gyro=[-0.28, 0.14, -0.14]
[23:25:51.480] RX[TCP_prs2026hitl_7100]  01 66 00 00 08 ac 31 00 02 0d 00 54 c8 ff d0 89 ff dd 00 11 00 1d 0a
[23:25:51.482] PACKET[TCP_prs2026hitl_7100] sensors: status=26112, uptime=568369, filtered_accel=[0.021, 0.86816, -0.48604], gyro=[-2.45, 1.19, 2.03]
[23:25:51.543] RX[TCP_prs2026hitl_7100]  01 6e 00 00 08 ac 95 00 02 0d 00 54 c8 ff d0 89 ff e0 00 0e 00 1b 0a
[23:25:51.545] PACKET[TCP_prs2026hitl_7100] sensors: status=28160, uptime=568469, filtered_accel=[0.021, 0.86816, -0.48604], gyro=[-2.24, 0.98, 1.89]
[23:25:51.670] RX[TCP_prs2026hitl_7100]  01 6e 00 00 08 ac f9 00 02 00 00 54 d4 ff d0 89 ff e3 00 0c 00 1b 0a
[23:25:51.671] PACKET[TCP_prs2026hitl_7100] sensors: status=28160, uptime=568569, filtered_accel=[0.02048, 0.86864, -0.48604], gyro=[-2.03, 0.84, 1.89]
[23:25:51.793] RX[TCP_prs2026hitl_7100]  01 6e 00 00 08 ad 5d 00 02 00 00 54 bc ff d0 64 ff e5 00 0b 00 19 0a
[23:25:51.795] PACKET[TCP_prs2026hitl_7100] sensors: status=28160, uptime=568669, filtered_accel=[0.02048, 0.86768, -0.48752], gyro=[-1.89, 0.77, 1.75]
[23:25:51.856] RX[TCP_prs2026hitl_7100]  01 6e 00 00 08 ad c1 00 02 19 00 54 c8 ff d0 7d ff e7 00 09 00 15 0a
[23:25:51.858] PACKET[TCP_prs2026hitl_7100] sensors: status=28160, uptime=568769, filtered_accel=[0.02148, 0.86816, -0.48652], gyro=[-1.75, 0.63, 1.47]
[23:25:51.982] RX[TCP_prs2026hitl_7100]  01 66 00 00 08 ae 25 00 02 00 00 54 bc ff d0 89 ff e5 00 0b 00 17 0a
[23:25:51.983] PACKET[TCP_prs2026hitl_7100] sensors: status=26112, uptime=568869, filtered_accel=[0.02048, 0.86768, -0.48604], gyro=[-1.89, 0.77, 1.61]
[23:25:52.045] RX[TCP_prs2026hitl_7100]  01 66 00 00 08 ae 89 00 02 0d 00 54 c8 ff d0 89 ff e7 00 08 00 17 0a
[23:25:52.046] PACKET[TCP_prs2026hitl_7100] sensors: status=26112, uptime=568969, filtered_accel=[0.021, 0.86816, -0.48604], gyro=[-1.75, 0.56, 1.61]
[23:25:52.170] RX[TCP_prs2026hitl_7100]  01 66 00 00 08 ae ed 00 02 19 00 54 c8 ff d0 ad ff e5 00 0a 00 18 0a
[23:25:52.173] PACKET[TCP_prs2026hitl_7100] sensors: status=26112, uptime=569069, filtered_accel=[0.02148, 0.86816, -0.4846], gyro=[-1.89, 0.7, 1.68]
[23:25:52.232] RX[TCP_prs2026hitl_7100]  02 66 00 00 08 af 33 00 00 00 00 00 00 00 00 00 00 00 00 00 00 00 00 00 00 00 00 00 00 00 00 00 00 00 00 00 00 00 00 00 00 00 00 00 00 00 00 00 00 00 00 00 00 00 00 00 00 43 67 2a d2 13 44 0a
[23:25:52.234] PACKET[TCP_prs2026hitl_7100] state: status=26112, uptime=569139, orientation=[0.0, 0.0, 0.0, 0.0], position=[0.0, 0.0, 0.0], velocity=[0.0, 0.0, 0.0], latitude=0.0, longitude=0.0, gps_altitude=0.0, barometric_altitude=231.167267, witness_battery_voltage=4.932
[23:25:52.296] RX[TCP_prs2026hitl_7100]  ff 67 00 00 08 af 33 0a
[23:25:52.298] PACKET[TCP_prs2026hitl_7100] heartbeat: status=26368, uptime=569139
[23:25:52.359] RX[TCP_prs2026hitl_7100]  01 6f 00 00 08 af b5 00 02 19 00 54 c8 ff d0 a1 ff fd 00 01 ff fe 0a
[23:25:52.369] PACKET[TCP_prs2026hitl_7100] sensors: status=28416, uptime=569269, filtered_accel=[0.02148, 0.86816, -0.48508], gyro=[-0.21, 0.07, -0.14]
[23:25:52.485] RX[TCP_prs2026hitl_7100]  01 6f 00 00 08 b0 19 00 02 19 00 54 bc ff d0 7d ff dd 00 15 00 15 0a
[23:25:52.487] PACKET[TCP_prs2026hitl_7100] sensors: status=28416, uptime=569369, filtered_accel=[0.02148, 0.86768, -0.48652], gyro=[-2.45, 1.47, 1.47]
[23:25:52.547] RX[TCP_prs2026hitl_7100]  01 6f 00 00 08 b0 7d 00 02 00 00 54 bc ff d0 ad ff e2 00 0c 00 1b 0a
[23:25:52.549] PACKET[TCP_prs2026hitl_7100] sensors: status=28416, uptime=569469, filtered_accel=[0.02048, 0.86768, -0.4846], gyro=[-2.1, 0.84, 1.89]
[23:25:52.674] RX[TCP_prs2026hitl_7100]  01 67 00 00 08 b0 e1 00 02 0d 00 54 bc ff d0 70 ff e2 00 11 00 15 0a
[23:25:52.675] PACKET[TCP_prs2026hitl_7100] sensors: status=26368, uptime=569569, filtered_accel=[0.021, 0.86768, -0.48704], gyro=[-2.1, 1.19, 1.47]
[23:25:52.786] RX[TCP_prs2026hitl_7100]  01 67 00 00 08 b1 45 00 02 0d 00 54 af ff d0 95 ff e3 00 0c 00 17 0a
[23:25:52.787] PACKET[TCP_prs2026hitl_7100] sensors: status=26368, uptime=569669, filtered_accel=[0.021, 0.86716, -0.48556], gyro=[-2.03, 0.84, 1.61]
[23:25:52.845] RX[TCP_prs2026hitl_7100]  01 67 00 00 08 b1 a9 00 02 0d 00 54 c8 ff d0 95 ff e6 00 09 00 19 0a
[23:25:52.847] PACKET[TCP_prs2026hitl_7100] sensors: status=26368, uptime=569769, filtered_accel=[0.021, 0.86816, -0.48556], gyro=[-1.82, 0.63, 1.75]
[23:25:52.972] RX[TCP_prs2026hitl_7100]  01 6f 00 00 08 b2 0d 00 02 0d 00 54 c8 ff d0 89 ff e3 00 19 00 07 0a
[23:25:52.973] PACKET[TCP_prs2026hitl_7100] sensors: status=28416, uptime=569869, filtered_accel=[0.021, 0.86816, -0.48604], gyro=[-2.03, 1.75, 0.49]
[23:25:53.098] RX[TCP_prs2026hitl_7100]  01 6f 00 00 08 b2 71 00 02 00 00 54 c8 ff d0 a1 ff e7 00 0d 00 11 0a
[23:25:53.100] PACKET[TCP_prs2026hitl_7100] sensors: status=28416, uptime=569969, filtered_accel=[0.02048, 0.86816, -0.48508], gyro=[-1.75, 0.91, 1.19]
[23:25:53.161] RX[TCP_prs2026hitl_7100]  01 6f 00 00 08 b2 d5 00 02 00 00 54 bc ff d0 89 ff e6 00 0a 00 15 0a
[23:25:53.164] PACKET[TCP_prs2026hitl_7100] sensors: status=28416, uptime=570069, filtered_accel=[0.02048, 0.86768, -0.48604], gyro=[-1.82, 0.7, 1.47]
[23:25:53.224] RX[TCP_prs2026hitl_7100]  02 6f 00 00 08 b3 1b 00 00 00 00 00 00 00 00 00 00 00 00 00 00 00 00 00 00 00 00 00 00 00 00 00 00 00 00 00 00 00 00 00 00 00 00 00 00 00 00 00 00 00 00 00 00 00 00 00 00 43 67 56 1c 13 50 0a
[23:25:53.225] PACKET[TCP_prs2026hitl_7100] state: status=28416, uptime=570139, orientation=[0.0, 0.0, 0.0, 0.0], position=[0.0, 0.0, 0.0], velocity=[0.0, 0.0, 0.0], latitude=0.0, longitude=0.0, gps_altitude=0.0, barometric_altitude=231.336365, witness_battery_voltage=4.944
[23:25:53.287] RX[TCP_prs2026hitl_7100]  ff 6e 00 00 08 b3 1b 0a
[23:25:53.290] PACKET[TCP_prs2026hitl_7100] heartbeat: status=28160, uptime=570139
[23:25:53.350] RX[TCP_prs2026hitl_7100]  01 6e 00 00 08 b3 9d 00 02 19 00 54 bc ff d0 89 ff fc 00 02 ff fd 0a
[23:25:53.354] PACKET[TCP_prs2026hitl_7100] sensors: status=28160, uptime=570269, filtered_accel=[0.02148, 0.86768, -0.48604], gyro=[-0.28, 0.14, -0.21]
[23:25:53.477] RX[TCP_prs2026hitl_7100]  01 66 00 00 08 b4 01 00 02 0d 00 54 c8 ff d0 89 ff dd 00 11 00 1c 0a
[23:25:53.481] PACKET[TCP_prs2026hitl_7100] sensors: status=26112, uptime=570369, filtered_accel=[0.021, 0.86816, -0.48604], gyro=[-2.45, 1.19, 1.96]
[23:25:53.540] RX[TCP_prs2026hitl_7100]  01 66 00 00 08 b4 65 00 02 19 00 54 bc ff d0 a1 ff e1 00 0c 00 1c 0a
[23:25:53.541] PACKET[TCP_prs2026hitl_7100] sensors: status=26112, uptime=570469, filtered_accel=[0.02148, 0.86768, -0.48508], gyro=[-2.17, 0.84, 1.96]
[23:25:53.649] RX[TCP_prs2026hitl_7100]  01 6e 00 00 08 b4 c9 00 02 0d 00 54 d4 ff d0 95 ff e2 00 0e 00 19 0a
[23:25:53.650] PACKET[TCP_prs2026hitl_7100] sensors: status=28160, uptime=570569, filtered_accel=[0.021, 0.86864, -0.48556], gyro=[-2.1, 0.98, 1.75]
[23:25:53.772] RX[TCP_prs2026hitl_7100]  01 6e 00 00 08 b5 2d 00 02 19 00 54 c8 ff d0 a1 ff e2 00 0d 00 17 0a
[23:25:53.774] PACKET[TCP_prs2026hitl_7100] sensors: status=28160, uptime=570669, filtered_accel=[0.02148, 0.86816, -0.48508], gyro=[-2.1, 0.91, 1.61]
[23:25:53.898] RX[TCP_prs2026hitl_7100]  01 6e 00 00 08 b5 91 00 02 19 00 54 bc ff d0 c6 ff e2 00 0b 00 19 0a
[23:25:53.900] PACKET[TCP_prs2026hitl_7100] sensors: status=28160, uptime=570769, filtered_accel=[0.02148, 0.86768, -0.4836], gyro=[-2.1, 0.77, 1.75]
[23:25:53.960] RX[TCP_prs2026hitl_7100]  01 6e 00 00 08 b5 f5 00 01 f4 00 54 bc ff d0 ba ff e2 00 16 00 0b 0a
[23:25:53.962] PACKET[TCP_prs2026hitl_7100] sensors: status=28160, uptime=570869, filtered_accel=[0.02, 0.86768, -0.48408], gyro=[-2.1, 1.54, 0.77]
[23:25:54.075] RX[TCP_prs2026hitl_7100]  01 66 00 00 08 b6 59 00 02 25 00 54 c8 ff d0 70 ff e5 00 0d 00 14 0a
[23:25:54.076] PACKET[TCP_prs2026hitl_7100] sensors: status=26112, uptime=570969, filtered_accel=[0.02196, 0.86816, -0.48704], gyro=[-1.89, 0.91, 1.4]
[23:25:54.185] RX[TCP_prs2026hitl_7100]  01 66 00 00 08 b6 bd 00 02 0d 00 54 c8 ff d0 a1 ff e6 00 0a 00 14 0a
[23:25:54.186] PACKET[TCP_prs2026hitl_7100] sensors: status=26112, uptime=571069, filtered_accel=[0.021, 0.86816, -0.48508], gyro=[-1.82, 0.7, 1.4]
[23:25:54.245] RX[TCP_prs2026hitl_7100]  02 66 00 00 08 b7 03 00 00 00 00 00 00 00 00 00 00 00 00 00 00 00 00 00 00 00 00 00 00 00 00 00 00 00 00 00 00 00 00 00 00 00 00 00 00 00 00 00 00 00 00 00 00 00 00 00 00 43 66 ff 87 13 44 0a
[23:25:54.246] PACKET[TCP_prs2026hitl_7100] state: status=26112, uptime=571139, orientation=[0.0, 0.0, 0.0, 0.0], position=[0.0, 0.0, 0.0], velocity=[0.0, 0.0, 0.0], latitude=0.0, longitude=0.0, gps_altitude=0.0, barometric_altitude=230.998154, witness_battery_voltage=4.932
[23:25:54.308] RX[TCP_prs2026hitl_7100]  ff 67 00 00 08 b7 03 0a
[23:25:54.309] PACKET[TCP_prs2026hitl_7100] heartbeat: status=26368, uptime=571139
[23:25:54.370] RX[TCP_prs2026hitl_7100]  01 6f 00 00 08 b7 85 00 02 19 00 54 d4 ff d0 a1 ff fd 00 01 ff fe 0a
[23:25:54.372] PACKET[TCP_prs2026hitl_7100] sensors: status=28416, uptime=571269, filtered_accel=[0.02148, 0.86864, -0.48508], gyro=[-0.21, 0.07, -0.14]
[23:25:54.496] RX[TCP_prs2026hitl_7100]  01 6f 00 00 08 b7 e9 00 02 0d 00 54 c8 ff d0 d2 ff de 00 11 00 1b 0a
[23:25:54.498] PACKET[TCP_prs2026hitl_7100] sensors: status=28416, uptime=571369, filtered_accel=[0.021, 0.86816, -0.48312], gyro=[-2.38, 1.19, 1.89]
[23:25:54.558] RX[TCP_prs2026hitl_7100]  01 6f 00 00 08 b8 4d 00 02 19 00 54 bc ff d0 95 ff e0 00 0d 00 1a 0a
[23:25:54.559] PACKET[TCP_prs2026hitl_7100] sensors: status=28416, uptime=571469, filtered_accel=[0.02148, 0.86768, -0.48556], gyro=[-2.24, 0.91, 1.82]
[23:25:54.683] RX[TCP_prs2026hitl_7100]  01 6f 00 00 08 b8 b1 00 02 00 00 54 c8 ff d0 a1 ff e2 00 0d 00 18 0a
[23:25:54.689] PACKET[TCP_prs2026hitl_7100] sensors: status=28416, uptime=571569, filtered_accel=[0.02048, 0.86816, -0.48508], gyro=[-2.1, 0.91, 1.68]
[23:25:54.745] RX[TCP_prs2026hitl_7100]  01 67 00 00 08 b9 15 00 02 0d 00 54 c8 ff d0 a1 ff e3 00 0c 00 18 0a
[23:25:54.747] PACKET[TCP_prs2026hitl_7100] sensors: status=26368, uptime=571669, filtered_accel=[0.021, 0.86816, -0.48508], gyro=[-2.03, 0.84, 1.68]
[23:25:54.869] RX[TCP_prs2026hitl_7100]  01 67 00 00 08 b9 79 00 02 00 00 54 bc ff d0 ad ff e5 00 0b 00 16 0a
[23:25:54.871] PACKET[TCP_prs2026hitl_7100] sensors: status=26368, uptime=571769, filtered_accel=[0.02048, 0.86768, -0.4846], gyro=[-1.89, 0.77, 1.54]
[23:25:54.995] RX[TCP_prs2026hitl_7100]  01 67 00 00 08 b9 dd 00 02 19 00 54 bc ff d0 a1 ff e3 00 15 00 0b 0a
[23:25:54.996] PACKET[TCP_prs2026hitl_7100] sensors: status=26368, uptime=571869, filtered_accel=[0.02148, 0.86768, -0.48508], gyro=[-2.03, 1.47, 0.77]
[23:25:55.059] RX[TCP_prs2026hitl_7100]  01 6f 00 00 08 ba 41 00 02 19 00 54 d4 ff d0 95 ff e6 00 0c 00 12 0a
[23:25:55.060] PACKET[TCP_prs2026hitl_7100] sensors: status=28416, uptime=571969, filtered_accel=[0.02148, 0.86864, -0.48556], gyro=[-1.82, 0.84, 1.26]
[23:25:55.186] RX[TCP_prs2026hitl_7100]  01 6f 00 00 08 ba a5 00 02 19 00 54 d4 ff d0 a1 ff e5 00 0b 00 15 0a
[23:25:55.187] PACKET[TCP_prs2026hitl_7100] sensors: status=28416, uptime=572069, filtered_accel=[0.02148, 0.86864, -0.48508], gyro=[-1.89, 0.77, 1.47]
[23:25:55.247] RX[TCP_prs2026hitl_7100]  02 6f 00 00 08 ba eb 00 00 00 00 00 00 00 00 00 00 00 00 00 00 00 00 00 00 00 00 00 00 00 00 00 00 00 00 00 00 00 00 00 00 00 00 00 00 00 00 00 00 00 00 00 00 00 00 00 00 43 67 56 1c 13 48 0a
[23:25:55.250] PACKET[TCP_prs2026hitl_7100] state: status=28416, uptime=572139, orientation=[0.0, 0.0, 0.0, 0.0], position=[0.0, 0.0, 0.0], velocity=[0.0, 0.0, 0.0], latitude=0.0, longitude=0.0, gps_altitude=0.0, barometric_altitude=231.336365, witness_battery_voltage=4.936
[23:25:55.312] RX[TCP_prs2026hitl_7100]  ff 6e 00 00 08 ba eb 0a
[23:25:55.313] PACKET[TCP_prs2026hitl_7100] heartbeat: status=28160, uptime=572139
[23:25:55.364] RX[TCP_prs2026hitl_7100]  01 6e 00 00 08 bb 6d 00 02 19 00 54 d4 ff d0 ba ff fd 00 00 ff fd 0a
[23:25:55.365] PACKET[TCP_prs2026hitl_7100] sensors: status=28160, uptime=572269, filtered_accel=[0.02148, 0.86864, -0.48408], gyro=[-0.21, 0.0, -0.21]
[23:25:55.472] RX[TCP_prs2026hitl_7100]  01 66 00 00 08 bb d1 00 02 0d 00 54 d4 ff d0 89 ff de 00 11 00 1b 0a
[23:25:55.473] PACKET[TCP_prs2026hitl_7100] sensors: status=26112, uptime=572369, filtered_accel=[0.021, 0.86864, -0.48604], gyro=[-2.38, 1.19, 1.89]
[23:25:55.583] RX[TCP_prs2026hitl_7100]  01 66 00 00 08 bc 35 00 02 00 00 54 c8 ff d0 95 ff e1 00 0e 00 1b 0a
[23:25:55.584] PACKET[TCP_prs2026hitl_7100] sensors: status=26112, uptime=572469, filtered_accel=[0.02048, 0.86816, -0.48556], gyro=[-2.17, 0.98, 1.89]
[23:25:55.642] RX[TCP_prs2026hitl_7100]  01 66 00 00 08 bc 99 00 02 0d 00 54 c8 ff d0 95 ff e1 00 0e 00 19 0a
[23:25:55.643] PACKET[TCP_prs2026hitl_7100] sensors: status=26112, uptime=572569, filtered_accel=[0.021, 0.86816, -0.48556], gyro=[-2.17, 0.98, 1.75]
[23:25:55.768] RX[TCP_prs2026hitl_7100]  01 6e 00 00 08 bc fd 00 02 0d 00 54 bc ff d0 89 ff e2 00 0e 00 18 0a
[23:25:55.770] PACKET[TCP_prs2026hitl_7100] sensors: status=28160, uptime=572669, filtered_accel=[0.021, 0.86768, -0.48604], gyro=[-2.1, 0.98, 1.68]
[23:25:55.884] RX[TCP_prs2026hitl_7100]  01 6e 00 00 08 bd 61 00 02 25 00 54 c8 ff d0 a1 ff e3 00 0c 00 18 0a
[23:25:55.886] PACKET[TCP_prs2026hitl_7100] sensors: status=28160, uptime=572769, filtered_accel=[0.02196, 0.86816, -0.48508], gyro=[-2.03, 0.84, 1.68]
[23:25:56.004] RX[TCP_prs2026hitl_7100]  01 6e 00 00 08 bd c5 00 02 25 00 54 c8 ff d0 7d ff e3 00 14 00 0e 0a
[23:25:56.006] PACKET[TCP_prs2026hitl_7100] sensors: status=28160, uptime=572869, filtered_accel=[0.02196, 0.86816, -0.48652], gyro=[-2.03, 1.4, 0.98]
